Archive member included to satisfy reference by file (symbol)

/home/ryan/xun/gcc-arm-none-eabi-7-2018-q2-update/bin/../lib/gcc/arm-none-eabi/7.3.1/../../../../arm-none-eabi/lib/thumb/v7-m/libc_nano.a(lib_a-errno.o)
                              build/main.o (__errno)
/home/ryan/xun/gcc-arm-none-eabi-7-2018-q2-update/bin/../lib/gcc/arm-none-eabi/7.3.1/../../../../arm-none-eabi/lib/thumb/v7-m/libc_nano.a(lib_a-exit.o)
                              /home/ryan/xun/gcc-arm-none-eabi-7-2018-q2-update/bin/../lib/gcc/arm-none-eabi/7.3.1/../../../../arm-none-eabi/lib/thumb/v7-m/crt0.o (exit)
/home/ryan/xun/gcc-arm-none-eabi-7-2018-q2-update/bin/../lib/gcc/arm-none-eabi/7.3.1/../../../../arm-none-eabi/lib/thumb/v7-m/libc_nano.a(lib_a-impure.o)
                              /home/ryan/xun/gcc-arm-none-eabi-7-2018-q2-update/bin/../lib/gcc/arm-none-eabi/7.3.1/../../../../arm-none-eabi/lib/thumb/v7-m/libc_nano.a(lib_a-exit.o) (_global_impure_ptr)
/home/ryan/xun/gcc-arm-none-eabi-7-2018-q2-update/bin/../lib/gcc/arm-none-eabi/7.3.1/../../../../arm-none-eabi/lib/thumb/v7-m/libc_nano.a(lib_a-init.o)
                              /home/ryan/xun/gcc-arm-none-eabi-7-2018-q2-update/bin/../lib/gcc/arm-none-eabi/7.3.1/../../../../arm-none-eabi/lib/thumb/v7-m/crt0.o (__libc_init_array)
/home/ryan/xun/gcc-arm-none-eabi-7-2018-q2-update/bin/../lib/gcc/arm-none-eabi/7.3.1/../../../../arm-none-eabi/lib/thumb/v7-m/libc_nano.a(lib_a-memcpy-stub.o)
                              build/VX_OSD_Simple.o (memcpy)
/home/ryan/xun/gcc-arm-none-eabi-7-2018-q2-update/bin/../lib/gcc/arm-none-eabi/7.3.1/../../../../arm-none-eabi/lib/thumb/v7-m/libc_nano.a(lib_a-memset.o)
                              /home/ryan/xun/gcc-arm-none-eabi-7-2018-q2-update/bin/../lib/gcc/arm-none-eabi/7.3.1/../../../../arm-none-eabi/lib/thumb/v7-m/crt0.o (memset)
/home/ryan/xun/gcc-arm-none-eabi-7-2018-q2-update/bin/../lib/gcc/arm-none-eabi/7.3.1/../../../../arm-none-eabi/lib/thumb/v7-m/libc_nano.a(lib_a-printf.o)
                              build/main.o (printf)
/home/ryan/xun/gcc-arm-none-eabi-7-2018-q2-update/bin/../lib/gcc/arm-none-eabi/7.3.1/../../../../arm-none-eabi/lib/thumb/v7-m/libc_nano.a(lib_a-puts.o)
                              build/main.o (puts)
/home/ryan/xun/gcc-arm-none-eabi-7-2018-q2-update/bin/../lib/gcc/arm-none-eabi/7.3.1/../../../../arm-none-eabi/lib/thumb/v7-m/libc_nano.a(lib_a-strtol.o)
                              build/main.o (strtol)
/home/ryan/xun/gcc-arm-none-eabi-7-2018-q2-update/bin/../lib/gcc/arm-none-eabi/7.3.1/../../../../arm-none-eabi/lib/thumb/v7-m/libc_nano.a(lib_a-wbuf.o)
                              /home/ryan/xun/gcc-arm-none-eabi-7-2018-q2-update/bin/../lib/gcc/arm-none-eabi/7.3.1/../../../../arm-none-eabi/lib/thumb/v7-m/libc_nano.a(lib_a-puts.o) (__swbuf_r)
/home/ryan/xun/gcc-arm-none-eabi-7-2018-q2-update/bin/../lib/gcc/arm-none-eabi/7.3.1/../../../../arm-none-eabi/lib/thumb/v7-m/libc_nano.a(lib_a-wsetup.o)
                              /home/ryan/xun/gcc-arm-none-eabi-7-2018-q2-update/bin/../lib/gcc/arm-none-eabi/7.3.1/../../../../arm-none-eabi/lib/thumb/v7-m/libc_nano.a(lib_a-puts.o) (__swsetup_r)
/home/ryan/xun/gcc-arm-none-eabi-7-2018-q2-update/bin/../lib/gcc/arm-none-eabi/7.3.1/../../../../arm-none-eabi/lib/thumb/v7-m/libc_nano.a(lib_a-fflush.o)
                              /home/ryan/xun/gcc-arm-none-eabi-7-2018-q2-update/bin/../lib/gcc/arm-none-eabi/7.3.1/../../../../arm-none-eabi/lib/thumb/v7-m/libc_nano.a(lib_a-wbuf.o) (_fflush_r)
/home/ryan/xun/gcc-arm-none-eabi-7-2018-q2-update/bin/../lib/gcc/arm-none-eabi/7.3.1/../../../../arm-none-eabi/lib/thumb/v7-m/libc_nano.a(lib_a-findfp.o)
                              /home/ryan/xun/gcc-arm-none-eabi-7-2018-q2-update/bin/../lib/gcc/arm-none-eabi/7.3.1/../../../../arm-none-eabi/lib/thumb/v7-m/libc_nano.a(lib_a-printf.o) (__sinit)
/home/ryan/xun/gcc-arm-none-eabi-7-2018-q2-update/bin/../lib/gcc/arm-none-eabi/7.3.1/../../../../arm-none-eabi/lib/thumb/v7-m/libc_nano.a(lib_a-fwalk.o)
                              /home/ryan/xun/gcc-arm-none-eabi-7-2018-q2-update/bin/../lib/gcc/arm-none-eabi/7.3.1/../../../../arm-none-eabi/lib/thumb/v7-m/libc_nano.a(lib_a-findfp.o) (_fwalk)
/home/ryan/xun/gcc-arm-none-eabi-7-2018-q2-update/bin/../lib/gcc/arm-none-eabi/7.3.1/../../../../arm-none-eabi/lib/thumb/v7-m/libc_nano.a(lib_a-locale.o)
                              /home/ryan/xun/gcc-arm-none-eabi-7-2018-q2-update/bin/../lib/gcc/arm-none-eabi/7.3.1/../../../../arm-none-eabi/lib/thumb/v7-m/libc_nano.a(lib_a-strtol.o) (__locale_ctype_ptr_l)
/home/ryan/xun/gcc-arm-none-eabi-7-2018-q2-update/bin/../lib/gcc/arm-none-eabi/7.3.1/../../../../arm-none-eabi/lib/thumb/v7-m/libc_nano.a(lib_a-makebuf.o)
                              /home/ryan/xun/gcc-arm-none-eabi-7-2018-q2-update/bin/../lib/gcc/arm-none-eabi/7.3.1/../../../../arm-none-eabi/lib/thumb/v7-m/libc_nano.a(lib_a-wsetup.o) (__smakebuf_r)
[...]
Memory Configuration

Name             Origin             Length             Attributes
RAM              0x0000000020000000 0x0000000000005000 xrw
FLASH            0x0000000008000000 0x0000000000020000 xr
*default*        0x0000000000000000 0xffffffffffffffff

Linker script and memory map

LOAD /home/ryan/xun/gcc-arm-none-eabi-7-2018-q2-update/bin/../lib/gcc/arm-none-eabi/7.3.1/thumb/v7-m/crti.o
LOAD /home/ryan/xun/gcc-arm-none-eabi-7-2018-q2-update/bin/../lib/gcc/arm-none-eabi/7.3.1/thumb/v7-m/crtbegin.o
LOAD /home/ryan/xun/gcc-arm-none-eabi-7-2018-q2-update/bin/../lib/gcc/arm-none-eabi/7.3.1/../../../../arm-none-eabi/lib/thumb/v7-m/crt0.o
LOAD build/main.o
LOAD build/stm32f1xx_it.o
LOAD build/stm32f1xx_hal_msp.o
LOAD build/stm32f1xx_hal_gpio_ex.o
LOAD build/stm32f1xx_hal_tim.o
LOAD build/stm32f1xx_hal_tim_ex.o
LOAD build/stm32f1xx_hal_uart.o
LOAD build/stm32f1xx_hal.o
LOAD build/stm32f1xx_hal_rcc.o
LOAD build/stm32f1xx_hal_rcc_ex.o
LOAD build/stm32f1xx_hal_gpio.o
LOAD build/stm32f1xx_hal_dma.o
LOAD build/stm32f1xx_hal_cortex.o
LOAD build/stm32f1xx_hal_pwr.o
LOAD build/stm32f1xx_hal_flash.o
LOAD build/stm32f1xx_hal_flash_ex.o
LOAD build/stm32f1xx_hal_exti.o
LOAD build/stm32f1xx_hal_adc.o
LOAD build/stm32f1xx_hal_adc_ex.o
LOAD build/system_stm32f1xx.o
LOAD build/VX_swi2c.o
LOAD build/VS4210_param_Modex26.o
LOAD build/VS4210_param_Mode88.o
LOAD build/VX_OSD.o
LOAD build/VX_OSD_Simple.o
LOAD build/TP2802.o
LOAD build/monitor.o
LOAD build/Printf.o
LOAD build/SysTimer.o
LOAD build/exosd.o
LOAD build/TOA_Protocol.o
LOAD build/etc_eep.o
LOAD build/startup_stm32f103xb.o
LOAD /home/ryan/xun/gcc-arm-none-eabi-7-2018-q2-update/bin/../lib/gcc/arm-none-eabi/7.3.1/../../../../arm-none-eabi/lib/thumb/v7-m/libc_nano.a
LOAD /home/ryan/xun/gcc-arm-none-eabi-7-2018-q2-update/bin/../lib/gcc/arm-none-eabi/7.3.1/../../../../arm-none-eabi/lib/thumb/v7-m/libm.a
LOAD /home/ryan/xun/gcc-arm-none-eabi-7-2018-q2-update/bin/../lib/gcc/arm-none-eabi/7.3.1/../../../../arm-none-eabi/lib/thumb/v7-m/libnosys.a
LOAD ./Lib/libite66121dvi.a
LOAD ./Lib/libsw_i2c0.a
LOAD ./Lib/libsw_i2c1.a
LOAD ./Lib/libsw_i2c2.a
LOAD ./Lib/libsw_i2c3.a
LOAD ./Lib/libVS4210.a
LOAD ./Lib/libit6602.a
START GROUP
LOAD /home/ryan/xun/gcc-arm-none-eabi-7-2018-q2-update/bin/../lib/gcc/arm-none-eabi/7.3.1/thumb/v7-m/libgcc.a
LOAD /home/ryan/xun/gcc-arm-none-eabi-7-2018-q2-update/bin/../lib/gcc/arm-none-eabi/7.3.1/../../../../arm-none-eabi/lib/thumb/v7-m/libc_nano.a
END GROUP
START GROUP
LOAD /home/ryan/xun/gcc-arm-none-eabi-7-2018-q2-update/bin/../lib/gcc/arm-none-eabi/7.3.1/thumb/v7-m/libgcc.a
LOAD /home/ryan/xun/gcc-arm-none-eabi-7-2018-q2-update/bin/../lib/gcc/arm-none-eabi/7.3.1/../../../../arm-none-eabi/lib/thumb/v7-m/libc_nano.a
END GROUP
LOAD /home/ryan/xun/gcc-arm-none-eabi-7-2018-q2-update/bin/../lib/gcc/arm-none-eabi/7.3.1/thumb/v7-m/crtend.o
LOAD /home/ryan/xun/gcc-arm-none-eabi-7-2018-q2-update/bin/../lib/gcc/arm-none-eabi/7.3.1/thumb/v7-m/crtn.o
                0x0000000020005000                _estack = 0x20005000
                0x0000000000000200                _Min_Heap_Size = 0x200
                0x0000000000000400                _Min_Stack_Size = 0x400

.isr_vector     0x0000000008000000      0x10c
                0x0000000008000000                . = ALIGN (0x4)
 *(.isr_vector)
 .isr_vector    0x0000000008000000      0x10c build/startup_stm32f103xb.o
                0x0000000008000000                g_pfnVectors
                0x000000000800010c                . = ALIGN (0x4)

.text           0x000000000800010c    0x11f7c
                0x000000000800010c                . = ALIGN (0x4)
 *(.text)
 .text          0x000000000800010c       0x40 /home/ryan/xun/gcc-arm-none-eabi-7-2018-q2-update/bin/../lib/gcc/arm-none-eabi/7.3.1/thumb/v7-m/crtbegin.o
 .text          0x000000000800014c       0x24 /home/ryan/xun/gcc-arm-none-eabi-7-2018-q2-update/bin/../lib/gcc/arm-none-eabi/7.3.1/thumb/v7-m/libgcc.a(_udivsi3.o)
                0x000000000800014c                __udivsi3
                0x000000000800014c                __aeabi_uidiv
                0x0000000008000160                __aeabi_uidivmod
 .text          0x0000000008000170       0x2c /home/ryan/xun/gcc-arm-none-eabi-7-2018-q2-update/bin/../lib/gcc/arm-none-eabi/7.3.1/thumb/v7-m/libgcc.a(_divsi3.o)
                0x0000000008000170                __aeabi_idiv
                0x0000000008000170                __divsi3
                0x000000000800018c                __aeabi_idivmod
 .text          0x000000000800019c        0x4 /home/ryan/xun/gcc-arm-none-eabi-7-2018-q2-update/bin/../lib/gcc/arm-none-eabi/7.3.1/thumb/v7-m/libgcc.a(_dvmd_tls.o)
                0x000000000800019c                __aeabi_ldiv0
                0x000000000800019c                __aeabi_idiv0
 *(.text*)
 .text.MX_GPIO_Init
                0x00000000080001a0       0xd8 build/main.o
 .text.MX_TIM3_Init
                0x0000000008000278       0x54 build/main.o
 .text.MX_USART1_UART_Init
                0x00000000080002cc       0x2c build/main.o
 .text.MX_USART2_UART_Init
                0x00000000080002f8       0x2c build/main.o
 .text.HDMI_AudioModeDetect
                0x0000000008000324       0x60 build/main.o
 .text._write   0x0000000008000384       0x34 build/main.o
                0x0000000008000384                _write
 .text.Audio_Sel
                0x00000000080003b8      0x184 build/main.o
                0x00000000080003b8                Audio_Sel
 .text.SET_Audio_Mute
                0x000000000800053c       0x30 build/main.o
                0x000000000800053c                SET_Audio_Mute
 .text.HDMI_VideoModeDetect
                0x000000000800056c      0x21c build/main.o
 .text.InitialTimerEvent
                0x0000000008000788        0x8 build/main.o
                0x0000000008000788                InitialTimerEvent
 .text.main_init
                0x0000000008000790       0x84 build/main.o
                0x0000000008000790                main_init
 .text.user_pwm_setvalue
                0x0000000008000814       0x2c build/main.o
                0x0000000008000814                user_pwm_setvalue
 .text.VS4210_FULL88init2
                0x0000000008000840       0x20 build/main.o
                0x0000000008000840                VS4210_FULL88init2
 .text.TP_bt1120_1080P_1080P_mode0_w0
                0x0000000008000860       0x18 build/main.o
                0x0000000008000860                TP_bt1120_1080P_1080P_mode0_w0
 .text.TP_bt1120_720P_1080P_mode0_w0
                0x0000000008000878       0x20 build/main.o
                0x0000000008000878                TP_bt1120_720P_1080P_mode0_w0
 .text.TP_bt1120_NTSC_1080P_mode0_w0
                0x0000000008000898       0x18 build/main.o
                0x0000000008000898                TP_bt1120_NTSC_1080P_mode0_w0
 .text.TP_bt1120_PAL_1080P_mode0_w0
                0x00000000080008b0       0x18 build/main.o
                0x00000000080008b0                TP_bt1120_PAL_1080P_mode0_w0
 .text.SET_VS4210_720_480_out
                0x00000000080008c8      0x784 build/main.o
                0x00000000080008c8                SET_VS4210_720_480_out
 .text.SystemClock_Config
                0x000000000800104c       0x4c build/main.o
                0x000000000800104c                SystemClock_Config
 .text.HAL_TIM_PeriodElapsedCallback
                0x0000000008001098       0x8c build/main.o
                0x0000000008001098                HAL_TIM_PeriodElapsedCallback
 .text.HAL_UART_RxCpltCallback
                0x0000000008001124       0x90 build/main.o
                0x0000000008001124                HAL_UART_RxCpltCallback
 .text.HAL_GPIO_EXTI_Callback
                0x00000000080011b4        0x2 build/main.o
                0x00000000080011b4                HAL_GPIO_EXTI_Callback
 *fill*         0x00000000080011b6        0x2 
 .text.HS_Select_Win
                0x00000000080011b8      0x12c build/main.o
                0x00000000080011b8                HS_Select_Win
 .text.main_loop
                0x00000000080012e4      0x1d0 build/main.o
                0x00000000080012e4                main_loop
 .text.main     0x00000000080014b4      0x204 build/main.o
                0x00000000080014b4                main
 .text.NMI_Handler
                0x00000000080016b8        0x2 build/stm32f1xx_it.o
                0x00000000080016b8                NMI_Handler
 .text.HardFault_Handler
                0x00000000080016ba        0x2 build/stm32f1xx_it.o
                0x00000000080016ba                HardFault_Handler
 .text.MemManage_Handler
                0x00000000080016bc        0x2 build/stm32f1xx_it.o
                0x00000000080016bc                MemManage_Handler
 .text.BusFault_Handler
                0x00000000080016be        0x2 build/stm32f1xx_it.o
                0x00000000080016be                BusFault_Handler
 .text.UsageFault_Handler
                0x00000000080016c0        0x2 build/stm32f1xx_it.o
                0x00000000080016c0                UsageFault_Handler
 .text.SVC_Handler
                0x00000000080016c2        0x2 build/stm32f1xx_it.o
                0x00000000080016c2                SVC_Handler
 .text.DebugMon_Handler
                0x00000000080016c4        0x2 build/stm32f1xx_it.o
                0x00000000080016c4                DebugMon_Handler
 .text.PendSV_Handler
                0x00000000080016c6        0x2 build/stm32f1xx_it.o
                0x00000000080016c6                PendSV_Handler
 .text.SysTick_Handler
                0x00000000080016c8        0x8 build/stm32f1xx_it.o
                0x00000000080016c8                SysTick_Handler
 .text.EXTI2_IRQHandler
                0x00000000080016d0        0xa build/stm32f1xx_it.o
                0x00000000080016d0                EXTI2_IRQHandler
 *fill*         0x00000000080016da        0x2 
 .text.TIM3_IRQHandler
                0x00000000080016dc       0x10 build/stm32f1xx_it.o
                0x00000000080016dc                TIM3_IRQHandler
 .text.USART1_IRQHandler
                0x00000000080016ec       0x10 build/stm32f1xx_it.o
                0x00000000080016ec                USART1_IRQHandler
 .text.USART2_IRQHandler
                0x00000000080016fc       0x10 build/stm32f1xx_it.o
                0x00000000080016fc                USART2_IRQHandler
 .text.HAL_MspInit
                0x000000000800170c       0x44 build/stm32f1xx_hal_msp.o
                0x000000000800170c                HAL_MspInit
 .text.HAL_TIM_Base_MspInit
                0x0000000008001750       0x40 build/stm32f1xx_hal_msp.o
                0x0000000008001750                HAL_TIM_Base_MspInit
 .text.HAL_UART_MspInit
                0x0000000008001790       0xf8 build/stm32f1xx_hal_msp.o
                0x0000000008001790                HAL_UART_MspInit
 .text.TIM_OC1_SetConfig
                0x0000000008001888       0x5c build/stm32f1xx_hal_tim.o
 .text.TIM_OC3_SetConfig
                0x00000000080018e4       0x64 build/stm32f1xx_hal_tim.o
 .text.TIM_OC4_SetConfig
                0x0000000008001948       0x48 build/stm32f1xx_hal_tim.o
 .text.TIM_TI1_ConfigInputStage
                0x0000000008001990       0x24 build/stm32f1xx_hal_tim.o
 .text.TIM_TI2_ConfigInputStage
                0x00000000080019b4       0x26 build/stm32f1xx_hal_tim.o
 .text.TIM_ITRx_SetConfig
                0x00000000080019da       0x10 build/stm32f1xx_hal_tim.o
 .text.HAL_TIM_Base_Start_IT
                0x00000000080019ea       0x22 build/stm32f1xx_hal_tim.o
                0x00000000080019ea                HAL_TIM_Base_Start_IT
 .text.HAL_TIM_OC_DelayElapsedCallback
                0x0000000008001a0c        0x2 build/stm32f1xx_hal_tim.o
                0x0000000008001a0c                HAL_TIM_OC_DelayElapsedCallback
 .text.HAL_TIM_IC_CaptureCallback
                0x0000000008001a0e        0x2 build/stm32f1xx_hal_tim.o
                0x0000000008001a0e                HAL_TIM_IC_CaptureCallback
 .text.HAL_TIM_PWM_PulseFinishedCallback
                0x0000000008001a10        0x2 build/stm32f1xx_hal_tim.o
                0x0000000008001a10                HAL_TIM_PWM_PulseFinishedCallback
 .text.HAL_TIM_TriggerCallback
                0x0000000008001a12        0x2 build/stm32f1xx_hal_tim.o
                0x0000000008001a12                HAL_TIM_TriggerCallback
 .text.HAL_TIM_IRQHandler
                0x0000000008001a14      0x17a build/stm32f1xx_hal_tim.o
                0x0000000008001a14                HAL_TIM_IRQHandler
 *fill*         0x0000000008001b8e        0x2 
 .text.TIM_Base_SetConfig
                0x0000000008001b90       0x74 build/stm32f1xx_hal_tim.o
                0x0000000008001b90                TIM_Base_SetConfig
 .text.HAL_TIM_Base_Init
                0x0000000008001c04       0x32 build/stm32f1xx_hal_tim.o
                0x0000000008001c04                HAL_TIM_Base_Init
 *fill*         0x0000000008001c36        0x2 
 .text.TIM_OC2_SetConfig
                0x0000000008001c38       0x64 build/stm32f1xx_hal_tim.o
                0x0000000008001c38                TIM_OC2_SetConfig
 .text.HAL_TIM_PWM_ConfigChannel
                0x0000000008001c9c       0xdc build/stm32f1xx_hal_tim.o
                0x0000000008001c9c                HAL_TIM_PWM_ConfigChannel
 .text.TIM_ETR_SetConfig
                0x0000000008001d78       0x16 build/stm32f1xx_hal_tim.o
                0x0000000008001d78                TIM_ETR_SetConfig
 .text.HAL_TIM_ConfigClockSource
                0x0000000008001d8e       0xda build/stm32f1xx_hal_tim.o
                0x0000000008001d8e                HAL_TIM_ConfigClockSource
 .text.TIM_CCxChannelCmd
                0x0000000008001e68       0x20 build/stm32f1xx_hal_tim.o
                0x0000000008001e68                TIM_CCxChannelCmd
 .text.HAL_TIM_PWM_Start
                0x0000000008001e88       0x3c build/stm32f1xx_hal_tim.o
                0x0000000008001e88                HAL_TIM_PWM_Start
 .text.HAL_TIMEx_MasterConfigSynchronization
                0x0000000008001ec4       0x46 build/stm32f1xx_hal_tim_ex.o
                0x0000000008001ec4                HAL_TIMEx_MasterConfigSynchronization
 .text.HAL_TIMEx_CommutCallback
                0x0000000008001f0a        0x2 build/stm32f1xx_hal_tim_ex.o
                0x0000000008001f0a                HAL_TIMEx_CommutCallback
 .text.HAL_TIMEx_BreakCallback
                0x0000000008001f0c        0x2 build/stm32f1xx_hal_tim_ex.o
                0x0000000008001f0c                HAL_TIMEx_BreakCallback
 .text.UART_EndRxTransfer
                0x0000000008001f0e       0x1c build/stm32f1xx_hal_uart.o
 .text.UART_Transmit_IT
                0x0000000008001f2a       0x68 build/stm32f1xx_hal_uart.o
 *fill*         0x0000000008001f92        0x2 
 .text.UART_SetConfig
                0x0000000008001f94       0xcc build/stm32f1xx_hal_uart.o
 .text.UART_WaitOnFlagUntilTimeout
                0x0000000008002060       0x62 build/stm32f1xx_hal_uart.o
 .text.HAL_UART_Init
                0x00000000080020c2       0x5e build/stm32f1xx_hal_uart.o
                0x00000000080020c2                HAL_UART_Init
 .text.HAL_UART_Transmit
                0x0000000008002120       0xe0 build/stm32f1xx_hal_uart.o
                0x0000000008002120                HAL_UART_Transmit
 .text.HAL_UART_Receive_IT
                0x0000000008002200       0x5c build/stm32f1xx_hal_uart.o
                0x0000000008002200                HAL_UART_Receive_IT
 .text.HAL_UART_TxCpltCallback
                0x000000000800225c        0x2 build/stm32f1xx_hal_uart.o
                0x000000000800225c                HAL_UART_TxCpltCallback
 .text.UART_EndTransmit_IT
                0x000000000800225e       0x1a build/stm32f1xx_hal_uart.o
 .text.UART_Receive_IT
                0x0000000008002278       0x9c build/stm32f1xx_hal_uart.o
 .text.HAL_UART_ErrorCallback
                0x0000000008002314        0x2 build/stm32f1xx_hal_uart.o
                0x0000000008002314                HAL_UART_ErrorCallback
 *fill*         0x0000000008002316        0x2 
 .text.HAL_UART_IRQHandler
                0x0000000008002318      0x120 build/stm32f1xx_hal_uart.o
                0x0000000008002318                HAL_UART_IRQHandler
 .text.UART_DMAAbortOnError
                0x0000000008002438       0x10 build/stm32f1xx_hal_uart.o
 .text.HAL_InitTick
                0x0000000008002448       0x4c build/stm32f1xx_hal.o
                0x0000000008002448                HAL_InitTick
 .text.HAL_Init
                0x0000000008002494       0x24 build/stm32f1xx_hal.o
                0x0000000008002494                HAL_Init
 .text.HAL_IncTick
                0x00000000080024b8       0x18 build/stm32f1xx_hal.o
                0x00000000080024b8                HAL_IncTick
 .text.HAL_GetTick
                0x00000000080024d0        0xc build/stm32f1xx_hal.o
                0x00000000080024d0                HAL_GetTick
 .text.HAL_Delay
                0x00000000080024dc       0x28 build/stm32f1xx_hal.o
                0x00000000080024dc                HAL_Delay
 .text.RCC_Delay
                0x0000000008002504       0x2c build/stm32f1xx_hal_rcc.o
 .text.HAL_RCC_OscConfig
                0x0000000008002530      0x410 build/stm32f1xx_hal_rcc.o
                0x0000000008002530                HAL_RCC_OscConfig
 .text.HAL_RCC_GetSysClockFreq
                0x0000000008002940       0x70 build/stm32f1xx_hal_rcc.o
                0x0000000008002940                HAL_RCC_GetSysClockFreq
 .text.HAL_RCC_ClockConfig
                0x00000000080029b0      0x168 build/stm32f1xx_hal_rcc.o
                0x00000000080029b0                HAL_RCC_ClockConfig
 .text.HAL_RCC_GetHCLKFreq
                0x0000000008002b18        0xc build/stm32f1xx_hal_rcc.o
                0x0000000008002b18                HAL_RCC_GetHCLKFreq
 .text.HAL_RCC_GetPCLK1Freq
                0x0000000008002b24       0x20 build/stm32f1xx_hal_rcc.o
                0x0000000008002b24                HAL_RCC_GetPCLK1Freq
 .text.HAL_RCC_GetPCLK2Freq
                0x0000000008002b44       0x20 build/stm32f1xx_hal_rcc.o
                0x0000000008002b44                HAL_RCC_GetPCLK2Freq
 .text.HAL_GPIO_Init
                0x0000000008002b64      0x1d8 build/stm32f1xx_hal_gpio.o
                0x0000000008002b64                HAL_GPIO_Init
 .text.HAL_GPIO_ReadPin
                0x0000000008002d3c        0xe build/stm32f1xx_hal_gpio.o
                0x0000000008002d3c                HAL_GPIO_ReadPin
 .text.HAL_GPIO_WritePin
                0x0000000008002d4a        0xc build/stm32f1xx_hal_gpio.o
                0x0000000008002d4a                HAL_GPIO_WritePin
 *fill*         0x0000000008002d56        0x2 
 .text.HAL_GPIO_EXTI_IRQHandler
                0x0000000008002d58       0x1c build/stm32f1xx_hal_gpio.o
                0x0000000008002d58                HAL_GPIO_EXTI_IRQHandler
 .text.HAL_DMA_Abort_IT
                0x0000000008002d74       0x98 build/stm32f1xx_hal_dma.o
                0x0000000008002d74                HAL_DMA_Abort_IT
 .text.HAL_NVIC_SetPriorityGrouping
                0x0000000008002e0c       0x24 build/stm32f1xx_hal_cortex.o
                0x0000000008002e0c                HAL_NVIC_SetPriorityGrouping
 .text.HAL_NVIC_SetPriority
                0x0000000008002e30       0x68 build/stm32f1xx_hal_cortex.o
                0x0000000008002e30                HAL_NVIC_SetPriority
 .text.HAL_NVIC_EnableIRQ
                0x0000000008002e98       0x1c build/stm32f1xx_hal_cortex.o
                0x0000000008002e98                HAL_NVIC_EnableIRQ
 .text.HAL_SYSTICK_Config
                0x0000000008002eb4       0x2c build/stm32f1xx_hal_cortex.o
                0x0000000008002eb4                HAL_SYSTICK_Config
 .text.SystemInit
                0x0000000008002ee0       0x4c build/system_stm32f1xx.o
                0x0000000008002ee0                SystemInit
 .text.msleep   0x0000000008002f2c       0x14 build/VX_swi2c.o
                0x0000000008002f2c                msleep
 .text.delayTX1ms
                0x0000000008002f40        0x8 build/VX_swi2c.o
                0x0000000008002f40                delayTX1ms
 .text.VXISI2CRead
                0x0000000008002f48       0x14 build/VX_swi2c.o
                0x0000000008002f48                VXISI2CRead
 .text.VXISI2CWrite
                0x0000000008002f5c       0x18 build/VX_swi2c.o
                0x0000000008002f5c                VXISI2CWrite
 .text.VS8812Read
                0x0000000008002f74       0x14 build/VX_swi2c.o
                0x0000000008002f74                VS8812Read
 .text.VS8812Write
                0x0000000008002f88       0x18 build/VX_swi2c.o
                0x0000000008002f88                VS8812Write
 .text.ReadEEP  0x0000000008002fa0        0x8 build/VX_swi2c.o
                0x0000000008002fa0                ReadEEP
 .text.WriteEEP
                0x0000000008002fa8        0x8 build/VX_swi2c.o
                0x0000000008002fa8                WriteEEP
 .text.I2CMultiWrite
                0x0000000008002fb0        0xe build/VX_swi2c.o
                0x0000000008002fb0                I2CMultiWrite
 .text.I2CMultiAttribute
                0x0000000008002fbe       0x22 build/VX_swi2c.o
                0x0000000008002fbe                I2CMultiAttribute
 .text.delay    0x0000000008002fe0       0x18 build/VX_swi2c.o
                0x0000000008002fe0                delay
 .text.tp28xx_byte_read
                0x0000000008002ff8       0x14 build/VX_swi2c.o
                0x0000000008002ff8                tp28xx_byte_read
 .text.tp28xx_byte_write
                0x000000000800300c       0x14 build/VX_swi2c.o
                0x000000000800300c                tp28xx_byte_write
 .text.delay1ms
                0x0000000008003020        0x8 build/VX_swi2c.o
                0x0000000008003020                delay1ms
 .text.GET_ALC122
                0x0000000008003028        0xc build/VX_swi2c.o
                0x0000000008003028                GET_ALC122
 .text.SET_ALC122
                0x0000000008003034        0xe build/VX_swi2c.o
                0x0000000008003034                SET_ALC122
 .text.SetOsdStartAddress
                0x0000000008003042       0x2c build/VX_OSD.o
                0x0000000008003042                SetOsdStartAddress
 .text.SetOsdSize
                0x000000000800306e       0xec build/VX_OSD.o
                0x000000000800306e                SetOsdSize
 .text.SetOsdPosition
                0x000000000800315a       0x72 build/VX_OSD.o
                0x000000000800315a                SetOsdPosition
 .text.OsdDumpString
                0x00000000080031cc       0x30 build/VX_OSD.o
                0x00000000080031cc                OsdDumpString
 .text.OsdDumpAttribute
                0x00000000080031fc       0x34 build/VX_OSD.o
                0x00000000080031fc                OsdDumpAttribute
 .text.VXIS_fSetOsdOnOff
                0x0000000008003230       0x5a build/VX_OSD.o
                0x0000000008003230                VXIS_fSetOsdOnOff
 .text.VXIS_fSetOsdx2
                0x000000000800328a       0x20 build/VX_OSD.o
                0x000000000800328a                VXIS_fSetOsdx2
 .text.setTransParentIndex
                0x00000000080032aa       0x24 build/VX_OSD.o
                0x00000000080032aa                setTransParentIndex
 *fill*         0x00000000080032ce        0x2 
 .text.GetconvertBarStr
                0x00000000080032d0      0x124 build/VX_OSD_Simple.o
 .text.VX_Write_OSD_In_OutString
                0x00000000080033f4      0x590 build/VX_OSD_Simple.o
 .text.VXIS_fShowInOutMode
                0x0000000008003984       0xd0 build/VX_OSD_Simple.o
                0x0000000008003984                VXIS_fShowInOutMode
 .text.VXIS_fShowInOutMode0Fast
                0x0000000008003a54       0x70 build/VX_OSD_Simple.o
                0x0000000008003a54                VXIS_fShowInOutMode0Fast
 .text.OSD_Clear
                0x0000000008003ac4       0xa8 build/VX_OSD_Simple.o
                0x0000000008003ac4                OSD_Clear
 .text.OSD_Clear_4
                0x0000000008003b6c        0xa build/VX_OSD_Simple.o
                0x0000000008003b6c                OSD_Clear_4
 .text.OSD_Clear_34
                0x0000000008003b76       0x16 build/VX_OSD_Simple.o
                0x0000000008003b76                OSD_Clear_34
 .text.OSD_Clear_234
                0x0000000008003b8c       0x16 build/VX_OSD_Simple.o
                0x0000000008003b8c                OSD_Clear_234
 .text.OSD_Clear_All
                0x0000000008003ba2       0x16 build/VX_OSD_Simple.o
                0x0000000008003ba2                OSD_Clear_All
 .text.osd_cont_write
                0x0000000008003bb8       0x30 build/VX_OSD_Simple.o
                0x0000000008003bb8                osd_cont_write
 .text.VXOSD_UseFont_init
                0x0000000008003be8       0x40 build/VX_OSD_Simple.o
                0x0000000008003be8                VXOSD_UseFont_init
 .text.Set_Video_Loss_OSD
                0x0000000008003c28       0x8c build/VX_OSD_Simple.o
                0x0000000008003c28                Set_Video_Loss_OSD
 .text.tp2824_reset_default
                0x0000000008003cb4        0xc build/TP2802.o
 .text.tp28xx_SYSCLK_V1
                0x0000000008003cc0       0x2c build/TP2802.o
 .text.tp28xx_SYSCLK_V2
                0x0000000008003cec       0x30 build/TP2802.o
 .text.tp2853C_reset_default
                0x0000000008003d1c       0x34 build/TP2802.o
 .text.TP28xx_reset_default
                0x0000000008003d50       0x26 build/TP2802.o
 .text.I2CDeviceSet1
                0x0000000008003d76       0x1c build/TP2802.o
                0x0000000008003d76                I2CDeviceSet1
 .text.I2CDeviceSet2
                0x0000000008003d92       0x20 build/TP2802.o
                0x0000000008003d92                I2CDeviceSet2
 .text.SetRegPage
                0x0000000008003db2        0xc build/TP2802.o
                0x0000000008003db2                SetRegPage
 *fill*         0x0000000008003dbe        0x2 
 .text.Set_VidRes
                0x0000000008003dc0      0x2e8 build/TP2802.o
                0x0000000008003dc0                Set_VidRes
 .text.Set_HDA  0x00000000080040a8       0xb8 build/TP2802.o
                0x00000000080040a8                Set_HDA
 .text.Set_HDC  0x0000000008004160       0xb0 build/TP2802.o
                0x0000000008004160                Set_HDC
 .text.ManualAGC
                0x0000000008004210       0x68 build/TP2802.o
                0x0000000008004210                ManualAGC
 .text.ReadGain
                0x0000000008004278       0x12 build/TP2802.o
                0x0000000008004278                ReadGain
 .text.SetCGain
                0x000000000800428a       0xa0 build/TP2802.o
                0x000000000800428a                SetCGain
 .text.Set_PLL_StartUp
                0x000000000800432a       0x22 build/TP2802.o
                0x000000000800432a                Set_PLL_StartUp
 .text.Init_TP280x_RegSet
                0x000000000800434c      0x1f8 build/TP2802.o
                0x000000000800434c                Init_TP280x_RegSet
 .text.AHDBitsReverse
                0x0000000008004544       0x50 build/TP2802.o
                0x0000000008004544                AHDBitsReverse
 .text.TVICommandToAHData
                0x0000000008004594      0x1d4 build/TP2802.o
                0x0000000008004594                TVICommandToAHData
 .text.Get_2824cIrq
                0x0000000008004768      0x7e4 build/TP2802.o
                0x0000000008004768                Get_2824cIrq
 .text.COC_test
                0x0000000008004f4c       0x34 build/TP2802.o
                0x0000000008004f4c                COC_test
 .text.Init_COC_PTZOUT1
                0x0000000008004f80      0x118 build/TP2802.o
                0x0000000008004f80                Init_COC_PTZOUT1
 .text.EQ_Detect
                0x0000000008005098      0x8a4 build/TP2802.o
                0x0000000008005098                EQ_Detect
 .text.RS_ready
                0x000000000800593c       0x1c build/monitor.o
                0x000000000800593c                RS_ready
 .text.RS2_ready
                0x0000000008005958       0x1c build/monitor.o
                0x0000000008005958                RS2_ready
 .text.RS_rx    0x0000000008005974       0x24 build/monitor.o
                0x0000000008005974                RS_rx
 .text.RS2_rx   0x0000000008005998       0x24 build/monitor.o
                0x0000000008005998                RS2_rx
 .text.RS_tx    0x00000000080059bc       0x20 build/monitor.o
                0x00000000080059bc                RS_tx
 .text.RS2_tx   0x00000000080059dc       0x20 build/monitor.o
                0x00000000080059dc                RS2_tx
 .text.Prompt   0x00000000080059fc       0x90 build/monitor.o
                0x00000000080059fc                Prompt
 .text.Mon_tx   0x0000000008005a8c        0x8 build/monitor.o
                0x0000000008005a8c                Mon_tx
 .text.Asc1Bin  0x0000000008005a94       0x34 build/monitor.o
                0x0000000008005a94                Asc1Bin
 .text.Asc2Bin  0x0000000008005ac8       0x1e build/monitor.o
                0x0000000008005ac8                Asc2Bin
 .text.hs_toupper
                0x0000000008005ae6       0x10 build/monitor.o
                0x0000000008005ae6                hs_toupper
 .text.stricmp  0x0000000008005af6       0x24 build/monitor.o
                0x0000000008005af6                stricmp
 .text.MonIncDecI2C
                0x0000000008005b1a        0x8 build/monitor.o
                0x0000000008005b1a                MonIncDecI2C
 *fill*         0x0000000008005b22        0x2 
 .text.MonHelp  0x0000000008005b24       0xd0 build/monitor.o
                0x0000000008005b24                MonHelp
 .text.MonGetCommand
                0x0000000008005bf4      0x284 build/monitor.o
                0x0000000008005bf4                MonGetCommand
 .text.SET_AHD_SYNC_PARA
                0x0000000008005e78      0x158 build/monitor.o
                0x0000000008005e78                SET_AHD_SYNC_PARA
 .text.SET_HDMI_640_480P_PARA
                0x0000000008005fd0      0x784 build/monitor.o
                0x0000000008005fd0                SET_HDMI_640_480P_PARA
 .text.SET_HDMI_SYNC_PARA
                0x0000000008006754       0x10 build/monitor.o
                0x0000000008006754                SET_HDMI_SYNC_PARA
 .text.Monitor  0x0000000008006764      0xd34 build/monitor.o
                0x0000000008006764                Monitor
 .text.DoPrint  0x0000000008007498      0x24c build/Printf.o
                0x0000000008007498                DoPrint
 .text.Printf   0x00000000080076e4       0x1c build/Printf.o
                0x00000000080076e4                Printf
 .text.DEBUG_MESSAGE
                0x0000000008007700       0x1c build/Printf.o
                0x0000000008007700                DEBUG_MESSAGE
 .text.GraphicsPrint
                0x000000000800771c       0x40 build/Printf.o
                0x000000000800771c                GraphicsPrint
 .text.MCUTimerGetEventTime
                0x000000000800775c       0x10 build/SysTimer.o
                0x000000000800775c                MCUTimerGetEventTime
 .text.MCUTimerGetEventID
                0x000000000800776c       0x10 build/SysTimer.o
                0x000000000800776c                MCUTimerGetEventID
 .text.MCUTimerClrEventValid
                0x000000000800777c       0x14 build/SysTimer.o
                0x000000000800777c                MCUTimerClrEventValid
 .text.MCUTimerCheckEventValid
                0x0000000008007790       0x10 build/SysTimer.o
                0x0000000008007790                MCUTimerCheckEventValid
 .text.MCUTimerGetTimerCounter
                0x00000000080077a0       0x1c build/SysTimer.o
                0x00000000080077a0                MCUTimerGetTimerCounter
 .text.MCUTimerCheckTimerEvent
                0x00000000080077bc       0x6c build/SysTimer.o
                0x00000000080077bc                MCUTimerCheckTimerEvent
 .text.MCUTimerInitialTimerEvent
                0x0000000008007828       0x20 build/SysTimer.o
                0x0000000008007828                MCUTimerInitialTimerEvent
 .text.MCUTimerActiveTimerEvent
                0x0000000008007848       0x74 build/SysTimer.o
                0x0000000008007848                MCUTimerActiveTimerEvent
 .text.MCUTimerReactiveTimerEvent
                0x00000000080078bc       0x78 build/SysTimer.o
                0x00000000080078bc                MCUTimerReactiveTimerEvent
 .text.ShowWorkingTimer
                0x0000000008007934       0x84 build/SysTimer.o
                0x0000000008007934                ShowWorkingTimer
 .text.SysTimerEventProc
                0x00000000080079b8      0x1d4 build/SysTimer.o
                0x00000000080079b8                SysTimerEventProc
 .text.SysTimerHandler
                0x0000000008007b8c       0x44 build/SysTimer.o
                0x0000000008007b8c                SysTimerHandler
 .text.TOAReceivePaser
                0x0000000008007bd0      0x6d4 build/TOA_Protocol.o
                0x0000000008007bd0                TOAReceivePaser
 .text.GetFWRevEE
                0x00000000080082a4       0x4c build/etc_eep.o
                0x00000000080082a4                GetFWRevEE
 .text.SaveFWRevEE
                0x00000000080082f0       0x38 build/etc_eep.o
                0x00000000080082f0                SaveFWRevEE
 .text.ResetOSDValue
                0x0000000008008328       0x10 build/etc_eep.o
                0x0000000008008328                ResetOSDValue
 .text.ClearBasicEE
                0x0000000008008338       0x24 build/etc_eep.o
                0x0000000008008338                ClearBasicEE
 .text.Reset_Handler
                0x000000000800835c       0x48 build/startup_stm32f103xb.o
                0x000000000800835c                Reset_Handler
 .text.Default_Handler
                0x00000000080083a4        0x2 build/startup_stm32f103xb.o
                0x00000000080083a4                RTC_Alarm_IRQHandler
                0x00000000080083a4                TIM1_CC_IRQHandler
                0x00000000080083a4                PVD_IRQHandler
                0x00000000080083a4                EXTI3_IRQHandler
                0x00000000080083a4                EXTI0_IRQHandler
                0x00000000080083a4                I2C2_EV_IRQHandler
                0x00000000080083a4                ADC1_2_IRQHandler
                0x00000000080083a4                SPI1_IRQHandler
                0x00000000080083a4                TAMPER_IRQHandler
                0x00000000080083a4                DMA1_Channel4_IRQHandler
                0x00000000080083a4                USART3_IRQHandler
                0x00000000080083a4                RTC_IRQHandler
                0x00000000080083a4                DMA1_Channel7_IRQHandler
                0x00000000080083a4                CAN1_RX1_IRQHandler
                0x00000000080083a4                TIM4_IRQHandler
                0x00000000080083a4                I2C1_EV_IRQHandler
                0x00000000080083a4                DMA1_Channel6_IRQHandler
                0x00000000080083a4                RCC_IRQHandler
                0x00000000080083a4                TIM1_TRG_COM_IRQHandler
                0x00000000080083a4                DMA1_Channel1_IRQHandler
                0x00000000080083a4                Default_Handler
                0x00000000080083a4                EXTI15_10_IRQHandler
                0x00000000080083a4                EXTI9_5_IRQHandler
                0x00000000080083a4                SPI2_IRQHandler
                0x00000000080083a4                DMA1_Channel5_IRQHandler
                0x00000000080083a4                EXTI4_IRQHandler
                0x00000000080083a4                USB_LP_CAN1_RX0_IRQHandler
                0x00000000080083a4                USB_HP_CAN1_TX_IRQHandler
                0x00000000080083a4                DMA1_Channel3_IRQHandler
                0x00000000080083a4                TIM1_UP_IRQHandler
                0x00000000080083a4                WWDG_IRQHandler
                0x00000000080083a4                TIM2_IRQHandler
                0x00000000080083a4                TIM1_BRK_IRQHandler
                0x00000000080083a4                EXTI1_IRQHandler
                0x00000000080083a4                I2C2_ER_IRQHandler
                0x00000000080083a4                DMA1_Channel2_IRQHandler
                0x00000000080083a4                CAN1_SCE_IRQHandler
                0x00000000080083a4                FLASH_IRQHandler
                0x00000000080083a4                I2C1_ER_IRQHandler
                0x00000000080083a4                USBWakeUp_IRQHandler
 *fill*         0x00000000080083a6        0x2 
 .text.__errno  0x00000000080083a8        0xc /home/ryan/xun/gcc-arm-none-eabi-7-2018-q2-update/bin/../lib/gcc/arm-none-eabi/7.3.1/../../../../arm-none-eabi/lib/thumb/v7-m/libc_nano.a(lib_a-errno.o)
                0x00000000080083a8                __errno
 .text.__libc_init_array
                0x00000000080083b4       0x48 /home/ryan/xun/gcc-arm-none-eabi-7-2018-q2-update/bin/../lib/gcc/arm-none-eabi/7.3.1/../../../../arm-none-eabi/lib/thumb/v7-m/libc_nano.a(lib_a-init.o)
                0x00000000080083b4                __libc_init_array
 .text.memcpy   0x00000000080083fc       0x16 /home/ryan/xun/gcc-arm-none-eabi-7-2018-q2-update/bin/../lib/gcc/arm-none-eabi/7.3.1/../../../../arm-none-eabi/lib/thumb/v7-m/libc_nano.a(lib_a-memcpy-stub.o)
                0x00000000080083fc                memcpy
 .text.memset   0x0000000008008412       0x10 /home/ryan/xun/gcc-arm-none-eabi-7-2018-q2-update/bin/../lib/gcc/arm-none-eabi/7.3.1/../../../../arm-none-eabi/lib/thumb/v7-m/libc_nano.a(lib_a-memset.o)
                0x0000000008008412                memset
 *fill*         0x0000000008008422        0x2 
 .text.printf   0x0000000008008424       0x30 /home/ryan/xun/gcc-arm-none-eabi-7-2018-q2-update/bin/../lib/gcc/arm-none-eabi/7.3.1/../../../../arm-none-eabi/lib/thumb/v7-m/libc_nano.a(lib_a-printf.o)
                0x0000000008008424                printf
                0x0000000008008424                iprintf
 .text._puts_r  0x0000000008008454       0xb8 /home/ryan/xun/gcc-arm-none-eabi-7-2018-q2-update/bin/../lib/gcc/arm-none-eabi/7.3.1/../../../../arm-none-eabi/lib/thumb/v7-m/libc_nano.a(lib_a-puts.o)
                0x0000000008008454                _puts_r
 .text.puts     0x000000000800850c       0x10 /home/ryan/xun/gcc-arm-none-eabi-7-2018-q2-update/bin/../lib/gcc/arm-none-eabi/7.3.1/../../../../arm-none-eabi/lib/thumb/v7-m/libc_nano.a(lib_a-puts.o)
                0x000000000800850c                puts
 .text.__swbuf_r
                0x000000000800851c       0xa4 /home/ryan/xun/gcc-arm-none-eabi-7-2018-q2-update/bin/../lib/gcc/arm-none-eabi/7.3.1/../../../../arm-none-eabi/lib/thumb/v7-m/libc_nano.a(lib_a-wbuf.o)
                0x000000000800851c                __swbuf_r
 .text.__swsetup_r
                0x00000000080085c0       0xdc /home/ryan/xun/gcc-arm-none-eabi-7-2018-q2-update/bin/../lib/gcc/arm-none-eabi/7.3.1/../../../../arm-none-eabi/lib/thumb/v7-m/libc_nano.a(lib_a-wsetup.o)
                0x00000000080085c0                __swsetup_r
 .text.__sflush_r
                0x000000000800869c      0x10c /home/ryan/xun/gcc-arm-none-eabi-7-2018-q2-update/bin/../lib/gcc/arm-none-eabi/7.3.1/../../../../arm-none-eabi/lib/thumb/v7-m/libc_nano.a(lib_a-fflush.o)
                0x000000000800869c                __sflush_r
 .text._fflush_r
                0x00000000080087a8       0x54 /home/ryan/xun/gcc-arm-none-eabi-7-2018-q2-update/bin/../lib/gcc/arm-none-eabi/7.3.1/../../../../arm-none-eabi/lib/thumb/v7-m/libc_nano.a(lib_a-fflush.o)
                0x00000000080087a8                _fflush_r
 .text.std      0x00000000080087fc       0x48 /home/ryan/xun/gcc-arm-none-eabi-7-2018-q2-update/bin/../lib/gcc/arm-none-eabi/7.3.1/../../../../arm-none-eabi/lib/thumb/v7-m/libc_nano.a(lib_a-findfp.o)
 .text._cleanup_r
                0x0000000008008844        0xc /home/ryan/xun/gcc-arm-none-eabi-7-2018-q2-update/bin/../lib/gcc/arm-none-eabi/7.3.1/../../../../arm-none-eabi/lib/thumb/v7-m/libc_nano.a(lib_a-findfp.o)
                0x0000000008008844                _cleanup_r
 .text.__sfmoreglue
                0x0000000008008850       0x2c /home/ryan/xun/gcc-arm-none-eabi-7-2018-q2-update/bin/../lib/gcc/arm-none-eabi/7.3.1/../../../../arm-none-eabi/lib/thumb/v7-m/libc_nano.a(lib_a-findfp.o)
                0x0000000008008850                __sfmoreglue
 .text.__sinit  0x000000000800887c       0x60 /home/ryan/xun/gcc-arm-none-eabi-7-2018-q2-update/bin/../lib/gcc/arm-none-eabi/7.3.1/../../../../arm-none-eabi/lib/thumb/v7-m/libc_nano.a(lib_a-findfp.o)
                0x000000000800887c                __sinit
 .text.__sfp    0x00000000080088dc       0x78 /home/ryan/xun/gcc-arm-none-eabi-7-2018-q2-update/bin/../lib/gcc/arm-none-eabi/7.3.1/../../../../arm-none-eabi/lib/thumb/v7-m/libc_nano.a(lib_a-findfp.o)
                0x00000000080088dc                __sfp
 .text._fwalk_reent
                0x0000000008008954       0x3c /home/ryan/xun/gcc-arm-none-eabi-7-2018-q2-update/bin/../lib/gcc/arm-none-eabi/7.3.1/../../../../arm-none-eabi/lib/thumb/v7-m/libc_nano.a(lib_a-fwalk.o)
                0x0000000008008954                _fwalk_reent
 .text.__swhatbuf_r
                0x0000000008008990       0x48 /home/ryan/xun/gcc-arm-none-eabi-7-2018-q2-update/bin/../lib/gcc/arm-none-eabi/7.3.1/../../../../arm-none-eabi/lib/thumb/v7-m/libc_nano.a(lib_a-makebuf.o)
                0x0000000008008990                __swhatbuf_r
 .text.__smakebuf_r
                0x00000000080089d8       0x80 /home/ryan/xun/gcc-arm-none-eabi-7-2018-q2-update/bin/../lib/gcc/arm-none-eabi/7.3.1/../../../../arm-none-eabi/lib/thumb/v7-m/libc_nano.a(lib_a-makebuf.o)
                0x00000000080089d8                __smakebuf_r
 .text._free_r  0x0000000008008a58       0x98 /home/ryan/xun/gcc-arm-none-eabi-7-2018-q2-update/bin/../lib/gcc/arm-none-eabi/7.3.1/../../../../arm-none-eabi/lib/thumb/v7-m/libc_nano.a(lib_a-nano-freer.o)
                0x0000000008008a58                _free_r
 .text._malloc_r
                0x0000000008008af0       0xb4 /home/ryan/xun/gcc-arm-none-eabi-7-2018-q2-update/bin/../lib/gcc/arm-none-eabi/7.3.1/../../../../arm-none-eabi/lib/thumb/v7-m/libc_nano.a(lib_a-nano-mallocr.o)
                0x0000000008008af0                _malloc_r
 .text.__sfputc_r
                0x0000000008008ba4       0x2a /home/ryan/xun/gcc-arm-none-eabi-7-2018-q2-update/bin/../lib/gcc/arm-none-eabi/7.3.1/../../../../arm-none-eabi/lib/thumb/v7-m/libc_nano.a(lib_a-nano-vfprintf.o)
 .text.__sfputs_r
                0x0000000008008bce       0x24 /home/ryan/xun/gcc-arm-none-eabi-7-2018-q2-update/bin/../lib/gcc/arm-none-eabi/7.3.1/../../../../arm-none-eabi/lib/thumb/v7-m/libc_nano.a(lib_a-nano-vfprintf.o)
                0x0000000008008bce                __sfputs_r
 *fill*         0x0000000008008bf2        0x2 
 .text._vfprintf_r
                0x0000000008008bf4      0x22c /home/ryan/xun/gcc-arm-none-eabi-7-2018-q2-update/bin/../lib/gcc/arm-none-eabi/7.3.1/../../../../arm-none-eabi/lib/thumb/v7-m/libc_nano.a(lib_a-nano-vfprintf.o)
                0x0000000008008bf4                _vfiprintf_r
                0x0000000008008bf4                _vfprintf_r
 .text._printf_common
                0x0000000008008e20       0xec /home/ryan/xun/gcc-arm-none-eabi-7-2018-q2-update/bin/../lib/gcc/arm-none-eabi/7.3.1/../../../../arm-none-eabi/lib/thumb/v7-m/libc_nano.a(lib_a-nano-vfprintf_i.o)
                0x0000000008008e20                _printf_common
 .text._printf_i
                0x0000000008008f0c      0x224 /home/ryan/xun/gcc-arm-none-eabi-7-2018-q2-update/bin/../lib/gcc/arm-none-eabi/7.3.1/../../../../arm-none-eabi/lib/thumb/v7-m/libc_nano.a(lib_a-nano-vfprintf_i.o)
                0x0000000008008f0c                _printf_i
 .text._sbrk_r  0x0000000008009130       0x20 /home/ryan/xun/gcc-arm-none-eabi-7-2018-q2-update/bin/../lib/gcc/arm-none-eabi/7.3.1/../../../../arm-none-eabi/lib/thumb/v7-m/libc_nano.a(lib_a-sbrkr.o)
                0x0000000008009130                _sbrk_r
 .text.__sread  0x0000000008009150       0x22 /home/ryan/xun/gcc-arm-none-eabi-7-2018-q2-update/bin/../lib/gcc/arm-none-eabi/7.3.1/../../../../arm-none-eabi/lib/thumb/v7-m/libc_nano.a(lib_a-stdio.o)
                0x0000000008009150                __sread
 .text.__swrite
                0x0000000008009172       0x38 /home/ryan/xun/gcc-arm-none-eabi-7-2018-q2-update/bin/../lib/gcc/arm-none-eabi/7.3.1/../../../../arm-none-eabi/lib/thumb/v7-m/libc_nano.a(lib_a-stdio.o)
                0x0000000008009172                __swrite
 .text.__sseek  0x00000000080091aa       0x24 /home/ryan/xun/gcc-arm-none-eabi-7-2018-q2-update/bin/../lib/gcc/arm-none-eabi/7.3.1/../../../../arm-none-eabi/lib/thumb/v7-m/libc_nano.a(lib_a-stdio.o)
                0x00000000080091aa                __sseek
 .text.__sclose
                0x00000000080091ce        0x8 /home/ryan/xun/gcc-arm-none-eabi-7-2018-q2-update/bin/../lib/gcc/arm-none-eabi/7.3.1/../../../../arm-none-eabi/lib/thumb/v7-m/libc_nano.a(lib_a-stdio.o)
                0x00000000080091ce                __sclose
 *fill*         0x00000000080091d6        0x2 
 .text._write_r
                0x00000000080091d8       0x24 /home/ryan/xun/gcc-arm-none-eabi-7-2018-q2-update/bin/../lib/gcc/arm-none-eabi/7.3.1/../../../../arm-none-eabi/lib/thumb/v7-m/libc_nano.a(lib_a-writer.o)
                0x00000000080091d8                _write_r
 .text._close_r
                0x00000000080091fc       0x20 /home/ryan/xun/gcc-arm-none-eabi-7-2018-q2-update/bin/../lib/gcc/arm-none-eabi/7.3.1/../../../../arm-none-eabi/lib/thumb/v7-m/libc_nano.a(lib_a-closer.o)
                0x00000000080091fc                _close_r
 .text._fstat_r
                0x000000000800921c       0x24 /home/ryan/xun/gcc-arm-none-eabi-7-2018-q2-update/bin/../lib/gcc/arm-none-eabi/7.3.1/../../../../arm-none-eabi/lib/thumb/v7-m/libc_nano.a(lib_a-fstatr.o)
                0x000000000800921c                _fstat_r
 .text._isatty_r
                0x0000000008009240       0x20 /home/ryan/xun/gcc-arm-none-eabi-7-2018-q2-update/bin/../lib/gcc/arm-none-eabi/7.3.1/../../../../arm-none-eabi/lib/thumb/v7-m/libc_nano.a(lib_a-isattyr.o)
                0x0000000008009240                _isatty_r
 .text._lseek_r
                0x0000000008009260       0x24 /home/ryan/xun/gcc-arm-none-eabi-7-2018-q2-update/bin/../lib/gcc/arm-none-eabi/7.3.1/../../../../arm-none-eabi/lib/thumb/v7-m/libc_nano.a(lib_a-lseekr.o)
                0x0000000008009260                _lseek_r
 .text.memchr   0x0000000008009284       0x1c /home/ryan/xun/gcc-arm-none-eabi-7-2018-q2-update/bin/../lib/gcc/arm-none-eabi/7.3.1/../../../../arm-none-eabi/lib/thumb/v7-m/libc_nano.a(lib_a-memchr-stub.o)
                0x0000000008009284                memchr
 .text.__malloc_lock
                0x00000000080092a0        0x2 /home/ryan/xun/gcc-arm-none-eabi-7-2018-q2-update/bin/../lib/gcc/arm-none-eabi/7.3.1/../../../../arm-none-eabi/lib/thumb/v7-m/libc_nano.a(lib_a-mlock.o)
                0x00000000080092a0                __malloc_lock
 .text.__malloc_unlock
                0x00000000080092a2        0x2 /home/ryan/xun/gcc-arm-none-eabi-7-2018-q2-update/bin/../lib/gcc/arm-none-eabi/7.3.1/../../../../arm-none-eabi/lib/thumb/v7-m/libc_nano.a(lib_a-mlock.o)
                0x00000000080092a2                __malloc_unlock
 .text._read_r  0x00000000080092a4       0x24 /home/ryan/xun/gcc-arm-none-eabi-7-2018-q2-update/bin/../lib/gcc/arm-none-eabi/7.3.1/../../../../arm-none-eabi/lib/thumb/v7-m/libc_nano.a(lib_a-readr.o)
                0x00000000080092a4                _read_r
 .text._close   0x00000000080092c8       0x10 /home/ryan/xun/gcc-arm-none-eabi-7-2018-q2-update/bin/../lib/gcc/arm-none-eabi/7.3.1/../../../../arm-none-eabi/lib/thumb/v7-m/libnosys.a(close.o)
                0x00000000080092c8                _close
 .text._fstat   0x00000000080092d8       0x10 /home/ryan/xun/gcc-arm-none-eabi-7-2018-q2-update/bin/../lib/gcc/arm-none-eabi/7.3.1/../../../../arm-none-eabi/lib/thumb/v7-m/libnosys.a(fstat.o)
                0x00000000080092d8                _fstat
 .text._isatty  0x00000000080092e8       0x10 /home/ryan/xun/gcc-arm-none-eabi-7-2018-q2-update/bin/../lib/gcc/arm-none-eabi/7.3.1/../../../../arm-none-eabi/lib/thumb/v7-m/libnosys.a(isatty.o)
                0x00000000080092e8                _isatty
 .text._lseek   0x00000000080092f8       0x10 /home/ryan/xun/gcc-arm-none-eabi-7-2018-q2-update/bin/../lib/gcc/arm-none-eabi/7.3.1/../../../../arm-none-eabi/lib/thumb/v7-m/libnosys.a(lseek.o)
                0x00000000080092f8                _lseek
 .text._read    0x0000000008009308       0x10 /home/ryan/xun/gcc-arm-none-eabi-7-2018-q2-update/bin/../lib/gcc/arm-none-eabi/7.3.1/../../../../arm-none-eabi/lib/thumb/v7-m/libnosys.a(read.o)
                0x0000000008009308                _read
 .text._sbrk    0x0000000008009318       0x1c /home/ryan/xun/gcc-arm-none-eabi-7-2018-q2-update/bin/../lib/gcc/arm-none-eabi/7.3.1/../../../../arm-none-eabi/lib/thumb/v7-m/libnosys.a(sbrk.o)
                0x0000000008009318                _sbrk
 .text.ParseCEAEDID
                0x0000000008009334      0x268 ./Lib/libite66121dvi.a(hdmitx_sys.o)
 .text.ConfigAVIInfoFrame
                0x000000000800959c       0x94 ./Lib/libite66121dvi.a(hdmitx_sys.o)
                0x000000000800959c                ConfigAVIInfoFrame
 .text.ConfigAudioInfoFrm
                0x0000000008009630       0x38 ./Lib/libite66121dvi.a(hdmitx_sys.o)
                0x0000000008009630                ConfigAudioInfoFrm
 .text.HDMITX_SetAudioOutput
                0x0000000008009668       0x6c ./Lib/libite66121dvi.a(hdmitx_sys.o)
                0x0000000008009668                HDMITX_SetAudioOutput
 .text.HDMITX_SetOutput
                0x00000000080096d4       0xb0 ./Lib/libite66121dvi.a(hdmitx_sys.o)
                0x00000000080096d4                HDMITX_SetOutput
 .text.ParseEDID
                0x0000000008009784       0xf8 ./Lib/libite66121dvi.a(hdmitx_sys.o)
                0x0000000008009784                ParseEDID
 .text.HDMITX_DevLoopProc
                0x000000000800987c      0x1b4 ./Lib/libite66121dvi.a(hdmitx_sys.o)
                0x000000000800987c                HDMITX_DevLoopProc
 .text.HDMI_Tx_SetAudioFs
                0x0000000008009a30       0x98 ./Lib/libite66121dvi.a(hdmitx_sys.o)
                0x0000000008009a30                HDMI_Tx_SetAudioFs
 .text.getHDMITX_LinkStatus
                0x0000000008009ac8       0x22 ./Lib/libite66121dvi.a(hdmitx_drv.o)
                0x0000000008009ac8                getHDMITX_LinkStatus
 .text.setHDMITX_AVMute
                0x0000000008009aea       0x3e ./Lib/libite66121dvi.a(hdmitx_drv.o)
                0x0000000008009aea                setHDMITX_AVMute
 .text.hdmitx_LoadRegSetting
                0x0000000008009b28       0x48 ./Lib/libite66121dvi.a(hdmitx_drv.o)
                0x0000000008009b28                hdmitx_LoadRegSetting
 .text.HDMITX_PowerOn
                0x0000000008009b70       0x10 ./Lib/libite66121dvi.a(hdmitx_drv.o)
                0x0000000008009b70                HDMITX_PowerOn
 .text.HDMITX_PowerDown
                0x0000000008009b80       0x10 ./Lib/libite66121dvi.a(hdmitx_drv.o)
                0x0000000008009b80                HDMITX_PowerDown
 .text.hdmitx_ClearDDCFIFO
                0x0000000008009b90       0x14 ./Lib/libite66121dvi.a(hdmitx_drv.o)
                0x0000000008009b90                hdmitx_ClearDDCFIFO
 .text.hdmitx_AbortDDC
                0x0000000008009ba4       0x54 ./Lib/libite66121dvi.a(hdmitx_drv.o)
                0x0000000008009ba4                hdmitx_AbortDDC
 .text.CheckHDMITX
                0x0000000008009bf8      0x160 ./Lib/libite66121dvi.a(hdmitx_drv.o)
                0x0000000008009bf8                CheckHDMITX
 .text.getHDMITX_EDIDBytes
                0x0000000008009d58      0x11e ./Lib/libite66121dvi.a(hdmitx_drv.o)
                0x0000000008009d58                getHDMITX_EDIDBytes
 .text.getHDMITX_EDIDBlock
                0x0000000008009e76       0x34 ./Lib/libite66121dvi.a(hdmitx_drv.o)
                0x0000000008009e76                getHDMITX_EDIDBlock
 .text.HDMITX_DisableVideoOutput
                0x0000000008009eaa       0x32 ./Lib/libite66121dvi.a(hdmitx_drv.o)
                0x0000000008009eaa                HDMITX_DisableVideoOutput
 .text.setHDMITX_VideoSignalType
                0x0000000008009edc       0x1c ./Lib/libite66121dvi.a(hdmitx_drv.o)
                0x0000000008009edc                setHDMITX_VideoSignalType
 .text.hdmitx_SetInputMode
                0x0000000008009ef8       0x56 ./Lib/libite66121dvi.a(hdmitx_drv.o)
                0x0000000008009ef8                hdmitx_SetInputMode
 *fill*         0x0000000008009f4e        0x2 
 .text.hdmitx_SetCSCScale
                0x0000000008009f50      0x124 ./Lib/libite66121dvi.a(hdmitx_drv.o)
                0x0000000008009f50                hdmitx_SetCSCScale
 .text.hdmitx_SetupAFE
                0x000000000800a074       0x68 ./Lib/libite66121dvi.a(hdmitx_drv.o)
                0x000000000800a074                hdmitx_SetupAFE
 .text.hdmitx_FireAFE
                0x000000000800a0dc       0x16 ./Lib/libite66121dvi.a(hdmitx_drv.o)
                0x000000000800a0dc                hdmitx_FireAFE
 .text.setHDMITX_ChStat
                0x000000000800a0f2       0x56 ./Lib/libite66121dvi.a(hdmitx_drv.o)
                0x000000000800a0f2                setHDMITX_ChStat
 .text.setHDMITX_LPCMAudio
                0x000000000800a148       0xf4 ./Lib/libite66121dvi.a(hdmitx_drv.o)
                0x000000000800a148                setHDMITX_LPCMAudio
 .text.setHDMITX_NLPCMAudio
                0x000000000800a23c       0x6c ./Lib/libite66121dvi.a(hdmitx_drv.o)
                0x000000000800a23c                setHDMITX_NLPCMAudio
 .text.setHDMITX_HBRAudio
                0x000000000800a2a8       0xb4 ./Lib/libite66121dvi.a(hdmitx_drv.o)
                0x000000000800a2a8                setHDMITX_HBRAudio
 .text.setHDMITX_DSDAudio
                0x000000000800a35c       0x3c ./Lib/libite66121dvi.a(hdmitx_drv.o)
                0x000000000800a35c                setHDMITX_DSDAudio
 .text.HDMITX_DisableAudioOutput
                0x000000000800a398       0x2c ./Lib/libite66121dvi.a(hdmitx_drv.o)
                0x000000000800a398                HDMITX_DisableAudioOutput
 .text.setHDMITX_NCTS
                0x000000000800a3c4      0x1a0 ./Lib/libite66121dvi.a(hdmitx_drv.o)
                0x000000000800a3c4                setHDMITX_NCTS
 .text.HDMITX_EnableAudioOutput
                0x000000000800a564      0x238 ./Lib/libite66121dvi.a(hdmitx_drv.o)
                0x000000000800a564                HDMITX_EnableAudioOutput
 .text.setHDMITX_AudioChannelEnable
                0x000000000800a79c       0xb0 ./Lib/libite66121dvi.a(hdmitx_drv.o)
                0x000000000800a79c                setHDMITX_AudioChannelEnable
 .text.HDMITX_EnableVideoOutput
                0x000000000800a84c       0xa8 ./Lib/libite66121dvi.a(hdmitx_drv.o)
                0x000000000800a84c                HDMITX_EnableVideoOutput
 .text.hdmitx_SetAVIInfoFrame
                0x000000000800a8f4       0xb0 ./Lib/libite66121dvi.a(hdmitx_drv.o)
                0x000000000800a8f4                hdmitx_SetAVIInfoFrame
 .text.HDMITX_EnableAVIInfoFrame
                0x000000000800a9a4       0x24 ./Lib/libite66121dvi.a(hdmitx_drv.o)
                0x000000000800a9a4                HDMITX_EnableAVIInfoFrame
 .text.hdmitx_SetAudioInfoFrame
                0x000000000800a9c8       0x7a ./Lib/libite66121dvi.a(hdmitx_drv.o)
                0x000000000800a9c8                hdmitx_SetAudioInfoFrame
 .text.HDMITX_EnableAudioInfoFrame
                0x000000000800aa42       0x24 ./Lib/libite66121dvi.a(hdmitx_drv.o)
                0x000000000800aa42                HDMITX_EnableAudioInfoFrame
 .text.hdmitx_SetVSIInfoFrame
                0x000000000800aa66       0x6a ./Lib/libite66121dvi.a(hdmitx_drv.o)
                0x000000000800aa66                hdmitx_SetVSIInfoFrame
 .text.HDMITX_EnableVSInfoFrame
                0x000000000800aad0       0x24 ./Lib/libite66121dvi.a(hdmitx_drv.o)
                0x000000000800aad0                HDMITX_EnableVSInfoFrame
 .text.TWI_SCL_0
                0x000000000800aaf4       0x18 ./Lib/libsw_i2c0.a(sw_i2c0.o)
 .text.TWI_SCL_1
                0x000000000800ab0c       0x18 ./Lib/libsw_i2c0.a(sw_i2c0.o)
 .text.TWI_SDA_0
                0x000000000800ab24       0x18 ./Lib/libsw_i2c0.a(sw_i2c0.o)
 .text.TWI_SDA_1
                0x000000000800ab3c       0x18 ./Lib/libsw_i2c0.a(sw_i2c0.o)
 .text.TWI_SDA_STATE
                0x000000000800ab54       0x24 ./Lib/libsw_i2c0.a(sw_i2c0.o)
 .text.TWI_NOP  0x000000000800ab78       0x22 ./Lib/libsw_i2c0.a(sw_i2c0.o)
 *fill*         0x000000000800ab9a        0x2 
 .text.TWI_Initialize
                0x000000000800ab9c       0x4c ./Lib/libsw_i2c0.a(sw_i2c0.o)
 .text.TWI_START
                0x000000000800abe8       0x46 ./Lib/libsw_i2c0.a(sw_i2c0.o)
 .text.TWI_STOP
                0x000000000800ac2e       0x20 ./Lib/libsw_i2c0.a(sw_i2c0.o)
 .text.TWI_SendNACK
                0x000000000800ac4e       0x20 ./Lib/libsw_i2c0.a(sw_i2c0.o)
 .text.TWI_SendByte
                0x000000000800ac6e       0x80 ./Lib/libsw_i2c0.a(sw_i2c0.o)
 .text.TWI_ReceiveByte
                0x000000000800acee       0x56 ./Lib/libsw_i2c0.a(sw_i2c0.o)
 .text.SW_I2C0_Init
                0x000000000800ad44        0xc ./Lib/libsw_i2c0.a(sw_i2c0.o)
                0x000000000800ad44                SW_I2C0_Init
 .text.SW_I2C0Write
                0x000000000800ad50       0x3a ./Lib/libsw_i2c0.a(sw_i2c0.o)
                0x000000000800ad50                SW_I2C0Write
 .text.SW_I2C0WriteNByte
                0x000000000800ad8a       0x5c ./Lib/libsw_i2c0.a(sw_i2c0.o)
                0x000000000800ad8a                SW_I2C0WriteNByte
 .text.SW_I2C0Read
                0x000000000800ade6       0x5c ./Lib/libsw_i2c0.a(sw_i2c0.o)
                0x000000000800ade6                SW_I2C0Read
 *fill*         0x000000000800ae42        0x2 
 .text.HDMIRX_ReadI2C_Byte
                0x000000000800ae44       0x78 ./Lib/libsw_i2c0.a(sw_i2c0.o)
                0x000000000800ae44                HDMIRX_ReadI2C_Byte
 .text.HDMIRX_WriteI2C_Byte
                0x000000000800aebc       0x74 ./Lib/libsw_i2c0.a(sw_i2c0.o)
                0x000000000800aebc                HDMIRX_WriteI2C_Byte
 .text.HDMIRX_WriteI2C_ByteN
                0x000000000800af30       0x7c ./Lib/libsw_i2c0.a(sw_i2c0.o)
                0x000000000800af30                HDMIRX_WriteI2C_ByteN
 .text.HDMITX_ReadI2C_Byte
                0x000000000800afac       0x1e ./Lib/libsw_i2c0.a(sw_i2c0.o)
                0x000000000800afac                HDMITX_ReadI2C_Byte
 .text.HDMITX_WriteI2C_Byte
                0x000000000800afca       0x26 ./Lib/libsw_i2c0.a(sw_i2c0.o)
                0x000000000800afca                HDMITX_WriteI2C_Byte
 .text.HDMITX_SetI2C_Byte
                0x000000000800aff0       0x60 ./Lib/libsw_i2c0.a(sw_i2c0.o)
                0x000000000800aff0                HDMITX_SetI2C_Byte
 .text.TWI_SCL_0
                0x000000000800b050       0x18 ./Lib/libsw_i2c1.a(sw_i2c1.o)
 .text.TWI_SCL_1
                0x000000000800b068       0x18 ./Lib/libsw_i2c1.a(sw_i2c1.o)
 .text.TWI_SDA_0
                0x000000000800b080       0x18 ./Lib/libsw_i2c1.a(sw_i2c1.o)
 .text.TWI_SDA_1
                0x000000000800b098       0x18 ./Lib/libsw_i2c1.a(sw_i2c1.o)
 .text.TWI_SDA_STATE
                0x000000000800b0b0       0x24 ./Lib/libsw_i2c1.a(sw_i2c1.o)
 .text.TWI_NOP  0x000000000800b0d4       0x22 ./Lib/libsw_i2c1.a(sw_i2c1.o)
 *fill*         0x000000000800b0f6        0x2 
 .text.TWI_Initialize
                0x000000000800b0f8       0x48 ./Lib/libsw_i2c1.a(sw_i2c1.o)
 .text.TWI_START
                0x000000000800b140       0x46 ./Lib/libsw_i2c1.a(sw_i2c1.o)
 .text.TWI_STOP
                0x000000000800b186       0x20 ./Lib/libsw_i2c1.a(sw_i2c1.o)
 .text.TWI_SendNACK
                0x000000000800b1a6       0x20 ./Lib/libsw_i2c1.a(sw_i2c1.o)
 .text.TWI_SendByte
                0x000000000800b1c6       0x80 ./Lib/libsw_i2c1.a(sw_i2c1.o)
 .text.TWI_ReceiveByte
                0x000000000800b246       0x56 ./Lib/libsw_i2c1.a(sw_i2c1.o)
 .text.SW_I2C1_Init
                0x000000000800b29c        0xc ./Lib/libsw_i2c1.a(sw_i2c1.o)
                0x000000000800b29c                SW_I2C1_Init
 .text.SW_I2C1Write
                0x000000000800b2a8       0x3a ./Lib/libsw_i2c1.a(sw_i2c1.o)
                0x000000000800b2a8                SW_I2C1Write
 .text.SW_I2C1WriteNByte
                0x000000000800b2e2       0x5c ./Lib/libsw_i2c1.a(sw_i2c1.o)
                0x000000000800b2e2                SW_I2C1WriteNByte
 .text.SW_I2C1Read
                0x000000000800b33e       0x5c ./Lib/libsw_i2c1.a(sw_i2c1.o)
                0x000000000800b33e                SW_I2C1Read
 *fill*         0x000000000800b39a        0x2 
 .text.TWI_SCL_0
                0x000000000800b39c       0x18 ./Lib/libsw_i2c2.a(sw_i2c2.o)
 .text.TWI_SCL_1
                0x000000000800b3b4       0x18 ./Lib/libsw_i2c2.a(sw_i2c2.o)
 .text.TWI_SDA_0
                0x000000000800b3cc       0x18 ./Lib/libsw_i2c2.a(sw_i2c2.o)
 .text.TWI_SDA_1
                0x000000000800b3e4       0x18 ./Lib/libsw_i2c2.a(sw_i2c2.o)
 .text.TWI_SDA_STATE
                0x000000000800b3fc       0x24 ./Lib/libsw_i2c2.a(sw_i2c2.o)
 .text.TWI_NOP  0x000000000800b420       0x22 ./Lib/libsw_i2c2.a(sw_i2c2.o)
 *fill*         0x000000000800b442        0x2 
 .text.TWI_Initialize
                0x000000000800b444       0x4c ./Lib/libsw_i2c2.a(sw_i2c2.o)
 .text.TWI_START
                0x000000000800b490       0x46 ./Lib/libsw_i2c2.a(sw_i2c2.o)
 .text.TWI_STOP
                0x000000000800b4d6       0x20 ./Lib/libsw_i2c2.a(sw_i2c2.o)
 .text.TWI_SendNACK
                0x000000000800b4f6       0x20 ./Lib/libsw_i2c2.a(sw_i2c2.o)
 .text.TWI_SendByte
                0x000000000800b516       0x80 ./Lib/libsw_i2c2.a(sw_i2c2.o)
 .text.TWI_ReceiveByte
                0x000000000800b596       0x56 ./Lib/libsw_i2c2.a(sw_i2c2.o)
 .text.SW_I2C2_Init
                0x000000000800b5ec        0xc ./Lib/libsw_i2c2.a(sw_i2c2.o)
                0x000000000800b5ec                SW_I2C2_Init
 .text.SW_I2C2Write
                0x000000000800b5f8       0x3a ./Lib/libsw_i2c2.a(sw_i2c2.o)
                0x000000000800b5f8                SW_I2C2Write
 .text.SW_I2C2WriteNByte
                0x000000000800b632       0x5c ./Lib/libsw_i2c2.a(sw_i2c2.o)
                0x000000000800b632                SW_I2C2WriteNByte
 .text.SW_I2C2Read
                0x000000000800b68e       0x5c ./Lib/libsw_i2c2.a(sw_i2c2.o)
                0x000000000800b68e                SW_I2C2Read
 .text.I2Cdelay
                0x000000000800b6ea       0x22 ./Lib/libsw_i2c2.a(sw_i2c2.o)
                0x000000000800b6ea                I2Cdelay
 .text.I2CStart
                0x000000000800b70c       0x20 ./Lib/libsw_i2c2.a(sw_i2c2.o)
                0x000000000800b70c                I2CStart
 .text.I2CReStart
                0x000000000800b72c       0x20 ./Lib/libsw_i2c2.a(sw_i2c2.o)
                0x000000000800b72c                I2CReStart
 .text.I2CStop  0x000000000800b74c       0x28 ./Lib/libsw_i2c2.a(sw_i2c2.o)
                0x000000000800b74c                I2CStop
 .text.I2CWriteData3
                0x000000000800b774       0x70 ./Lib/libsw_i2c2.a(sw_i2c2.o)
                0x000000000800b774                I2CWriteData3
 .text.I2CReadData3
                0x000000000800b7e4       0x56 ./Lib/libsw_i2c2.a(sw_i2c2.o)
                0x000000000800b7e4                I2CReadData3
 .text.I2CACK   0x000000000800b83a       0x28 ./Lib/libsw_i2c2.a(sw_i2c2.o)
 .text.I2CNACK  0x000000000800b862       0x24 ./Lib/libsw_i2c2.a(sw_i2c2.o)
 .text.ReadI2C3
                0x000000000800b886       0x68 ./Lib/libsw_i2c2.a(sw_i2c2.o)
                0x000000000800b886                ReadI2C3
 .text.WriteI2C3
                0x000000000800b8ee       0x46 ./Lib/libsw_i2c2.a(sw_i2c2.o)
                0x000000000800b8ee                WriteI2C3
 .text.I2Cdelay2
                0x000000000800b934       0x22 ./Lib/libsw_i2c2.a(sw_i2c2.o)
                0x000000000800b934                I2Cdelay2
 .text.I2CStart2
                0x000000000800b956       0x20 ./Lib/libsw_i2c2.a(sw_i2c2.o)
                0x000000000800b956                I2CStart2
 .text.I2CStop2
                0x000000000800b976       0x28 ./Lib/libsw_i2c2.a(sw_i2c2.o)
                0x000000000800b976                I2CStop2
 .text.I2CWriteData2
                0x000000000800b99e       0x70 ./Lib/libsw_i2c2.a(sw_i2c2.o)
                0x000000000800b99e                I2CWriteData2
 .text.I2CReadData2
                0x000000000800ba0e       0x66 ./Lib/libsw_i2c2.a(sw_i2c2.o)
                0x000000000800ba0e                I2CReadData2
 .text.ReadI2C2
                0x000000000800ba74       0x4c ./Lib/libsw_i2c2.a(sw_i2c2.o)
                0x000000000800ba74                ReadI2C2
 .text.EEPWrite
                0x000000000800bac0       0x4e ./Lib/libsw_i2c2.a(sw_i2c2.o)
                0x000000000800bac0                EEPWrite
 .text.EEPRead  0x000000000800bb0e       0x3c ./Lib/libsw_i2c2.a(sw_i2c2.o)
                0x000000000800bb0e                EEPRead
 *fill*         0x000000000800bb4a        0x2 
 .text.TWI_SCL_0
                0x000000000800bb4c       0x18 ./Lib/libsw_i2c3.a(sw_i2c3.o)
 .text.TWI_SDA_1
                0x000000000800bb64       0x18 ./Lib/libsw_i2c3.a(sw_i2c3.o)
 .text.TWI_Initialize
                0x000000000800bb7c       0x48 ./Lib/libsw_i2c3.a(sw_i2c3.o)
 .text.SW_I2C3_Init
                0x000000000800bbc4        0xc ./Lib/libsw_i2c3.a(sw_i2c3.o)
                0x000000000800bbc4                SW_I2C3_Init
 .text.Get_WindowNum
                0x000000000800bbd0       0x2c ./Lib/libVS4210.a(VS4210.o)
 .text.VS4210_FULL88init
                0x000000000800bbfc       0x64 ./Lib/libVS4210.a(VS4210.o)
 .text.VS4210_PIP_1080I_w0_ReSet
                0x000000000800bc60       0x14 ./Lib/libVS4210.a(VS4210.o)
 .text.VS4210_init
                0x000000000800bc74       0x64 ./Lib/libVS4210.a(VS4210.o)
 .text.VS4210_init_Input_MODE1_w0
                0x000000000800bcd8      0x264 ./Lib/libVS4210.a(VS4210.o)
 .text.VS4210_init_Input_MODE1_w1
                0x000000000800bf3c      0x264 ./Lib/libVS4210.a(VS4210.o)
 .text.VS4210_init_Input_MODE1_w2
                0x000000000800c1a0      0x264 ./Lib/libVS4210.a(VS4210.o)
 .text.VS4210_init_Input_MODE1_w3
                0x000000000800c404      0x264 ./Lib/libVS4210.a(VS4210.o)
 .text.VS4210_init_Input_MODE2_w0
                0x000000000800c668      0x264 ./Lib/libVS4210.a(VS4210.o)
 .text.VS4210_init_Input_MODE2_w1
                0x000000000800c8cc      0x264 ./Lib/libVS4210.a(VS4210.o)
 .text.VS4210_init_Input_MODE2_w2
                0x000000000800cb30      0x264 ./Lib/libVS4210.a(VS4210.o)
 .text.VS4210_init_Input_MODE2_w3
                0x000000000800cd94      0x264 ./Lib/libVS4210.a(VS4210.o)
 .text.VS4210_init_Input_MODE6_w0
                0x000000000800cff8      0x264 ./Lib/libVS4210.a(VS4210.o)
 .text.VS4210_init_Input_MODE6_w1
                0x000000000800d25c      0x264 ./Lib/libVS4210.a(VS4210.o)
 .text.VS4210_init_Input_MODE6_w2
                0x000000000800d4c0      0x264 ./Lib/libVS4210.a(VS4210.o)
 .text.VS4210_init_Input_MODE6_w3
                0x000000000800d724      0x264 ./Lib/libVS4210.a(VS4210.o)
 .text.VS4210_init_Input_MODE12_w0
                0x000000000800d988      0x264 ./Lib/libVS4210.a(VS4210.o)
 .text.VS4210_init_Input_MODE12_w1
                0x000000000800dbec      0x264 ./Lib/libVS4210.a(VS4210.o)
 .text.VS4210_init_Input_MODE13_w0
                0x000000000800de50      0x264 ./Lib/libVS4210.a(VS4210.o)
 .text.VS4210_init_Input_MODE13_w1
                0x000000000800e0b4      0x264 ./Lib/libVS4210.a(VS4210.o)
 .text.VS4210_init_Input_MODE24_w1
                0x000000000800e318      0x248 ./Lib/libVS4210.a(VS4210.o)
 .text.VS4210_PIP_1080I_w0_Set
                0x000000000800e560       0x34 ./Lib/libVS4210.a(VS4210.o)
 .text.VS4210_init_Input_MODE24_w0
                0x000000000800e594      0x43c ./Lib/libVS4210.a(VS4210.o)
 .text.VS4210_OpenWindowsPIP0
                0x000000000800e9d0       0xcc ./Lib/libVS4210.a(VS4210.o)
                0x000000000800e9d0                VS4210_OpenWindowsPIP0
 .text.VS4210_init_Input_MODE88
                0x000000000800ea9c       0x50 ./Lib/libVS4210.a(VS4210.o)
                0x000000000800ea9c                VS4210_init_Input_MODE88
 .text.VS4210_Line_Clear
                0x000000000800eaec       0x14 ./Lib/libVS4210.a(VS4210.o)
                0x000000000800eaec                VS4210_Line_Clear
 .text.VS4210_Line_Draw
                0x000000000800eb00      0x240 ./Lib/libVS4210.a(VS4210.o)
                0x000000000800eb00                VS4210_Line_Draw
 .text.VS4210_SwitchChannel
                0x000000000800ed40       0x34 ./Lib/libVS4210.a(VS4210.o)
                0x000000000800ed40                VS4210_SwitchChannel
 .text.VS4210_OpenWindowsX
                0x000000000800ed74       0x5c ./Lib/libVS4210.a(VS4210.o)
                0x000000000800ed74                VS4210_OpenWindowsX
 .text.VS4210_CloseWindowsX
                0x000000000800edd0       0x48 ./Lib/libVS4210.a(VS4210.o)
                0x000000000800edd0                VS4210_CloseWindowsX
 .text.VS4210_CloseAllWindows
                0x000000000800ee18       0x4a ./Lib/libVS4210.a(VS4210.o)
                0x000000000800ee18                VS4210_CloseAllWindows
 .text.VS4210_channel0clear
                0x000000000800ee62       0x6a ./Lib/libVS4210.a(VS4210.o)
                0x000000000800ee62                VS4210_channel0clear
 .text.VS4210_clearAllsignal
                0x000000000800eecc       0x48 ./Lib/libVS4210.a(VS4210.o)
                0x000000000800eecc                VS4210_clearAllsignal
 .text.VS4210_SetHVLenght
                0x000000000800ef14       0x80 ./Lib/libVS4210.a(VS4210.o)
                0x000000000800ef14                VS4210_SetHVLenght
 .text.VS4210_Mode0FastChange
                0x000000000800ef94       0x98 ./Lib/libVS4210.a(VS4210.o)
 .text.VS4210_displayoff
                0x000000000800f02c       0x20 ./Lib/libVS4210.a(VS4210.o)
                0x000000000800f02c                VS4210_displayoff
 .text.VS4210_init_Input_MODE0_w0
                0x000000000800f04c      0x27c ./Lib/libVS4210.a(VS4210.o)
 .text.VS4210_displayon
                0x000000000800f2c8       0x18 ./Lib/libVS4210.a(VS4210.o)
                0x000000000800f2c8                VS4210_displayon
 .text.VS4210_init_mode
                0x000000000800f2e0      0x31c ./Lib/libVS4210.a(VS4210.o)
                0x000000000800f2e0                VS4210_init_mode
 .text.VS4210_SetInModeOutMode
                0x000000000800f5fc      0x20c ./Lib/libVS4210.a(VS4210.o)
                0x000000000800f5fc                VS4210_SetInModeOutMode
 .text.VS4210_StartInit
                0x000000000800f808       0xe8 ./Lib/libVS4210.a(VS4210.o)
                0x000000000800f808                VS4210_StartInit
 .text.VS4210_No_Signal_Init
                0x000000000800f8f0       0x24 ./Lib/libVS4210.a(VS4210.o)
                0x000000000800f8f0                VS4210_No_Signal_Init
 .text.VS4210_Rx_NoSignal
                0x000000000800f914      0x13c ./Lib/libVS4210.a(VS4210.o)
                0x000000000800f914                VS4210_Rx_NoSignal
 .text.VS4210_PowerDown
                0x000000000800fa50        0xc ./Lib/libVS4210.a(VS4210.o)
                0x000000000800fa50                VS4210_PowerDown
 .text.VS4210_PowerResume
                0x000000000800fa5c        0xc ./Lib/libVS4210.a(VS4210.o)
                0x000000000800fa5c                VS4210_PowerResume
 .text.VS4210_SetMutiWindows
                0x000000000800fa68      0x70c ./Lib/libVS4210.a(VS4210.o)
                0x000000000800fa68                VS4210_SetMutiWindows
 .text.VS4210_SetInputSizeHV
                0x0000000008010174       0x2c ./Lib/libVS4210.a(VS4210.o)
                0x0000000008010174                VS4210_SetInputSizeHV
 .text.get_it6602_dev_data
                0x00000000080101a0       0x18 ./Lib/libit6602.a(it6602.o)
 .text.IT6602_VideoOutputConfigure_Init
                0x00000000080101b8       0xd4 ./Lib/libit6602.a(it6602.o)
 .text.hdmirx_Var_init
                0x000000000801028c       0x70 ./Lib/libit6602.a(it6602.o)
 .text.hdmirxrd
                0x00000000080102fc        0x8 ./Lib/libit6602.a(it6602.o)
 .text.IsHDMIMode
                0x0000000008010304       0x3c ./Lib/libit6602.a(it6602.o)
 .text.SetColorimetryByMode
                0x0000000008010340       0x1c ./Lib/libit6602.a(it6602.o)
 .text.CheckAVMute
                0x000000000801035c       0x30 ./Lib/libit6602.a(it6602.o)
 .text.CLKCheck
                0x000000000801038c       0x28 ./Lib/libit6602.a(it6602.o)
 .text.CheckPlg5VPwr
                0x00000000080103b4       0x30 ./Lib/libit6602.a(it6602.o)
 .text.CheckSCDT
                0x00000000080103e4       0x2a ./Lib/libit6602.a(it6602.o)
 .text.getHDMIRXInputAudio
                0x000000000801040e       0x50 ./Lib/libit6602.a(it6602.o)
 .text.hdmirxwr
                0x000000000801045e        0xa ./Lib/libit6602.a(it6602.o)
 .text.hdmirxset
                0x0000000008010468       0x1e ./Lib/libit6602.a(it6602.o)
 .text.hdimrx_write_init
                0x0000000008010486       0x20 ./Lib/libit6602.a(it6602.o)
 *fill*         0x00000000080104a6        0x2 
 .text.IT6602_Rst
                0x00000000080104a8       0x14 ./Lib/libit6602.a(it6602.o)
 .text.chgbank  0x00000000080104bc       0x44 ./Lib/libit6602.a(it6602.o)
 .text.GetAVIInfoFrame
                0x0000000008010500       0x74 ./Lib/libit6602.a(it6602.o)
 .text.SetColorimetryByInfoFrame
                0x0000000008010574       0x36 ./Lib/libit6602.a(it6602.o)
 .text.SetVideoOutputColorFormat
                0x00000000080105aa       0x3a ./Lib/libit6602.a(it6602.o)
 .text.IT6602VideoOutputEnable
                0x00000000080105e4       0x1e ./Lib/libit6602.a(it6602.o)
 .text.hdmirx_SetHWMuteClr
                0x0000000008010602        0xe ./Lib/libit6602.a(it6602.o)
 .text.hdmirx_ClearHWMuteClr
                0x0000000008010610        0xe ./Lib/libit6602.a(it6602.o)
 .text.IT6602AudioOutputEnable
                0x000000000801061e       0x1e ./Lib/libit6602.a(it6602.o)
 .text.IT6602SwitchAudioState
                0x000000000801063c       0x4e ./Lib/libit6602.a(it6602.o)
 .text.IT6602_SetVideoMute
                0x000000000801068a       0x80 ./Lib/libit6602.a(it6602.o)
 *fill*         0x000000000801070a        0x2 
 .text.DisableOverWriteRS
                0x000000000801070c       0x80 ./Lib/libit6602.a(it6602.o)
 .text.TogglePolarity
                0x000000000801078c      0x110 ./Lib/libit6602.a(it6602.o)
 .text.hdmirx_SetHWMuteClrMode
                0x000000000801089c        0xe ./Lib/libit6602.a(it6602.o)
 .text.SetVideoInputFormatWithoutInfoFrame
                0x00000000080108aa       0x4e ./Lib/libit6602.a(it6602.o)
 .text.SetVideoInputFormatWithInfoFrame
                0x00000000080108f8       0x56 ./Lib/libit6602.a(it6602.o)
 .text.IT6602_VideoOutputModeSet
                0x000000000801094e       0xba ./Lib/libit6602.a(it6602.o)
 .text.TMDSCheck
                0x0000000008010a08      0x220 ./Lib/libit6602.a(it6602.o)
 .text.IT6602HDMIEventManager
                0x0000000008010c28       0xa6 ./Lib/libit6602.a(it6602.o)
 .text.hdmirx_INT_P1_Deskew
                0x0000000008010cce       0x30 ./Lib/libit6602.a(it6602.o)
 .text.hdmirx_INT_P0_Deskew
                0x0000000008010cfe       0x30 ./Lib/libit6602.a(it6602.o)
 *fill*         0x0000000008010d2e        0x2 
 .text.OverWriteAmpValue2EQ
                0x0000000008010d30      0x1cc ./Lib/libit6602.a(it6602.o)
 .text.AmpValidCheck
                0x0000000008010efc      0x13c ./Lib/libit6602.a(it6602.o)
 .text.hdmirx_INT_EQ_FAIL
                0x0000000008011038      0x11c ./Lib/libit6602.a(it6602.o)
 .text.hdmirx_ResetAudio
                0x0000000008011154       0x40 ./Lib/libit6602.a(it6602.o)
 .text.IT6602AudioHandler
                0x0000000008011194       0xd4 ./Lib/libit6602.a(it6602.o)
 .text.hdmirxbwr
                0x0000000008011268        0xe ./Lib/libit6602.a(it6602.o)
 *fill*         0x0000000008011276        0x2 
 .text.SetColorSpaceConvert
                0x0000000008011278       0xbc ./Lib/libit6602.a(it6602.o)
 .text.SetDVIVideoOutput
                0x0000000008011334       0x1e ./Lib/libit6602.a(it6602.o)
 .text.hdmirx_INT_HDMIMode_Chg
                0x0000000008011352       0x4e ./Lib/libit6602.a(it6602.o)
 .text.SetNewInfoVideoOutput
                0x00000000080113a0       0x1c ./Lib/libit6602.a(it6602.o)
 .text.IT6602VideoOutputConfigure
                0x00000000080113bc       0x6c ./Lib/libit6602.a(it6602.o)
 .text.aud_fiforst
                0x0000000008011428       0x5a ./Lib/libit6602.a(it6602.o)
 .text.it6602HPDCtrl
                0x0000000008011482       0x44 ./Lib/libit6602.a(it6602.o)
                0x0000000008011482                it6602HPDCtrl
 .text.hdmirx_ECCTimingOut
                0x00000000080114c6       0x60 ./Lib/libit6602.a(it6602.o)
 .text.hdmirx_INT_P0_ECC
                0x0000000008011526       0x1a ./Lib/libit6602.a(it6602.o)
 .text.hdmirx_INT_P1_ECC
                0x0000000008011540       0x1a ./Lib/libit6602.a(it6602.o)
 *fill*         0x000000000801155a        0x2 
 .text.get_vid_info
                0x000000000801155c      0x1f4 ./Lib/libit6602.a(it6602.o)
                0x000000000801155c                get_vid_info
 .text.show_vid_info
                0x0000000008011750       0xa8 ./Lib/libit6602.a(it6602.o)
                0x0000000008011750                show_vid_info
 .text.IT6602SwitchVideoState
                0x00000000080117f8       0x74 ./Lib/libit6602.a(it6602.o)
 .text.it6602PortSelect
                0x000000000801186c       0x2a ./Lib/libit6602.a(it6602.o)
                0x000000000801186c                it6602PortSelect
 .text.IT6602_fsm_init
                0x0000000008011896       0x1c ./Lib/libit6602.a(it6602.o)
                0x0000000008011896                IT6602_fsm_init
 .text.hdmirx_INT_5V_Pwr_Chg
                0x00000000080118b2       0x66 ./Lib/libit6602.a(it6602.o)
 .text.hdmirx_INT_SCDT_Chg
                0x0000000008011918       0x28 ./Lib/libit6602.a(it6602.o)
 .text.IT6602HDMIInterruptHandler
                0x0000000008011940      0x418 ./Lib/libit6602.a(it6602.o)
 .text.WaitingForSCDT
                0x0000000008011d58       0x80 ./Lib/libit6602.a(it6602.o)
 .text.IT6602VideoHandler
                0x0000000008011dd8       0x5c ./Lib/libit6602.a(it6602.o)
 .text.IT6602_fsm
                0x0000000008011e34       0x2c ./Lib/libit6602.a(it6602.o)
                0x0000000008011e34                IT6602_fsm
 .text.GetHDMI_InputMode
                0x0000000008011e60      0x1e4 ./Lib/libit6602.a(it6602.o)
                0x0000000008011e60                GetHDMI_InputMode
 .text.getHDMIRXAudioInfo
                0x0000000008012044       0x16 ./Lib/libit6602.a(it6602.o)
                0x0000000008012044                getHDMIRXAudioInfo
 .text.InitHDMIRX
                0x000000000801205a        0xe ./Lib/libit6602.a(it6602.o)
                0x000000000801205a                InitHDMIRX
 .text.CheckHDMIRX
                0x0000000008012068        0x8 ./Lib/libit6602.a(it6602.o)
                0x0000000008012068                CheckHDMIRX
 *(.glue_7)
 .glue_7        0x0000000008012070        0x0 linker stubs
 *(.glue_7t)
 .glue_7t       0x0000000008012070        0x0 linker stubs
 *(.eh_frame)
 .eh_frame      0x0000000008012070        0x0 /home/ryan/xun/gcc-arm-none-eabi-7-2018-q2-update/bin/../lib/gcc/arm-none-eabi/7.3.1/thumb/v7-m/crtbegin.o
 *(.init)
 .init          0x0000000008012070        0x4 /home/ryan/xun/gcc-arm-none-eabi-7-2018-q2-update/bin/../lib/gcc/arm-none-eabi/7.3.1/thumb/v7-m/crti.o
                0x0000000008012070                _init
 .init          0x0000000008012074        0x8 /home/ryan/xun/gcc-arm-none-eabi-7-2018-q2-update/bin/../lib/gcc/arm-none-eabi/7.3.1/thumb/v7-m/crtn.o
 *(.fini)
 .fini          0x000000000801207c        0x4 /home/ryan/xun/gcc-arm-none-eabi-7-2018-q2-update/bin/../lib/gcc/arm-none-eabi/7.3.1/thumb/v7-m/crti.o
                0x000000000801207c                _fini
 .fini          0x0000000008012080        0x8 /home/ryan/xun/gcc-arm-none-eabi-7-2018-q2-update/bin/../lib/gcc/arm-none-eabi/7.3.1/thumb/v7-m/crtn.o
                0x0000000008012088                . = ALIGN (0x4)
                0x0000000008012088                _etext = .

.vfp11_veneer   0x0000000008012088        0x0
 .vfp11_veneer  0x0000000008012088        0x0 linker stubs

.v4_bx          0x0000000008012088        0x0
 .v4_bx         0x0000000008012088        0x0 linker stubs

.iplt           0x0000000008012088        0x0
 .iplt          0x0000000008012088        0x0 /home/ryan/xun/gcc-arm-none-eabi-7-2018-q2-update/bin/../lib/gcc/arm-none-eabi/7.3.1/thumb/v7-m/crtbegin.o

.rodata         0x0000000008012088     0x9088
                0x0000000008012088                . = ALIGN (0x4)
 *(.rodata)
 .rodata        0x0000000008012088       0x12 build/stm32f1xx_hal_rcc.o
 *(.rodata*)
 *fill*         0x000000000801209a        0x2 
 .rodata.HDMI_VideoModeDetect.str1.4
                0x000000000801209c       0x53 build/main.o
 *fill*         0x00000000080120ef        0x1 
 .rodata.HS_Select_Win.str1.4
                0x00000000080120f0       0x35 build/main.o
 *fill*         0x0000000008012125        0x3 
 .rodata.SET_Audio_Mute.str1.4
                0x0000000008012128       0x15 build/main.o
 *fill*         0x000000000801213d        0x3 
 .rodata.SET_VS4210_720_480_out.str1.4
                0x0000000008012140       0x1a build/main.o
 *fill*         0x000000000801215a        0x2 
 .rodata.TP_bt1120_1080P_1080P_mode0_w0.str1.4
                0x000000000801215c       0x25 build/main.o
 *fill*         0x0000000008012181        0x3 
 .rodata.TP_bt1120_720P_1080P_mode0_w0.str1.4
                0x0000000008012184       0x24 build/main.o
 .rodata.TP_bt1120_NTSC_1080P_mode0_w0.str1.4
                0x00000000080121a8       0x24 build/main.o
 .rodata.TP_bt1120_PAL_1080P_mode0_w0.str1.4
                0x00000000080121cc       0x23 build/main.o
 *fill*         0x00000000080121ef        0x1 
 .rodata.__FUNCTION__.9355
                0x00000000080121f0       0x15 build/main.o
 *fill*         0x0000000008012205        0x3 
 .rodata.__FUNCTION__.9402
                0x0000000008012208        0x5 build/main.o
 *fill*         0x000000000801220d        0x3 
 .rodata.__FUNCTION__.9413
                0x0000000008012210        0xa build/main.o
 *fill*         0x000000000801221a        0x2 
 .rodata.main.str1.4
                0x000000000801221c       0xb3 build/main.o
 *fill*         0x00000000080122cf        0x1 
 .rodata.main_init.str1.4
                0x00000000080122d0       0x8c build/main.o
 .rodata.main_loop.str1.4
                0x000000000801235c       0x46 build/main.o
 *fill*         0x00000000080123a2        0x2 
 .rodata.AHBPrescTable
                0x00000000080123a4       0x10 build/system_stm32f1xx.o
                0x00000000080123a4                AHBPrescTable
 .rodata.APBPrescTable
                0x00000000080123b4        0x8 build/system_stm32f1xx.o
                0x00000000080123b4                APBPrescTable
 .rodata.VS4210_Addr_param
                0x00000000080123bc       0x19 build/VS4210_param_Modex26.o
                0x00000000080123bc                VS4210_Addr_param
 *fill*         0x00000000080123d5        0x3 
 .rodata.VS4210_hdmi1024x768_1080P_mode12_w0_param
                0x00000000080123d8       0x19 build/VS4210_param_Modex26.o
                0x00000000080123d8                VS4210_hdmi1024x768_1080P_mode12_w0_param
 *fill*         0x00000000080123f1        0x3 
 .rodata.VS4210_hdmi1024x768_1080P_mode12_w1_param
                0x00000000080123f4       0x19 build/VS4210_param_Modex26.o
                0x00000000080123f4                VS4210_hdmi1024x768_1080P_mode12_w1_param
 *fill*         0x000000000801240d        0x3 
 .rodata.VS4210_hdmi1024x768_1080P_mode13_w0_param
                0x0000000008012410       0x19 build/VS4210_param_Modex26.o
                0x0000000008012410                VS4210_hdmi1024x768_1080P_mode13_w0_param
 *fill*         0x0000000008012429        0x3 
 .rodata.VS4210_hdmi1024x768_1080P_mode13_w1_param
                0x000000000801242c       0x19 build/VS4210_param_Modex26.o
                0x000000000801242c                VS4210_hdmi1024x768_1080P_mode13_w1_param
 *fill*         0x0000000008012445        0x3 
 .rodata.VS4210_hdmi1024x768_1080P_mode1_w0_param
                0x0000000008012448       0x19 build/VS4210_param_Modex26.o
                0x0000000008012448                VS4210_hdmi1024x768_1080P_mode1_w0_param
 *fill*         0x0000000008012461        0x3 
 .rodata.VS4210_hdmi1024x768_1080P_mode1_w1_param
                0x0000000008012464       0x19 build/VS4210_param_Modex26.o
                0x0000000008012464                VS4210_hdmi1024x768_1080P_mode1_w1_param
 *fill*         0x000000000801247d        0x3 
 .rodata.VS4210_hdmi1024x768_1080P_mode1_w2_param
                0x0000000008012480       0x19 build/VS4210_param_Modex26.o
                0x0000000008012480                VS4210_hdmi1024x768_1080P_mode1_w2_param
 *fill*         0x0000000008012499        0x3 
 .rodata.VS4210_hdmi1024x768_1080P_mode1_w3_param
                0x000000000801249c       0x19 build/VS4210_param_Modex26.o
                0x000000000801249c                VS4210_hdmi1024x768_1080P_mode1_w3_param
 *fill*         0x00000000080124b5        0x3 
 .rodata.VS4210_hdmi1024x768_1080P_mode2_w0_param
                0x00000000080124b8       0x19 build/VS4210_param_Modex26.o
                0x00000000080124b8                VS4210_hdmi1024x768_1080P_mode2_w0_param
 *fill*         0x00000000080124d1        0x3 
 .rodata.VS4210_hdmi1024x768_1080P_mode2_w1_param
                0x00000000080124d4       0x19 build/VS4210_param_Modex26.o
                0x00000000080124d4                VS4210_hdmi1024x768_1080P_mode2_w1_param
 *fill*         0x00000000080124ed        0x3 
 .rodata.VS4210_hdmi1024x768_1080P_mode2_w2_param
                0x00000000080124f0       0x19 build/VS4210_param_Modex26.o
                0x00000000080124f0                VS4210_hdmi1024x768_1080P_mode2_w2_param
 *fill*         0x0000000008012509        0x3 
 .rodata.VS4210_hdmi1024x768_1080P_mode2_w3_param
                0x000000000801250c       0x19 build/VS4210_param_Modex26.o
                0x000000000801250c                VS4210_hdmi1024x768_1080P_mode2_w3_param
 *fill*         0x0000000008012525        0x3 
 .rodata.VS4210_hdmi1024x768_1080P_mode6_w0_param
                0x0000000008012528       0x19 build/VS4210_param_Modex26.o
                0x0000000008012528                VS4210_hdmi1024x768_1080P_mode6_w0_param
 *fill*         0x0000000008012541        0x3 
 .rodata.VS4210_hdmi1024x768_1080P_mode6_w1_param
                0x0000000008012544       0x19 build/VS4210_param_Modex26.o
                0x0000000008012544                VS4210_hdmi1024x768_1080P_mode6_w1_param
 *fill*         0x000000000801255d        0x3 
 .rodata.VS4210_hdmi1024x768_1080P_mode6_w2_param
                0x0000000008012560       0x19 build/VS4210_param_Modex26.o
                0x0000000008012560                VS4210_hdmi1024x768_1080P_mode6_w2_param
 *fill*         0x0000000008012579        0x3 
 .rodata.VS4210_hdmi1024x768_1080P_mode6_w3_param
                0x000000000801257c       0x19 build/VS4210_param_Modex26.o
                0x000000000801257c                VS4210_hdmi1024x768_1080P_mode6_w3_param
 *fill*         0x0000000008012595        0x3 
 .rodata.VS4210_hdmi1024x768_1080P_mode6pip_w0_param
                0x0000000008012598       0x19 build/VS4210_param_Modex26.o
                0x0000000008012598                VS4210_hdmi1024x768_1080P_mode6pip_w0_param
 *fill*         0x00000000080125b1        0x3 
 .rodata.VS4210_hdmi1024x768_1080P_mode6pip_w1_param
                0x00000000080125b4       0x19 build/VS4210_param_Modex26.o
                0x00000000080125b4                VS4210_hdmi1024x768_1080P_mode6pip_w1_param
 *fill*         0x00000000080125cd        0x3 
 .rodata.VS4210_hdmi1024x768_1080P_mode6pip_w2_param
                0x00000000080125d0       0x19 build/VS4210_param_Modex26.o
                0x00000000080125d0                VS4210_hdmi1024x768_1080P_mode6pip_w2_param
 *fill*         0x00000000080125e9        0x3 
 .rodata.VS4210_hdmi1024x768_1080P_mode6pip_w3_param
                0x00000000080125ec       0x19 build/VS4210_param_Modex26.o
                0x00000000080125ec                VS4210_hdmi1024x768_1080P_mode6pip_w3_param
 *fill*         0x0000000008012605        0x3 
 .rodata.VS4210_hdmi1024x768_720P_mode12_w0_param
                0x0000000008012608       0x19 build/VS4210_param_Modex26.o
                0x0000000008012608                VS4210_hdmi1024x768_720P_mode12_w0_param
 *fill*         0x0000000008012621        0x3 
 .rodata.VS4210_hdmi1024x768_720P_mode12_w1_param
                0x0000000008012624       0x19 build/VS4210_param_Modex26.o
                0x0000000008012624                VS4210_hdmi1024x768_720P_mode12_w1_param
 *fill*         0x000000000801263d        0x3 
 .rodata.VS4210_hdmi1024x768_720P_mode13_w0_param
                0x0000000008012640       0x19 build/VS4210_param_Modex26.o
                0x0000000008012640                VS4210_hdmi1024x768_720P_mode13_w0_param
 *fill*         0x0000000008012659        0x3 
 .rodata.VS4210_hdmi1024x768_720P_mode13_w1_param
                0x000000000801265c       0x19 build/VS4210_param_Modex26.o
                0x000000000801265c                VS4210_hdmi1024x768_720P_mode13_w1_param
 *fill*         0x0000000008012675        0x3 
 .rodata.VS4210_hdmi1024x768_720P_mode1_w0_param
                0x0000000008012678       0x19 build/VS4210_param_Modex26.o
                0x0000000008012678                VS4210_hdmi1024x768_720P_mode1_w0_param
 *fill*         0x0000000008012691        0x3 
 .rodata.VS4210_hdmi1024x768_720P_mode1_w1_param
                0x0000000008012694       0x19 build/VS4210_param_Modex26.o
                0x0000000008012694                VS4210_hdmi1024x768_720P_mode1_w1_param
 *fill*         0x00000000080126ad        0x3 
 .rodata.VS4210_hdmi1024x768_720P_mode1_w2_param
                0x00000000080126b0       0x19 build/VS4210_param_Modex26.o
                0x00000000080126b0                VS4210_hdmi1024x768_720P_mode1_w2_param
 *fill*         0x00000000080126c9        0x3 
 .rodata.VS4210_hdmi1024x768_720P_mode1_w3_param
                0x00000000080126cc       0x19 build/VS4210_param_Modex26.o
                0x00000000080126cc                VS4210_hdmi1024x768_720P_mode1_w3_param
 *fill*         0x00000000080126e5        0x3 
 .rodata.VS4210_hdmi1024x768_720P_mode24_w0_param
                0x00000000080126e8       0x19 build/VS4210_param_Modex26.o
                0x00000000080126e8                VS4210_hdmi1024x768_720P_mode24_w0_param
 *fill*         0x0000000008012701        0x3 
 .rodata.VS4210_hdmi1024x768_720P_mode24_w1_param
                0x0000000008012704       0x19 build/VS4210_param_Modex26.o
                0x0000000008012704                VS4210_hdmi1024x768_720P_mode24_w1_param
 *fill*         0x000000000801271d        0x3 
 .rodata.VS4210_hdmi1024x768_720P_mode2_w0_param
                0x0000000008012720       0x19 build/VS4210_param_Modex26.o
                0x0000000008012720                VS4210_hdmi1024x768_720P_mode2_w0_param
 *fill*         0x0000000008012739        0x3 
 .rodata.VS4210_hdmi1024x768_720P_mode2_w1_param
                0x000000000801273c       0x19 build/VS4210_param_Modex26.o
                0x000000000801273c                VS4210_hdmi1024x768_720P_mode2_w1_param
 *fill*         0x0000000008012755        0x3 
 .rodata.VS4210_hdmi1024x768_720P_mode2_w2_param
                0x0000000008012758       0x19 build/VS4210_param_Modex26.o
                0x0000000008012758                VS4210_hdmi1024x768_720P_mode2_w2_param
 *fill*         0x0000000008012771        0x3 
 .rodata.VS4210_hdmi1024x768_720P_mode2_w3_param
                0x0000000008012774       0x19 build/VS4210_param_Modex26.o
                0x0000000008012774                VS4210_hdmi1024x768_720P_mode2_w3_param
 *fill*         0x000000000801278d        0x3 
 .rodata.VS4210_hdmi1024x768_720P_mode6_w0_param
                0x0000000008012790       0x19 build/VS4210_param_Modex26.o
                0x0000000008012790                VS4210_hdmi1024x768_720P_mode6_w0_param
 *fill*         0x00000000080127a9        0x3 
 .rodata.VS4210_hdmi1024x768_720P_mode6_w1_param
                0x00000000080127ac       0x19 build/VS4210_param_Modex26.o
                0x00000000080127ac                VS4210_hdmi1024x768_720P_mode6_w1_param
 *fill*         0x00000000080127c5        0x3 
 .rodata.VS4210_hdmi1024x768_720P_mode6_w2_param
                0x00000000080127c8       0x19 build/VS4210_param_Modex26.o
                0x00000000080127c8                VS4210_hdmi1024x768_720P_mode6_w2_param
 *fill*         0x00000000080127e1        0x3 
 .rodata.VS4210_hdmi1024x768_720P_mode6_w3_param
                0x00000000080127e4       0x19 build/VS4210_param_Modex26.o
                0x00000000080127e4                VS4210_hdmi1024x768_720P_mode6_w3_param
 *fill*         0x00000000080127fd        0x3 
 .rodata.VS4210_hdmi1080P_1080P_mode12_w0_param
                0x0000000008012800       0x19 build/VS4210_param_Modex26.o
                0x0000000008012800                VS4210_hdmi1080P_1080P_mode12_w0_param
 *fill*         0x0000000008012819        0x3 
 .rodata.VS4210_hdmi1080P_1080P_mode12_w1_param
                0x000000000801281c       0x19 build/VS4210_param_Modex26.o
                0x000000000801281c                VS4210_hdmi1080P_1080P_mode12_w1_param
 *fill*         0x0000000008012835        0x3 
 .rodata.VS4210_hdmi1080P_1080P_mode13_w0_param
                0x0000000008012838       0x19 build/VS4210_param_Modex26.o