Archive member included to satisfy reference by file (symbol)

/usr/lib/gcc/arm-none-eabi/4.9.3/../../../arm-none-eabi/lib/armv7-m/libc_nano.a(lib_a-atexit.o)
                              /usr/lib/gcc/arm-none-eabi/4.9.3/../../../arm-none-eabi/lib/armv7-m/crt0.o (atexit)
/usr/lib/gcc/arm-none-eabi/4.9.3/../../../arm-none-eabi/lib/armv7-m/libc_nano.a(lib_a-errno.o)
                              build/main.o (__errno)
/usr/lib/gcc/arm-none-eabi/4.9.3/../../../arm-none-eabi/lib/armv7-m/libc_nano.a(lib_a-exit.o)
                              /usr/lib/gcc/arm-none-eabi/4.9.3/../../../arm-none-eabi/lib/armv7-m/crt0.o (exit)
/usr/lib/gcc/arm-none-eabi/4.9.3/../../../arm-none-eabi/lib/armv7-m/libc_nano.a(lib_a-fini.o)
                              /usr/lib/gcc/arm-none-eabi/4.9.3/../../../arm-none-eabi/lib/armv7-m/crt0.o (__libc_fini_array)
/usr/lib/gcc/arm-none-eabi/4.9.3/../../../arm-none-eabi/lib/armv7-m/libc_nano.a(lib_a-impure.o)
                              /usr/lib/gcc/arm-none-eabi/4.9.3/../../../arm-none-eabi/lib/armv7-m/libc_nano.a(lib_a-exit.o) (_global_impure_ptr)
/usr/lib/gcc/arm-none-eabi/4.9.3/../../../arm-none-eabi/lib/armv7-m/libc_nano.a(lib_a-init.o)
                              /usr/lib/gcc/arm-none-eabi/4.9.3/../../../arm-none-eabi/lib/armv7-m/crt0.o (__libc_init_array)
/usr/lib/gcc/arm-none-eabi/4.9.3/../../../arm-none-eabi/lib/armv7-m/libc_nano.a(lib_a-memcpy.o)
                              build/VX_OSD_Simple.o (memcpy)
/usr/lib/gcc/arm-none-eabi/4.9.3/../../../arm-none-eabi/lib/armv7-m/libc_nano.a(lib_a-memset.o)
                              /usr/lib/gcc/arm-none-eabi/4.9.3/../../../arm-none-eabi/lib/armv7-m/crt0.o (memset)
/usr/lib/gcc/arm-none-eabi/4.9.3/../../../arm-none-eabi/lib/armv7-m/libc_nano.a(lib_a-printf.o)
                              build/main.o (printf)
/usr/lib/gcc/arm-none-eabi/4.9.3/../../../arm-none-eabi/lib/armv7-m/libc_nano.a(lib_a-puts.o)
                              build/main.o (puts)
/usr/lib/gcc/arm-none-eabi/4.9.3/../../../arm-none-eabi/lib/armv7-m/libc_nano.a(lib_a-strtol.o)
                              build/main.o (strtol)
/usr/lib/gcc/arm-none-eabi/4.9.3/../../../arm-none-eabi/lib/armv7-m/libc_nano.a(lib_a-wbuf.o)
                              /usr/lib/gcc/arm-none-eabi/4.9.3/../../../arm-none-eabi/lib/armv7-m/libc_nano.a(lib_a-puts.o) (__swbuf_r)
/usr/lib/gcc/arm-none-eabi/4.9.3/../../../arm-none-eabi/lib/armv7-m/libc_nano.a(lib_a-wsetup.o)
                              /usr/lib/gcc/arm-none-eabi/4.9.3/../../../arm-none-eabi/lib/armv7-m/libc_nano.a(lib_a-puts.o) (__swsetup_r)
/usr/lib/gcc/arm-none-eabi/4.9.3/../../../arm-none-eabi/lib/armv7-m/libc_nano.a(lib_a-__atexit.o)
                              /usr/lib/gcc/arm-none-eabi/4.9.3/../../../arm-none-eabi/lib/armv7-m/libc_nano.a(lib_a-atexit.o) (__register_exitproc)
/usr/lib/gcc/arm-none-eabi/4.9.3/../../../arm-none-eabi/lib/armv7-m/libc_nano.a(lib_a-__call_atexit.o)
                              /usr/lib/gcc/arm-none-eabi/4.9.3/../../../arm-none-eabi/lib/armv7-m/libc_nano.a(lib_a-__atexit.o) (__call_exitprocs)
/usr/lib/gcc/arm-none-eabi/4.9.3/../../../arm-none-eabi/lib/armv7-m/libc_nano.a(lib_a-ctype_.o)
                              /usr/lib/gcc/arm-none-eabi/4.9.3/../../../arm-none-eabi/lib/armv7-m/libc_nano.a(lib_a-strtol.o) (__ctype_ptr__)
/usr/lib/gcc/arm-none-eabi/4.9.3/../../../arm-none-eabi/lib/armv7-m/libc_nano.a(lib_a-fflush.o)
                              /usr/lib/gcc/arm-none-eabi/4.9.3/../../../arm-none-eabi/lib/armv7-m/libc_nano.a(lib_a-wbuf.o) (_fflush_r)
/usr/lib/gcc/arm-none-eabi/4.9.3/../../../arm-none-eabi/lib/armv7-m/libc_nano.a(lib_a-findfp.o)
                              /usr/lib/gcc/arm-none-eabi/4.9.3/../../../arm-none-eabi/lib/armv7-m/libc_nano.a(lib_a-printf.o) (__sinit)
/usr/lib/gcc/arm-none-eabi/4.9.3/../../../arm-none-eabi/lib/armv7-m/libc_nano.a(lib_a-fwalk.o)
                              /usr/lib/gcc/arm-none-eabi/4.9.3/../../../arm-none-eabi/lib/armv7-m/libc_nano.a(lib_a-findfp.o) (_fwalk)
/usr/lib/gcc/arm-none-eabi/4.9.3/../../../arm-none-eabi/lib/armv7-m/libc_nano.a(lib_a-makebuf.o)
                              /usr/lib/gcc/arm-none-eabi/4.9.3/../../../arm-none-eabi/lib/armv7-m/libc_nano.a(lib_a-wsetup.o) (__smakebuf_r)
/usr/lib/gcc/arm-none-eabi/4.9.3/../../../arm-none-eabi/lib/armv7-m/libc_nano.a(lib_a-nano-freer.o)
                              /usr/lib/gcc/arm-none-eabi/4.9.3/../../../arm-none-eabi/lib/armv7-m/libc_nano.a(lib_a-wsetup.o) (_free_r)
/usr/lib/gcc/arm-none-eabi/4.9.3/../../../arm-none-eabi/lib/armv7-m/libc_nano.a(lib_a-nano-mallocr.o)
                              /usr/lib/gcc/arm-none-eabi/4.9.3/../../../arm-none-eabi/lib/armv7-m/libc_nano.a(lib_a-findfp.o) (_malloc_r)
/usr/lib/gcc/arm-none-eabi/4.9.3/../../../arm-none-eabi/lib/armv7-m/libc_nano.a(lib_a-nano-vfprintf.o)
                              /usr/lib/gcc/arm-none-eabi/4.9.3/../../../arm-none-eabi/lib/armv7-m/libc_nano.a(lib_a-printf.o) (_vfprintf_r)
[...]
Memory Configuration

Name             Origin             Length             Attributes
RAM              0x0000000020000000 0x0000000000005000 xrw
FLASH            0x0000000008000000 0x0000000000020000 xr
*default*        0x0000000000000000 0xffffffffffffffff

Linker script and memory map

LOAD /usr/lib/gcc/arm-none-eabi/4.9.3/armv7-m/crti.o
LOAD /usr/lib/gcc/arm-none-eabi/4.9.3/armv7-m/crtbegin.o
LOAD /usr/lib/gcc/arm-none-eabi/4.9.3/../../../arm-none-eabi/lib/armv7-m/crt0.o
LOAD build/main.o
LOAD build/stm32f1xx_it.o
LOAD build/stm32f1xx_hal_msp.o
LOAD build/stm32f1xx_hal_gpio_ex.o
LOAD build/stm32f1xx_hal_tim.o
LOAD build/stm32f1xx_hal_tim_ex.o
LOAD build/stm32f1xx_hal_uart.o
LOAD build/stm32f1xx_hal.o
LOAD build/stm32f1xx_hal_rcc.o
LOAD build/stm32f1xx_hal_rcc_ex.o
LOAD build/stm32f1xx_hal_gpio.o
LOAD build/stm32f1xx_hal_dma.o
LOAD build/stm32f1xx_hal_cortex.o
LOAD build/stm32f1xx_hal_pwr.o
LOAD build/stm32f1xx_hal_flash.o
LOAD build/stm32f1xx_hal_flash_ex.o
LOAD build/stm32f1xx_hal_exti.o
LOAD build/stm32f1xx_hal_adc.o
LOAD build/stm32f1xx_hal_adc_ex.o
LOAD build/system_stm32f1xx.o
LOAD build/VX_swi2c.o
LOAD build/VS4210_param_Modex26.o
LOAD build/VS4210_param_Mode88.o
LOAD build/VX_OSD.o
LOAD build/VX_OSD_Simple.o
LOAD build/TP2802.o
LOAD build/monitor.o
LOAD build/Printf.o
LOAD build/SysTimer.o
LOAD build/exosd.o
LOAD build/TOA_Protocol.o
LOAD build/etc_eep.o
LOAD build/startup_stm32f103xb.o
LOAD /usr/lib/gcc/arm-none-eabi/4.9.3/../../../arm-none-eabi/lib/armv7-m/libc_nano.a
LOAD /usr/lib/gcc/arm-none-eabi/4.9.3/../../../arm-none-eabi/lib/armv7-m/libm.a
LOAD /usr/lib/gcc/arm-none-eabi/4.9.3/../../../arm-none-eabi/lib/armv7-m/libnosys.a
LOAD ./Lib/libite66121dvi.a
LOAD ./Lib/libsw_i2c0.a
LOAD ./Lib/libsw_i2c1.a
LOAD ./Lib/libsw_i2c2.a
LOAD ./Lib/libsw_i2c3.a
LOAD ./Lib/libVS4210.a
LOAD ./Lib/libit6602.a
START GROUP
LOAD /usr/lib/gcc/arm-none-eabi/4.9.3/armv7-m/libgcc.a
LOAD /usr/lib/gcc/arm-none-eabi/4.9.3/../../../arm-none-eabi/lib/armv7-m/libc_nano.a
END GROUP
START GROUP
LOAD /usr/lib/gcc/arm-none-eabi/4.9.3/armv7-m/libgcc.a
LOAD /usr/lib/gcc/arm-none-eabi/4.9.3/../../../arm-none-eabi/lib/armv7-m/libc_nano.a
END GROUP
LOAD /usr/lib/gcc/arm-none-eabi/4.9.3/armv7-m/crtend.o
LOAD /usr/lib/gcc/arm-none-eabi/4.9.3/armv7-m/crtn.o
                0x0000000020005000                _estack = 0x20005000
                0x0000000000000200                _Min_Heap_Size = 0x200
                0x0000000000000400                _Min_Stack_Size = 0x400

.isr_vector     0x0000000008000000      0x10c
                0x0000000008000000                . = ALIGN (0x4)
 *(.isr_vector)
 .isr_vector    0x0000000008000000      0x10c build/startup_stm32f103xb.o
                0x0000000008000000                g_pfnVectors
                0x000000000800010c                . = ALIGN (0x4)

.text           0x000000000800010c    0x121d0
                0x000000000800010c                . = ALIGN (0x4)
 *(.text)
 .text          0x000000000800010c       0xa4 /usr/lib/gcc/arm-none-eabi/4.9.3/armv7-m/crtbegin.o
 .text          0x00000000080001b0       0x24 /usr/lib/gcc/arm-none-eabi/4.9.3/armv7-m/libgcc.a(_udivsi3.o)
                0x00000000080001b0                __udivsi3
                0x00000000080001b0                __aeabi_uidiv
                0x00000000080001c4                __aeabi_uidivmod
 .text          0x00000000080001d4       0x2c /usr/lib/gcc/arm-none-eabi/4.9.3/armv7-m/libgcc.a(_divsi3.o)
                0x00000000080001d4                __aeabi_idiv
                0x00000000080001d4                __divsi3
                0x00000000080001f0                __aeabi_idivmod
 .text          0x0000000008000200        0x4 /usr/lib/gcc/arm-none-eabi/4.9.3/armv7-m/libgcc.a(_dvmd_tls.o)
                0x0000000008000200                __aeabi_ldiv0
                0x0000000008000200                __aeabi_idiv0
 *(.text*)
 .text.MX_GPIO_Init
                0x0000000008000204       0xd8 build/main.o
 .text.MX_TIM3_Init
                0x00000000080002dc       0x58 build/main.o
 .text.MX_USART1_UART_Init
                0x0000000008000334       0x2c build/main.o
 .text.MX_USART2_UART_Init
                0x0000000008000360       0x2c build/main.o
 .text.HDMI_AudioModeDetect
                0x000000000800038c       0x5c build/main.o
 .text._write   0x00000000080003e8       0x34 build/main.o
                0x00000000080003e8                _write
 .text.Audio_Sel
                0x000000000800041c      0x184 build/main.o
                0x000000000800041c                Audio_Sel
 .text.SET_Audio_Mute
                0x00000000080005a0       0x30 build/main.o
                0x00000000080005a0                SET_Audio_Mute
 .text.InitialTimerEvent
                0x00000000080005d0        0x8 build/main.o
                0x00000000080005d0                InitialTimerEvent
 .text.CHECK_HDMI720P50
                0x00000000080005d8       0x7c build/main.o
                0x00000000080005d8                CHECK_HDMI720P50
 .text.HDMI_VideoModeDetect
                0x0000000008000654      0x228 build/main.o
 .text.main_init
                0x000000000800087c       0x8c build/main.o
                0x000000000800087c                main_init
 .text.user_pwm_setvalue
                0x0000000008000908       0x2c build/main.o
                0x0000000008000908                user_pwm_setvalue
 .text.VS4210_FULL88init2
                0x0000000008000934       0x20 build/main.o
                0x0000000008000934                VS4210_FULL88init2
 .text.TP_bt1120_1080P_1080P_mode0_w0
                0x0000000008000954       0x18 build/main.o
                0x0000000008000954                TP_bt1120_1080P_1080P_mode0_w0
 .text.TP_bt1120_720P_1080P_mode0_w0
                0x000000000800096c       0x20 build/main.o
                0x000000000800096c                TP_bt1120_720P_1080P_mode0_w0
 .text.TP_bt1120_NTSC_1080P_mode0_w0
                0x000000000800098c       0x18 build/main.o
                0x000000000800098c                TP_bt1120_NTSC_1080P_mode0_w0
 .text.TP_bt1120_PAL_1080P_mode0_w0
                0x00000000080009a4       0x18 build/main.o
                0x00000000080009a4                TP_bt1120_PAL_1080P_mode0_w0
 .text.SET_VS4210_720_480_out
                0x00000000080009bc      0x784 build/main.o
                0x00000000080009bc                SET_VS4210_720_480_out
 .text.SystemClock_Config
                0x0000000008001140       0x4c build/main.o
                0x0000000008001140                SystemClock_Config
 .text.HAL_TIM_PeriodElapsedCallback
                0x000000000800118c       0x8c build/main.o
                0x000000000800118c                HAL_TIM_PeriodElapsedCallback
 .text.HAL_UART_RxCpltCallback
                0x0000000008001218       0x8c build/main.o
                0x0000000008001218                HAL_UART_RxCpltCallback
 .text.HAL_GPIO_EXTI_Callback
                0x00000000080012a4        0x4 build/main.o
                0x00000000080012a4                HAL_GPIO_EXTI_Callback
 .text.HS_Select_Win
                0x00000000080012a8      0x154 build/main.o
                0x00000000080012a8                HS_Select_Win
 .text.main_loop
                0x00000000080013fc      0x1c4 build/main.o
                0x00000000080013fc                main_loop
 .text.main     0x00000000080015c0      0x20c build/main.o
                0x00000000080015c0                main
 .text.NMI_Handler
                0x00000000080017cc        0x4 build/stm32f1xx_it.o
                0x00000000080017cc                NMI_Handler
 .text.HardFault_Handler
                0x00000000080017d0        0x4 build/stm32f1xx_it.o
                0x00000000080017d0                HardFault_Handler
 .text.MemManage_Handler
                0x00000000080017d4        0x4 build/stm32f1xx_it.o
                0x00000000080017d4                MemManage_Handler
 .text.BusFault_Handler
                0x00000000080017d8        0x4 build/stm32f1xx_it.o
                0x00000000080017d8                BusFault_Handler
 .text.UsageFault_Handler
                0x00000000080017dc        0x4 build/stm32f1xx_it.o
                0x00000000080017dc                UsageFault_Handler
 .text.SVC_Handler
                0x00000000080017e0        0x4 build/stm32f1xx_it.o
                0x00000000080017e0                SVC_Handler
 .text.DebugMon_Handler
                0x00000000080017e4        0x4 build/stm32f1xx_it.o
                0x00000000080017e4                DebugMon_Handler
 .text.PendSV_Handler
                0x00000000080017e8        0x4 build/stm32f1xx_it.o
                0x00000000080017e8                PendSV_Handler
 .text.SysTick_Handler
                0x00000000080017ec        0x8 build/stm32f1xx_it.o
                0x00000000080017ec                SysTick_Handler
 .text.EXTI2_IRQHandler
                0x00000000080017f4        0xc build/stm32f1xx_it.o
                0x00000000080017f4                EXTI2_IRQHandler
 .text.TIM3_IRQHandler
                0x0000000008001800       0x10 build/stm32f1xx_it.o
                0x0000000008001800                TIM3_IRQHandler
 .text.USART1_IRQHandler
                0x0000000008001810       0x10 build/stm32f1xx_it.o
                0x0000000008001810                USART1_IRQHandler
 .text.USART2_IRQHandler
                0x0000000008001820       0x10 build/stm32f1xx_it.o
                0x0000000008001820                USART2_IRQHandler
 .text.HAL_MspInit
                0x0000000008001830       0x44 build/stm32f1xx_hal_msp.o
                0x0000000008001830                HAL_MspInit
 .text.HAL_TIM_Base_MspInit
                0x0000000008001874       0x40 build/stm32f1xx_hal_msp.o
                0x0000000008001874                HAL_TIM_Base_MspInit
 .text.HAL_UART_MspInit
                0x00000000080018b4       0xf4 build/stm32f1xx_hal_msp.o
                0x00000000080018b4                HAL_UART_MspInit
 .text.TIM_OC1_SetConfig
                0x00000000080019a8       0x58 build/stm32f1xx_hal_tim.o
 .text.TIM_OC3_SetConfig
                0x0000000008001a00       0x60 build/stm32f1xx_hal_tim.o
 .text.TIM_OC4_SetConfig
                0x0000000008001a60       0x48 build/stm32f1xx_hal_tim.o
 .text.TIM_TI1_ConfigInputStage
                0x0000000008001aa8       0x28 build/stm32f1xx_hal_tim.o
 .text.TIM_TI2_ConfigInputStage
                0x0000000008001ad0       0x28 build/stm32f1xx_hal_tim.o
 .text.TIM_ITRx_SetConfig
                0x0000000008001af8       0x10 build/stm32f1xx_hal_tim.o
 .text.HAL_TIM_Base_Start_IT
                0x0000000008001b08       0x24 build/stm32f1xx_hal_tim.o
                0x0000000008001b08                HAL_TIM_Base_Start_IT
 .text.HAL_TIM_OC_DelayElapsedCallback
                0x0000000008001b2c        0x4 build/stm32f1xx_hal_tim.o
                0x0000000008001b2c                HAL_TIM_OC_DelayElapsedCallback
 .text.HAL_TIM_IC_CaptureCallback
                0x0000000008001b30        0x4 build/stm32f1xx_hal_tim.o
                0x0000000008001b30                HAL_TIM_IC_CaptureCallback
 .text.HAL_TIM_PWM_PulseFinishedCallback
                0x0000000008001b34        0x4 build/stm32f1xx_hal_tim.o
                0x0000000008001b34                HAL_TIM_PWM_PulseFinishedCallback
 .text.HAL_TIM_TriggerCallback
                0x0000000008001b38        0x4 build/stm32f1xx_hal_tim.o
                0x0000000008001b38                HAL_TIM_TriggerCallback
 .text.HAL_TIM_IRQHandler
                0x0000000008001b3c      0x174 build/stm32f1xx_hal_tim.o
                0x0000000008001b3c                HAL_TIM_IRQHandler
 .text.TIM_Base_SetConfig
                0x0000000008001cb0       0x70 build/stm32f1xx_hal_tim.o
                0x0000000008001cb0                TIM_Base_SetConfig
 .text.HAL_TIM_Base_Init
                0x0000000008001d20       0x38 build/stm32f1xx_hal_tim.o
                0x0000000008001d20                HAL_TIM_Base_Init
 .text.TIM_OC2_SetConfig
                0x0000000008001d58       0x60 build/stm32f1xx_hal_tim.o
                0x0000000008001d58                TIM_OC2_SetConfig
 .text.HAL_TIM_PWM_ConfigChannel
                0x0000000008001db8       0xdc build/stm32f1xx_hal_tim.o
                0x0000000008001db8                HAL_TIM_PWM_ConfigChannel
 .text.TIM_ETR_SetConfig
                0x0000000008001e94       0x18 build/stm32f1xx_hal_tim.o
                0x0000000008001e94                TIM_ETR_SetConfig
 .text.HAL_TIM_ConfigClockSource
                0x0000000008001eac       0xe4 build/stm32f1xx_hal_tim.o
                0x0000000008001eac                HAL_TIM_ConfigClockSource
 .text.TIM_CCxChannelCmd
                0x0000000008001f90       0x20 build/stm32f1xx_hal_tim.o
                0x0000000008001f90                TIM_CCxChannelCmd
 .text.HAL_TIM_PWM_Start
                0x0000000008001fb0       0x38 build/stm32f1xx_hal_tim.o
                0x0000000008001fb0                HAL_TIM_PWM_Start
 .text.HAL_TIMEx_MasterConfigSynchronization
                0x0000000008001fe8       0x48 build/stm32f1xx_hal_tim_ex.o
                0x0000000008001fe8                HAL_TIMEx_MasterConfigSynchronization
 .text.HAL_TIMEx_CommutCallback
                0x0000000008002030        0x4 build/stm32f1xx_hal_tim_ex.o
                0x0000000008002030                HAL_TIMEx_CommutCallback
 .text.HAL_TIMEx_BreakCallback
                0x0000000008002034        0x4 build/stm32f1xx_hal_tim_ex.o
                0x0000000008002034                HAL_TIMEx_BreakCallback
 .text.UART_EndRxTransfer
                0x0000000008002038       0x1c build/stm32f1xx_hal_uart.o
 .text.UART_Transmit_IT
                0x0000000008002054       0x68 build/stm32f1xx_hal_uart.o
 .text.UART_SetConfig
                0x00000000080020bc       0xcc build/stm32f1xx_hal_uart.o
 .text.UART_WaitOnFlagUntilTimeout
                0x0000000008002188       0x68 build/stm32f1xx_hal_uart.o
 .text.HAL_UART_Init
                0x00000000080021f0       0x64 build/stm32f1xx_hal_uart.o
                0x00000000080021f0                HAL_UART_Init
 .text.HAL_UART_Transmit
                0x0000000008002254       0xe0 build/stm32f1xx_hal_uart.o
                0x0000000008002254                HAL_UART_Transmit
 .text.HAL_UART_Receive_IT
                0x0000000008002334       0x5c build/stm32f1xx_hal_uart.o
                0x0000000008002334                HAL_UART_Receive_IT
 .text.HAL_UART_TxCpltCallback
                0x0000000008002390        0x4 build/stm32f1xx_hal_uart.o
                0x0000000008002390                HAL_UART_TxCpltCallback
 .text.UART_EndTransmit_IT
                0x0000000008002394       0x1c build/stm32f1xx_hal_uart.o
 .text.UART_Receive_IT
                0x00000000080023b0       0x9c build/stm32f1xx_hal_uart.o
 .text.HAL_UART_ErrorCallback
                0x000000000800244c        0x4 build/stm32f1xx_hal_uart.o
                0x000000000800244c                HAL_UART_ErrorCallback
 .text.HAL_UART_IRQHandler
                0x0000000008002450      0x11c build/stm32f1xx_hal_uart.o
                0x0000000008002450                HAL_UART_IRQHandler
 .text.UART_DMAAbortOnError
                0x000000000800256c       0x10 build/stm32f1xx_hal_uart.o
 .text.HAL_InitTick
                0x000000000800257c       0x4c build/stm32f1xx_hal.o
                0x000000000800257c                HAL_InitTick
 .text.HAL_Init
                0x00000000080025c8       0x24 build/stm32f1xx_hal.o
                0x00000000080025c8                HAL_Init
 .text.HAL_IncTick
                0x00000000080025ec       0x18 build/stm32f1xx_hal.o
                0x00000000080025ec                HAL_IncTick
 .text.HAL_GetTick
                0x0000000008002604        0xc build/stm32f1xx_hal.o
                0x0000000008002604                HAL_GetTick
 .text.HAL_Delay
                0x0000000008002610       0x28 build/stm32f1xx_hal.o
                0x0000000008002610                HAL_Delay
 .text.RCC_Delay
                0x0000000008002638       0x2c build/stm32f1xx_hal_rcc.o
 .text.HAL_RCC_OscConfig
                0x0000000008002664      0x434 build/stm32f1xx_hal_rcc.o
                0x0000000008002664                HAL_RCC_OscConfig
 .text.HAL_RCC_GetSysClockFreq
                0x0000000008002a98       0x70 build/stm32f1xx_hal_rcc.o
                0x0000000008002a98                HAL_RCC_GetSysClockFreq
 .text.HAL_RCC_ClockConfig
                0x0000000008002b08      0x170 build/stm32f1xx_hal_rcc.o
                0x0000000008002b08                HAL_RCC_ClockConfig
 .text.HAL_RCC_GetHCLKFreq
                0x0000000008002c78        0xc build/stm32f1xx_hal_rcc.o
                0x0000000008002c78                HAL_RCC_GetHCLKFreq
 .text.HAL_RCC_GetPCLK1Freq
                0x0000000008002c84       0x20 build/stm32f1xx_hal_rcc.o
                0x0000000008002c84                HAL_RCC_GetPCLK1Freq
 .text.HAL_RCC_GetPCLK2Freq
                0x0000000008002ca4       0x20 build/stm32f1xx_hal_rcc.o
                0x0000000008002ca4                HAL_RCC_GetPCLK2Freq
 .text.HAL_GPIO_Init
                0x0000000008002cc4      0x1ec build/stm32f1xx_hal_gpio.o
                0x0000000008002cc4                HAL_GPIO_Init
 .text.HAL_GPIO_ReadPin
                0x0000000008002eb0       0x10 build/stm32f1xx_hal_gpio.o
                0x0000000008002eb0                HAL_GPIO_ReadPin
 .text.HAL_GPIO_WritePin
                0x0000000008002ec0        0xc build/stm32f1xx_hal_gpio.o
                0x0000000008002ec0                HAL_GPIO_WritePin
 .text.HAL_GPIO_EXTI_IRQHandler
                0x0000000008002ecc       0x18 build/stm32f1xx_hal_gpio.o
                0x0000000008002ecc                HAL_GPIO_EXTI_IRQHandler
 .text.HAL_DMA_Abort_IT
                0x0000000008002ee4       0x98 build/stm32f1xx_hal_dma.o
                0x0000000008002ee4                HAL_DMA_Abort_IT
 .text.HAL_NVIC_SetPriorityGrouping
                0x0000000008002f7c       0x24 build/stm32f1xx_hal_cortex.o
                0x0000000008002f7c                HAL_NVIC_SetPriorityGrouping
 .text.HAL_NVIC_SetPriority
                0x0000000008002fa0       0x64 build/stm32f1xx_hal_cortex.o
                0x0000000008002fa0                HAL_NVIC_SetPriority
 .text.HAL_NVIC_EnableIRQ
                0x0000000008003004       0x1c build/stm32f1xx_hal_cortex.o
                0x0000000008003004                HAL_NVIC_EnableIRQ
 .text.HAL_SYSTICK_Config
                0x0000000008003020       0x2c build/stm32f1xx_hal_cortex.o
                0x0000000008003020                HAL_SYSTICK_Config
 .text.SystemInit
                0x000000000800304c       0x4c build/system_stm32f1xx.o
                0x000000000800304c                SystemInit
 .text.msleep   0x0000000008003098       0x14 build/VX_swi2c.o
                0x0000000008003098                msleep
 .text.delayTX1ms
                0x00000000080030ac        0x8 build/VX_swi2c.o
                0x00000000080030ac                delayTX1ms
 .text.VXISI2CRead
                0x00000000080030b4       0x14 build/VX_swi2c.o
                0x00000000080030b4                VXISI2CRead
 .text.VXISI2CWrite
                0x00000000080030c8       0x18 build/VX_swi2c.o
                0x00000000080030c8                VXISI2CWrite
 .text.VS8812Read
                0x00000000080030e0       0x14 build/VX_swi2c.o
                0x00000000080030e0                VS8812Read
 .text.VS8812Write
                0x00000000080030f4       0x18 build/VX_swi2c.o
                0x00000000080030f4                VS8812Write
 .text.ReadEEP  0x000000000800310c        0x8 build/VX_swi2c.o
                0x000000000800310c                ReadEEP
 .text.WriteEEP
                0x0000000008003114        0x8 build/VX_swi2c.o
                0x0000000008003114                WriteEEP
 .text.I2CMultiWrite
                0x000000000800311c       0x10 build/VX_swi2c.o
                0x000000000800311c                I2CMultiWrite
 .text.I2CMultiAttribute
                0x000000000800312c       0x24 build/VX_swi2c.o
                0x000000000800312c                I2CMultiAttribute
 .text.delay    0x0000000008003150       0x18 build/VX_swi2c.o
                0x0000000008003150                delay
 .text.tp28xx_byte_read
                0x0000000008003168       0x14 build/VX_swi2c.o
                0x0000000008003168                tp28xx_byte_read
 .text.tp28xx_byte_write
                0x000000000800317c       0x18 build/VX_swi2c.o
                0x000000000800317c                tp28xx_byte_write
 .text.delay1ms
                0x0000000008003194        0x8 build/VX_swi2c.o
                0x0000000008003194                delay1ms
 .text.GET_ALC122
                0x000000000800319c        0xc build/VX_swi2c.o
                0x000000000800319c                GET_ALC122
 .text.SET_ALC122
                0x00000000080031a8       0x10 build/VX_swi2c.o
                0x00000000080031a8                SET_ALC122
 .text.SetOsdStartAddress
                0x00000000080031b8       0x2c build/VX_OSD.o
                0x00000000080031b8                SetOsdStartAddress
 .text.SetOsdSize
                0x00000000080031e4       0xec build/VX_OSD.o
                0x00000000080031e4                SetOsdSize
 .text.SetOsdPosition
                0x00000000080032d0       0x70 build/VX_OSD.o
                0x00000000080032d0                SetOsdPosition
 .text.OsdDumpString
                0x0000000008003340       0x30 build/VX_OSD.o
                0x0000000008003340                OsdDumpString
 .text.OsdDumpAttribute
                0x0000000008003370       0x34 build/VX_OSD.o
                0x0000000008003370                OsdDumpAttribute
 .text.VXIS_fSetOsdOnOff
                0x00000000080033a4       0x50 build/VX_OSD.o
                0x00000000080033a4                VXIS_fSetOsdOnOff
 .text.VXIS_fSetOsdx2
                0x00000000080033f4       0x20 build/VX_OSD.o
                0x00000000080033f4                VXIS_fSetOsdx2
 .text.setTransParentIndex
                0x0000000008003414       0x24 build/VX_OSD.o
                0x0000000008003414                setTransParentIndex
 .text.GetconvertBarStr
                0x0000000008003438      0x124 build/VX_OSD_Simple.o
 .text.VX_Write_OSD_In_OutString
                0x000000000800355c      0x580 build/VX_OSD_Simple.o
 .text.VXIS_fShowInOutMode
                0x0000000008003adc       0xcc build/VX_OSD_Simple.o
                0x0000000008003adc                VXIS_fShowInOutMode
 .text.VXIS_fShowInOutMode0Fast
                0x0000000008003ba8       0x70 build/VX_OSD_Simple.o
                0x0000000008003ba8                VXIS_fShowInOutMode0Fast
 .text.OSD_Clear
                0x0000000008003c18       0xa4 build/VX_OSD_Simple.o
                0x0000000008003c18                OSD_Clear
 .text.OSD_Clear_4
                0x0000000008003cbc        0xc build/VX_OSD_Simple.o
                0x0000000008003cbc                OSD_Clear_4
 .text.OSD_Clear_34
                0x0000000008003cc8       0x18 build/VX_OSD_Simple.o
                0x0000000008003cc8                OSD_Clear_34
 .text.OSD_Clear_234
                0x0000000008003ce0       0x18 build/VX_OSD_Simple.o
                0x0000000008003ce0                OSD_Clear_234
 .text.OSD_Clear_All
                0x0000000008003cf8       0x18 build/VX_OSD_Simple.o
                0x0000000008003cf8                OSD_Clear_All
 .text.osd_cont_write
                0x0000000008003d10       0x30 build/VX_OSD_Simple.o
                0x0000000008003d10                osd_cont_write
 .text.VXOSD_UseFont_init
                0x0000000008003d40       0x40 build/VX_OSD_Simple.o
                0x0000000008003d40                VXOSD_UseFont_init
 .text.Set_Video_Loss_OSD
                0x0000000008003d80       0x8c build/VX_OSD_Simple.o
                0x0000000008003d80                Set_Video_Loss_OSD
 .text.tp2824_reset_default
                0x0000000008003e0c        0xc build/TP2802.o
 .text.tp28xx_SYSCLK_V1
                0x0000000008003e18       0x2c build/TP2802.o
 .text.tp28xx_SYSCLK_V2
                0x0000000008003e44       0x30 build/TP2802.o
 .text.tp2853C_reset_default
                0x0000000008003e74       0x34 build/TP2802.o
 .text.TP28xx_reset_default
                0x0000000008003ea8       0x28 build/TP2802.o
 .text.I2CDeviceSet1
                0x0000000008003ed0       0x1c build/TP2802.o
                0x0000000008003ed0                I2CDeviceSet1
 .text.I2CDeviceSet2
                0x0000000008003eec       0x20 build/TP2802.o
                0x0000000008003eec                I2CDeviceSet2
 .text.SetRegPage
                0x0000000008003f0c        0xc build/TP2802.o
                0x0000000008003f0c                SetRegPage
 .text.Set_VidRes
                0x0000000008003f18      0x2bc build/TP2802.o
                0x0000000008003f18                Set_VidRes
 .text.Set_HDA  0x00000000080041d4       0xc0 build/TP2802.o
                0x00000000080041d4                Set_HDA
 .text.Set_HDC  0x0000000008004294       0xb8 build/TP2802.o
                0x0000000008004294                Set_HDC
 .text.ManualAGC
                0x000000000800434c       0x6c build/TP2802.o
                0x000000000800434c                ManualAGC
 .text.ReadGain
                0x00000000080043b8       0x14 build/TP2802.o
                0x00000000080043b8                ReadGain
 .text.SetCGain
                0x00000000080043cc       0xa4 build/TP2802.o
                0x00000000080043cc                SetCGain
 .text.Set_PLL_StartUp
                0x0000000008004470       0x24 build/TP2802.o
                0x0000000008004470                Set_PLL_StartUp
 .text.Init_TP280x_RegSet
                0x0000000008004494      0x1f0 build/TP2802.o
                0x0000000008004494                Init_TP280x_RegSet
 .text.AHDBitsReverse
                0x0000000008004684       0x48 build/TP2802.o
                0x0000000008004684                AHDBitsReverse
 .text.TVICommandToAHData
                0x00000000080046cc      0x1c8 build/TP2802.o
                0x00000000080046cc                TVICommandToAHData
 .text.Get_2824cIrq
                0x0000000008004894      0x788 build/TP2802.o
                0x0000000008004894                Get_2824cIrq
 .text.COC_test
                0x000000000800501c       0x34 build/TP2802.o
                0x000000000800501c                COC_test
 .text.Init_COC_PTZOUT1
                0x0000000008005050      0x118 build/TP2802.o
                0x0000000008005050                Init_COC_PTZOUT1
 .text.EQ_Detect
                0x0000000008005168      0x8a4 build/TP2802.o
                0x0000000008005168                EQ_Detect
 .text.RS_ready
                0x0000000008005a0c       0x1c build/monitor.o
                0x0000000008005a0c                RS_ready
 .text.RS2_ready
                0x0000000008005a28       0x1c build/monitor.o
                0x0000000008005a28                RS2_ready
 .text.RS_rx    0x0000000008005a44       0x24 build/monitor.o
                0x0000000008005a44                RS_rx
 .text.RS2_rx   0x0000000008005a68       0x24 build/monitor.o
                0x0000000008005a68                RS2_rx
 .text.RS_tx    0x0000000008005a8c       0x20 build/monitor.o
                0x0000000008005a8c                RS_tx
 .text.RS2_tx   0x0000000008005aac       0x20 build/monitor.o
                0x0000000008005aac                RS2_tx
 .text.Prompt   0x0000000008005acc       0x90 build/monitor.o
                0x0000000008005acc                Prompt
 .text.Mon_tx   0x0000000008005b5c        0x8 build/monitor.o
                0x0000000008005b5c                Mon_tx
 .text.Asc1Bin  0x0000000008005b64       0x34 build/monitor.o
                0x0000000008005b64                Asc1Bin
 .text.Asc2Bin  0x0000000008005b98       0x20 build/monitor.o
                0x0000000008005b98                Asc2Bin
 .text.hs_toupper
                0x0000000008005bb8       0x10 build/monitor.o
                0x0000000008005bb8                hs_toupper
 .text.stricmp  0x0000000008005bc8       0x28 build/monitor.o
                0x0000000008005bc8                stricmp
 .text.MonIncDecI2C
                0x0000000008005bf0      0x128 build/monitor.o
                0x0000000008005bf0                MonIncDecI2C
 .text.MonHelp  0x0000000008005d18       0x80 build/monitor.o
                0x0000000008005d18                MonHelp
 .text.MonGetCommand
                0x0000000008005d98      0x29c build/monitor.o
                0x0000000008005d98                MonGetCommand
 .text.SET_AHD_SYNC_PARA
                0x0000000008006034      0x158 build/monitor.o
                0x0000000008006034                SET_AHD_SYNC_PARA
 .text.SET_HDMI_640_480P_PARA
                0x000000000800618c      0x784 build/monitor.o
                0x000000000800618c                SET_HDMI_640_480P_PARA
 .text.SET_HDMI_SYNC_PARA
                0x0000000008006910       0x10 build/monitor.o
                0x0000000008006910                SET_HDMI_SYNC_PARA
 .text.Monitor  0x0000000008006920      0xe1c build/monitor.o
                0x0000000008006920                Monitor
 .text.DoPrint  0x000000000800773c      0x218 build/Printf.o
                0x000000000800773c                DoPrint
 .text.Printf   0x0000000008007954       0x1c build/Printf.o
                0x0000000008007954                Printf
 .text.DEBUG_MESSAGE
                0x0000000008007970       0x1c build/Printf.o
                0x0000000008007970                DEBUG_MESSAGE
 .text.GraphicsPrint
                0x000000000800798c       0x40 build/Printf.o
                0x000000000800798c                GraphicsPrint
 .text.MCUTimerGetEventTime
                0x00000000080079cc       0x10 build/SysTimer.o
                0x00000000080079cc                MCUTimerGetEventTime
 .text.MCUTimerGetEventID
                0x00000000080079dc       0x10 build/SysTimer.o
                0x00000000080079dc                MCUTimerGetEventID
 .text.MCUTimerClrEventValid
                0x00000000080079ec       0x14 build/SysTimer.o
                0x00000000080079ec                MCUTimerClrEventValid
 .text.MCUTimerCheckEventValid
                0x0000000008007a00       0x10 build/SysTimer.o
                0x0000000008007a00                MCUTimerCheckEventValid
 .text.MCUTimerGetTimerCounter
                0x0000000008007a10       0x1c build/SysTimer.o
                0x0000000008007a10                MCUTimerGetTimerCounter
 .text.MCUTimerCheckTimerEvent
                0x0000000008007a2c       0x6c build/SysTimer.o
                0x0000000008007a2c                MCUTimerCheckTimerEvent
 .text.MCUTimerInitialTimerEvent
                0x0000000008007a98       0x20 build/SysTimer.o
                0x0000000008007a98                MCUTimerInitialTimerEvent
 .text.MCUTimerActiveTimerEvent
                0x0000000008007ab8       0x74 build/SysTimer.o
                0x0000000008007ab8                MCUTimerActiveTimerEvent
 .text.MCUTimerReactiveTimerEvent
                0x0000000008007b2c       0x7c build/SysTimer.o
                0x0000000008007b2c                MCUTimerReactiveTimerEvent
 .text.ShowWorkingTimer
                0x0000000008007ba8       0x84 build/SysTimer.o
                0x0000000008007ba8                ShowWorkingTimer
 .text.SysTimerEventProc
                0x0000000008007c2c      0x1d0 build/SysTimer.o
                0x0000000008007c2c                SysTimerEventProc
 .text.SysTimerHandler
                0x0000000008007dfc       0x40 build/SysTimer.o
                0x0000000008007dfc                SysTimerHandler
 .text.TOAReceivePaser
                0x0000000008007e3c      0x6d4 build/TOA_Protocol.o
                0x0000000008007e3c                TOAReceivePaser
 .text.GetFWRevEE
                0x0000000008008510       0x4c build/etc_eep.o
                0x0000000008008510                GetFWRevEE
 .text.SaveFWRevEE
                0x000000000800855c       0x38 build/etc_eep.o
                0x000000000800855c                SaveFWRevEE
 .text.ResetOSDValue
                0x0000000008008594       0x10 build/etc_eep.o
                0x0000000008008594                ResetOSDValue
 .text.ClearBasicEE
                0x00000000080085a4       0x24 build/etc_eep.o
                0x00000000080085a4                ClearBasicEE
 .text.Reset_Handler
                0x00000000080085c8       0x48 build/startup_stm32f103xb.o
                0x00000000080085c8                Reset_Handler
 .text.Default_Handler
                0x0000000008008610        0x2 build/startup_stm32f103xb.o
                0x0000000008008610                RTC_Alarm_IRQHandler
                0x0000000008008610                TIM1_CC_IRQHandler
                0x0000000008008610                PVD_IRQHandler
                0x0000000008008610                EXTI3_IRQHandler
                0x0000000008008610                EXTI0_IRQHandler
                0x0000000008008610                I2C2_EV_IRQHandler
                0x0000000008008610                ADC1_2_IRQHandler
                0x0000000008008610                SPI1_IRQHandler
                0x0000000008008610                TAMPER_IRQHandler
                0x0000000008008610                DMA1_Channel4_IRQHandler
                0x0000000008008610                USART3_IRQHandler
                0x0000000008008610                RTC_IRQHandler
                0x0000000008008610                DMA1_Channel7_IRQHandler
                0x0000000008008610                CAN1_RX1_IRQHandler
                0x0000000008008610                TIM4_IRQHandler
                0x0000000008008610                I2C1_EV_IRQHandler
                0x0000000008008610                DMA1_Channel6_IRQHandler
                0x0000000008008610                RCC_IRQHandler
                0x0000000008008610                TIM1_TRG_COM_IRQHandler
                0x0000000008008610                DMA1_Channel1_IRQHandler
                0x0000000008008610                Default_Handler
                0x0000000008008610                EXTI15_10_IRQHandler
                0x0000000008008610                EXTI9_5_IRQHandler
                0x0000000008008610                SPI2_IRQHandler
                0x0000000008008610                DMA1_Channel5_IRQHandler
                0x0000000008008610                EXTI4_IRQHandler
                0x0000000008008610                USB_LP_CAN1_RX0_IRQHandler
                0x0000000008008610                USB_HP_CAN1_TX_IRQHandler
                0x0000000008008610                DMA1_Channel3_IRQHandler
                0x0000000008008610                TIM1_UP_IRQHandler
                0x0000000008008610                WWDG_IRQHandler
                0x0000000008008610                TIM2_IRQHandler
                0x0000000008008610                TIM1_BRK_IRQHandler
                0x0000000008008610                EXTI1_IRQHandler
                0x0000000008008610                I2C2_ER_IRQHandler
                0x0000000008008610                DMA1_Channel2_IRQHandler
                0x0000000008008610                CAN1_SCE_IRQHandler
                0x0000000008008610                FLASH_IRQHandler
                0x0000000008008610                I2C1_ER_IRQHandler
                0x0000000008008610                USBWakeUp_IRQHandler
 *fill*         0x0000000008008612        0x2 
 .text.__errno  0x0000000008008614        0xc /usr/lib/gcc/arm-none-eabi/4.9.3/../../../arm-none-eabi/lib/armv7-m/libc_nano.a(lib_a-errno.o)
                0x0000000008008614                __errno
 .text.__libc_init_array
                0x0000000008008620       0x4c /usr/lib/gcc/arm-none-eabi/4.9.3/../../../arm-none-eabi/lib/armv7-m/libc_nano.a(lib_a-init.o)
                0x0000000008008620                __libc_init_array
 .text.memcpy   0x000000000800866c       0x16 /usr/lib/gcc/arm-none-eabi/4.9.3/../../../arm-none-eabi/lib/armv7-m/libc_nano.a(lib_a-memcpy.o)
                0x000000000800866c                memcpy
 .text.memset   0x0000000008008682       0x10 /usr/lib/gcc/arm-none-eabi/4.9.3/../../../arm-none-eabi/lib/armv7-m/libc_nano.a(lib_a-memset.o)
                0x0000000008008682                memset
 *fill*         0x0000000008008692        0x2 
 .text.printf   0x0000000008008694       0x30 /usr/lib/gcc/arm-none-eabi/4.9.3/../../../arm-none-eabi/lib/armv7-m/libc_nano.a(lib_a-printf.o)
                0x0000000008008694                printf
                0x0000000008008694                iprintf
 .text._puts_r  0x00000000080086c4       0xf0 /usr/lib/gcc/arm-none-eabi/4.9.3/../../../arm-none-eabi/lib/armv7-m/libc_nano.a(lib_a-puts.o)
                0x00000000080086c4                _puts_r
 .text.puts     0x00000000080087b4       0x10 /usr/lib/gcc/arm-none-eabi/4.9.3/../../../arm-none-eabi/lib/armv7-m/libc_nano.a(lib_a-puts.o)
                0x00000000080087b4                puts
 .text.__swbuf_r
                0x00000000080087c4       0xa8 /usr/lib/gcc/arm-none-eabi/4.9.3/../../../arm-none-eabi/lib/armv7-m/libc_nano.a(lib_a-wbuf.o)
                0x00000000080087c4                __swbuf_r
 .text.__swsetup_r
                0x000000000800886c       0xd8 /usr/lib/gcc/arm-none-eabi/4.9.3/../../../arm-none-eabi/lib/armv7-m/libc_nano.a(lib_a-wsetup.o)
                0x000000000800886c                __swsetup_r
 .text.__sflush_r
                0x0000000008008944      0x106 /usr/lib/gcc/arm-none-eabi/4.9.3/../../../arm-none-eabi/lib/armv7-m/libc_nano.a(lib_a-fflush.o)
                0x0000000008008944                __sflush_r
 *fill*         0x0000000008008a4a        0x2 
 .text._fflush_r
                0x0000000008008a4c       0x54 /usr/lib/gcc/arm-none-eabi/4.9.3/../../../arm-none-eabi/lib/armv7-m/libc_nano.a(lib_a-fflush.o)
                0x0000000008008a4c                _fflush_r
 .text._cleanup_r
                0x0000000008008aa0        0xc /usr/lib/gcc/arm-none-eabi/4.9.3/../../../arm-none-eabi/lib/armv7-m/libc_nano.a(lib_a-findfp.o)
                0x0000000008008aa0                _cleanup_r
 .text.std.isra.0
                0x0000000008008aac       0x48 /usr/lib/gcc/arm-none-eabi/4.9.3/../../../arm-none-eabi/lib/armv7-m/libc_nano.a(lib_a-findfp.o)
 .text.__sfmoreglue
                0x0000000008008af4       0x2c /usr/lib/gcc/arm-none-eabi/4.9.3/../../../arm-none-eabi/lib/armv7-m/libc_nano.a(lib_a-findfp.o)
                0x0000000008008af4                __sfmoreglue
 .text.__sinit  0x0000000008008b20       0x60 /usr/lib/gcc/arm-none-eabi/4.9.3/../../../arm-none-eabi/lib/armv7-m/libc_nano.a(lib_a-findfp.o)
                0x0000000008008b20                __sinit
 .text.__sfp    0x0000000008008b80       0x74 /usr/lib/gcc/arm-none-eabi/4.9.3/../../../arm-none-eabi/lib/armv7-m/libc_nano.a(lib_a-findfp.o)
                0x0000000008008b80                __sfp
 .text._fwalk_reent
                0x0000000008008bf4       0x3c /usr/lib/gcc/arm-none-eabi/4.9.3/../../../arm-none-eabi/lib/armv7-m/libc_nano.a(lib_a-fwalk.o)
                0x0000000008008bf4                _fwalk_reent
 .text.__smakebuf_r
                0x0000000008008c30       0x98 /usr/lib/gcc/arm-none-eabi/4.9.3/../../../arm-none-eabi/lib/armv7-m/libc_nano.a(lib_a-makebuf.o)
                0x0000000008008c30                __smakebuf_r
 .text._free_r  0x0000000008008cc8       0x88 /usr/lib/gcc/arm-none-eabi/4.9.3/../../../arm-none-eabi/lib/armv7-m/libc_nano.a(lib_a-nano-freer.o)
                0x0000000008008cc8                _free_r
 .text._malloc_r
                0x0000000008008d50       0xac /usr/lib/gcc/arm-none-eabi/4.9.3/../../../arm-none-eabi/lib/armv7-m/libc_nano.a(lib_a-nano-mallocr.o)
                0x0000000008008d50                _malloc_r
 .text.__sfputc_r
                0x0000000008008dfc       0x2c /usr/lib/gcc/arm-none-eabi/4.9.3/../../../arm-none-eabi/lib/armv7-m/libc_nano.a(lib_a-nano-vfprintf.o)
 .text.__sfputs_r
                0x0000000008008e28       0x24 /usr/lib/gcc/arm-none-eabi/4.9.3/../../../arm-none-eabi/lib/armv7-m/libc_nano.a(lib_a-nano-vfprintf.o)
                0x0000000008008e28                __sfputs_r
 .text._vfprintf_r
                0x0000000008008e4c      0x210 /usr/lib/gcc/arm-none-eabi/4.9.3/../../../arm-none-eabi/lib/armv7-m/libc_nano.a(lib_a-nano-vfprintf.o)
                0x0000000008008e4c                _vfiprintf_r
                0x0000000008008e4c                _vfprintf_r
 .text._printf_common
                0x000000000800905c       0xea /usr/lib/gcc/arm-none-eabi/4.9.3/../../../arm-none-eabi/lib/armv7-m/libc_nano.a(lib_a-nano-vfprintf_i.o)
                0x000000000800905c                _printf_common
 *fill*         0x0000000008009146        0x2 
 .text._printf_i
                0x0000000008009148      0x240 /usr/lib/gcc/arm-none-eabi/4.9.3/../../../arm-none-eabi/lib/armv7-m/libc_nano.a(lib_a-nano-vfprintf_i.o)
                0x0000000008009148                _printf_i
 .text._sbrk_r  0x0000000008009388       0x20 /usr/lib/gcc/arm-none-eabi/4.9.3/../../../arm-none-eabi/lib/armv7-m/libc_nano.a(lib_a-sbrkr.o)
                0x0000000008009388                _sbrk_r
 .text.__sread  0x00000000080093a8       0x22 /usr/lib/gcc/arm-none-eabi/4.9.3/../../../arm-none-eabi/lib/armv7-m/libc_nano.a(lib_a-stdio.o)
                0x00000000080093a8                __sread
 .text.__swrite
                0x00000000080093ca       0x38 /usr/lib/gcc/arm-none-eabi/4.9.3/../../../arm-none-eabi/lib/armv7-m/libc_nano.a(lib_a-stdio.o)
                0x00000000080093ca                __swrite
 .text.__sseek  0x0000000008009402       0x24 /usr/lib/gcc/arm-none-eabi/4.9.3/../../../arm-none-eabi/lib/armv7-m/libc_nano.a(lib_a-stdio.o)
                0x0000000008009402                __sseek
 .text.__sclose
                0x0000000008009426        0x8 /usr/lib/gcc/arm-none-eabi/4.9.3/../../../arm-none-eabi/lib/armv7-m/libc_nano.a(lib_a-stdio.o)
                0x0000000008009426                __sclose
 *fill*         0x000000000800942e        0x2 
 .text._write_r
                0x0000000008009430       0x24 /usr/lib/gcc/arm-none-eabi/4.9.3/../../../arm-none-eabi/lib/armv7-m/libc_nano.a(lib_a-writer.o)
                0x0000000008009430                _write_r
 .text._close_r
                0x0000000008009454       0x20 /usr/lib/gcc/arm-none-eabi/4.9.3/../../../arm-none-eabi/lib/armv7-m/libc_nano.a(lib_a-closer.o)
                0x0000000008009454                _close_r
 .text._fstat_r
                0x0000000008009474       0x24 /usr/lib/gcc/arm-none-eabi/4.9.3/../../../arm-none-eabi/lib/armv7-m/libc_nano.a(lib_a-fstatr.o)
                0x0000000008009474                _fstat_r
 .text._isatty_r
                0x0000000008009498       0x20 /usr/lib/gcc/arm-none-eabi/4.9.3/../../../arm-none-eabi/lib/armv7-m/libc_nano.a(lib_a-isattyr.o)
                0x0000000008009498                _isatty_r
 .text._lseek_r
                0x00000000080094b8       0x24 /usr/lib/gcc/arm-none-eabi/4.9.3/../../../arm-none-eabi/lib/armv7-m/libc_nano.a(lib_a-lseekr.o)
                0x00000000080094b8                _lseek_r
 .text.memchr   0x00000000080094dc       0x1c /usr/lib/gcc/arm-none-eabi/4.9.3/../../../arm-none-eabi/lib/armv7-m/libc_nano.a(lib_a-memchr.o)
                0x00000000080094dc                memchr
 .text._read_r  0x00000000080094f8       0x24 /usr/lib/gcc/arm-none-eabi/4.9.3/../../../arm-none-eabi/lib/armv7-m/libc_nano.a(lib_a-readr.o)
                0x00000000080094f8                _read_r
 .text._close   0x000000000800951c       0x10 /usr/lib/gcc/arm-none-eabi/4.9.3/../../../arm-none-eabi/lib/armv7-m/libnosys.a(close.o)
                0x000000000800951c                _close
 .text._fstat   0x000000000800952c       0x10 /usr/lib/gcc/arm-none-eabi/4.9.3/../../../arm-none-eabi/lib/armv7-m/libnosys.a(fstat.o)
                0x000000000800952c                _fstat
 .text._isatty  0x000000000800953c       0x10 /usr/lib/gcc/arm-none-eabi/4.9.3/../../../arm-none-eabi/lib/armv7-m/libnosys.a(isatty.o)
                0x000000000800953c                _isatty
 .text._lseek   0x000000000800954c       0x10 /usr/lib/gcc/arm-none-eabi/4.9.3/../../../arm-none-eabi/lib/armv7-m/libnosys.a(lseek.o)
                0x000000000800954c                _lseek
 .text._read    0x000000000800955c       0x10 /usr/lib/gcc/arm-none-eabi/4.9.3/../../../arm-none-eabi/lib/armv7-m/libnosys.a(read.o)
                0x000000000800955c                _read
 .text._sbrk    0x000000000800956c       0x1c /usr/lib/gcc/arm-none-eabi/4.9.3/../../../arm-none-eabi/lib/armv7-m/libnosys.a(sbrk.o)
                0x000000000800956c                _sbrk
 .text.ParseCEAEDID
                0x0000000008009588      0x268 ./Lib/libite66121dvi.a(hdmitx_sys.o)
 .text.ConfigAVIInfoFrame
                0x00000000080097f0       0x94 ./Lib/libite66121dvi.a(hdmitx_sys.o)
                0x00000000080097f0                ConfigAVIInfoFrame
 .text.ConfigAudioInfoFrm
                0x0000000008009884       0x38 ./Lib/libite66121dvi.a(hdmitx_sys.o)
                0x0000000008009884                ConfigAudioInfoFrm
 .text.HDMITX_SetAudioOutput
                0x00000000080098bc       0x6c ./Lib/libite66121dvi.a(hdmitx_sys.o)
                0x00000000080098bc                HDMITX_SetAudioOutput
 .text.HDMITX_SetOutput
                0x0000000008009928       0xb0 ./Lib/libite66121dvi.a(hdmitx_sys.o)
                0x0000000008009928                HDMITX_SetOutput
 .text.ParseEDID
                0x00000000080099d8       0xf8 ./Lib/libite66121dvi.a(hdmitx_sys.o)
                0x00000000080099d8                ParseEDID
 .text.HDMITX_DevLoopProc
                0x0000000008009ad0      0x1b4 ./Lib/libite66121dvi.a(hdmitx_sys.o)
                0x0000000008009ad0                HDMITX_DevLoopProc
 .text.HDMI_Tx_SetAudioFs
                0x0000000008009c84       0x98 ./Lib/libite66121dvi.a(hdmitx_sys.o)
                0x0000000008009c84                HDMI_Tx_SetAudioFs
 .text.getHDMITX_LinkStatus
                0x0000000008009d1c       0x22 ./Lib/libite66121dvi.a(hdmitx_drv.o)
                0x0000000008009d1c                getHDMITX_LinkStatus
 .text.setHDMITX_AVMute
                0x0000000008009d3e       0x3e ./Lib/libite66121dvi.a(hdmitx_drv.o)
                0x0000000008009d3e                setHDMITX_AVMute
 .text.hdmitx_LoadRegSetting
                0x0000000008009d7c       0x48 ./Lib/libite66121dvi.a(hdmitx_drv.o)
                0x0000000008009d7c                hdmitx_LoadRegSetting
 .text.HDMITX_PowerOn
                0x0000000008009dc4       0x10 ./Lib/libite66121dvi.a(hdmitx_drv.o)
                0x0000000008009dc4                HDMITX_PowerOn
 .text.HDMITX_PowerDown
                0x0000000008009dd4       0x10 ./Lib/libite66121dvi.a(hdmitx_drv.o)
                0x0000000008009dd4                HDMITX_PowerDown
 .text.hdmitx_ClearDDCFIFO
                0x0000000008009de4       0x14 ./Lib/libite66121dvi.a(hdmitx_drv.o)
                0x0000000008009de4                hdmitx_ClearDDCFIFO
 .text.hdmitx_AbortDDC
                0x0000000008009df8       0x54 ./Lib/libite66121dvi.a(hdmitx_drv.o)
                0x0000000008009df8                hdmitx_AbortDDC
 .text.CheckHDMITX
                0x0000000008009e4c      0x160 ./Lib/libite66121dvi.a(hdmitx_drv.o)
                0x0000000008009e4c                CheckHDMITX
 .text.getHDMITX_EDIDBytes
                0x0000000008009fac      0x11e ./Lib/libite66121dvi.a(hdmitx_drv.o)
                0x0000000008009fac                getHDMITX_EDIDBytes
 .text.getHDMITX_EDIDBlock
                0x000000000800a0ca       0x34 ./Lib/libite66121dvi.a(hdmitx_drv.o)
                0x000000000800a0ca                getHDMITX_EDIDBlock
 .text.HDMITX_DisableVideoOutput
                0x000000000800a0fe       0x32 ./Lib/libite66121dvi.a(hdmitx_drv.o)
                0x000000000800a0fe                HDMITX_DisableVideoOutput
 .text.setHDMITX_VideoSignalType
                0x000000000800a130       0x1c ./Lib/libite66121dvi.a(hdmitx_drv.o)
                0x000000000800a130                setHDMITX_VideoSignalType
 .text.hdmitx_SetInputMode
                0x000000000800a14c       0x56 ./Lib/libite66121dvi.a(hdmitx_drv.o)
                0x000000000800a14c                hdmitx_SetInputMode
 *fill*         0x000000000800a1a2        0x2 
 .text.hdmitx_SetCSCScale
                0x000000000800a1a4      0x124 ./Lib/libite66121dvi.a(hdmitx_drv.o)
                0x000000000800a1a4                hdmitx_SetCSCScale
 .text.hdmitx_SetupAFE
                0x000000000800a2c8       0x68 ./Lib/libite66121dvi.a(hdmitx_drv.o)
                0x000000000800a2c8                hdmitx_SetupAFE
 .text.hdmitx_FireAFE
                0x000000000800a330       0x16 ./Lib/libite66121dvi.a(hdmitx_drv.o)
                0x000000000800a330                hdmitx_FireAFE
 .text.setHDMITX_ChStat
                0x000000000800a346       0x56 ./Lib/libite66121dvi.a(hdmitx_drv.o)
                0x000000000800a346                setHDMITX_ChStat
 .text.setHDMITX_LPCMAudio
                0x000000000800a39c       0xf4 ./Lib/libite66121dvi.a(hdmitx_drv.o)
                0x000000000800a39c                setHDMITX_LPCMAudio
 .text.setHDMITX_NLPCMAudio
                0x000000000800a490       0x6c ./Lib/libite66121dvi.a(hdmitx_drv.o)
                0x000000000800a490                setHDMITX_NLPCMAudio
 .text.setHDMITX_HBRAudio
                0x000000000800a4fc       0xb4 ./Lib/libite66121dvi.a(hdmitx_drv.o)
                0x000000000800a4fc                setHDMITX_HBRAudio
 .text.setHDMITX_DSDAudio
                0x000000000800a5b0       0x3c ./Lib/libite66121dvi.a(hdmitx_drv.o)
                0x000000000800a5b0                setHDMITX_DSDAudio
 .text.HDMITX_DisableAudioOutput
                0x000000000800a5ec       0x2c ./Lib/libite66121dvi.a(hdmitx_drv.o)
                0x000000000800a5ec                HDMITX_DisableAudioOutput
 .text.setHDMITX_NCTS
                0x000000000800a618      0x1a0 ./Lib/libite66121dvi.a(hdmitx_drv.o)
                0x000000000800a618                setHDMITX_NCTS
 .text.HDMITX_EnableAudioOutput
                0x000000000800a7b8      0x238 ./Lib/libite66121dvi.a(hdmitx_drv.o)
                0x000000000800a7b8                HDMITX_EnableAudioOutput
 .text.setHDMITX_AudioChannelEnable
                0x000000000800a9f0       0xb0 ./Lib/libite66121dvi.a(hdmitx_drv.o)
                0x000000000800a9f0                setHDMITX_AudioChannelEnable
 .text.HDMITX_EnableVideoOutput
                0x000000000800aaa0       0xa8 ./Lib/libite66121dvi.a(hdmitx_drv.o)
                0x000000000800aaa0                HDMITX_EnableVideoOutput
 .text.hdmitx_SetAVIInfoFrame
                0x000000000800ab48       0xb0 ./Lib/libite66121dvi.a(hdmitx_drv.o)
                0x000000000800ab48                hdmitx_SetAVIInfoFrame
 .text.HDMITX_EnableAVIInfoFrame
                0x000000000800abf8       0x24 ./Lib/libite66121dvi.a(hdmitx_drv.o)
                0x000000000800abf8                HDMITX_EnableAVIInfoFrame
 .text.hdmitx_SetAudioInfoFrame
                0x000000000800ac1c       0x7a ./Lib/libite66121dvi.a(hdmitx_drv.o)
                0x000000000800ac1c                hdmitx_SetAudioInfoFrame
 .text.HDMITX_EnableAudioInfoFrame
                0x000000000800ac96       0x24 ./Lib/libite66121dvi.a(hdmitx_drv.o)
                0x000000000800ac96                HDMITX_EnableAudioInfoFrame
 .text.hdmitx_SetVSIInfoFrame
                0x000000000800acba       0x6a ./Lib/libite66121dvi.a(hdmitx_drv.o)
                0x000000000800acba                hdmitx_SetVSIInfoFrame
 .text.HDMITX_EnableVSInfoFrame
                0x000000000800ad24       0x24 ./Lib/libite66121dvi.a(hdmitx_drv.o)
                0x000000000800ad24                HDMITX_EnableVSInfoFrame
 .text.TWI_SCL_0
                0x000000000800ad48       0x18 ./Lib/libsw_i2c0.a(sw_i2c0.o)
 .text.TWI_SCL_1
                0x000000000800ad60       0x18 ./Lib/libsw_i2c0.a(sw_i2c0.o)
 .text.TWI_SDA_0
                0x000000000800ad78       0x18 ./Lib/libsw_i2c0.a(sw_i2c0.o)
 .text.TWI_SDA_1
                0x000000000800ad90       0x18 ./Lib/libsw_i2c0.a(sw_i2c0.o)
 .text.TWI_SDA_STATE
                0x000000000800ada8       0x24 ./Lib/libsw_i2c0.a(sw_i2c0.o)
 .text.TWI_NOP  0x000000000800adcc       0x22 ./Lib/libsw_i2c0.a(sw_i2c0.o)
 *fill*         0x000000000800adee        0x2 
 .text.TWI_Initialize
                0x000000000800adf0       0x4c ./Lib/libsw_i2c0.a(sw_i2c0.o)
 .text.TWI_START
                0x000000000800ae3c       0x46 ./Lib/libsw_i2c0.a(sw_i2c0.o)
 .text.TWI_STOP
                0x000000000800ae82       0x20 ./Lib/libsw_i2c0.a(sw_i2c0.o)
 .text.TWI_SendNACK
                0x000000000800aea2       0x20 ./Lib/libsw_i2c0.a(sw_i2c0.o)
 .text.TWI_SendByte
                0x000000000800aec2       0x80 ./Lib/libsw_i2c0.a(sw_i2c0.o)
 .text.TWI_ReceiveByte
                0x000000000800af42       0x56 ./Lib/libsw_i2c0.a(sw_i2c0.o)
 .text.SW_I2C0_Init
                0x000000000800af98        0xc ./Lib/libsw_i2c0.a(sw_i2c0.o)
                0x000000000800af98                SW_I2C0_Init
 .text.SW_I2C0Write
                0x000000000800afa4       0x3a ./Lib/libsw_i2c0.a(sw_i2c0.o)
                0x000000000800afa4                SW_I2C0Write
 .text.SW_I2C0WriteNByte
                0x000000000800afde       0x5c ./Lib/libsw_i2c0.a(sw_i2c0.o)
                0x000000000800afde                SW_I2C0WriteNByte
 .text.SW_I2C0Read
                0x000000000800b03a       0x5c ./Lib/libsw_i2c0.a(sw_i2c0.o)
                0x000000000800b03a                SW_I2C0Read
 *fill*         0x000000000800b096        0x2 
 .text.HDMIRX_ReadI2C_Byte
                0x000000000800b098       0x78 ./Lib/libsw_i2c0.a(sw_i2c0.o)
                0x000000000800b098                HDMIRX_ReadI2C_Byte
 .text.HDMIRX_WriteI2C_Byte
                0x000000000800b110       0x74 ./Lib/libsw_i2c0.a(sw_i2c0.o)
                0x000000000800b110                HDMIRX_WriteI2C_Byte
 .text.HDMIRX_WriteI2C_ByteN
                0x000000000800b184       0x7c ./Lib/libsw_i2c0.a(sw_i2c0.o)
                0x000000000800b184                HDMIRX_WriteI2C_ByteN
 .text.HDMITX_ReadI2C_Byte
                0x000000000800b200       0x1e ./Lib/libsw_i2c0.a(sw_i2c0.o)
                0x000000000800b200                HDMITX_ReadI2C_Byte
 .text.HDMITX_WriteI2C_Byte
                0x000000000800b21e       0x26 ./Lib/libsw_i2c0.a(sw_i2c0.o)
                0x000000000800b21e                HDMITX_WriteI2C_Byte
 .text.HDMITX_SetI2C_Byte
                0x000000000800b244       0x60 ./Lib/libsw_i2c0.a(sw_i2c0.o)
                0x000000000800b244                HDMITX_SetI2C_Byte
 .text.TWI_SCL_0
                0x000000000800b2a4       0x18 ./Lib/libsw_i2c1.a(sw_i2c1.o)
 .text.TWI_SCL_1
                0x000000000800b2bc       0x18 ./Lib/libsw_i2c1.a(sw_i2c1.o)
 .text.TWI_SDA_0
                0x000000000800b2d4       0x18 ./Lib/libsw_i2c1.a(sw_i2c1.o)
 .text.TWI_SDA_1
                0x000000000800b2ec       0x18 ./Lib/libsw_i2c1.a(sw_i2c1.o)
 .text.TWI_SDA_STATE
                0x000000000800b304       0x24 ./Lib/libsw_i2c1.a(sw_i2c1.o)
 .text.TWI_NOP  0x000000000800b328       0x22 ./Lib/libsw_i2c1.a(sw_i2c1.o)
 *fill*         0x000000000800b34a        0x2 
 .text.TWI_Initialize
                0x000000000800b34c       0x48 ./Lib/libsw_i2c1.a(sw_i2c1.o)
 .text.TWI_START
                0x000000000800b394       0x46 ./Lib/libsw_i2c1.a(sw_i2c1.o)
 .text.TWI_STOP
                0x000000000800b3da       0x20 ./Lib/libsw_i2c1.a(sw_i2c1.o)
 .text.TWI_SendNACK
                0x000000000800b3fa       0x20 ./Lib/libsw_i2c1.a(sw_i2c1.o)
 .text.TWI_SendByte
                0x000000000800b41a       0x80 ./Lib/libsw_i2c1.a(sw_i2c1.o)
 .text.TWI_ReceiveByte
                0x000000000800b49a       0x56 ./Lib/libsw_i2c1.a(sw_i2c1.o)
 .text.SW_I2C1_Init
                0x000000000800b4f0        0xc ./Lib/libsw_i2c1.a(sw_i2c1.o)
                0x000000000800b4f0                SW_I2C1_Init
 .text.SW_I2C1Write
                0x000000000800b4fc       0x3a ./Lib/libsw_i2c1.a(sw_i2c1.o)
                0x000000000800b4fc                SW_I2C1Write
 .text.SW_I2C1WriteNByte
                0x000000000800b536       0x5c ./Lib/libsw_i2c1.a(sw_i2c1.o)
                0x000000000800b536                SW_I2C1WriteNByte
 .text.SW_I2C1Read
                0x000000000800b592       0x5c ./Lib/libsw_i2c1.a(sw_i2c1.o)
                0x000000000800b592                SW_I2C1Read
 *fill*         0x000000000800b5ee        0x2 
 .text.TWI_SCL_0
                0x000000000800b5f0       0x18 ./Lib/libsw_i2c2.a(sw_i2c2.o)
 .text.TWI_SCL_1
                0x000000000800b608       0x18 ./Lib/libsw_i2c2.a(sw_i2c2.o)
 .text.TWI_SDA_0
                0x000000000800b620       0x18 ./Lib/libsw_i2c2.a(sw_i2c2.o)
 .text.TWI_SDA_1
                0x000000000800b638       0x18 ./Lib/libsw_i2c2.a(sw_i2c2.o)
 .text.TWI_SDA_STATE
                0x000000000800b650       0x24 ./Lib/libsw_i2c2.a(sw_i2c2.o)
 .text.TWI_NOP  0x000000000800b674       0x22 ./Lib/libsw_i2c2.a(sw_i2c2.o)
 *fill*         0x000000000800b696        0x2 
 .text.TWI_Initialize
                0x000000000800b698       0x4c ./Lib/libsw_i2c2.a(sw_i2c2.o)
 .text.TWI_START
                0x000000000800b6e4       0x46 ./Lib/libsw_i2c2.a(sw_i2c2.o)
 .text.TWI_STOP
                0x000000000800b72a       0x20 ./Lib/libsw_i2c2.a(sw_i2c2.o)
 .text.TWI_SendNACK
                0x000000000800b74a       0x20 ./Lib/libsw_i2c2.a(sw_i2c2.o)
 .text.TWI_SendByte
                0x000000000800b76a       0x80 ./Lib/libsw_i2c2.a(sw_i2c2.o)
 .text.TWI_ReceiveByte
                0x000000000800b7ea       0x56 ./Lib/libsw_i2c2.a(sw_i2c2.o)
 .text.SW_I2C2_Init
                0x000000000800b840        0xc ./Lib/libsw_i2c2.a(sw_i2c2.o)
                0x000000000800b840                SW_I2C2_Init
 .text.SW_I2C2Write
                0x000000000800b84c       0x3a ./Lib/libsw_i2c2.a(sw_i2c2.o)
                0x000000000800b84c                SW_I2C2Write
 .text.SW_I2C2WriteNByte
                0x000000000800b886       0x5c ./Lib/libsw_i2c2.a(sw_i2c2.o)
                0x000000000800b886                SW_I2C2WriteNByte
 .text.SW_I2C2Read
                0x000000000800b8e2       0x5c ./Lib/libsw_i2c2.a(sw_i2c2.o)
                0x000000000800b8e2                SW_I2C2Read
 .text.I2Cdelay
                0x000000000800b93e       0x22 ./Lib/libsw_i2c2.a(sw_i2c2.o)
                0x000000000800b93e                I2Cdelay
 .text.I2CStart
                0x000000000800b960       0x20 ./Lib/libsw_i2c2.a(sw_i2c2.o)
                0x000000000800b960                I2CStart
 .text.I2CReStart
                0x000000000800b980       0x20 ./Lib/libsw_i2c2.a(sw_i2c2.o)
                0x000000000800b980                I2CReStart
 .text.I2CStop  0x000000000800b9a0       0x28 ./Lib/libsw_i2c2.a(sw_i2c2.o)
                0x000000000800b9a0                I2CStop
 .text.I2CWriteData3
                0x000000000800b9c8       0x70 ./Lib/libsw_i2c2.a(sw_i2c2.o)
                0x000000000800b9c8                I2CWriteData3
 .text.I2CReadData3
                0x000000000800ba38       0x56 ./Lib/libsw_i2c2.a(sw_i2c2.o)
                0x000000000800ba38                I2CReadData3
 .text.I2CACK   0x000000000800ba8e       0x28 ./Lib/libsw_i2c2.a(sw_i2c2.o)
 .text.I2CNACK  0x000000000800bab6       0x24 ./Lib/libsw_i2c2.a(sw_i2c2.o)
 .text.ReadI2C3
                0x000000000800bada       0x68 ./Lib/libsw_i2c2.a(sw_i2c2.o)
                0x000000000800bada                ReadI2C3
 .text.WriteI2C3
                0x000000000800bb42       0x46 ./Lib/libsw_i2c2.a(sw_i2c2.o)
                0x000000000800bb42                WriteI2C3
 .text.I2Cdelay2
                0x000000000800bb88       0x22 ./Lib/libsw_i2c2.a(sw_i2c2.o)
                0x000000000800bb88                I2Cdelay2
 .text.I2CStart2
                0x000000000800bbaa       0x20 ./Lib/libsw_i2c2.a(sw_i2c2.o)
                0x000000000800bbaa                I2CStart2
 .text.I2CStop2
                0x000000000800bbca       0x28 ./Lib/libsw_i2c2.a(sw_i2c2.o)
                0x000000000800bbca                I2CStop2
 .text.I2CWriteData2
                0x000000000800bbf2       0x70 ./Lib/libsw_i2c2.a(sw_i2c2.o)
                0x000000000800bbf2                I2CWriteData2
 .text.I2CReadData2
                0x000000000800bc62       0x66 ./Lib/libsw_i2c2.a(sw_i2c2.o)
                0x000000000800bc62                I2CReadData2
 .text.ReadI2C2
                0x000000000800bcc8       0x4c ./Lib/libsw_i2c2.a(sw_i2c2.o)
                0x000000000800bcc8                ReadI2C2
 .text.EEPWrite
                0x000000000800bd14       0x4e ./Lib/libsw_i2c2.a(sw_i2c2.o)
                0x000000000800bd14                EEPWrite
 .text.EEPRead  0x000000000800bd62       0x3c ./Lib/libsw_i2c2.a(sw_i2c2.o)
                0x000000000800bd62                EEPRead
 *fill*         0x000000000800bd9e        0x2 
 .text.TWI_SCL_0
                0x000000000800bda0       0x18 ./Lib/libsw_i2c3.a(sw_i2c3.o)
 .text.TWI_SDA_1
                0x000000000800bdb8       0x18 ./Lib/libsw_i2c3.a(sw_i2c3.o)
 .text.TWI_Initialize
                0x000000000800bdd0       0x48 ./Lib/libsw_i2c3.a(sw_i2c3.o)
 .text.SW_I2C3_Init
                0x000000000800be18        0xc ./Lib/libsw_i2c3.a(sw_i2c3.o)
                0x000000000800be18                SW_I2C3_Init
 .text.Get_WindowNum
                0x000000000800be24       0x2c ./Lib/libVS4210.a(VS4210.o)
 .text.VS4210_FULL88init
                0x000000000800be50       0x64 ./Lib/libVS4210.a(VS4210.o)
 .text.VS4210_PIP_1080I_w0_ReSet
                0x000000000800beb4       0x14 ./Lib/libVS4210.a(VS4210.o)
 .text.VS4210_init
                0x000000000800bec8       0x64 ./Lib/libVS4210.a(VS4210.o)
 .text.VS4210_init_Input_MODE1_w0
                0x000000000800bf2c      0x264 ./Lib/libVS4210.a(VS4210.o)
 .text.VS4210_init_Input_MODE1_w1
                0x000000000800c190      0x264 ./Lib/libVS4210.a(VS4210.o)
 .text.VS4210_init_Input_MODE1_w2
                0x000000000800c3f4      0x264 ./Lib/libVS4210.a(VS4210.o)
 .text.VS4210_init_Input_MODE1_w3
                0x000000000800c658      0x264 ./Lib/libVS4210.a(VS4210.o)
 .text.VS4210_init_Input_MODE2_w0
                0x000000000800c8bc      0x264 ./Lib/libVS4210.a(VS4210.o)
 .text.VS4210_init_Input_MODE2_w1
                0x000000000800cb20      0x264 ./Lib/libVS4210.a(VS4210.o)
 .text.VS4210_init_Input_MODE2_w2
                0x000000000800cd84      0x264 ./Lib/libVS4210.a(VS4210.o)
 .text.VS4210_init_Input_MODE2_w3
                0x000000000800cfe8      0x264 ./Lib/libVS4210.a(VS4210.o)
 .text.VS4210_init_Input_MODE6_w0
                0x000000000800d24c      0x264 ./Lib/libVS4210.a(VS4210.o)
 .text.VS4210_init_Input_MODE6_w1
                0x000000000800d4b0      0x264 ./Lib/libVS4210.a(VS4210.o)
 .text.VS4210_init_Input_MODE6_w2
                0x000000000800d714      0x264 ./Lib/libVS4210.a(VS4210.o)
 .text.VS4210_init_Input_MODE6_w3
                0x000000000800d978      0x264 ./Lib/libVS4210.a(VS4210.o)
 .text.VS4210_init_Input_MODE12_w0
                0x000000000800dbdc      0x264 ./Lib/libVS4210.a(VS4210.o)
 .text.VS4210_init_Input_MODE12_w1
                0x000000000800de40      0x264 ./Lib/libVS4210.a(VS4210.o)
 .text.VS4210_init_Input_MODE13_w0
                0x000000000800e0a4      0x264 ./Lib/libVS4210.a(VS4210.o)
 .text.VS4210_init_Input_MODE13_w1
                0x000000000800e308      0x264 ./Lib/libVS4210.a(VS4210.o)
 .text.VS4210_init_Input_MODE24_w1
                0x000000000800e56c      0x248 ./Lib/libVS4210.a(VS4210.o)
 .text.VS4210_PIP_1080I_w0_Set
                0x000000000800e7b4       0x34 ./Lib/libVS4210.a(VS4210.o)
 .text.VS4210_init_Input_MODE24_w0
                0x000000000800e7e8      0x43c ./Lib/libVS4210.a(VS4210.o)
 .text.VS4210_OpenWindowsPIP0
                0x000000000800ec24       0xcc ./Lib/libVS4210.a(VS4210.o)
                0x000000000800ec24                VS4210_OpenWindowsPIP0
 .text.VS4210_init_Input_MODE88
                0x000000000800ecf0       0x50 ./Lib/libVS4210.a(VS4210.o)
                0x000000000800ecf0                VS4210_init_Input_MODE88
 .text.VS4210_Line_Clear
                0x000000000800ed40       0x14 ./Lib/libVS4210.a(VS4210.o)
                0x000000000800ed40                VS4210_Line_Clear
 .text.VS4210_Line_Draw
                0x000000000800ed54      0x240 ./Lib/libVS4210.a(VS4210.o)
                0x000000000800ed54                VS4210_Line_Draw
 .text.VS4210_SwitchChannel
                0x000000000800ef94       0x34 ./Lib/libVS4210.a(VS4210.o)
                0x000000000800ef94                VS4210_SwitchChannel
 .text.VS4210_OpenWindowsX
                0x000000000800efc8       0x5c ./Lib/libVS4210.a(VS4210.o)
                0x000000000800efc8                VS4210_OpenWindowsX
 .text.VS4210_CloseWindowsX
                0x000000000800f024       0x48 ./Lib/libVS4210.a(VS4210.o)
                0x000000000800f024                VS4210_CloseWindowsX
 .text.VS4210_CloseAllWindows
                0x000000000800f06c       0x4a ./Lib/libVS4210.a(VS4210.o)
                0x000000000800f06c                VS4210_CloseAllWindows
 .text.VS4210_channel0clear
                0x000000000800f0b6       0x6a ./Lib/libVS4210.a(VS4210.o)
                0x000000000800f0b6                VS4210_channel0clear
 .text.VS4210_clearAllsignal
                0x000000000800f120       0x48 ./Lib/libVS4210.a(VS4210.o)
                0x000000000800f120                VS4210_clearAllsignal
 .text.VS4210_SetHVLenght
                0x000000000800f168       0x80 ./Lib/libVS4210.a(VS4210.o)
                0x000000000800f168                VS4210_SetHVLenght
 .text.VS4210_Mode0FastChange
                0x000000000800f1e8       0x98 ./Lib/libVS4210.a(VS4210.o)
 .text.VS4210_displayoff
                0x000000000800f280       0x20 ./Lib/libVS4210.a(VS4210.o)
                0x000000000800f280                VS4210_displayoff
 .text.VS4210_init_Input_MODE0_w0
                0x000000000800f2a0      0x27c ./Lib/libVS4210.a(VS4210.o)
 .text.VS4210_displayon
                0x000000000800f51c       0x18 ./Lib/libVS4210.a(VS4210.o)
                0x000000000800f51c                VS4210_displayon
 .text.VS4210_init_mode
                0x000000000800f534      0x31c ./Lib/libVS4210.a(VS4210.o)
                0x000000000800f534                VS4210_init_mode
 .text.VS4210_SetInModeOutMode
                0x000000000800f850      0x20c ./Lib/libVS4210.a(VS4210.o)
                0x000000000800f850                VS4210_SetInModeOutMode
 .text.VS4210_StartInit
                0x000000000800fa5c       0xe8 ./Lib/libVS4210.a(VS4210.o)
                0x000000000800fa5c                VS4210_StartInit
 .text.VS4210_No_Signal_Init
                0x000000000800fb44       0x24 ./Lib/libVS4210.a(VS4210.o)
                0x000000000800fb44                VS4210_No_Signal_Init
 .text.VS4210_Rx_NoSignal
                0x000000000800fb68      0x13c ./Lib/libVS4210.a(VS4210.o)
                0x000000000800fb68                VS4210_Rx_NoSignal
 .text.VS4210_PowerDown
                0x000000000800fca4        0xc ./Lib/libVS4210.a(VS4210.o)
                0x000000000800fca4                VS4210_PowerDown
 .text.VS4210_PowerResume
                0x000000000800fcb0        0xc ./Lib/libVS4210.a(VS4210.o)
                0x000000000800fcb0                VS4210_PowerResume
 .text.VS4210_SetMutiWindows
                0x000000000800fcbc      0x70c ./Lib/libVS4210.a(VS4210.o)
                0x000000000800fcbc                VS4210_SetMutiWindows
 .text.VS4210_SetInputSizeHV
                0x00000000080103c8       0x2c ./Lib/libVS4210.a(VS4210.o)
                0x00000000080103c8                VS4210_SetInputSizeHV
 .text.get_it6602_dev_data
                0x00000000080103f4       0x18 ./Lib/libit6602.a(it6602.o)
 .text.IT6602_VideoOutputConfigure_Init
                0x000000000801040c       0xd4 ./Lib/libit6602.a(it6602.o)
 .text.hdmirx_Var_init
                0x00000000080104e0       0x70 ./Lib/libit6602.a(it6602.o)
 .text.hdmirxrd
                0x0000000008010550        0x8 ./Lib/libit6602.a(it6602.o)
 .text.IsHDMIMode
                0x0000000008010558       0x3c ./Lib/libit6602.a(it6602.o)
 .text.SetColorimetryByMode
                0x0000000008010594       0x1c ./Lib/libit6602.a(it6602.o)
 .text.CheckAVMute
                0x00000000080105b0       0x30 ./Lib/libit6602.a(it6602.o)
 .text.CLKCheck
                0x00000000080105e0       0x28 ./Lib/libit6602.a(it6602.o)
 .text.CheckPlg5VPwr
                0x0000000008010608       0x30 ./Lib/libit6602.a(it6602.o)
 .text.CheckSCDT
                0x0000000008010638       0x2a ./Lib/libit6602.a(it6602.o)
 .text.getHDMIRXInputAudio
                0x0000000008010662       0x50 ./Lib/libit6602.a(it6602.o)
 .text.hdmirxwr
                0x00000000080106b2        0xa ./Lib/libit6602.a(it6602.o)
 .text.hdmirxset
                0x00000000080106bc       0x1e ./Lib/libit6602.a(it6602.o)
 .text.hdimrx_write_init
                0x00000000080106da       0x20 ./Lib/libit6602.a(it6602.o)
 *fill*         0x00000000080106fa        0x2 
 .text.IT6602_Rst
                0x00000000080106fc       0x14 ./Lib/libit6602.a(it6602.o)
 .text.chgbank  0x0000000008010710       0x44 ./Lib/libit6602.a(it6602.o)
 .text.GetAVIInfoFrame
                0x0000000008010754       0x74 ./Lib/libit6602.a(it6602.o)
 .text.SetColorimetryByInfoFrame
                0x00000000080107c8       0x36 ./Lib/libit6602.a(it6602.o)
 .text.SetVideoOutputColorFormat
                0x00000000080107fe       0x3a ./Lib/libit6602.a(it6602.o)
 .text.IT6602VideoOutputEnable
                0x0000000008010838       0x1e ./Lib/libit6602.a(it6602.o)
 .text.hdmirx_SetHWMuteClr
                0x0000000008010856        0xe ./Lib/libit6602.a(it6602.o)
 .text.hdmirx_ClearHWMuteClr
                0x0000000008010864        0xe ./Lib/libit6602.a(it6602.o)
 .text.IT6602AudioOutputEnable
                0x0000000008010872       0x1e ./Lib/libit6602.a(it6602.o)
 .text.IT6602SwitchAudioState
                0x0000000008010890       0x4e ./Lib/libit6602.a(it6602.o)
 .text.IT6602_SetVideoMute
                0x00000000080108de       0x80 ./Lib/libit6602.a(it6602.o)
 *fill*         0x000000000801095e        0x2 
 .text.DisableOverWriteRS
                0x0000000008010960       0x80 ./Lib/libit6602.a(it6602.o)
 .text.TogglePolarity
                0x00000000080109e0      0x110 ./Lib/libit6602.a(it6602.o)
 .text.hdmirx_SetHWMuteClrMode
                0x0000000008010af0        0xe ./Lib/libit6602.a(it6602.o)
 .text.SetVideoInputFormatWithoutInfoFrame
                0x0000000008010afe       0x4e ./Lib/libit6602.a(it6602.o)
 .text.SetVideoInputFormatWithInfoFrame
                0x0000000008010b4c       0x56 ./Lib/libit6602.a(it6602.o)
 .text.IT6602_VideoOutputModeSet
                0x0000000008010ba2       0xba ./Lib/libit6602.a(it6602.o)
 .text.TMDSCheck
                0x0000000008010c5c      0x220 ./Lib/libit6602.a(it6602.o)
 .text.IT6602HDMIEventManager
                0x0000000008010e7c       0xa6 ./Lib/libit6602.a(it6602.o)
 .text.hdmirx_INT_P1_Deskew
                0x0000000008010f22       0x30 ./Lib/libit6602.a(it6602.o)
 .text.hdmirx_INT_P0_Deskew
                0x0000000008010f52       0x30 ./Lib/libit6602.a(it6602.o)
 *fill*         0x0000000008010f82        0x2 
 .text.OverWriteAmpValue2EQ
                0x0000000008010f84      0x1cc ./Lib/libit6602.a(it6602.o)
 .text.AmpValidCheck
                0x0000000008011150      0x13c ./Lib/libit6602.a(it6602.o)
 .text.hdmirx_INT_EQ_FAIL
                0x000000000801128c      0x11c ./Lib/libit6602.a(it6602.o)
 .text.hdmirx_ResetAudio
                0x00000000080113a8       0x40 ./Lib/libit6602.a(it6602.o)
 .text.IT6602AudioHandler
                0x00000000080113e8       0xd4 ./Lib/libit6602.a(it6602.o)
 .text.hdmirxbwr
                0x00000000080114bc        0xe ./Lib/libit6602.a(it6602.o)
 *fill*         0x00000000080114ca        0x2 
 .text.SetColorSpaceConvert
                0x00000000080114cc       0xbc ./Lib/libit6602.a(it6602.o)
 .text.SetDVIVideoOutput
                0x0000000008011588       0x1e ./Lib/libit6602.a(it6602.o)
 .text.hdmirx_INT_HDMIMode_Chg
                0x00000000080115a6       0x4e ./Lib/libit6602.a(it6602.o)
 .text.SetNewInfoVideoOutput
                0x00000000080115f4       0x1c ./Lib/libit6602.a(it6602.o)
 .text.IT6602VideoOutputConfigure
                0x0000000008011610       0x6c ./Lib/libit6602.a(it6602.o)
 .text.aud_fiforst
                0x000000000801167c       0x5a ./Lib/libit6602.a(it6602.o)
 .text.it6602HPDCtrl
                0x00000000080116d6       0x44 ./Lib/libit6602.a(it6602.o)
                0x00000000080116d6                it6602HPDCtrl
 .text.hdmirx_ECCTimingOut
                0x000000000801171a       0x60 ./Lib/libit6602.a(it6602.o)
 .text.hdmirx_INT_P0_ECC
                0x000000000801177a       0x1a ./Lib/libit6602.a(it6602.o)
 .text.hdmirx_INT_P1_ECC
                0x0000000008011794       0x1a ./Lib/libit6602.a(it6602.o)
 *fill*         0x00000000080117ae        0x2 
 .text.get_vid_info
                0x00000000080117b0      0x1f4 ./Lib/libit6602.a(it6602.o)
                0x00000000080117b0                get_vid_info
 .text.show_vid_info
                0x00000000080119a4       0xa8 ./Lib/libit6602.a(it6602.o)
                0x00000000080119a4                show_vid_info
 .text.IT6602SwitchVideoState
                0x0000000008011a4c       0x74 ./Lib/libit6602.a(it6602.o)
 .text.it6602PortSelect
                0x0000000008011ac0       0x2a ./Lib/libit6602.a(it6602.o)
                0x0000000008011ac0                it6602PortSelect
 .text.IT6602_fsm_init
                0x0000000008011aea       0x1c ./Lib/libit6602.a(it6602.o)
                0x0000000008011aea                IT6602_fsm_init
 .text.hdmirx_INT_5V_Pwr_Chg
                0x0000000008011b06       0x66 ./Lib/libit6602.a(it6602.o)
 .text.hdmirx_INT_SCDT_Chg
                0x0000000008011b6c       0x28 ./Lib/libit6602.a(it6602.o)
 .text.IT6602HDMIInterruptHandler
                0x0000000008011b94      0x418 ./Lib/libit6602.a(it6602.o)
 .text.WaitingForSCDT
                0x0000000008011fac       0x80 ./Lib/libit6602.a(it6602.o)
 .text.IT6602VideoHandler
                0x000000000801202c       0x5c ./Lib/libit6602.a(it6602.o)
 .text.IT6602_fsm
                0x0000000008012088       0x2c ./Lib/libit6602.a(it6602.o)
                0x0000000008012088                IT6602_fsm
 .text.GetHDMI_InputMode
                0x00000000080120b4      0x1e4 ./Lib/libit6602.a(it6602.o)
                0x00000000080120b4                GetHDMI_InputMode
 .text.getHDMIRXAudioInfo
                0x0000000008012298       0x16 ./Lib/libit6602.a(it6602.o)
                0x0000000008012298                getHDMIRXAudioInfo
 .text.InitHDMIRX
                0x00000000080122ae        0xe ./Lib/libit6602.a(it6602.o)
                0x00000000080122ae                InitHDMIRX
 .text.CheckHDMIRX
                0x00000000080122bc        0x8 ./Lib/libit6602.a(it6602.o)
                0x00000000080122bc                CheckHDMIRX
 *(.glue_7)
 .glue_7        0x00000000080122c4        0x0 linker stubs
 *(.glue_7t)
 .glue_7t       0x00000000080122c4        0x0 linker stubs
 *(.eh_frame)
 .eh_frame      0x00000000080122c4        0x0 /usr/lib/gcc/arm-none-eabi/4.9.3/armv7-m/crtbegin.o
 *(.init)
 .init          0x00000000080122c4        0x4 /usr/lib/gcc/arm-none-eabi/4.9.3/armv7-m/crti.o
                0x00000000080122c4                _init
 .init          0x00000000080122c8        0x8 /usr/lib/gcc/arm-none-eabi/4.9.3/armv7-m/crtn.o
 *(.fini)
 .fini          0x00000000080122d0        0x4 /usr/lib/gcc/arm-none-eabi/4.9.3/armv7-m/crti.o
                0x00000000080122d0                _fini
 .fini          0x00000000080122d4        0x8 /usr/lib/gcc/arm-none-eabi/4.9.3/armv7-m/crtn.o
                0x00000000080122dc                . = ALIGN (0x4)
                0x00000000080122dc                _etext = .

.vfp11_veneer   0x00000000080122dc        0x0
 .vfp11_veneer  0x00000000080122dc        0x0 linker stubs

.v4_bx          0x00000000080122dc        0x0
 .v4_bx         0x00000000080122dc        0x0 linker stubs

.iplt           0x00000000080122dc        0x0
 .iplt          0x00000000080122dc        0x0 /usr/lib/gcc/arm-none-eabi/4.9.3/armv7-m/crtbegin.o

.rodata         0x00000000080122dc     0x921c
                0x00000000080122dc                . = ALIGN (0x4)
 *(.rodata)
 .rodata        0x00000000080122dc       0x12 build/stm32f1xx_hal_rcc.o
 *(.rodata*)
 *fill*         0x00000000080122ee        0x2 
 .rodata.str1.4
                0x00000000080122f0      0x51b build/main.o
 *fill*         0x000000000801280b        0x1 
 .rodata.__FUNCTION__.9082
                0x000000000801280c       0x15 build/main.o
 *fill*         0x0000000008012821        0x3 
 .rodata.__FUNCTION__.9219
                0x0000000008012824        0xe build/main.o
 *fill*         0x0000000008012832        0x2 
 .rodata.__FUNCTION__.9140
                0x0000000008012834        0xa build/main.o
 *fill*         0x000000000801283e        0x2 
 .rodata.__FUNCTION__.9129
                0x0000000008012840        0x5 build/main.o
 *fill*         0x0000000008012845        0x3 
 .rodata.__FUNCTION__.9077
                0x0000000008012848       0x11 build/main.o
 *fill*         0x0000000008012859        0x3 
 .rodata.AHBPrescTable
                0x000000000801285c       0x10 build/system_stm32f1xx.o
                0x000000000801285c                AHBPrescTable
 .rodata.APBPrescTable
                0x000000000801286c        0x8 build/system_stm32f1xx.o
                0x000000000801286c                APBPrescTable
 .rodata.VS4210_hdmi1280x768_1080P_mode6pip_w3_param
                0x0000000008012874       0x19 build/VS4210_param_Modex26.o
                0x0000000008012874                VS4210_hdmi1280x768_1080P_mode6pip_w3_param
 *fill*         0x000000000801288d        0x3 
 .rodata.VS4210_hdmi1366x768_720P_mode2_w1_param
                0x0000000008012890       0x19 build/VS4210_param_Modex26.o
                0x0000000008012890                VS4210_hdmi1366x768_720P_mode2_w1_param
 *fill*         0x00000000080128a9        0x3 
 .rodata.VS4210_hdmi1080P_1080P_mode6_w1_param
                0x00000000080128ac       0x19 build/VS4210_param_Modex26.o
                0x00000000080128ac                VS4210_hdmi1080P_1080P_mode6_w1_param
 *fill*         0x00000000080128c5        0x3 
 .rodata.VS4210_hdmi1280x1024_720P_mode13_w1_param
                0x00000000080128c8       0x19 build/VS4210_param_Modex26.o
                0x00000000080128c8                VS4210_hdmi1280x1024_720P_mode13_w1_param
 *fill*         0x00000000080128e1        0x3 
 .rodata.VS4210_hdmi640x480_1080P_mode6_w2_param
                0x00000000080128e4       0x19 build/VS4210_param_Modex26.o
                0x00000000080128e4                VS4210_hdmi640x480_1080P_mode6_w2_param
 *fill*         0x00000000080128fd        0x3 
 .rodata.VS4210_hdmi1366x768_1080P_mode2_w2_param
                0x0000000008012900       0x19 build/VS4210_param_Modex26.o
                0x0000000008012900                VS4210_hdmi1366x768_1080P_mode2_w2_param
 *fill*         0x0000000008012919        0x3 
 .rodata.VS4210_hdmi480i_1080P_mode6_w3_param
                0x000000000801291c       0x19 build/VS4210_param_Modex26.o
                0x000000000801291c                VS4210_hdmi480i_1080P_mode6_w3_param
 *fill*         0x0000000008012935        0x3 
 .rodata.VS4210_hdmi1280x1024_720P_mode6_w0_param
                0x0000000008012938       0x19 build/VS4210_param_Modex26.o
                0x0000000008012938                VS4210_hdmi1280x1024_720P_mode6_w0_param
 *fill*         0x0000000008012951        0x3 
 .rodata.VS4210_hdmi1680x1050_720P_mode24_w1_param
                0x0000000008012954       0x19 build/VS4210_param_Modex26.o
                0x0000000008012954                VS4210_hdmi1680x1050_720P_mode24_w1_param
 *fill*         0x000000000801296d        0x3 
 .rodata.VS4210_hdmi1280x800_720P_mode13_w1_param
                0x0000000008012970       0x19 build/VS4210_param_Modex26.o
                0x0000000008012970                VS4210_hdmi1280x800_720P_mode13_w1_param
 *fill*         0x0000000008012989        0x3 
 .rodata.VS4210_hdmi1024x768_720P_mode24_w1_param
                0x000000000801298c       0x19 build/VS4210_param_Modex26.o
                0x000000000801298c                VS4210_hdmi1024x768_720P_mode24_w1_param
 *fill*         0x00000000080129a5        0x3 
 .rodata.VS4210_hdmi1360x768_1080P_mode2_w1_param
                0x00000000080129a8       0x19 build/VS4210_param_Modex26.o
                0x00000000080129a8                VS4210_hdmi1360x768_1080P_mode2_w1_param
 *fill*         0x00000000080129c1        0x3 
 .rodata.VS4210_hdmi640x480_720P_mode6_w3_param
                0x00000000080129c4       0x19 build/VS4210_param_Modex26.o
                0x00000000080129c4                VS4210_hdmi640x480_720P_mode6_w3_param
 *fill*         0x00000000080129dd        0x3 
 .rodata.VS4210_hdmi1400x1050_1080P_mode2_w0_param
                0x00000000080129e0       0x19 build/VS4210_param_Modex26.o
                0x00000000080129e0                VS4210_hdmi1400x1050_1080P_mode2_w0_param
 *fill*         0x00000000080129f9        0x3 
 .rodata.VS4210_hdmi480P_1080P_mode6_w0_param
                0x00000000080129fc       0x19 build/VS4210_param_Modex26.o
                0x00000000080129fc                VS4210_hdmi480P_1080P_mode6_w0_param
 *fill*         0x0000000008012a15        0x3 
 .rodata.VS4210_hdmi1280x768_1080P_mode13_w0_param
                0x0000000008012a18       0x19 build/VS4210_param_Modex26.o
                0x0000000008012a18                VS4210_hdmi1280x768_1080P_mode13_w0_param
 *fill*         0x0000000008012a31        0x3 
 .rodata.VS4210_hdmi1600x1200_720P_mode2_w1_param
                0x0000000008012a34       0x19 build/VS4210_param_Modex26.o
                0x0000000008012a34                VS4210_hdmi1600x1200_720P_mode2_w1_param
 *fill*         0x0000000008012a4d        0x3 
 .rodata.VS4210_hdmi1680x1050_720P_mode2_w3_param
                0x0000000008012a50       0x19 build/VS4210_param_Modex26.o
                0x0000000008012a50                VS4210_hdmi1680x1050_720P_mode2_w3_param
 *fill*         0x0000000008012a69        0x3 
 .rodata.VS4210_hdmi1280x1024_1080P_mode2_w0_param
                0x0000000008012a6c       0x19 build/VS4210_param_Modex26.o
                0x0000000008012a6c                VS4210_hdmi1280x1024_1080P_mode2_w0_param
 *fill*         0x0000000008012a85        0x3 
 .rodata.VS4210_hdmi720P_1080P_mode2_w3_param
                0x0000000008012a88       0x19 build/VS4210_param_Modex26.o
                0x0000000008012a88                VS4210_hdmi720P_1080P_mode2_w3_param
 *fill*         0x0000000008012aa1        0x3 
 .rodata.VS4210_hdmi1360x768_720P_mode2_w3_param
                0x0000000008012aa4       0x19 build/VS4210_param_Modex26.o
                0x0000000008012aa4                VS4210_hdmi1360x768_720P_mode2_w3_param
 *fill*         0x0000000008012abd        0x3 
 .rodata.VS4210_hdmi576i_1080P_mode6_w1_param
                0x0000000008012ac0       0x19 build/VS4210_param_Modex26.o
                0x0000000008012ac0                VS4210_hdmi576i_1080P_mode6_w1_param
 *fill*         0x0000000008012ad9        0x3 
 .rodata.VS4210_hdmi576P_1080P_mode1_w0_param
                0x0000000008012adc       0x19 build/VS4210_param_Modex26.o
                0x0000000008012adc                VS4210_hdmi576P_1080P_mode1_w0_param
 *fill*         0x0000000008012af5        0x3 
 .rodata.VS4210_hdmi576i_1080P_mode6pip_w3_param
                0x0000000008012af8       0x19 build/VS4210_param_Modex26.o
                0x0000000008012af8                VS4210_hdmi576i_1080P_mode6pip_w3_param
 *fill*         0x0000000008012b11        0x3 
 .rodata.VS4210_hdmi1360x768_1080P_mode2_w3_param
                0x0000000008012b14       0x19 build/VS4210_param_Modex26.o
                0x0000000008012b14                VS4210_hdmi1360x768_1080P_mode2_w3_param
 *fill*         0x0000000008012b2d        0x3 
 .rodata.VS4210_hdmi1024x768_720P_mode13_w1_param
                0x0000000008012b30       0x19 build/VS4210_param_Modex26.o
                0x0000000008012b30                VS4210_hdmi1024x768_720P_mode13_w1_param
 *fill*         0x0000000008012b49        0x3 
 .rodata.VS4210_hdmi800x600_720P_mode1_w2_param
                0x0000000008012b4c       0x19 build/VS4210_param_Modex26.o
                0x0000000008012b4c                VS4210_hdmi800x600_720P_mode1_w2_param
 *fill*         0x0000000008012b65        0x3 
 .rodata.VS4210_hdmi1080P_1080P_mode1_w2_param
                0x0000000008012b68       0x19 build/VS4210_param_Modex26.o
                0x0000000008012b68                VS4210_hdmi1080P_1080P_mode1_w2_param
 *fill*         0x0000000008012b81        0x3 
 .rodata.VS4210_hdmi640x480_720P_mode24_w1_param
                0x0000000008012b84       0x19 build/VS4210_param_Modex26.o
                0x0000000008012b84                VS4210_hdmi640x480_720P_mode24_w1_param
 *fill*         0x0000000008012b9d        0x3 
 .rodata.VS4210_hdmi1920x1200_1080P_mode1_w1_param
                0x0000000008012ba0       0x19 build/VS4210_param_Modex26.o
                0x0000000008012ba0                VS4210_hdmi1920x1200_1080P_mode1_w1_param
 *fill*         0x0000000008012bb9        0x3 
 .rodata.VS4210_hdmi720P_1080P_mode6_w3_param
                0x0000000008012bbc       0x19 build/VS4210_param_Modex26.o
                0x0000000008012bbc                VS4210_hdmi720P_1080P_mode6_w3_param
 *fill*         0x0000000008012bd5        0x3 
 .rodata.VS4210_hdmi1440x900_720P_mode12_w0_param
                0x0000000008012bd8       0x19 build/VS4210_param_Modex26.o
                0x0000000008012bd8                VS4210_hdmi1440x900_720P_mode12_w0_param
 *fill*         0x0000000008012bf1        0x3 
 .rodata.VS4210_hdmi1080i_720P_mode6_w0_param
                0x0000000008012bf4       0x19 build/VS4210_param_Modex26.o
                0x0000000008012bf4                VS4210_hdmi1080i_720P_mode6_w0_param
 *fill*         0x0000000008012c0d        0x3 
 .rodata.VS4210_hdmi1600x1200_1080P_mode12_w0_param
                0x0000000008012c10       0x19 build/VS4210_param_Modex26.o
                0x0000000008012c10                VS4210_hdmi1600x1200_1080P_mode12_w0_param
 *fill*         0x0000000008012c29        0x3 
 .rodata.VS4210_hdmi1440x900_720P_mode6_w0_param
                0x0000000008012c2c       0x19 build/VS4210_param_Modex26.o
                0x0000000008012c2c                VS4210_hdmi1440x900_720P_mode6_w0_param
 *fill*         0x0000000008012c45        0x3 
 .rodata.VS4210_hdmi1280x1024_1080P_mode1_w0_param
                0x0000000008012c48       0x19 build/VS4210_param_Modex26.o
                0x0000000008012c48                VS4210_hdmi1280x1024_1080P_mode1_w0_param
 *fill*         0x0000000008012c61        0x3 
 .rodata.VS4210_hdmi1280x1024_1080P_mode13_w0_param
                0x0000000008012c64       0x19 build/VS4210_param_Modex26.o
                0x0000000008012c64                VS4210_hdmi1280x1024_1080P_mode13_w0_param
 *fill*         0x0000000008012c7d        0x3 
 .rodata.VS4210_hdmi720P_1080P_mode6pip_w0_param
                0x0000000008012c80       0x19 build/VS4210_param_Modex26.o
                0x0000000008012c80                VS4210_hdmi720P_1080P_mode6pip_w0_param
 *fill*         0x0000000008012c99        0x3 
 .rodata.VS4210_hdmi1360x768_1080P_mode6_w0_param
                0x0000000008012c9c       0x19 build/VS4210_param_Modex26.o
                0x0000000008012c9c                VS4210_hdmi1360x768_1080P_mode6_w0_param
 *fill*         0x0000000008012cb5        0x3 
 .rodata.VS4210_hdmi720P_1080P_mode6pip_w2_param
                0x0000000008012cb8       0x19 build/VS4210_param_Modex26.o
                0x0000000008012cb8                VS4210_hdmi720P_1080P_mode6pip_w2_param
 *fill*         0x0000000008012cd1        0x3 
 .rodata.VS4210_hdmi1280x1024_1080P_mode2_w2_param
                0x0000000008012cd4       0x19 build/VS4210_param_Modex26.o
                0x0000000008012cd4                VS4210_hdmi1280x1024_1080P_mode2_w2_param
 *fill*         0x0000000008012ced        0x3 
 .rodata.VS4210_hdmi1400x1050_720P_mode24_w0_param
                0x0000000008012cf0       0x19 build/VS4210_param_Modex26.o
                0x0000000008012cf0                VS4210_hdmi1400x1050_720P_mode24_w0_param
 *fill*         0x0000000008012d09        0x3 
 .rodata.VS4210_hdmi1080P_720P_mode2_w1_param
                0x0000000008012d0c       0x19 build/VS4210_param_Modex26.o
                0x0000000008012d0c                VS4210_hdmi1080P_720P_mode2_w1_param
 *fill*         0x0000000008012d25        0x3 
 .rodata.VS4210_hdmi1920x1200_720P_mode12_w0_param
                0x0000000008012d28       0x19 build/VS4210_param_Modex26.o
                0x0000000008012d28                VS4210_hdmi1920x1200_720P_mode12_w0_param
 *fill*         0x0000000008012d41        0x3 
 .rodata.VS4210_hdmi1600x1200_720P_mode24_w0_param
                0x0000000008012d44       0x19 build/VS4210_param_Modex26.o
                0x0000000008012d44                VS4210_hdmi1600x1200_720P_mode24_w0_param
 *fill*         0x0000000008012d5d        0x3 
 .rodata.VS4210_hdmi1600x1200_720P_mode13_w1_param
                0x0000000008012d60       0x19 build/VS4210_param_Modex26.o
                0x0000000008012d60                VS4210_hdmi1600x1200_720P_mode13_w1_param
 *fill*         0x0000000008012d79        0x3 
 .rodata.VS4210_hdmi1280x1024_720P_mode1_w3_param
                0x0000000008012d7c       0x19 build/VS4210_param_Modex26.o
                0x0000000008012d7c                VS4210_hdmi1280x1024_720P_mode1_w3_param
 *fill*         0x0000000008012d95        0x3 
 .rodata.VS4210_hdmi1920x1200_720P_mode13_w1_param
                0x0000000008012d98       0x19 build/VS4210_param_Modex26.o
                0x0000000008012d98                VS4210_hdmi1920x1200_720P_mode13_w1_param
 *fill*         0x0000000008012db1        0x3 
 .rodata.VS4210_hdmi1280x1024_1080P_mode6_w2_param
                0x0000000008012db4       0x19 build/VS4210_param_Modex26.o
                0x0000000008012db4                VS4210_hdmi1280x1024_1080P_mode6_w2_param
 *fill*         0x0000000008012dcd        0x3 
 .rodata.VS4210_hdmi576i_720P_mode24_w0_param
                0x0000000008012dd0       0x19 build/VS4210_param_Modex26.o
                0x0000000008012dd0                VS4210_hdmi576i_720P_mode24_w0_param
 *fill*         0x0000000008012de9        0x3 
 .rodata.VS4210_hdmi800x600_720P_mode13_w1_param
                0x0000000008012dec       0x19 build/VS4210_param_Modex26.o
                0x0000000008012dec                VS4210_hdmi800x600_720P_mode13_w1_param
 *fill*         0x0000000008012e05        0x3 
 .rodata.VS4210_hdmi480i_720P_mode2_w3_param
                0x0000000008012e08       0x19 build/VS4210_param_Modex26.o
                0x0000000008012e08                VS4210_hdmi480i_720P_mode2_w3_param
 *fill*         0x0000000008012e21        0x3 
 .rodata.VS4210_hdmi1280x800_1080P_mode6_w2_param
                0x0000000008012e24       0x19 build/VS4210_param_Modex26.o
                0x0000000008012e24                VS4210_hdmi1280x800_1080P_mode6_w2_param
 *fill*         0x0000000008012e3d        0x3 
 .rodata.VS4210_hdmi1440x900_720P_mode6_w2_param
                0x0000000008012e40       0x19 build/VS4210_param_Modex26.o
                0x0000000008012e40                VS4210_hdmi1440x900_720P_mode6_w2_param
 *fill*         0x0000000008012e59        0x3 
 .rodata.VS4210_hdmi1080i_1080P_mode1_w2_param
                0x0000000008012e5c       0x19 build/VS4210_param_Modex26.o
                0x0000000008012e5c                VS4210_hdmi1080i_1080P_mode1_w2_param
 *fill*         0x0000000008012e75        0x3 
 .rodata.VS4210_hdmi1280x768_720P_mode12_w0_param
                0x0000000008012e78       0x19 build/VS4210_param_Modex26.o
                0x0000000008012e78                VS4210_hdmi1280x768_720P_mode12_w0_param
 *fill*         0x0000000008012e91        0x3 
 .rodata.VS4210_hdmi1600x1200_1080P_mode13_w0_param
                0x0000000008012e94       0x19 build/VS4210_param_Modex26.o
                0x0000000008012e94                VS4210_hdmi1600x1200_1080P_mode13_w0_param
 *fill*         0x0000000008012ead        0x3 
 .rodata.VS4210_hdmi1600x1200_1080P_mode2_w0_param
                0x0000000008012eb0       0x19 build/VS4210_param_Modex26.o
                0x0000000008012eb0                VS4210_hdmi1600x1200_1080P_mode2_w0_param
 *fill*         0x0000000008012ec9        0x3 
 .rodata.VS4210_hdmi576i_1080P_mode2_w2_param
                0x0000000008012ecc       0x19 build/VS4210_param_Modex26.o
                0x0000000008012ecc                VS4210_hdmi576i_1080P_mode2_w2_param
 *fill*         0x0000000008012ee5        0x3 
 .rodata.VS4210_hdmi480i_1080P_mode1_w0_param
                0x0000000008012ee8       0x19 build/VS4210_param_Modex26.o
                0x0000000008012ee8                VS4210_hdmi480i_1080P_mode1_w0_param
 *fill*         0x0000000008012f01        0x3 
 .rodata.VS4210_hdmi800x600_1080P_mode6pip_w1_param
                0x0000000008012f04       0x19 build/VS4210_param_Modex26.o
                0x0000000008012f04                VS4210_hdmi800x600_1080P_mode6pip_w1_param
 *fill*         0x0000000008012f1d        0x3 
 .rodata.VS4210_hdmi720P_1080P_mode12_w0_param
                0x0000000008012f20       0x19 build/VS4210_param_Modex26.o
                0x0000000008012f20                VS4210_hdmi720P_1080P_mode12_w0_param
 *fill*         0x0000000008012f39        0x3 
 .rodata.VS4210_hdmi800x600_1080P_mode2_w0_param
                0x0000000008012f3c       0x19 build/VS4210_param_Modex26.o
                0x0000000008012f3c                VS4210_hdmi800x600_1080P_mode2_w0_param
 *fill*         0x0000000008012f55        0x3 
 .rodata.VS4210_hdmi1400x1050_720P_mode2_w1_param
                0x0000000008012f58       0x19 build/VS4210_param_Modex26.o
                0x0000000008012f58                VS4210_hdmi1400x1050_720P_mode2_w1_param
 *fill*         0x0000000008012f71        0x3 