Archive member included to satisfy reference by file (symbol)

/home/ryan/xun/gcc-arm-none-eabi-7-2018-q2-update/bin/../lib/gcc/arm-none-eabi/7.3.1/../../../../arm-none-eabi/lib/thumb/v7-m/libc_nano.a(lib_a-errno.o)
                              build/main.o (__errno)
/home/ryan/xun/gcc-arm-none-eabi-7-2018-q2-update/bin/../lib/gcc/arm-none-eabi/7.3.1/../../../../arm-none-eabi/lib/thumb/v7-m/libc_nano.a(lib_a-exit.o)
                              /home/ryan/xun/gcc-arm-none-eabi-7-2018-q2-update/bin/../lib/gcc/arm-none-eabi/7.3.1/../../../../arm-none-eabi/lib/thumb/v7-m/crt0.o (exit)
/home/ryan/xun/gcc-arm-none-eabi-7-2018-q2-update/bin/../lib/gcc/arm-none-eabi/7.3.1/../../../../arm-none-eabi/lib/thumb/v7-m/libc_nano.a(lib_a-impure.o)
                              /home/ryan/xun/gcc-arm-none-eabi-7-2018-q2-update/bin/../lib/gcc/arm-none-eabi/7.3.1/../../../../arm-none-eabi/lib/thumb/v7-m/libc_nano.a(lib_a-exit.o) (_global_impure_ptr)
/home/ryan/xun/gcc-arm-none-eabi-7-2018-q2-update/bin/../lib/gcc/arm-none-eabi/7.3.1/../../../../arm-none-eabi/lib/thumb/v7-m/libc_nano.a(lib_a-init.o)
                              /home/ryan/xun/gcc-arm-none-eabi-7-2018-q2-update/bin/../lib/gcc/arm-none-eabi/7.3.1/../../../../arm-none-eabi/lib/thumb/v7-m/crt0.o (__libc_init_array)
/home/ryan/xun/gcc-arm-none-eabi-7-2018-q2-update/bin/../lib/gcc/arm-none-eabi/7.3.1/../../../../arm-none-eabi/lib/thumb/v7-m/libc_nano.a(lib_a-memcpy-stub.o)
                              build/VX_OSD_Simple.o (memcpy)
/home/ryan/xun/gcc-arm-none-eabi-7-2018-q2-update/bin/../lib/gcc/arm-none-eabi/7.3.1/../../../../arm-none-eabi/lib/thumb/v7-m/libc_nano.a(lib_a-memset.o)
                              /home/ryan/xun/gcc-arm-none-eabi-7-2018-q2-update/bin/../lib/gcc/arm-none-eabi/7.3.1/../../../../arm-none-eabi/lib/thumb/v7-m/crt0.o (memset)
/home/ryan/xun/gcc-arm-none-eabi-7-2018-q2-update/bin/../lib/gcc/arm-none-eabi/7.3.1/../../../../arm-none-eabi/lib/thumb/v7-m/libc_nano.a(lib_a-printf.o)
                              build/main.o (printf)
/home/ryan/xun/gcc-arm-none-eabi-7-2018-q2-update/bin/../lib/gcc/arm-none-eabi/7.3.1/../../../../arm-none-eabi/lib/thumb/v7-m/libc_nano.a(lib_a-puts.o)
                              build/main.o (puts)
/home/ryan/xun/gcc-arm-none-eabi-7-2018-q2-update/bin/../lib/gcc/arm-none-eabi/7.3.1/../../../../arm-none-eabi/lib/thumb/v7-m/libc_nano.a(lib_a-strtol.o)
                              build/main.o (strtol)
/home/ryan/xun/gcc-arm-none-eabi-7-2018-q2-update/bin/../lib/gcc/arm-none-eabi/7.3.1/../../../../arm-none-eabi/lib/thumb/v7-m/libc_nano.a(lib_a-wbuf.o)
                              /home/ryan/xun/gcc-arm-none-eabi-7-2018-q2-update/bin/../lib/gcc/arm-none-eabi/7.3.1/../../../../arm-none-eabi/lib/thumb/v7-m/libc_nano.a(lib_a-puts.o) (__swbuf_r)
/home/ryan/xun/gcc-arm-none-eabi-7-2018-q2-update/bin/../lib/gcc/arm-none-eabi/7.3.1/../../../../arm-none-eabi/lib/thumb/v7-m/libc_nano.a(lib_a-wsetup.o)
                              /home/ryan/xun/gcc-arm-none-eabi-7-2018-q2-update/bin/../lib/gcc/arm-none-eabi/7.3.1/../../../../arm-none-eabi/lib/thumb/v7-m/libc_nano.a(lib_a-puts.o) (__swsetup_r)
/home/ryan/xun/gcc-arm-none-eabi-7-2018-q2-update/bin/../lib/gcc/arm-none-eabi/7.3.1/../../../../arm-none-eabi/lib/thumb/v7-m/libc_nano.a(lib_a-fflush.o)
                              /home/ryan/xun/gcc-arm-none-eabi-7-2018-q2-update/bin/../lib/gcc/arm-none-eabi/7.3.1/../../../../arm-none-eabi/lib/thumb/v7-m/libc_nano.a(lib_a-wbuf.o) (_fflush_r)
/home/ryan/xun/gcc-arm-none-eabi-7-2018-q2-update/bin/../lib/gcc/arm-none-eabi/7.3.1/../../../../arm-none-eabi/lib/thumb/v7-m/libc_nano.a(lib_a-findfp.o)
                              /home/ryan/xun/gcc-arm-none-eabi-7-2018-q2-update/bin/../lib/gcc/arm-none-eabi/7.3.1/../../../../arm-none-eabi/lib/thumb/v7-m/libc_nano.a(lib_a-printf.o) (__sinit)
/home/ryan/xun/gcc-arm-none-eabi-7-2018-q2-update/bin/../lib/gcc/arm-none-eabi/7.3.1/../../../../arm-none-eabi/lib/thumb/v7-m/libc_nano.a(lib_a-fwalk.o)
                              /home/ryan/xun/gcc-arm-none-eabi-7-2018-q2-update/bin/../lib/gcc/arm-none-eabi/7.3.1/../../../../arm-none-eabi/lib/thumb/v7-m/libc_nano.a(lib_a-findfp.o) (_fwalk)
/home/ryan/xun/gcc-arm-none-eabi-7-2018-q2-update/bin/../lib/gcc/arm-none-eabi/7.3.1/../../../../arm-none-eabi/lib/thumb/v7-m/libc_nano.a(lib_a-locale.o)
                              /home/ryan/xun/gcc-arm-none-eabi-7-2018-q2-update/bin/../lib/gcc/arm-none-eabi/7.3.1/../../../../arm-none-eabi/lib/thumb/v7-m/libc_nano.a(lib_a-strtol.o) (__locale_ctype_ptr_l)
/home/ryan/xun/gcc-arm-none-eabi-7-2018-q2-update/bin/../lib/gcc/arm-none-eabi/7.3.1/../../../../arm-none-eabi/lib/thumb/v7-m/libc_nano.a(lib_a-makebuf.o)
                              /home/ryan/xun/gcc-arm-none-eabi-7-2018-q2-update/bin/../lib/gcc/arm-none-eabi/7.3.1/../../../../arm-none-eabi/lib/thumb/v7-m/libc_nano.a(lib_a-wsetup.o) (__smakebuf_r)
[...]
Memory Configuration

Name             Origin             Length             Attributes
RAM              0x0000000020000000 0x0000000000005000 xrw
FLASH            0x0000000008000000 0x0000000000020000 xr
*default*        0x0000000000000000 0xffffffffffffffff

Linker script and memory map

LOAD /home/ryan/xun/gcc-arm-none-eabi-7-2018-q2-update/bin/../lib/gcc/arm-none-eabi/7.3.1/thumb/v7-m/crti.o
LOAD /home/ryan/xun/gcc-arm-none-eabi-7-2018-q2-update/bin/../lib/gcc/arm-none-eabi/7.3.1/thumb/v7-m/crtbegin.o
LOAD /home/ryan/xun/gcc-arm-none-eabi-7-2018-q2-update/bin/../lib/gcc/arm-none-eabi/7.3.1/../../../../arm-none-eabi/lib/thumb/v7-m/crt0.o
LOAD build/main.o
LOAD build/stm32f1xx_it.o
LOAD build/stm32f1xx_hal_msp.o
LOAD build/stm32f1xx_hal_gpio_ex.o
LOAD build/stm32f1xx_hal_tim.o
LOAD build/stm32f1xx_hal_tim_ex.o
LOAD build/stm32f1xx_hal_uart.o
LOAD build/stm32f1xx_hal.o
LOAD build/stm32f1xx_hal_rcc.o
LOAD build/stm32f1xx_hal_rcc_ex.o
LOAD build/stm32f1xx_hal_gpio.o
LOAD build/stm32f1xx_hal_dma.o
LOAD build/stm32f1xx_hal_cortex.o
LOAD build/stm32f1xx_hal_pwr.o
LOAD build/stm32f1xx_hal_flash.o
LOAD build/stm32f1xx_hal_flash_ex.o
LOAD build/stm32f1xx_hal_exti.o
LOAD build/stm32f1xx_hal_adc.o
LOAD build/stm32f1xx_hal_adc_ex.o
LOAD build/system_stm32f1xx.o
LOAD build/VX_swi2c.o
LOAD build/VS4210_param_Modex26.o
LOAD build/VS4210_param_Mode88.o
LOAD build/VX_OSD.o
LOAD build/VX_OSD_Simple.o
LOAD build/TP2802.o
LOAD build/monitor.o
LOAD build/Printf.o
LOAD build/SysTimer.o
LOAD build/exosd.o
LOAD build/TOA_Protocol.o
LOAD build/etc_eep.o
LOAD build/startup_stm32f103xb.o
LOAD /home/ryan/xun/gcc-arm-none-eabi-7-2018-q2-update/bin/../lib/gcc/arm-none-eabi/7.3.1/../../../../arm-none-eabi/lib/thumb/v7-m/libc_nano.a
LOAD /home/ryan/xun/gcc-arm-none-eabi-7-2018-q2-update/bin/../lib/gcc/arm-none-eabi/7.3.1/../../../../arm-none-eabi/lib/thumb/v7-m/libm.a
LOAD /home/ryan/xun/gcc-arm-none-eabi-7-2018-q2-update/bin/../lib/gcc/arm-none-eabi/7.3.1/../../../../arm-none-eabi/lib/thumb/v7-m/libnosys.a
LOAD ./Lib/libite66121dvi.a
LOAD ./Lib/libsw_i2c0.a
LOAD ./Lib/libsw_i2c1.a
LOAD ./Lib/libsw_i2c2.a
LOAD ./Lib/libsw_i2c3.a
LOAD ./Lib/libVS4210.a
LOAD ./Lib/libit6602.a
START GROUP
LOAD /home/ryan/xun/gcc-arm-none-eabi-7-2018-q2-update/bin/../lib/gcc/arm-none-eabi/7.3.1/thumb/v7-m/libgcc.a
LOAD /home/ryan/xun/gcc-arm-none-eabi-7-2018-q2-update/bin/../lib/gcc/arm-none-eabi/7.3.1/../../../../arm-none-eabi/lib/thumb/v7-m/libc_nano.a
END GROUP
START GROUP
LOAD /home/ryan/xun/gcc-arm-none-eabi-7-2018-q2-update/bin/../lib/gcc/arm-none-eabi/7.3.1/thumb/v7-m/libgcc.a
LOAD /home/ryan/xun/gcc-arm-none-eabi-7-2018-q2-update/bin/../lib/gcc/arm-none-eabi/7.3.1/../../../../arm-none-eabi/lib/thumb/v7-m/libc_nano.a
END GROUP
LOAD /home/ryan/xun/gcc-arm-none-eabi-7-2018-q2-update/bin/../lib/gcc/arm-none-eabi/7.3.1/thumb/v7-m/crtend.o
LOAD /home/ryan/xun/gcc-arm-none-eabi-7-2018-q2-update/bin/../lib/gcc/arm-none-eabi/7.3.1/thumb/v7-m/crtn.o
                0x0000000020005000                _estack = 0x20005000
                0x0000000000000200                _Min_Heap_Size = 0x200
                0x0000000000000400                _Min_Stack_Size = 0x400

.isr_vector     0x0000000008000000      0x10c
                0x0000000008000000                . = ALIGN (0x4)
 *(.isr_vector)
 .isr_vector    0x0000000008000000      0x10c build/startup_stm32f103xb.o
                0x0000000008000000                g_pfnVectors
                0x000000000800010c                . = ALIGN (0x4)

.text           0x000000000800010c    0x121bc
                0x000000000800010c                . = ALIGN (0x4)
 *(.text)
 .text          0x000000000800010c       0x40 /home/ryan/xun/gcc-arm-none-eabi-7-2018-q2-update/bin/../lib/gcc/arm-none-eabi/7.3.1/thumb/v7-m/crtbegin.o
 .text          0x000000000800014c       0x24 /home/ryan/xun/gcc-arm-none-eabi-7-2018-q2-update/bin/../lib/gcc/arm-none-eabi/7.3.1/thumb/v7-m/libgcc.a(_udivsi3.o)
                0x000000000800014c                __udivsi3
                0x000000000800014c                __aeabi_uidiv
                0x0000000008000160                __aeabi_uidivmod
 .text          0x0000000008000170       0x2c /home/ryan/xun/gcc-arm-none-eabi-7-2018-q2-update/bin/../lib/gcc/arm-none-eabi/7.3.1/thumb/v7-m/libgcc.a(_divsi3.o)
                0x0000000008000170                __aeabi_idiv
                0x0000000008000170                __divsi3
                0x000000000800018c                __aeabi_idivmod
 .text          0x000000000800019c        0x4 /home/ryan/xun/gcc-arm-none-eabi-7-2018-q2-update/bin/../lib/gcc/arm-none-eabi/7.3.1/thumb/v7-m/libgcc.a(_dvmd_tls.o)
                0x000000000800019c                __aeabi_ldiv0
                0x000000000800019c                __aeabi_idiv0
 *(.text*)
 .text.MX_GPIO_Init
                0x00000000080001a0       0xd8 build/main.o
 .text.MX_TIM3_Init
                0x0000000008000278       0x54 build/main.o
 .text.MX_USART1_UART_Init
                0x00000000080002cc       0x2c build/main.o
 .text.MX_USART2_UART_Init
                0x00000000080002f8       0x2c build/main.o
 .text.HDMI_AudioModeDetect
                0x0000000008000324       0x60 build/main.o
 .text._write   0x0000000008000384       0x34 build/main.o
                0x0000000008000384                _write
 .text.Audio_Sel
                0x00000000080003b8      0x184 build/main.o
                0x00000000080003b8                Audio_Sel
 .text.SET_Audio_Mute
                0x000000000800053c       0x30 build/main.o
                0x000000000800053c                SET_Audio_Mute
 .text.InitialTimerEvent
                0x000000000800056c        0x8 build/main.o
                0x000000000800056c                InitialTimerEvent
 .text.CHECK_HDMI720P50
                0x0000000008000574       0x7c build/main.o
                0x0000000008000574                CHECK_HDMI720P50
 .text.HDMI_VideoModeDetect
                0x00000000080005f0      0x244 build/main.o
 .text.main_init
                0x0000000008000834       0x8c build/main.o
                0x0000000008000834                main_init
 .text.user_pwm_setvalue
                0x00000000080008c0       0x2c build/main.o
                0x00000000080008c0                user_pwm_setvalue
 .text.VS4210_FULL88init2
                0x00000000080008ec       0x20 build/main.o
                0x00000000080008ec                VS4210_FULL88init2
 .text.TP_bt1120_1080P_1080P_mode0_w0
                0x000000000800090c       0x18 build/main.o
                0x000000000800090c                TP_bt1120_1080P_1080P_mode0_w0
 .text.TP_bt1120_720P_1080P_mode0_w0
                0x0000000008000924       0x20 build/main.o
                0x0000000008000924                TP_bt1120_720P_1080P_mode0_w0
 .text.TP_bt1120_NTSC_1080P_mode0_w0
                0x0000000008000944       0x18 build/main.o
                0x0000000008000944                TP_bt1120_NTSC_1080P_mode0_w0
 .text.TP_bt1120_PAL_1080P_mode0_w0
                0x000000000800095c       0x18 build/main.o
                0x000000000800095c                TP_bt1120_PAL_1080P_mode0_w0
 .text.SET_VS4210_720_480_out
                0x0000000008000974      0x784 build/main.o
                0x0000000008000974                SET_VS4210_720_480_out
 .text.SystemClock_Config
                0x00000000080010f8       0x4c build/main.o
                0x00000000080010f8                SystemClock_Config
 .text.HAL_TIM_PeriodElapsedCallback
                0x0000000008001144       0x8c build/main.o
                0x0000000008001144                HAL_TIM_PeriodElapsedCallback
 .text.HAL_UART_RxCpltCallback
                0x00000000080011d0       0x90 build/main.o
                0x00000000080011d0                HAL_UART_RxCpltCallback
 .text.HAL_GPIO_EXTI_Callback
                0x0000000008001260        0x2 build/main.o
                0x0000000008001260                HAL_GPIO_EXTI_Callback
 *fill*         0x0000000008001262        0x2 
 .text.HS_Select_Win
                0x0000000008001264      0x154 build/main.o
                0x0000000008001264                HS_Select_Win
 .text.main_loop
                0x00000000080013b8      0x1d0 build/main.o
                0x00000000080013b8                main_loop
 .text.main     0x0000000008001588      0x204 build/main.o
                0x0000000008001588                main
 .text.NMI_Handler
                0x000000000800178c        0x2 build/stm32f1xx_it.o
                0x000000000800178c                NMI_Handler
 .text.HardFault_Handler
                0x000000000800178e        0x2 build/stm32f1xx_it.o
                0x000000000800178e                HardFault_Handler
 .text.MemManage_Handler
                0x0000000008001790        0x2 build/stm32f1xx_it.o
                0x0000000008001790                MemManage_Handler
 .text.BusFault_Handler
                0x0000000008001792        0x2 build/stm32f1xx_it.o
                0x0000000008001792                BusFault_Handler
 .text.UsageFault_Handler
                0x0000000008001794        0x2 build/stm32f1xx_it.o
                0x0000000008001794                UsageFault_Handler
 .text.SVC_Handler
                0x0000000008001796        0x2 build/stm32f1xx_it.o
                0x0000000008001796                SVC_Handler
 .text.DebugMon_Handler
                0x0000000008001798        0x2 build/stm32f1xx_it.o
                0x0000000008001798                DebugMon_Handler
 .text.PendSV_Handler
                0x000000000800179a        0x2 build/stm32f1xx_it.o
                0x000000000800179a                PendSV_Handler
 .text.SysTick_Handler
                0x000000000800179c        0x8 build/stm32f1xx_it.o
                0x000000000800179c                SysTick_Handler
 .text.EXTI2_IRQHandler
                0x00000000080017a4        0xa build/stm32f1xx_it.o
                0x00000000080017a4                EXTI2_IRQHandler
 *fill*         0x00000000080017ae        0x2 
 .text.TIM3_IRQHandler
                0x00000000080017b0       0x10 build/stm32f1xx_it.o
                0x00000000080017b0                TIM3_IRQHandler
 .text.USART1_IRQHandler
                0x00000000080017c0       0x10 build/stm32f1xx_it.o
                0x00000000080017c0                USART1_IRQHandler
 .text.USART2_IRQHandler
                0x00000000080017d0       0x10 build/stm32f1xx_it.o
                0x00000000080017d0                USART2_IRQHandler
 .text.HAL_MspInit
                0x00000000080017e0       0x44 build/stm32f1xx_hal_msp.o
                0x00000000080017e0                HAL_MspInit
 .text.HAL_TIM_Base_MspInit
                0x0000000008001824       0x40 build/stm32f1xx_hal_msp.o
                0x0000000008001824                HAL_TIM_Base_MspInit
 .text.HAL_UART_MspInit
                0x0000000008001864       0xf8 build/stm32f1xx_hal_msp.o
                0x0000000008001864                HAL_UART_MspInit
 .text.TIM_OC1_SetConfig
                0x000000000800195c       0x5c build/stm32f1xx_hal_tim.o
 .text.TIM_OC3_SetConfig
                0x00000000080019b8       0x64 build/stm32f1xx_hal_tim.o
 .text.TIM_OC4_SetConfig
                0x0000000008001a1c       0x48 build/stm32f1xx_hal_tim.o
 .text.TIM_TI1_ConfigInputStage
                0x0000000008001a64       0x24 build/stm32f1xx_hal_tim.o
 .text.TIM_TI2_ConfigInputStage
                0x0000000008001a88       0x26 build/stm32f1xx_hal_tim.o
 .text.TIM_ITRx_SetConfig
                0x0000000008001aae       0x10 build/stm32f1xx_hal_tim.o
 .text.HAL_TIM_Base_Start_IT
                0x0000000008001abe       0x22 build/stm32f1xx_hal_tim.o
                0x0000000008001abe                HAL_TIM_Base_Start_IT
 .text.HAL_TIM_OC_DelayElapsedCallback
                0x0000000008001ae0        0x2 build/stm32f1xx_hal_tim.o
                0x0000000008001ae0                HAL_TIM_OC_DelayElapsedCallback
 .text.HAL_TIM_IC_CaptureCallback
                0x0000000008001ae2        0x2 build/stm32f1xx_hal_tim.o
                0x0000000008001ae2                HAL_TIM_IC_CaptureCallback
 .text.HAL_TIM_PWM_PulseFinishedCallback
                0x0000000008001ae4        0x2 build/stm32f1xx_hal_tim.o
                0x0000000008001ae4                HAL_TIM_PWM_PulseFinishedCallback
 .text.HAL_TIM_TriggerCallback
                0x0000000008001ae6        0x2 build/stm32f1xx_hal_tim.o
                0x0000000008001ae6                HAL_TIM_TriggerCallback
 .text.HAL_TIM_IRQHandler
                0x0000000008001ae8      0x17a build/stm32f1xx_hal_tim.o
                0x0000000008001ae8                HAL_TIM_IRQHandler
 *fill*         0x0000000008001c62        0x2 
 .text.TIM_Base_SetConfig
                0x0000000008001c64       0x74 build/stm32f1xx_hal_tim.o
                0x0000000008001c64                TIM_Base_SetConfig
 .text.HAL_TIM_Base_Init
                0x0000000008001cd8       0x32 build/stm32f1xx_hal_tim.o
                0x0000000008001cd8                HAL_TIM_Base_Init
 *fill*         0x0000000008001d0a        0x2 
 .text.TIM_OC2_SetConfig
                0x0000000008001d0c       0x64 build/stm32f1xx_hal_tim.o
                0x0000000008001d0c                TIM_OC2_SetConfig
 .text.HAL_TIM_PWM_ConfigChannel
                0x0000000008001d70       0xdc build/stm32f1xx_hal_tim.o
                0x0000000008001d70                HAL_TIM_PWM_ConfigChannel
 .text.TIM_ETR_SetConfig
                0x0000000008001e4c       0x16 build/stm32f1xx_hal_tim.o
                0x0000000008001e4c                TIM_ETR_SetConfig
 .text.HAL_TIM_ConfigClockSource
                0x0000000008001e62       0xda build/stm32f1xx_hal_tim.o
                0x0000000008001e62                HAL_TIM_ConfigClockSource
 .text.TIM_CCxChannelCmd
                0x0000000008001f3c       0x20 build/stm32f1xx_hal_tim.o
                0x0000000008001f3c                TIM_CCxChannelCmd
 .text.HAL_TIM_PWM_Start
                0x0000000008001f5c       0x3c build/stm32f1xx_hal_tim.o
                0x0000000008001f5c                HAL_TIM_PWM_Start
 .text.HAL_TIMEx_MasterConfigSynchronization
                0x0000000008001f98       0x46 build/stm32f1xx_hal_tim_ex.o
                0x0000000008001f98                HAL_TIMEx_MasterConfigSynchronization
 .text.HAL_TIMEx_CommutCallback
                0x0000000008001fde        0x2 build/stm32f1xx_hal_tim_ex.o
                0x0000000008001fde                HAL_TIMEx_CommutCallback
 .text.HAL_TIMEx_BreakCallback
                0x0000000008001fe0        0x2 build/stm32f1xx_hal_tim_ex.o
                0x0000000008001fe0                HAL_TIMEx_BreakCallback
 .text.UART_EndRxTransfer
                0x0000000008001fe2       0x1c build/stm32f1xx_hal_uart.o
 .text.UART_Transmit_IT
                0x0000000008001ffe       0x68 build/stm32f1xx_hal_uart.o
 *fill*         0x0000000008002066        0x2 
 .text.UART_SetConfig
                0x0000000008002068       0xcc build/stm32f1xx_hal_uart.o
 .text.UART_WaitOnFlagUntilTimeout
                0x0000000008002134       0x62 build/stm32f1xx_hal_uart.o
 .text.HAL_UART_Init
                0x0000000008002196       0x5e build/stm32f1xx_hal_uart.o
                0x0000000008002196                HAL_UART_Init
 .text.HAL_UART_Transmit
                0x00000000080021f4       0xe0 build/stm32f1xx_hal_uart.o
                0x00000000080021f4                HAL_UART_Transmit
 .text.HAL_UART_Receive_IT
                0x00000000080022d4       0x5c build/stm32f1xx_hal_uart.o
                0x00000000080022d4                HAL_UART_Receive_IT
 .text.HAL_UART_TxCpltCallback
                0x0000000008002330        0x2 build/stm32f1xx_hal_uart.o
                0x0000000008002330                HAL_UART_TxCpltCallback
 .text.UART_EndTransmit_IT
                0x0000000008002332       0x1a build/stm32f1xx_hal_uart.o
 .text.UART_Receive_IT
                0x000000000800234c       0x9c build/stm32f1xx_hal_uart.o
 .text.HAL_UART_ErrorCallback
                0x00000000080023e8        0x2 build/stm32f1xx_hal_uart.o
                0x00000000080023e8                HAL_UART_ErrorCallback
 *fill*         0x00000000080023ea        0x2 
 .text.HAL_UART_IRQHandler
                0x00000000080023ec      0x120 build/stm32f1xx_hal_uart.o
                0x00000000080023ec                HAL_UART_IRQHandler
 .text.UART_DMAAbortOnError
                0x000000000800250c       0x10 build/stm32f1xx_hal_uart.o
 .text.HAL_InitTick
                0x000000000800251c       0x4c build/stm32f1xx_hal.o
                0x000000000800251c                HAL_InitTick
 .text.HAL_Init
                0x0000000008002568       0x24 build/stm32f1xx_hal.o
                0x0000000008002568                HAL_Init
 .text.HAL_IncTick
                0x000000000800258c       0x18 build/stm32f1xx_hal.o
                0x000000000800258c                HAL_IncTick
 .text.HAL_GetTick
                0x00000000080025a4        0xc build/stm32f1xx_hal.o
                0x00000000080025a4                HAL_GetTick
 .text.HAL_Delay
                0x00000000080025b0       0x28 build/stm32f1xx_hal.o
                0x00000000080025b0                HAL_Delay
 .text.RCC_Delay
                0x00000000080025d8       0x2c build/stm32f1xx_hal_rcc.o
 .text.HAL_RCC_OscConfig
                0x0000000008002604      0x414 build/stm32f1xx_hal_rcc.o
                0x0000000008002604                HAL_RCC_OscConfig
 .text.HAL_RCC_GetSysClockFreq
                0x0000000008002a18       0x70 build/stm32f1xx_hal_rcc.o
                0x0000000008002a18                HAL_RCC_GetSysClockFreq
 .text.HAL_RCC_ClockConfig
                0x0000000008002a88      0x168 build/stm32f1xx_hal_rcc.o
                0x0000000008002a88                HAL_RCC_ClockConfig
 .text.HAL_RCC_GetHCLKFreq
                0x0000000008002bf0        0xc build/stm32f1xx_hal_rcc.o
                0x0000000008002bf0                HAL_RCC_GetHCLKFreq
 .text.HAL_RCC_GetPCLK1Freq
                0x0000000008002bfc       0x20 build/stm32f1xx_hal_rcc.o
                0x0000000008002bfc                HAL_RCC_GetPCLK1Freq
 .text.HAL_RCC_GetPCLK2Freq
                0x0000000008002c1c       0x20 build/stm32f1xx_hal_rcc.o
                0x0000000008002c1c                HAL_RCC_GetPCLK2Freq
 .text.HAL_GPIO_Init
                0x0000000008002c3c      0x1d8 build/stm32f1xx_hal_gpio.o
                0x0000000008002c3c                HAL_GPIO_Init
 .text.HAL_GPIO_ReadPin
                0x0000000008002e14        0xe build/stm32f1xx_hal_gpio.o
                0x0000000008002e14                HAL_GPIO_ReadPin
 .text.HAL_GPIO_WritePin
                0x0000000008002e22        0xc build/stm32f1xx_hal_gpio.o
                0x0000000008002e22                HAL_GPIO_WritePin
 *fill*         0x0000000008002e2e        0x2 
 .text.HAL_GPIO_EXTI_IRQHandler
                0x0000000008002e30       0x1c build/stm32f1xx_hal_gpio.o
                0x0000000008002e30                HAL_GPIO_EXTI_IRQHandler
 .text.HAL_DMA_Abort_IT
                0x0000000008002e4c       0x98 build/stm32f1xx_hal_dma.o
                0x0000000008002e4c                HAL_DMA_Abort_IT
 .text.HAL_NVIC_SetPriorityGrouping
                0x0000000008002ee4       0x24 build/stm32f1xx_hal_cortex.o
                0x0000000008002ee4                HAL_NVIC_SetPriorityGrouping
 .text.HAL_NVIC_SetPriority
                0x0000000008002f08       0x68 build/stm32f1xx_hal_cortex.o
                0x0000000008002f08                HAL_NVIC_SetPriority
 .text.HAL_NVIC_EnableIRQ
                0x0000000008002f70       0x1c build/stm32f1xx_hal_cortex.o
                0x0000000008002f70                HAL_NVIC_EnableIRQ
 .text.HAL_SYSTICK_Config
                0x0000000008002f8c       0x2c build/stm32f1xx_hal_cortex.o
                0x0000000008002f8c                HAL_SYSTICK_Config
 .text.SystemInit
                0x0000000008002fb8       0x4c build/system_stm32f1xx.o
                0x0000000008002fb8                SystemInit
 .text.msleep   0x0000000008003004       0x14 build/VX_swi2c.o
                0x0000000008003004                msleep
 .text.delayTX1ms
                0x0000000008003018        0x8 build/VX_swi2c.o
                0x0000000008003018                delayTX1ms
 .text.VXISI2CRead
                0x0000000008003020       0x14 build/VX_swi2c.o
                0x0000000008003020                VXISI2CRead
 .text.VXISI2CWrite
                0x0000000008003034       0x18 build/VX_swi2c.o
                0x0000000008003034                VXISI2CWrite
 .text.VS8812Read
                0x000000000800304c       0x14 build/VX_swi2c.o
                0x000000000800304c                VS8812Read
 .text.VS8812Write
                0x0000000008003060       0x18 build/VX_swi2c.o
                0x0000000008003060                VS8812Write
 .text.ReadEEP  0x0000000008003078        0x8 build/VX_swi2c.o
                0x0000000008003078                ReadEEP
 .text.WriteEEP
                0x0000000008003080        0x8 build/VX_swi2c.o
                0x0000000008003080                WriteEEP
 .text.I2CMultiWrite
                0x0000000008003088        0xe build/VX_swi2c.o
                0x0000000008003088                I2CMultiWrite
 .text.I2CMultiAttribute
                0x0000000008003096       0x22 build/VX_swi2c.o
                0x0000000008003096                I2CMultiAttribute
 .text.delay    0x00000000080030b8       0x18 build/VX_swi2c.o
                0x00000000080030b8                delay
 .text.tp28xx_byte_read
                0x00000000080030d0       0x14 build/VX_swi2c.o
                0x00000000080030d0                tp28xx_byte_read
 .text.tp28xx_byte_write
                0x00000000080030e4       0x14 build/VX_swi2c.o
                0x00000000080030e4                tp28xx_byte_write
 .text.delay1ms
                0x00000000080030f8        0x8 build/VX_swi2c.o
                0x00000000080030f8                delay1ms
 .text.GET_ALC122
                0x0000000008003100        0xc build/VX_swi2c.o
                0x0000000008003100                GET_ALC122
 .text.SET_ALC122
                0x000000000800310c        0xe build/VX_swi2c.o
                0x000000000800310c                SET_ALC122
 .text.SetOsdStartAddress
                0x000000000800311a       0x2c build/VX_OSD.o
                0x000000000800311a                SetOsdStartAddress
 .text.SetOsdSize
                0x0000000008003146       0xec build/VX_OSD.o
                0x0000000008003146                SetOsdSize
 .text.SetOsdPosition
                0x0000000008003232       0x72 build/VX_OSD.o
                0x0000000008003232                SetOsdPosition
 .text.OsdDumpString
                0x00000000080032a4       0x30 build/VX_OSD.o
                0x00000000080032a4                OsdDumpString
 .text.OsdDumpAttribute
                0x00000000080032d4       0x34 build/VX_OSD.o
                0x00000000080032d4                OsdDumpAttribute
 .text.VXIS_fSetOsdOnOff
                0x0000000008003308       0x5a build/VX_OSD.o
                0x0000000008003308                VXIS_fSetOsdOnOff
 .text.VXIS_fSetOsdx2
                0x0000000008003362       0x20 build/VX_OSD.o
                0x0000000008003362                VXIS_fSetOsdx2
 .text.setTransParentIndex
                0x0000000008003382       0x24 build/VX_OSD.o
                0x0000000008003382                setTransParentIndex
 *fill*         0x00000000080033a6        0x2 
 .text.GetconvertBarStr
                0x00000000080033a8      0x124 build/VX_OSD_Simple.o
 .text.VX_Write_OSD_In_OutString
                0x00000000080034cc      0x4d0 build/VX_OSD_Simple.o
 .text.VXIS_fShowInOutMode
                0x000000000800399c       0xd0 build/VX_OSD_Simple.o
                0x000000000800399c                VXIS_fShowInOutMode
 .text.VXIS_fShowInOutMode0Fast
                0x0000000008003a6c       0x70 build/VX_OSD_Simple.o
                0x0000000008003a6c                VXIS_fShowInOutMode0Fast
 .text.OSD_Clear
                0x0000000008003adc       0xa8 build/VX_OSD_Simple.o
                0x0000000008003adc                OSD_Clear
 .text.OSD_Clear_4
                0x0000000008003b84        0xa build/VX_OSD_Simple.o
                0x0000000008003b84                OSD_Clear_4
 .text.OSD_Clear_34
                0x0000000008003b8e       0x16 build/VX_OSD_Simple.o
                0x0000000008003b8e                OSD_Clear_34
 .text.OSD_Clear_234
                0x0000000008003ba4       0x16 build/VX_OSD_Simple.o
                0x0000000008003ba4                OSD_Clear_234
 .text.OSD_Clear_All
                0x0000000008003bba       0x16 build/VX_OSD_Simple.o
                0x0000000008003bba                OSD_Clear_All
 .text.osd_cont_write
                0x0000000008003bd0       0x30 build/VX_OSD_Simple.o
                0x0000000008003bd0                osd_cont_write
 .text.VXOSD_UseFont_init
                0x0000000008003c00       0x40 build/VX_OSD_Simple.o
                0x0000000008003c00                VXOSD_UseFont_init
 .text.Set_Video_Loss_OSD
                0x0000000008003c40       0x8c build/VX_OSD_Simple.o
                0x0000000008003c40                Set_Video_Loss_OSD
 .text.tp2824_reset_default
                0x0000000008003ccc        0xc build/TP2802.o
 .text.tp28xx_SYSCLK_V1
                0x0000000008003cd8       0x2c build/TP2802.o
 .text.tp28xx_SYSCLK_V2
                0x0000000008003d04       0x30 build/TP2802.o
 .text.tp2853C_reset_default
                0x0000000008003d34       0x34 build/TP2802.o
 .text.TP28xx_reset_default
                0x0000000008003d68       0x26 build/TP2802.o
 .text.I2CDeviceSet1
                0x0000000008003d8e       0x1c build/TP2802.o
                0x0000000008003d8e                I2CDeviceSet1
 .text.I2CDeviceSet2
                0x0000000008003daa       0x20 build/TP2802.o
                0x0000000008003daa                I2CDeviceSet2
 .text.SetRegPage
                0x0000000008003dca        0xc build/TP2802.o
                0x0000000008003dca                SetRegPage
 *fill*         0x0000000008003dd6        0x2 
 .text.Set_VidRes
                0x0000000008003dd8      0x2ec build/TP2802.o
                0x0000000008003dd8                Set_VidRes
 .text.Set_HDA  0x00000000080040c4       0xb0 build/TP2802.o
                0x00000000080040c4                Set_HDA
 .text.Set_HDC  0x0000000008004174       0xb0 build/TP2802.o
                0x0000000008004174                Set_HDC
 .text.ManualAGC
                0x0000000008004224       0x68 build/TP2802.o
                0x0000000008004224                ManualAGC
 .text.ReadGain
                0x000000000800428c       0x12 build/TP2802.o
                0x000000000800428c                ReadGain
 .text.SetCGain
                0x000000000800429e       0xa0 build/TP2802.o
                0x000000000800429e                SetCGain
 .text.Set_PLL_StartUp
                0x000000000800433e       0x22 build/TP2802.o
                0x000000000800433e                Set_PLL_StartUp
 .text.Init_TP280x_RegSet
                0x0000000008004360      0x1f8 build/TP2802.o
                0x0000000008004360                Init_TP280x_RegSet
 .text.AHDBitsReverse
                0x0000000008004558       0x50 build/TP2802.o
                0x0000000008004558                AHDBitsReverse
 .text.TVICommandToAHData
                0x00000000080045a8      0x1d4 build/TP2802.o
                0x00000000080045a8                TVICommandToAHData
 .text.Get_2824cIrq
                0x000000000800477c      0x7e4 build/TP2802.o
                0x000000000800477c                Get_2824cIrq
 .text.COC_test
                0x0000000008004f60       0x34 build/TP2802.o
                0x0000000008004f60                COC_test
 .text.Init_COC_PTZOUT1
                0x0000000008004f94      0x118 build/TP2802.o
                0x0000000008004f94                Init_COC_PTZOUT1
 .text.EQ_Detect
                0x00000000080050ac      0x8c0 build/TP2802.o
                0x00000000080050ac                EQ_Detect
 .text.RS_ready
                0x000000000800596c       0x1c build/monitor.o
                0x000000000800596c                RS_ready
 .text.RS2_ready
                0x0000000008005988       0x1c build/monitor.o
                0x0000000008005988                RS2_ready
 .text.RS_rx    0x00000000080059a4       0x24 build/monitor.o
                0x00000000080059a4                RS_rx
 .text.RS2_rx   0x00000000080059c8       0x24 build/monitor.o
                0x00000000080059c8                RS2_rx
 .text.RS_tx    0x00000000080059ec       0x20 build/monitor.o
                0x00000000080059ec                RS_tx
 .text.RS2_tx   0x0000000008005a0c       0x20 build/monitor.o
                0x0000000008005a0c                RS2_tx
 .text.Prompt   0x0000000008005a2c       0xa4 build/monitor.o
                0x0000000008005a2c                Prompt
 .text.Mon_tx   0x0000000008005ad0        0x8 build/monitor.o
                0x0000000008005ad0                Mon_tx
 .text.Asc1Bin  0x0000000008005ad8       0x34 build/monitor.o
                0x0000000008005ad8                Asc1Bin
 .text.Asc2Bin  0x0000000008005b0c       0x1e build/monitor.o
                0x0000000008005b0c                Asc2Bin
 .text.hs_toupper
                0x0000000008005b2a       0x10 build/monitor.o
                0x0000000008005b2a                hs_toupper
 .text.stricmp  0x0000000008005b3a       0x24 build/monitor.o
                0x0000000008005b3a                stricmp
 *fill*         0x0000000008005b5e        0x2 
 .text.MonIncDecI2C
                0x0000000008005b60      0x128 build/monitor.o
                0x0000000008005b60                MonIncDecI2C
 .text.MonHelp  0x0000000008005c88       0x80 build/monitor.o
                0x0000000008005c88                MonHelp
 .text.MonGetCommand
                0x0000000008005d08      0x284 build/monitor.o
                0x0000000008005d08                MonGetCommand
 .text.SET_AHD_SYNC_PARA
                0x0000000008005f8c      0x158 build/monitor.o
                0x0000000008005f8c                SET_AHD_SYNC_PARA
 .text.SET_HDMI_640_480P_PARA
                0x00000000080060e4      0x784 build/monitor.o
                0x00000000080060e4                SET_HDMI_640_480P_PARA
 .text.SET_HDMI_SYNC_PARA
                0x0000000008006868       0x10 build/monitor.o
                0x0000000008006868                SET_HDMI_SYNC_PARA
 .text.Monitor  0x0000000008006878      0xe60 build/monitor.o
                0x0000000008006878                Monitor
 .text.DoPrint  0x00000000080076d8      0x24c build/Printf.o
                0x00000000080076d8                DoPrint
 .text.Printf   0x0000000008007924       0x1c build/Printf.o
                0x0000000008007924                Printf
 .text.DEBUG_MESSAGE
                0x0000000008007940       0x1c build/Printf.o
                0x0000000008007940                DEBUG_MESSAGE
 .text.GraphicsPrint
                0x000000000800795c       0x40 build/Printf.o
                0x000000000800795c                GraphicsPrint
 .text.MCUTimerGetEventTime
                0x000000000800799c       0x10 build/SysTimer.o
                0x000000000800799c                MCUTimerGetEventTime
 .text.MCUTimerGetEventID
                0x00000000080079ac       0x10 build/SysTimer.o
                0x00000000080079ac                MCUTimerGetEventID
 .text.MCUTimerClrEventValid
                0x00000000080079bc       0x14 build/SysTimer.o
                0x00000000080079bc                MCUTimerClrEventValid
 .text.MCUTimerCheckEventValid
                0x00000000080079d0       0x10 build/SysTimer.o
                0x00000000080079d0                MCUTimerCheckEventValid
 .text.MCUTimerGetTimerCounter
                0x00000000080079e0       0x1c build/SysTimer.o
                0x00000000080079e0                MCUTimerGetTimerCounter
 .text.MCUTimerCheckTimerEvent
                0x00000000080079fc       0x6c build/SysTimer.o
                0x00000000080079fc                MCUTimerCheckTimerEvent
 .text.MCUTimerInitialTimerEvent
                0x0000000008007a68       0x20 build/SysTimer.o
                0x0000000008007a68                MCUTimerInitialTimerEvent
 .text.MCUTimerActiveTimerEvent
                0x0000000008007a88       0x74 build/SysTimer.o
                0x0000000008007a88                MCUTimerActiveTimerEvent
 .text.MCUTimerReactiveTimerEvent
                0x0000000008007afc       0x78 build/SysTimer.o
                0x0000000008007afc                MCUTimerReactiveTimerEvent
 .text.ShowWorkingTimer
                0x0000000008007b74       0x84 build/SysTimer.o
                0x0000000008007b74                ShowWorkingTimer
 .text.SysTimerEventProc
                0x0000000008007bf8      0x1d4 build/SysTimer.o
                0x0000000008007bf8                SysTimerEventProc
 .text.SysTimerHandler
                0x0000000008007dcc       0x44 build/SysTimer.o
                0x0000000008007dcc                SysTimerHandler
 .text.TOAReceivePaser
                0x0000000008007e10      0x6d4 build/TOA_Protocol.o
                0x0000000008007e10                TOAReceivePaser
 .text.GetFWRevEE
                0x00000000080084e4       0x4c build/etc_eep.o
                0x00000000080084e4                GetFWRevEE
 .text.SaveFWRevEE
                0x0000000008008530       0x38 build/etc_eep.o
                0x0000000008008530                SaveFWRevEE
 .text.ResetOSDValue
                0x0000000008008568       0x10 build/etc_eep.o
                0x0000000008008568                ResetOSDValue
 .text.ClearBasicEE
                0x0000000008008578       0x24 build/etc_eep.o
                0x0000000008008578                ClearBasicEE
 .text.Reset_Handler
                0x000000000800859c       0x48 build/startup_stm32f103xb.o
                0x000000000800859c                Reset_Handler
 .text.Default_Handler
                0x00000000080085e4        0x2 build/startup_stm32f103xb.o
                0x00000000080085e4                RTC_Alarm_IRQHandler
                0x00000000080085e4                TIM1_CC_IRQHandler
                0x00000000080085e4                PVD_IRQHandler
                0x00000000080085e4                EXTI3_IRQHandler
                0x00000000080085e4                EXTI0_IRQHandler
                0x00000000080085e4                I2C2_EV_IRQHandler
                0x00000000080085e4                ADC1_2_IRQHandler
                0x00000000080085e4                SPI1_IRQHandler
                0x00000000080085e4                TAMPER_IRQHandler
                0x00000000080085e4                DMA1_Channel4_IRQHandler
                0x00000000080085e4                USART3_IRQHandler
                0x00000000080085e4                RTC_IRQHandler
                0x00000000080085e4                DMA1_Channel7_IRQHandler
                0x00000000080085e4                CAN1_RX1_IRQHandler
                0x00000000080085e4                TIM4_IRQHandler
                0x00000000080085e4                I2C1_EV_IRQHandler
                0x00000000080085e4                DMA1_Channel6_IRQHandler
                0x00000000080085e4                RCC_IRQHandler
                0x00000000080085e4                TIM1_TRG_COM_IRQHandler
                0x00000000080085e4                DMA1_Channel1_IRQHandler
                0x00000000080085e4                Default_Handler
                0x00000000080085e4                EXTI15_10_IRQHandler
                0x00000000080085e4                EXTI9_5_IRQHandler
                0x00000000080085e4                SPI2_IRQHandler
                0x00000000080085e4                DMA1_Channel5_IRQHandler
                0x00000000080085e4                EXTI4_IRQHandler
                0x00000000080085e4                USB_LP_CAN1_RX0_IRQHandler
                0x00000000080085e4                USB_HP_CAN1_TX_IRQHandler
                0x00000000080085e4                DMA1_Channel3_IRQHandler
                0x00000000080085e4                TIM1_UP_IRQHandler
                0x00000000080085e4                WWDG_IRQHandler
                0x00000000080085e4                TIM2_IRQHandler
                0x00000000080085e4                TIM1_BRK_IRQHandler
                0x00000000080085e4                EXTI1_IRQHandler
                0x00000000080085e4                I2C2_ER_IRQHandler
                0x00000000080085e4                DMA1_Channel2_IRQHandler
                0x00000000080085e4                CAN1_SCE_IRQHandler
                0x00000000080085e4                FLASH_IRQHandler
                0x00000000080085e4                I2C1_ER_IRQHandler
                0x00000000080085e4                USBWakeUp_IRQHandler
 *fill*         0x00000000080085e6        0x2 
 .text.__errno  0x00000000080085e8        0xc /home/ryan/xun/gcc-arm-none-eabi-7-2018-q2-update/bin/../lib/gcc/arm-none-eabi/7.3.1/../../../../arm-none-eabi/lib/thumb/v7-m/libc_nano.a(lib_a-errno.o)
                0x00000000080085e8                __errno
 .text.__libc_init_array
                0x00000000080085f4       0x48 /home/ryan/xun/gcc-arm-none-eabi-7-2018-q2-update/bin/../lib/gcc/arm-none-eabi/7.3.1/../../../../arm-none-eabi/lib/thumb/v7-m/libc_nano.a(lib_a-init.o)
                0x00000000080085f4                __libc_init_array
 .text.memcpy   0x000000000800863c       0x16 /home/ryan/xun/gcc-arm-none-eabi-7-2018-q2-update/bin/../lib/gcc/arm-none-eabi/7.3.1/../../../../arm-none-eabi/lib/thumb/v7-m/libc_nano.a(lib_a-memcpy-stub.o)
                0x000000000800863c                memcpy
 .text.memset   0x0000000008008652       0x10 /home/ryan/xun/gcc-arm-none-eabi-7-2018-q2-update/bin/../lib/gcc/arm-none-eabi/7.3.1/../../../../arm-none-eabi/lib/thumb/v7-m/libc_nano.a(lib_a-memset.o)
                0x0000000008008652                memset
 *fill*         0x0000000008008662        0x2 
 .text.printf   0x0000000008008664       0x30 /home/ryan/xun/gcc-arm-none-eabi-7-2018-q2-update/bin/../lib/gcc/arm-none-eabi/7.3.1/../../../../arm-none-eabi/lib/thumb/v7-m/libc_nano.a(lib_a-printf.o)
                0x0000000008008664                printf
                0x0000000008008664                iprintf
 .text._puts_r  0x0000000008008694       0xb8 /home/ryan/xun/gcc-arm-none-eabi-7-2018-q2-update/bin/../lib/gcc/arm-none-eabi/7.3.1/../../../../arm-none-eabi/lib/thumb/v7-m/libc_nano.a(lib_a-puts.o)
                0x0000000008008694                _puts_r
 .text.puts     0x000000000800874c       0x10 /home/ryan/xun/gcc-arm-none-eabi-7-2018-q2-update/bin/../lib/gcc/arm-none-eabi/7.3.1/../../../../arm-none-eabi/lib/thumb/v7-m/libc_nano.a(lib_a-puts.o)
                0x000000000800874c                puts
 .text.__swbuf_r
                0x000000000800875c       0xa4 /home/ryan/xun/gcc-arm-none-eabi-7-2018-q2-update/bin/../lib/gcc/arm-none-eabi/7.3.1/../../../../arm-none-eabi/lib/thumb/v7-m/libc_nano.a(lib_a-wbuf.o)
                0x000000000800875c                __swbuf_r
 .text.__swsetup_r
                0x0000000008008800       0xdc /home/ryan/xun/gcc-arm-none-eabi-7-2018-q2-update/bin/../lib/gcc/arm-none-eabi/7.3.1/../../../../arm-none-eabi/lib/thumb/v7-m/libc_nano.a(lib_a-wsetup.o)
                0x0000000008008800                __swsetup_r
 .text.__sflush_r
                0x00000000080088dc      0x10c /home/ryan/xun/gcc-arm-none-eabi-7-2018-q2-update/bin/../lib/gcc/arm-none-eabi/7.3.1/../../../../arm-none-eabi/lib/thumb/v7-m/libc_nano.a(lib_a-fflush.o)
                0x00000000080088dc                __sflush_r
 .text._fflush_r
                0x00000000080089e8       0x54 /home/ryan/xun/gcc-arm-none-eabi-7-2018-q2-update/bin/../lib/gcc/arm-none-eabi/7.3.1/../../../../arm-none-eabi/lib/thumb/v7-m/libc_nano.a(lib_a-fflush.o)
                0x00000000080089e8                _fflush_r
 .text.std      0x0000000008008a3c       0x48 /home/ryan/xun/gcc-arm-none-eabi-7-2018-q2-update/bin/../lib/gcc/arm-none-eabi/7.3.1/../../../../arm-none-eabi/lib/thumb/v7-m/libc_nano.a(lib_a-findfp.o)
 .text._cleanup_r
                0x0000000008008a84        0xc /home/ryan/xun/gcc-arm-none-eabi-7-2018-q2-update/bin/../lib/gcc/arm-none-eabi/7.3.1/../../../../arm-none-eabi/lib/thumb/v7-m/libc_nano.a(lib_a-findfp.o)
                0x0000000008008a84                _cleanup_r
 .text.__sfmoreglue
                0x0000000008008a90       0x2c /home/ryan/xun/gcc-arm-none-eabi-7-2018-q2-update/bin/../lib/gcc/arm-none-eabi/7.3.1/../../../../arm-none-eabi/lib/thumb/v7-m/libc_nano.a(lib_a-findfp.o)
                0x0000000008008a90                __sfmoreglue
 .text.__sinit  0x0000000008008abc       0x60 /home/ryan/xun/gcc-arm-none-eabi-7-2018-q2-update/bin/../lib/gcc/arm-none-eabi/7.3.1/../../../../arm-none-eabi/lib/thumb/v7-m/libc_nano.a(lib_a-findfp.o)
                0x0000000008008abc                __sinit
 .text.__sfp    0x0000000008008b1c       0x78 /home/ryan/xun/gcc-arm-none-eabi-7-2018-q2-update/bin/../lib/gcc/arm-none-eabi/7.3.1/../../../../arm-none-eabi/lib/thumb/v7-m/libc_nano.a(lib_a-findfp.o)
                0x0000000008008b1c                __sfp
 .text._fwalk_reent
                0x0000000008008b94       0x3c /home/ryan/xun/gcc-arm-none-eabi-7-2018-q2-update/bin/../lib/gcc/arm-none-eabi/7.3.1/../../../../arm-none-eabi/lib/thumb/v7-m/libc_nano.a(lib_a-fwalk.o)
                0x0000000008008b94                _fwalk_reent
 .text.__swhatbuf_r
                0x0000000008008bd0       0x48 /home/ryan/xun/gcc-arm-none-eabi-7-2018-q2-update/bin/../lib/gcc/arm-none-eabi/7.3.1/../../../../arm-none-eabi/lib/thumb/v7-m/libc_nano.a(lib_a-makebuf.o)
                0x0000000008008bd0                __swhatbuf_r
 .text.__smakebuf_r
                0x0000000008008c18       0x80 /home/ryan/xun/gcc-arm-none-eabi-7-2018-q2-update/bin/../lib/gcc/arm-none-eabi/7.3.1/../../../../arm-none-eabi/lib/thumb/v7-m/libc_nano.a(lib_a-makebuf.o)
                0x0000000008008c18                __smakebuf_r
 .text._free_r  0x0000000008008c98       0x98 /home/ryan/xun/gcc-arm-none-eabi-7-2018-q2-update/bin/../lib/gcc/arm-none-eabi/7.3.1/../../../../arm-none-eabi/lib/thumb/v7-m/libc_nano.a(lib_a-nano-freer.o)
                0x0000000008008c98                _free_r
 .text._malloc_r
                0x0000000008008d30       0xb4 /home/ryan/xun/gcc-arm-none-eabi-7-2018-q2-update/bin/../lib/gcc/arm-none-eabi/7.3.1/../../../../arm-none-eabi/lib/thumb/v7-m/libc_nano.a(lib_a-nano-mallocr.o)
                0x0000000008008d30                _malloc_r
 .text.__sfputc_r
                0x0000000008008de4       0x2a /home/ryan/xun/gcc-arm-none-eabi-7-2018-q2-update/bin/../lib/gcc/arm-none-eabi/7.3.1/../../../../arm-none-eabi/lib/thumb/v7-m/libc_nano.a(lib_a-nano-vfprintf.o)
 .text.__sfputs_r
                0x0000000008008e0e       0x24 /home/ryan/xun/gcc-arm-none-eabi-7-2018-q2-update/bin/../lib/gcc/arm-none-eabi/7.3.1/../../../../arm-none-eabi/lib/thumb/v7-m/libc_nano.a(lib_a-nano-vfprintf.o)
                0x0000000008008e0e                __sfputs_r
 *fill*         0x0000000008008e32        0x2 
 .text._vfprintf_r
                0x0000000008008e34      0x22c /home/ryan/xun/gcc-arm-none-eabi-7-2018-q2-update/bin/../lib/gcc/arm-none-eabi/7.3.1/../../../../arm-none-eabi/lib/thumb/v7-m/libc_nano.a(lib_a-nano-vfprintf.o)
                0x0000000008008e34                _vfiprintf_r
                0x0000000008008e34                _vfprintf_r
 .text._printf_common
                0x0000000008009060       0xec /home/ryan/xun/gcc-arm-none-eabi-7-2018-q2-update/bin/../lib/gcc/arm-none-eabi/7.3.1/../../../../arm-none-eabi/lib/thumb/v7-m/libc_nano.a(lib_a-nano-vfprintf_i.o)
                0x0000000008009060                _printf_common
 .text._printf_i
                0x000000000800914c      0x224 /home/ryan/xun/gcc-arm-none-eabi-7-2018-q2-update/bin/../lib/gcc/arm-none-eabi/7.3.1/../../../../arm-none-eabi/lib/thumb/v7-m/libc_nano.a(lib_a-nano-vfprintf_i.o)
                0x000000000800914c                _printf_i
 .text._sbrk_r  0x0000000008009370       0x20 /home/ryan/xun/gcc-arm-none-eabi-7-2018-q2-update/bin/../lib/gcc/arm-none-eabi/7.3.1/../../../../arm-none-eabi/lib/thumb/v7-m/libc_nano.a(lib_a-sbrkr.o)
                0x0000000008009370                _sbrk_r
 .text.__sread  0x0000000008009390       0x22 /home/ryan/xun/gcc-arm-none-eabi-7-2018-q2-update/bin/../lib/gcc/arm-none-eabi/7.3.1/../../../../arm-none-eabi/lib/thumb/v7-m/libc_nano.a(lib_a-stdio.o)
                0x0000000008009390                __sread
 .text.__swrite
                0x00000000080093b2       0x38 /home/ryan/xun/gcc-arm-none-eabi-7-2018-q2-update/bin/../lib/gcc/arm-none-eabi/7.3.1/../../../../arm-none-eabi/lib/thumb/v7-m/libc_nano.a(lib_a-stdio.o)
                0x00000000080093b2                __swrite
 .text.__sseek  0x00000000080093ea       0x24 /home/ryan/xun/gcc-arm-none-eabi-7-2018-q2-update/bin/../lib/gcc/arm-none-eabi/7.3.1/../../../../arm-none-eabi/lib/thumb/v7-m/libc_nano.a(lib_a-stdio.o)
                0x00000000080093ea                __sseek
 .text.__sclose
                0x000000000800940e        0x8 /home/ryan/xun/gcc-arm-none-eabi-7-2018-q2-update/bin/../lib/gcc/arm-none-eabi/7.3.1/../../../../arm-none-eabi/lib/thumb/v7-m/libc_nano.a(lib_a-stdio.o)
                0x000000000800940e                __sclose
 *fill*         0x0000000008009416        0x2 
 .text._write_r
                0x0000000008009418       0x24 /home/ryan/xun/gcc-arm-none-eabi-7-2018-q2-update/bin/../lib/gcc/arm-none-eabi/7.3.1/../../../../arm-none-eabi/lib/thumb/v7-m/libc_nano.a(lib_a-writer.o)
                0x0000000008009418                _write_r
 .text._close_r
                0x000000000800943c       0x20 /home/ryan/xun/gcc-arm-none-eabi-7-2018-q2-update/bin/../lib/gcc/arm-none-eabi/7.3.1/../../../../arm-none-eabi/lib/thumb/v7-m/libc_nano.a(lib_a-closer.o)
                0x000000000800943c                _close_r
 .text._fstat_r
                0x000000000800945c       0x24 /home/ryan/xun/gcc-arm-none-eabi-7-2018-q2-update/bin/../lib/gcc/arm-none-eabi/7.3.1/../../../../arm-none-eabi/lib/thumb/v7-m/libc_nano.a(lib_a-fstatr.o)
                0x000000000800945c                _fstat_r
 .text._isatty_r
                0x0000000008009480       0x20 /home/ryan/xun/gcc-arm-none-eabi-7-2018-q2-update/bin/../lib/gcc/arm-none-eabi/7.3.1/../../../../arm-none-eabi/lib/thumb/v7-m/libc_nano.a(lib_a-isattyr.o)
                0x0000000008009480                _isatty_r
 .text._lseek_r
                0x00000000080094a0       0x24 /home/ryan/xun/gcc-arm-none-eabi-7-2018-q2-update/bin/../lib/gcc/arm-none-eabi/7.3.1/../../../../arm-none-eabi/lib/thumb/v7-m/libc_nano.a(lib_a-lseekr.o)
                0x00000000080094a0                _lseek_r
 .text.memchr   0x00000000080094c4       0x1c /home/ryan/xun/gcc-arm-none-eabi-7-2018-q2-update/bin/../lib/gcc/arm-none-eabi/7.3.1/../../../../arm-none-eabi/lib/thumb/v7-m/libc_nano.a(lib_a-memchr-stub.o)
                0x00000000080094c4                memchr
 .text.__malloc_lock
                0x00000000080094e0        0x2 /home/ryan/xun/gcc-arm-none-eabi-7-2018-q2-update/bin/../lib/gcc/arm-none-eabi/7.3.1/../../../../arm-none-eabi/lib/thumb/v7-m/libc_nano.a(lib_a-mlock.o)
                0x00000000080094e0                __malloc_lock
 .text.__malloc_unlock
                0x00000000080094e2        0x2 /home/ryan/xun/gcc-arm-none-eabi-7-2018-q2-update/bin/../lib/gcc/arm-none-eabi/7.3.1/../../../../arm-none-eabi/lib/thumb/v7-m/libc_nano.a(lib_a-mlock.o)
                0x00000000080094e2                __malloc_unlock
 .text._read_r  0x00000000080094e4       0x24 /home/ryan/xun/gcc-arm-none-eabi-7-2018-q2-update/bin/../lib/gcc/arm-none-eabi/7.3.1/../../../../arm-none-eabi/lib/thumb/v7-m/libc_nano.a(lib_a-readr.o)
                0x00000000080094e4                _read_r
 .text._close   0x0000000008009508       0x10 /home/ryan/xun/gcc-arm-none-eabi-7-2018-q2-update/bin/../lib/gcc/arm-none-eabi/7.3.1/../../../../arm-none-eabi/lib/thumb/v7-m/libnosys.a(close.o)
                0x0000000008009508                _close
 .text._fstat   0x0000000008009518       0x10 /home/ryan/xun/gcc-arm-none-eabi-7-2018-q2-update/bin/../lib/gcc/arm-none-eabi/7.3.1/../../../../arm-none-eabi/lib/thumb/v7-m/libnosys.a(fstat.o)
                0x0000000008009518                _fstat
 .text._isatty  0x0000000008009528       0x10 /home/ryan/xun/gcc-arm-none-eabi-7-2018-q2-update/bin/../lib/gcc/arm-none-eabi/7.3.1/../../../../arm-none-eabi/lib/thumb/v7-m/libnosys.a(isatty.o)
                0x0000000008009528                _isatty
 .text._lseek   0x0000000008009538       0x10 /home/ryan/xun/gcc-arm-none-eabi-7-2018-q2-update/bin/../lib/gcc/arm-none-eabi/7.3.1/../../../../arm-none-eabi/lib/thumb/v7-m/libnosys.a(lseek.o)
                0x0000000008009538                _lseek
 .text._read    0x0000000008009548       0x10 /home/ryan/xun/gcc-arm-none-eabi-7-2018-q2-update/bin/../lib/gcc/arm-none-eabi/7.3.1/../../../../arm-none-eabi/lib/thumb/v7-m/libnosys.a(read.o)
                0x0000000008009548                _read
 .text._sbrk    0x0000000008009558       0x1c /home/ryan/xun/gcc-arm-none-eabi-7-2018-q2-update/bin/../lib/gcc/arm-none-eabi/7.3.1/../../../../arm-none-eabi/lib/thumb/v7-m/libnosys.a(sbrk.o)
                0x0000000008009558                _sbrk
 .text.ParseCEAEDID
                0x0000000008009574      0x268 ./Lib/libite66121dvi.a(hdmitx_sys.o)
 .text.ConfigAVIInfoFrame
                0x00000000080097dc       0x94 ./Lib/libite66121dvi.a(hdmitx_sys.o)
                0x00000000080097dc                ConfigAVIInfoFrame
 .text.ConfigAudioInfoFrm
                0x0000000008009870       0x38 ./Lib/libite66121dvi.a(hdmitx_sys.o)
                0x0000000008009870                ConfigAudioInfoFrm
 .text.HDMITX_SetAudioOutput
                0x00000000080098a8       0x6c ./Lib/libite66121dvi.a(hdmitx_sys.o)
                0x00000000080098a8                HDMITX_SetAudioOutput
 .text.HDMITX_SetOutput
                0x0000000008009914       0xb0 ./Lib/libite66121dvi.a(hdmitx_sys.o)
                0x0000000008009914                HDMITX_SetOutput
 .text.ParseEDID
                0x00000000080099c4       0xf8 ./Lib/libite66121dvi.a(hdmitx_sys.o)
                0x00000000080099c4                ParseEDID
 .text.HDMITX_DevLoopProc
                0x0000000008009abc      0x1b4 ./Lib/libite66121dvi.a(hdmitx_sys.o)
                0x0000000008009abc                HDMITX_DevLoopProc
 .text.HDMI_Tx_SetAudioFs
                0x0000000008009c70       0x98 ./Lib/libite66121dvi.a(hdmitx_sys.o)
                0x0000000008009c70                HDMI_Tx_SetAudioFs
 .text.getHDMITX_LinkStatus
                0x0000000008009d08       0x22 ./Lib/libite66121dvi.a(hdmitx_drv.o)
                0x0000000008009d08                getHDMITX_LinkStatus
 .text.setHDMITX_AVMute
                0x0000000008009d2a       0x3e ./Lib/libite66121dvi.a(hdmitx_drv.o)
                0x0000000008009d2a                setHDMITX_AVMute
 .text.hdmitx_LoadRegSetting
                0x0000000008009d68       0x48 ./Lib/libite66121dvi.a(hdmitx_drv.o)
                0x0000000008009d68                hdmitx_LoadRegSetting
 .text.HDMITX_PowerOn
                0x0000000008009db0       0x10 ./Lib/libite66121dvi.a(hdmitx_drv.o)
                0x0000000008009db0                HDMITX_PowerOn
 .text.HDMITX_PowerDown
                0x0000000008009dc0       0x10 ./Lib/libite66121dvi.a(hdmitx_drv.o)
                0x0000000008009dc0                HDMITX_PowerDown
 .text.hdmitx_ClearDDCFIFO
                0x0000000008009dd0       0x14 ./Lib/libite66121dvi.a(hdmitx_drv.o)
                0x0000000008009dd0                hdmitx_ClearDDCFIFO
 .text.hdmitx_AbortDDC
                0x0000000008009de4       0x54 ./Lib/libite66121dvi.a(hdmitx_drv.o)
                0x0000000008009de4                hdmitx_AbortDDC
 .text.CheckHDMITX
                0x0000000008009e38      0x160 ./Lib/libite66121dvi.a(hdmitx_drv.o)
                0x0000000008009e38                CheckHDMITX
 .text.getHDMITX_EDIDBytes
                0x0000000008009f98      0x11e ./Lib/libite66121dvi.a(hdmitx_drv.o)
                0x0000000008009f98                getHDMITX_EDIDBytes
 .text.getHDMITX_EDIDBlock
                0x000000000800a0b6       0x34 ./Lib/libite66121dvi.a(hdmitx_drv.o)
                0x000000000800a0b6                getHDMITX_EDIDBlock
 .text.HDMITX_DisableVideoOutput
                0x000000000800a0ea       0x32 ./Lib/libite66121dvi.a(hdmitx_drv.o)
                0x000000000800a0ea                HDMITX_DisableVideoOutput
 .text.setHDMITX_VideoSignalType
                0x000000000800a11c       0x1c ./Lib/libite66121dvi.a(hdmitx_drv.o)
                0x000000000800a11c                setHDMITX_VideoSignalType
 .text.hdmitx_SetInputMode
                0x000000000800a138       0x56 ./Lib/libite66121dvi.a(hdmitx_drv.o)
                0x000000000800a138                hdmitx_SetInputMode
 *fill*         0x000000000800a18e        0x2 
 .text.hdmitx_SetCSCScale
                0x000000000800a190      0x124 ./Lib/libite66121dvi.a(hdmitx_drv.o)
                0x000000000800a190                hdmitx_SetCSCScale
 .text.hdmitx_SetupAFE
                0x000000000800a2b4       0x68 ./Lib/libite66121dvi.a(hdmitx_drv.o)
                0x000000000800a2b4                hdmitx_SetupAFE
 .text.hdmitx_FireAFE
                0x000000000800a31c       0x16 ./Lib/libite66121dvi.a(hdmitx_drv.o)
                0x000000000800a31c                hdmitx_FireAFE
 .text.setHDMITX_ChStat
                0x000000000800a332       0x56 ./Lib/libite66121dvi.a(hdmitx_drv.o)
                0x000000000800a332                setHDMITX_ChStat
 .text.setHDMITX_LPCMAudio
                0x000000000800a388       0xf4 ./Lib/libite66121dvi.a(hdmitx_drv.o)
                0x000000000800a388                setHDMITX_LPCMAudio
 .text.setHDMITX_NLPCMAudio
                0x000000000800a47c       0x6c ./Lib/libite66121dvi.a(hdmitx_drv.o)
                0x000000000800a47c                setHDMITX_NLPCMAudio
 .text.setHDMITX_HBRAudio
                0x000000000800a4e8       0xb4 ./Lib/libite66121dvi.a(hdmitx_drv.o)
                0x000000000800a4e8                setHDMITX_HBRAudio
 .text.setHDMITX_DSDAudio
                0x000000000800a59c       0x3c ./Lib/libite66121dvi.a(hdmitx_drv.o)
                0x000000000800a59c                setHDMITX_DSDAudio
 .text.HDMITX_DisableAudioOutput
                0x000000000800a5d8       0x2c ./Lib/libite66121dvi.a(hdmitx_drv.o)
                0x000000000800a5d8                HDMITX_DisableAudioOutput
 .text.setHDMITX_NCTS
                0x000000000800a604      0x1a0 ./Lib/libite66121dvi.a(hdmitx_drv.o)
                0x000000000800a604                setHDMITX_NCTS
 .text.HDMITX_EnableAudioOutput
                0x000000000800a7a4      0x238 ./Lib/libite66121dvi.a(hdmitx_drv.o)
                0x000000000800a7a4                HDMITX_EnableAudioOutput
 .text.setHDMITX_AudioChannelEnable
                0x000000000800a9dc       0xb0 ./Lib/libite66121dvi.a(hdmitx_drv.o)
                0x000000000800a9dc                setHDMITX_AudioChannelEnable
 .text.HDMITX_EnableVideoOutput
                0x000000000800aa8c       0xa8 ./Lib/libite66121dvi.a(hdmitx_drv.o)
                0x000000000800aa8c                HDMITX_EnableVideoOutput
 .text.hdmitx_SetAVIInfoFrame
                0x000000000800ab34       0xb0 ./Lib/libite66121dvi.a(hdmitx_drv.o)
                0x000000000800ab34                hdmitx_SetAVIInfoFrame
 .text.HDMITX_EnableAVIInfoFrame
                0x000000000800abe4       0x24 ./Lib/libite66121dvi.a(hdmitx_drv.o)
                0x000000000800abe4                HDMITX_EnableAVIInfoFrame
 .text.hdmitx_SetAudioInfoFrame
                0x000000000800ac08       0x7a ./Lib/libite66121dvi.a(hdmitx_drv.o)
                0x000000000800ac08                hdmitx_SetAudioInfoFrame
 .text.HDMITX_EnableAudioInfoFrame
                0x000000000800ac82       0x24 ./Lib/libite66121dvi.a(hdmitx_drv.o)
                0x000000000800ac82                HDMITX_EnableAudioInfoFrame
 .text.hdmitx_SetVSIInfoFrame
                0x000000000800aca6       0x6a ./Lib/libite66121dvi.a(hdmitx_drv.o)
                0x000000000800aca6                hdmitx_SetVSIInfoFrame
 .text.HDMITX_EnableVSInfoFrame
                0x000000000800ad10       0x24 ./Lib/libite66121dvi.a(hdmitx_drv.o)
                0x000000000800ad10                HDMITX_EnableVSInfoFrame
 .text.TWI_SCL_0
                0x000000000800ad34       0x18 ./Lib/libsw_i2c0.a(sw_i2c0.o)
 .text.TWI_SCL_1
                0x000000000800ad4c       0x18 ./Lib/libsw_i2c0.a(sw_i2c0.o)
 .text.TWI_SDA_0
                0x000000000800ad64       0x18 ./Lib/libsw_i2c0.a(sw_i2c0.o)
 .text.TWI_SDA_1
                0x000000000800ad7c       0x18 ./Lib/libsw_i2c0.a(sw_i2c0.o)
 .text.TWI_SDA_STATE
                0x000000000800ad94       0x24 ./Lib/libsw_i2c0.a(sw_i2c0.o)
 .text.TWI_NOP  0x000000000800adb8       0x22 ./Lib/libsw_i2c0.a(sw_i2c0.o)
 *fill*         0x000000000800adda        0x2 
 .text.TWI_Initialize
                0x000000000800addc       0x4c ./Lib/libsw_i2c0.a(sw_i2c0.o)
 .text.TWI_START
                0x000000000800ae28       0x46 ./Lib/libsw_i2c0.a(sw_i2c0.o)
 .text.TWI_STOP
                0x000000000800ae6e       0x20 ./Lib/libsw_i2c0.a(sw_i2c0.o)
 .text.TWI_SendNACK
                0x000000000800ae8e       0x20 ./Lib/libsw_i2c0.a(sw_i2c0.o)
 .text.TWI_SendByte
                0x000000000800aeae       0x80 ./Lib/libsw_i2c0.a(sw_i2c0.o)
 .text.TWI_ReceiveByte
                0x000000000800af2e       0x56 ./Lib/libsw_i2c0.a(sw_i2c0.o)
 .text.SW_I2C0_Init
                0x000000000800af84        0xc ./Lib/libsw_i2c0.a(sw_i2c0.o)
                0x000000000800af84                SW_I2C0_Init
 .text.SW_I2C0Write
                0x000000000800af90       0x3a ./Lib/libsw_i2c0.a(sw_i2c0.o)
                0x000000000800af90                SW_I2C0Write
 .text.SW_I2C0WriteNByte
                0x000000000800afca       0x5c ./Lib/libsw_i2c0.a(sw_i2c0.o)
                0x000000000800afca                SW_I2C0WriteNByte
 .text.SW_I2C0Read
                0x000000000800b026       0x5c ./Lib/libsw_i2c0.a(sw_i2c0.o)
                0x000000000800b026                SW_I2C0Read
 *fill*         0x000000000800b082        0x2 
 .text.HDMIRX_ReadI2C_Byte
                0x000000000800b084       0x78 ./Lib/libsw_i2c0.a(sw_i2c0.o)
                0x000000000800b084                HDMIRX_ReadI2C_Byte
 .text.HDMIRX_WriteI2C_Byte
                0x000000000800b0fc       0x74 ./Lib/libsw_i2c0.a(sw_i2c0.o)
                0x000000000800b0fc                HDMIRX_WriteI2C_Byte
 .text.HDMIRX_WriteI2C_ByteN
                0x000000000800b170       0x7c ./Lib/libsw_i2c0.a(sw_i2c0.o)
                0x000000000800b170                HDMIRX_WriteI2C_ByteN
 .text.HDMITX_ReadI2C_Byte
                0x000000000800b1ec       0x1e ./Lib/libsw_i2c0.a(sw_i2c0.o)
                0x000000000800b1ec                HDMITX_ReadI2C_Byte
 .text.HDMITX_WriteI2C_Byte
                0x000000000800b20a       0x26 ./Lib/libsw_i2c0.a(sw_i2c0.o)
                0x000000000800b20a                HDMITX_WriteI2C_Byte
 .text.HDMITX_SetI2C_Byte
                0x000000000800b230       0x60 ./Lib/libsw_i2c0.a(sw_i2c0.o)
                0x000000000800b230                HDMITX_SetI2C_Byte
 .text.TWI_SCL_0
                0x000000000800b290       0x18 ./Lib/libsw_i2c1.a(sw_i2c1.o)
 .text.TWI_SCL_1
                0x000000000800b2a8       0x18 ./Lib/libsw_i2c1.a(sw_i2c1.o)
 .text.TWI_SDA_0
                0x000000000800b2c0       0x18 ./Lib/libsw_i2c1.a(sw_i2c1.o)
 .text.TWI_SDA_1
                0x000000000800b2d8       0x18 ./Lib/libsw_i2c1.a(sw_i2c1.o)
 .text.TWI_SDA_STATE
                0x000000000800b2f0       0x24 ./Lib/libsw_i2c1.a(sw_i2c1.o)
 .text.TWI_NOP  0x000000000800b314       0x22 ./Lib/libsw_i2c1.a(sw_i2c1.o)
 *fill*         0x000000000800b336        0x2 
 .text.TWI_Initialize
                0x000000000800b338       0x48 ./Lib/libsw_i2c1.a(sw_i2c1.o)
 .text.TWI_START
                0x000000000800b380       0x46 ./Lib/libsw_i2c1.a(sw_i2c1.o)
 .text.TWI_STOP
                0x000000000800b3c6       0x20 ./Lib/libsw_i2c1.a(sw_i2c1.o)
 .text.TWI_SendNACK
                0x000000000800b3e6       0x20 ./Lib/libsw_i2c1.a(sw_i2c1.o)
 .text.TWI_SendByte
                0x000000000800b406       0x80 ./Lib/libsw_i2c1.a(sw_i2c1.o)
 .text.TWI_ReceiveByte
                0x000000000800b486       0x56 ./Lib/libsw_i2c1.a(sw_i2c1.o)
 .text.SW_I2C1_Init
                0x000000000800b4dc        0xc ./Lib/libsw_i2c1.a(sw_i2c1.o)
                0x000000000800b4dc                SW_I2C1_Init
 .text.SW_I2C1Write
                0x000000000800b4e8       0x3a ./Lib/libsw_i2c1.a(sw_i2c1.o)
                0x000000000800b4e8                SW_I2C1Write
 .text.SW_I2C1WriteNByte
                0x000000000800b522       0x5c ./Lib/libsw_i2c1.a(sw_i2c1.o)
                0x000000000800b522                SW_I2C1WriteNByte
 .text.SW_I2C1Read
                0x000000000800b57e       0x5c ./Lib/libsw_i2c1.a(sw_i2c1.o)
                0x000000000800b57e                SW_I2C1Read
 *fill*         0x000000000800b5da        0x2 
 .text.TWI_SCL_0
                0x000000000800b5dc       0x18 ./Lib/libsw_i2c2.a(sw_i2c2.o)
 .text.TWI_SCL_1
                0x000000000800b5f4       0x18 ./Lib/libsw_i2c2.a(sw_i2c2.o)
 .text.TWI_SDA_0
                0x000000000800b60c       0x18 ./Lib/libsw_i2c2.a(sw_i2c2.o)
 .text.TWI_SDA_1
                0x000000000800b624       0x18 ./Lib/libsw_i2c2.a(sw_i2c2.o)
 .text.TWI_SDA_STATE
                0x000000000800b63c       0x24 ./Lib/libsw_i2c2.a(sw_i2c2.o)
 .text.TWI_NOP  0x000000000800b660       0x22 ./Lib/libsw_i2c2.a(sw_i2c2.o)
 *fill*         0x000000000800b682        0x2 
 .text.TWI_Initialize
                0x000000000800b684       0x4c ./Lib/libsw_i2c2.a(sw_i2c2.o)
 .text.TWI_START
                0x000000000800b6d0       0x46 ./Lib/libsw_i2c2.a(sw_i2c2.o)
 .text.TWI_STOP
                0x000000000800b716       0x20 ./Lib/libsw_i2c2.a(sw_i2c2.o)
 .text.TWI_SendNACK
                0x000000000800b736       0x20 ./Lib/libsw_i2c2.a(sw_i2c2.o)
 .text.TWI_SendByte
                0x000000000800b756       0x80 ./Lib/libsw_i2c2.a(sw_i2c2.o)
 .text.TWI_ReceiveByte
                0x000000000800b7d6       0x56 ./Lib/libsw_i2c2.a(sw_i2c2.o)
 .text.SW_I2C2_Init
                0x000000000800b82c        0xc ./Lib/libsw_i2c2.a(sw_i2c2.o)
                0x000000000800b82c                SW_I2C2_Init
 .text.SW_I2C2Write
                0x000000000800b838       0x3a ./Lib/libsw_i2c2.a(sw_i2c2.o)
                0x000000000800b838                SW_I2C2Write
 .text.SW_I2C2WriteNByte
                0x000000000800b872       0x5c ./Lib/libsw_i2c2.a(sw_i2c2.o)
                0x000000000800b872                SW_I2C2WriteNByte
 .text.SW_I2C2Read
                0x000000000800b8ce       0x5c ./Lib/libsw_i2c2.a(sw_i2c2.o)
                0x000000000800b8ce                SW_I2C2Read
 .text.I2Cdelay
                0x000000000800b92a       0x22 ./Lib/libsw_i2c2.a(sw_i2c2.o)
                0x000000000800b92a                I2Cdelay
 .text.I2CStart
                0x000000000800b94c       0x20 ./Lib/libsw_i2c2.a(sw_i2c2.o)
                0x000000000800b94c                I2CStart
 .text.I2CReStart
                0x000000000800b96c       0x20 ./Lib/libsw_i2c2.a(sw_i2c2.o)
                0x000000000800b96c                I2CReStart
 .text.I2CStop  0x000000000800b98c       0x28 ./Lib/libsw_i2c2.a(sw_i2c2.o)
                0x000000000800b98c                I2CStop
 .text.I2CWriteData3
                0x000000000800b9b4       0x70 ./Lib/libsw_i2c2.a(sw_i2c2.o)
                0x000000000800b9b4                I2CWriteData3
 .text.I2CReadData3
                0x000000000800ba24       0x56 ./Lib/libsw_i2c2.a(sw_i2c2.o)
                0x000000000800ba24                I2CReadData3
 .text.I2CACK   0x000000000800ba7a       0x28 ./Lib/libsw_i2c2.a(sw_i2c2.o)
 .text.I2CNACK  0x000000000800baa2       0x24 ./Lib/libsw_i2c2.a(sw_i2c2.o)
 .text.ReadI2C3
                0x000000000800bac6       0x68 ./Lib/libsw_i2c2.a(sw_i2c2.o)
                0x000000000800bac6                ReadI2C3
 .text.WriteI2C3
                0x000000000800bb2e       0x46 ./Lib/libsw_i2c2.a(sw_i2c2.o)
                0x000000000800bb2e                WriteI2C3
 .text.I2Cdelay2
                0x000000000800bb74       0x22 ./Lib/libsw_i2c2.a(sw_i2c2.o)
                0x000000000800bb74                I2Cdelay2
 .text.I2CStart2
                0x000000000800bb96       0x20 ./Lib/libsw_i2c2.a(sw_i2c2.o)
                0x000000000800bb96                I2CStart2
 .text.I2CStop2
                0x000000000800bbb6       0x28 ./Lib/libsw_i2c2.a(sw_i2c2.o)
                0x000000000800bbb6                I2CStop2
 .text.I2CWriteData2
                0x000000000800bbde       0x70 ./Lib/libsw_i2c2.a(sw_i2c2.o)
                0x000000000800bbde                I2CWriteData2
 .text.I2CReadData2
                0x000000000800bc4e       0x66 ./Lib/libsw_i2c2.a(sw_i2c2.o)
                0x000000000800bc4e                I2CReadData2
 .text.ReadI2C2
                0x000000000800bcb4       0x4c ./Lib/libsw_i2c2.a(sw_i2c2.o)
                0x000000000800bcb4                ReadI2C2
 .text.EEPWrite
                0x000000000800bd00       0x4e ./Lib/libsw_i2c2.a(sw_i2c2.o)
                0x000000000800bd00                EEPWrite
 .text.EEPRead  0x000000000800bd4e       0x3c ./Lib/libsw_i2c2.a(sw_i2c2.o)
                0x000000000800bd4e                EEPRead
 *fill*         0x000000000800bd8a        0x2 
 .text.TWI_SCL_0
                0x000000000800bd8c       0x18 ./Lib/libsw_i2c3.a(sw_i2c3.o)
 .text.TWI_SDA_1
                0x000000000800bda4       0x18 ./Lib/libsw_i2c3.a(sw_i2c3.o)
 .text.TWI_Initialize
                0x000000000800bdbc       0x48 ./Lib/libsw_i2c3.a(sw_i2c3.o)
 .text.SW_I2C3_Init
                0x000000000800be04        0xc ./Lib/libsw_i2c3.a(sw_i2c3.o)
                0x000000000800be04                SW_I2C3_Init
 .text.Get_WindowNum
                0x000000000800be10       0x2c ./Lib/libVS4210.a(VS4210.o)
 .text.VS4210_FULL88init
                0x000000000800be3c       0x64 ./Lib/libVS4210.a(VS4210.o)
 .text.VS4210_PIP_1080I_w0_ReSet
                0x000000000800bea0       0x14 ./Lib/libVS4210.a(VS4210.o)
 .text.VS4210_init
                0x000000000800beb4       0x64 ./Lib/libVS4210.a(VS4210.o)
 .text.VS4210_init_Input_MODE1_w0
                0x000000000800bf18      0x264 ./Lib/libVS4210.a(VS4210.o)
 .text.VS4210_init_Input_MODE1_w1
                0x000000000800c17c      0x264 ./Lib/libVS4210.a(VS4210.o)
 .text.VS4210_init_Input_MODE1_w2
                0x000000000800c3e0      0x264 ./Lib/libVS4210.a(VS4210.o)
 .text.VS4210_init_Input_MODE1_w3
                0x000000000800c644      0x264 ./Lib/libVS4210.a(VS4210.o)
 .text.VS4210_init_Input_MODE2_w0
                0x000000000800c8a8      0x264 ./Lib/libVS4210.a(VS4210.o)
 .text.VS4210_init_Input_MODE2_w1
                0x000000000800cb0c      0x264 ./Lib/libVS4210.a(VS4210.o)
 .text.VS4210_init_Input_MODE2_w2
                0x000000000800cd70      0x264 ./Lib/libVS4210.a(VS4210.o)
 .text.VS4210_init_Input_MODE2_w3
                0x000000000800cfd4      0x264 ./Lib/libVS4210.a(VS4210.o)
 .text.VS4210_init_Input_MODE6_w0
                0x000000000800d238      0x264 ./Lib/libVS4210.a(VS4210.o)
 .text.VS4210_init_Input_MODE6_w1
                0x000000000800d49c      0x264 ./Lib/libVS4210.a(VS4210.o)
 .text.VS4210_init_Input_MODE6_w2
                0x000000000800d700      0x264 ./Lib/libVS4210.a(VS4210.o)
 .text.VS4210_init_Input_MODE6_w3
                0x000000000800d964      0x264 ./Lib/libVS4210.a(VS4210.o)
 .text.VS4210_init_Input_MODE12_w0
                0x000000000800dbc8      0x264 ./Lib/libVS4210.a(VS4210.o)
 .text.VS4210_init_Input_MODE12_w1
                0x000000000800de2c      0x264 ./Lib/libVS4210.a(VS4210.o)
 .text.VS4210_init_Input_MODE13_w0
                0x000000000800e090      0x264 ./Lib/libVS4210.a(VS4210.o)
 .text.VS4210_init_Input_MODE13_w1
                0x000000000800e2f4      0x264 ./Lib/libVS4210.a(VS4210.o)
 .text.VS4210_init_Input_MODE24_w1
                0x000000000800e558      0x248 ./Lib/libVS4210.a(VS4210.o)
 .text.VS4210_PIP_1080I_w0_Set
                0x000000000800e7a0       0x34 ./Lib/libVS4210.a(VS4210.o)
 .text.VS4210_init_Input_MODE24_w0
                0x000000000800e7d4      0x43c ./Lib/libVS4210.a(VS4210.o)
 .text.VS4210_OpenWindowsPIP0
                0x000000000800ec10       0xcc ./Lib/libVS4210.a(VS4210.o)
                0x000000000800ec10                VS4210_OpenWindowsPIP0
 .text.VS4210_init_Input_MODE88
                0x000000000800ecdc       0x50 ./Lib/libVS4210.a(VS4210.o)
                0x000000000800ecdc                VS4210_init_Input_MODE88
 .text.VS4210_Line_Clear
                0x000000000800ed2c       0x14 ./Lib/libVS4210.a(VS4210.o)
                0x000000000800ed2c                VS4210_Line_Clear
 .text.VS4210_Line_Draw
                0x000000000800ed40      0x240 ./Lib/libVS4210.a(VS4210.o)
                0x000000000800ed40                VS4210_Line_Draw
 .text.VS4210_SwitchChannel
                0x000000000800ef80       0x34 ./Lib/libVS4210.a(VS4210.o)
                0x000000000800ef80                VS4210_SwitchChannel
 .text.VS4210_OpenWindowsX
                0x000000000800efb4       0x5c ./Lib/libVS4210.a(VS4210.o)
                0x000000000800efb4                VS4210_OpenWindowsX
 .text.VS4210_CloseWindowsX
                0x000000000800f010       0x48 ./Lib/libVS4210.a(VS4210.o)
                0x000000000800f010                VS4210_CloseWindowsX
 .text.VS4210_CloseAllWindows
                0x000000000800f058       0x4a ./Lib/libVS4210.a(VS4210.o)
                0x000000000800f058                VS4210_CloseAllWindows
 .text.VS4210_channel0clear
                0x000000000800f0a2       0x6a ./Lib/libVS4210.a(VS4210.o)
                0x000000000800f0a2                VS4210_channel0clear
 .text.VS4210_clearAllsignal
                0x000000000800f10c       0x48 ./Lib/libVS4210.a(VS4210.o)
                0x000000000800f10c                VS4210_clearAllsignal
 .text.VS4210_SetHVLenght
                0x000000000800f154       0x80 ./Lib/libVS4210.a(VS4210.o)
                0x000000000800f154                VS4210_SetHVLenght
 .text.VS4210_Mode0FastChange
                0x000000000800f1d4       0x98 ./Lib/libVS4210.a(VS4210.o)
 .text.VS4210_displayoff
                0x000000000800f26c       0x20 ./Lib/libVS4210.a(VS4210.o)
                0x000000000800f26c                VS4210_displayoff
 .text.VS4210_init_Input_MODE0_w0
                0x000000000800f28c      0x27c ./Lib/libVS4210.a(VS4210.o)
 .text.VS4210_displayon
                0x000000000800f508       0x18 ./Lib/libVS4210.a(VS4210.o)
                0x000000000800f508                VS4210_displayon
 .text.VS4210_init_mode
                0x000000000800f520      0x31c ./Lib/libVS4210.a(VS4210.o)
                0x000000000800f520                VS4210_init_mode
 .text.VS4210_SetInModeOutMode
                0x000000000800f83c      0x20c ./Lib/libVS4210.a(VS4210.o)
                0x000000000800f83c                VS4210_SetInModeOutMode
 .text.VS4210_StartInit
                0x000000000800fa48       0xe8 ./Lib/libVS4210.a(VS4210.o)
                0x000000000800fa48                VS4210_StartInit
 .text.VS4210_No_Signal_Init
                0x000000000800fb30       0x24 ./Lib/libVS4210.a(VS4210.o)
                0x000000000800fb30                VS4210_No_Signal_Init
 .text.VS4210_Rx_NoSignal
                0x000000000800fb54      0x13c ./Lib/libVS4210.a(VS4210.o)
                0x000000000800fb54                VS4210_Rx_NoSignal
 .text.VS4210_PowerDown
                0x000000000800fc90        0xc ./Lib/libVS4210.a(VS4210.o)
                0x000000000800fc90                VS4210_PowerDown
 .text.VS4210_PowerResume
                0x000000000800fc9c        0xc ./Lib/libVS4210.a(VS4210.o)
                0x000000000800fc9c                VS4210_PowerResume
 .text.VS4210_SetMutiWindows
                0x000000000800fca8      0x70c ./Lib/libVS4210.a(VS4210.o)
                0x000000000800fca8                VS4210_SetMutiWindows
 .text.VS4210_SetInputSizeHV
                0x00000000080103b4       0x2c ./Lib/libVS4210.a(VS4210.o)
                0x00000000080103b4                VS4210_SetInputSizeHV
 .text.get_it6602_dev_data
                0x00000000080103e0       0x18 ./Lib/libit6602.a(it6602.o)
 .text.IT6602_VideoOutputConfigure_Init
                0x00000000080103f8       0xd4 ./Lib/libit6602.a(it6602.o)
 .text.hdmirx_Var_init
                0x00000000080104cc       0x70 ./Lib/libit6602.a(it6602.o)
 .text.hdmirxrd
                0x000000000801053c        0x8 ./Lib/libit6602.a(it6602.o)
 .text.IsHDMIMode
                0x0000000008010544       0x3c ./Lib/libit6602.a(it6602.o)
 .text.SetColorimetryByMode
                0x0000000008010580       0x1c ./Lib/libit6602.a(it6602.o)
 .text.CheckAVMute
                0x000000000801059c       0x30 ./Lib/libit6602.a(it6602.o)
 .text.CLKCheck
                0x00000000080105cc       0x28 ./Lib/libit6602.a(it6602.o)
 .text.CheckPlg5VPwr
                0x00000000080105f4       0x30 ./Lib/libit6602.a(it6602.o)
 .text.CheckSCDT
                0x0000000008010624       0x2a ./Lib/libit6602.a(it6602.o)
 .text.getHDMIRXInputAudio
                0x000000000801064e       0x50 ./Lib/libit6602.a(it6602.o)
 .text.hdmirxwr
                0x000000000801069e        0xa ./Lib/libit6602.a(it6602.o)
 .text.hdmirxset
                0x00000000080106a8       0x1e ./Lib/libit6602.a(it6602.o)
 .text.hdimrx_write_init
                0x00000000080106c6       0x20 ./Lib/libit6602.a(it6602.o)
 *fill*         0x00000000080106e6        0x2 
 .text.IT6602_Rst
                0x00000000080106e8       0x14 ./Lib/libit6602.a(it6602.o)
 .text.chgbank  0x00000000080106fc       0x44 ./Lib/libit6602.a(it6602.o)
 .text.GetAVIInfoFrame
                0x0000000008010740       0x74 ./Lib/libit6602.a(it6602.o)
 .text.SetColorimetryByInfoFrame
                0x00000000080107b4       0x36 ./Lib/libit6602.a(it6602.o)
 .text.SetVideoOutputColorFormat
                0x00000000080107ea       0x3a ./Lib/libit6602.a(it6602.o)
 .text.IT6602VideoOutputEnable
                0x0000000008010824       0x1e ./Lib/libit6602.a(it6602.o)
 .text.hdmirx_SetHWMuteClr
                0x0000000008010842        0xe ./Lib/libit6602.a(it6602.o)
 .text.hdmirx_ClearHWMuteClr
                0x0000000008010850        0xe ./Lib/libit6602.a(it6602.o)
 .text.IT6602AudioOutputEnable
                0x000000000801085e       0x1e ./Lib/libit6602.a(it6602.o)
 .text.IT6602SwitchAudioState
                0x000000000801087c       0x4e ./Lib/libit6602.a(it6602.o)
 .text.IT6602_SetVideoMute
                0x00000000080108ca       0x80 ./Lib/libit6602.a(it6602.o)
 *fill*         0x000000000801094a        0x2 
 .text.DisableOverWriteRS
                0x000000000801094c       0x80 ./Lib/libit6602.a(it6602.o)
 .text.TogglePolarity
                0x00000000080109cc      0x110 ./Lib/libit6602.a(it6602.o)
 .text.hdmirx_SetHWMuteClrMode
                0x0000000008010adc        0xe ./Lib/libit6602.a(it6602.o)
 .text.SetVideoInputFormatWithoutInfoFrame
                0x0000000008010aea       0x4e ./Lib/libit6602.a(it6602.o)
 .text.SetVideoInputFormatWithInfoFrame
                0x0000000008010b38       0x56 ./Lib/libit6602.a(it6602.o)
 .text.IT6602_VideoOutputModeSet
                0x0000000008010b8e       0xba ./Lib/libit6602.a(it6602.o)
 .text.TMDSCheck
                0x0000000008010c48      0x220 ./Lib/libit6602.a(it6602.o)
 .text.IT6602HDMIEventManager
                0x0000000008010e68       0xa6 ./Lib/libit6602.a(it6602.o)
 .text.hdmirx_INT_P1_Deskew
                0x0000000008010f0e       0x30 ./Lib/libit6602.a(it6602.o)
 .text.hdmirx_INT_P0_Deskew
                0x0000000008010f3e       0x30 ./Lib/libit6602.a(it6602.o)
 *fill*         0x0000000008010f6e        0x2 
 .text.OverWriteAmpValue2EQ
                0x0000000008010f70      0x1cc ./Lib/libit6602.a(it6602.o)
 .text.AmpValidCheck
                0x000000000801113c      0x13c ./Lib/libit6602.a(it6602.o)
 .text.hdmirx_INT_EQ_FAIL
                0x0000000008011278      0x11c ./Lib/libit6602.a(it6602.o)
 .text.hdmirx_ResetAudio
                0x0000000008011394       0x40 ./Lib/libit6602.a(it6602.o)
 .text.IT6602AudioHandler
                0x00000000080113d4       0xd4 ./Lib/libit6602.a(it6602.o)
 .text.hdmirxbwr
                0x00000000080114a8        0xe ./Lib/libit6602.a(it6602.o)
 *fill*         0x00000000080114b6        0x2 
 .text.SetColorSpaceConvert
                0x00000000080114b8       0xbc ./Lib/libit6602.a(it6602.o)
 .text.SetDVIVideoOutput
                0x0000000008011574       0x1e ./Lib/libit6602.a(it6602.o)
 .text.hdmirx_INT_HDMIMode_Chg
                0x0000000008011592       0x4e ./Lib/libit6602.a(it6602.o)
 .text.SetNewInfoVideoOutput
                0x00000000080115e0       0x1c ./Lib/libit6602.a(it6602.o)
 .text.IT6602VideoOutputConfigure
                0x00000000080115fc       0x6c ./Lib/libit6602.a(it6602.o)
 .text.aud_fiforst
                0x0000000008011668       0x5a ./Lib/libit6602.a(it6602.o)
 .text.it6602HPDCtrl
                0x00000000080116c2       0x44 ./Lib/libit6602.a(it6602.o)
                0x00000000080116c2                it6602HPDCtrl
 .text.hdmirx_ECCTimingOut
                0x0000000008011706       0x60 ./Lib/libit6602.a(it6602.o)
 .text.hdmirx_INT_P0_ECC
                0x0000000008011766       0x1a ./Lib/libit6602.a(it6602.o)
 .text.hdmirx_INT_P1_ECC
                0x0000000008011780       0x1a ./Lib/libit6602.a(it6602.o)
 *fill*         0x000000000801179a        0x2 
 .text.get_vid_info
                0x000000000801179c      0x1f4 ./Lib/libit6602.a(it6602.o)
                0x000000000801179c                get_vid_info
 .text.show_vid_info
                0x0000000008011990       0xa8 ./Lib/libit6602.a(it6602.o)
                0x0000000008011990                show_vid_info
 .text.IT6602SwitchVideoState
                0x0000000008011a38       0x74 ./Lib/libit6602.a(it6602.o)
 .text.it6602PortSelect
                0x0000000008011aac       0x2a ./Lib/libit6602.a(it6602.o)
                0x0000000008011aac                it6602PortSelect
 .text.IT6602_fsm_init
                0x0000000008011ad6       0x1c ./Lib/libit6602.a(it6602.o)
                0x0000000008011ad6                IT6602_fsm_init
 .text.hdmirx_INT_5V_Pwr_Chg
                0x0000000008011af2       0x66 ./Lib/libit6602.a(it6602.o)
 .text.hdmirx_INT_SCDT_Chg
                0x0000000008011b58       0x28 ./Lib/libit6602.a(it6602.o)
 .text.IT6602HDMIInterruptHandler
                0x0000000008011b80      0x418 ./Lib/libit6602.a(it6602.o)
 .text.WaitingForSCDT
                0x0000000008011f98       0x80 ./Lib/libit6602.a(it6602.o)
 .text.IT6602VideoHandler
                0x0000000008012018       0x5c ./Lib/libit6602.a(it6602.o)
 .text.IT6602_fsm
                0x0000000008012074       0x2c ./Lib/libit6602.a(it6602.o)
                0x0000000008012074                IT6602_fsm
 .text.GetHDMI_InputMode
                0x00000000080120a0      0x1e4 ./Lib/libit6602.a(it6602.o)
                0x00000000080120a0                GetHDMI_InputMode
 .text.getHDMIRXAudioInfo
                0x0000000008012284       0x16 ./Lib/libit6602.a(it6602.o)
                0x0000000008012284                getHDMIRXAudioInfo
 .text.InitHDMIRX
                0x000000000801229a        0xe ./Lib/libit6602.a(it6602.o)
                0x000000000801229a                InitHDMIRX
 .text.CheckHDMIRX
                0x00000000080122a8        0x8 ./Lib/libit6602.a(it6602.o)
                0x00000000080122a8                CheckHDMIRX
 *(.glue_7)
 .glue_7        0x00000000080122b0        0x0 linker stubs
 *(.glue_7t)
 .glue_7t       0x00000000080122b0        0x0 linker stubs
 *(.eh_frame)
 .eh_frame      0x00000000080122b0        0x0 /home/ryan/xun/gcc-arm-none-eabi-7-2018-q2-update/bin/../lib/gcc/arm-none-eabi/7.3.1/thumb/v7-m/crtbegin.o
 *(.init)
 .init          0x00000000080122b0        0x4 /home/ryan/xun/gcc-arm-none-eabi-7-2018-q2-update/bin/../lib/gcc/arm-none-eabi/7.3.1/thumb/v7-m/crti.o
                0x00000000080122b0                _init
 .init          0x00000000080122b4        0x8 /home/ryan/xun/gcc-arm-none-eabi-7-2018-q2-update/bin/../lib/gcc/arm-none-eabi/7.3.1/thumb/v7-m/crtn.o
 *(.fini)
 .fini          0x00000000080122bc        0x4 /home/ryan/xun/gcc-arm-none-eabi-7-2018-q2-update/bin/../lib/gcc/arm-none-eabi/7.3.1/thumb/v7-m/crti.o
                0x00000000080122bc                _fini
 .fini          0x00000000080122c0        0x8 /home/ryan/xun/gcc-arm-none-eabi-7-2018-q2-update/bin/../lib/gcc/arm-none-eabi/7.3.1/thumb/v7-m/crtn.o
                0x00000000080122c8                . = ALIGN (0x4)
                0x00000000080122c8                _etext = .

.vfp11_veneer   0x00000000080122c8        0x0
 .vfp11_veneer  0x00000000080122c8        0x0 linker stubs

.v4_bx          0x00000000080122c8        0x0
 .v4_bx         0x00000000080122c8        0x0 linker stubs

.iplt           0x00000000080122c8        0x0
 .iplt          0x00000000080122c8        0x0 /home/ryan/xun/gcc-arm-none-eabi-7-2018-q2-update/bin/../lib/gcc/arm-none-eabi/7.3.1/thumb/v7-m/crtbegin.o

.rodata         0x00000000080122c8     0x901c
                0x00000000080122c8                . = ALIGN (0x4)
 *(.rodata)
 .rodata        0x00000000080122c8       0x12 build/stm32f1xx_hal_rcc.o
 *(.rodata*)
 *fill*         0x00000000080122da        0x2 
 .rodata.CHECK_HDMI720P50.str1.4
                0x00000000080122dc       0x2b build/main.o
 *fill*         0x0000000008012307        0x1 
 .rodata.HDMI_VideoModeDetect.str1.4
                0x0000000008012308       0x50 build/main.o
 .rodata.HS_Select_Win.str1.4
                0x0000000008012358       0x5d build/main.o
 *fill*         0x00000000080123b5        0x3 
 .rodata.SET_Audio_Mute.str1.4
                0x00000000080123b8       0x15 build/main.o
 *fill*         0x00000000080123cd        0x3 
 .rodata.SET_VS4210_720_480_out.str1.4
                0x00000000080123d0       0x1a build/main.o
 *fill*         0x00000000080123ea        0x2 
 .rodata.TP_bt1120_1080P_1080P_mode0_w0.str1.4
                0x00000000080123ec       0x25 build/main.o
 *fill*         0x0000000008012411        0x3 
 .rodata.TP_bt1120_720P_1080P_mode0_w0.str1.4
                0x0000000008012414       0x24 build/main.o
 .rodata.TP_bt1120_NTSC_1080P_mode0_w0.str1.4
                0x0000000008012438       0x24 build/main.o
 .rodata.TP_bt1120_PAL_1080P_mode0_w0.str1.4
                0x000000000801245c       0x23 build/main.o
 *fill*         0x000000000801247f        0x1 
 .rodata.__FUNCTION__.9366
                0x0000000008012480       0x11 build/main.o
 *fill*         0x0000000008012491        0x3 
 .rodata.__FUNCTION__.9371
                0x0000000008012494       0x15 build/main.o
 *fill*         0x00000000080124a9        0x3 
 .rodata.__FUNCTION__.9418
                0x00000000080124ac        0x5 build/main.o
 *fill*         0x00000000080124b1        0x3 
 .rodata.__FUNCTION__.9429
                0x00000000080124b4        0xa build/main.o
 *fill*         0x00000000080124be        0x2 
 .rodata.__FUNCTION__.9508
                0x00000000080124c0        0xe build/main.o
 *fill*         0x00000000080124ce        0x2 
 .rodata.main.str1.4
                0x00000000080124d0       0xb3 build/main.o
 *fill*         0x0000000008012583        0x1 
 .rodata.main_init.str1.4
                0x0000000008012584       0x8c build/main.o
 .rodata.main_loop.str1.4
                0x0000000008012610       0x46 build/main.o
 *fill*         0x0000000008012656        0x2 
 .rodata.AHBPrescTable
                0x0000000008012658       0x10 build/system_stm32f1xx.o
                0x0000000008012658                AHBPrescTable
 .rodata.APBPrescTable
                0x0000000008012668        0x8 build/system_stm32f1xx.o
                0x0000000008012668                APBPrescTable
 .rodata.VS4210_Addr_param
                0x0000000008012670       0x19 build/VS4210_param_Modex26.o
                0x0000000008012670                VS4210_Addr_param
 *fill*         0x0000000008012689        0x3 
 .rodata.VS4210_hdmi1024x768_1080P_mode12_w0_param
                0x000000000801268c       0x19 build/VS4210_param_Modex26.o
                0x000000000801268c                VS4210_hdmi1024x768_1080P_mode12_w0_param
 *fill*         0x00000000080126a5        0x3 
 .rodata.VS4210_hdmi1024x768_1080P_mode12_w1_param
                0x00000000080126a8       0x19 build/VS4210_param_Modex26.o
                0x00000000080126a8                VS4210_hdmi1024x768_1080P_mode12_w1_param
 *fill*         0x00000000080126c1        0x3 
 .rodata.VS4210_hdmi1024x768_1080P_mode13_w0_param
                0x00000000080126c4       0x19 build/VS4210_param_Modex26.o
                0x00000000080126c4                VS4210_hdmi1024x768_1080P_mode13_w0_param
 *fill*         0x00000000080126dd        0x3 
 .rodata.VS4210_hdmi1024x768_1080P_mode13_w1_param
                0x00000000080126e0       0x19 build/VS4210_param_Modex26.o
                0x00000000080126e0                VS4210_hdmi1024x768_1080P_mode13_w1_param
 *fill*         0x00000000080126f9        0x3 
 .rodata.VS4210_hdmi1024x768_1080P_mode1_w0_param
                0x00000000080126fc       0x19 build/VS4210_param_Modex26.o
                0x00000000080126fc                VS4210_hdmi1024x768_1080P_mode1_w0_param
 *fill*         0x0000000008012715        0x3 
 .rodata.VS4210_hdmi1024x768_1080P_mode1_w1_param
                0x0000000008012718       0x19 build/VS4210_param_Modex26.o
                0x0000000008012718                VS4210_hdmi1024x768_1080P_mode1_w1_param
 *fill*         0x0000000008012731        0x3 
 .rodata.VS4210_hdmi1024x768_1080P_mode1_w2_param
                0x0000000008012734       0x19 build/VS4210_param_Modex26.o
                0x0000000008012734                VS4210_hdmi1024x768_1080P_mode1_w2_param
 *fill*         0x000000000801274d        0x3 
 .rodata.VS4210_hdmi1024x768_1080P_mode1_w3_param
                0x0000000008012750       0x19 build/VS4210_param_Modex26.o
                0x0000000008012750                VS4210_hdmi1024x768_1080P_mode1_w3_param
 *fill*         0x0000000008012769        0x3 
 .rodata.VS4210_hdmi1024x768_1080P_mode2_w0_param
                0x000000000801276c       0x19 build/VS4210_param_Modex26.o
                0x000000000801276c                VS4210_hdmi1024x768_1080P_mode2_w0_param
 *fill*         0x0000000008012785        0x3 
 .rodata.VS4210_hdmi1024x768_1080P_mode2_w1_param
                0x0000000008012788       0x19 build/VS4210_param_Modex26.o
                0x0000000008012788                VS4210_hdmi1024x768_1080P_mode2_w1_param
 *fill*         0x00000000080127a1        0x3 
 .rodata.VS4210_hdmi1024x768_1080P_mode2_w2_param
                0x00000000080127a4       0x19 build/VS4210_param_Modex26.o
                0x00000000080127a4                VS4210_hdmi1024x768_1080P_mode2_w2_param
 *fill*         0x00000000080127bd        0x3 
 .rodata.VS4210_hdmi1024x768_1080P_mode2_w3_param
                0x00000000080127c0       0x19 build/VS4210_param_Modex26.o
                0x00000000080127c0                VS4210_hdmi1024x768_1080P_mode2_w3_param
 *fill*         0x00000000080127d9        0x3 
 .rodata.VS4210_hdmi1024x768_1080P_mode6_w0_param
                0x00000000080127dc       0x19 build/VS4210_param_Modex26.o
                0x00000000080127dc                VS4210_hdmi1024x768_1080P_mode6_w0_param
 *fill*         0x00000000080127f5        0x3 
 .rodata.VS4210_hdmi1024x768_1080P_mode6_w1_param
                0x00000000080127f8       0x19 build/VS4210_param_Modex26.o
                0x00000000080127f8                VS4210_hdmi1024x768_1080P_mode6_w1_param
 *fill*         0x0000000008012811        0x3 
 .rodata.VS4210_hdmi1024x768_1080P_mode6_w2_param
                0x0000000008012814       0x19 build/VS4210_param_Modex26.o
                0x0000000008012814                VS4210_hdmi1024x768_1080P_mode6_w2_param
 *fill*         0x000000000801282d        0x3 
 .rodata.VS4210_hdmi1024x768_1080P_mode6_w3_param
                0x0000000008012830       0x19 build/VS4210_param_Modex26.o
                0x0000000008012830                VS4210_hdmi1024x768_1080P_mode6_w3_param
 *fill*         0x0000000008012849        0x3 
 .rodata.VS4210_hdmi1024x768_1080P_mode6pip_w0_param
                0x000000000801284c       0x19 build/VS4210_param_Modex26.o
                0x000000000801284c                VS4210_hdmi1024x768_1080P_mode6pip_w0_param
 *fill*         0x0000000008012865        0x3 
 .rodata.VS4210_hdmi1024x768_1080P_mode6pip_w1_param
                0x0000000008012868       0x19 build/VS4210_param_Modex26.o
                0x0000000008012868                VS4210_hdmi1024x768_1080P_mode6pip_w1_param
 *fill*         0x0000000008012881        0x3 
 .rodata.VS4210_hdmi1024x768_1080P_mode6pip_w2_param
                0x0000000008012884       0x19 build/VS4210_param_Modex26.o
                0x0000000008012884                VS4210_hdmi1024x768_1080P_mode6pip_w2_param
 *fill*         0x000000000801289d        0x3 
 .rodata.VS4210_hdmi1024x768_1080P_mode6pip_w3_param
                0x00000000080128a0       0x19 build/VS4210_param_Modex26.o
                0x00000000080128a0                VS4210_hdmi1024x768_1080P_mode6pip_w3_param
 *fill*         0x00000000080128b9        0x3 
 .rodata.VS4210_hdmi1024x768_720P_mode12_w0_param
                0x00000000080128bc       0x19 build/VS4210_param_Modex26.o
                0x00000000080128bc                VS4210_hdmi1024x768_720P_mode12_w0_param
 *fill*         0x00000000080128d5        0x3 
 .rodata.VS4210_hdmi1024x768_720P_mode12_w1_param
                0x00000000080128d8       0x19 build/VS4210_param_Modex26.o
                0x00000000080128d8                VS4210_hdmi1024x768_720P_mode12_w1_param
 *fill*         0x00000000080128f1        0x3 
 .rodata.VS4210_hdmi1024x768_720P_mode13_w0_param
                0x00000000080128f4       0x19 build/VS4210_param_Modex26.o
                0x00000000080128f4                VS4210_hdmi1024x768_720P_mode13_w0_param
 *fill*         0x000000000801290d        0x3 
 .rodata.VS4210_hdmi1024x768_720P_mode13_w1_param
                0x0000000008012910       0x19 build/VS4210_param_Modex26.o
                0x0000000008012910                VS4210_hdmi1024x768_720P_mode13_w1_param
 *fill*         0x0000000008012929        0x3 
 .rodata.VS4210_hdmi1024x768_720P_mode1_w0_param
                0x000000000801292c       0x19 build/VS4210_param_Modex26.o
                0x000000000801292c                VS4210_hdmi1024x768_720P_mode1_w0_param
 *fill*         0x0000000008012945        0x3 
 .rodata.VS4210_hdmi1024x768_720P_mode1_w1_param
                0x0000000008012948       0x19 build/VS4210_param_Modex26.o
                0x0000000008012948                VS4210_hdmi1024x768_720P_mode1_w1_param
 *fill*         0x0000000008012961        0x3 
 .rodata.VS4210_hdmi1024x768_720P_mode1_w2_param
                0x0000000008012964       0x19 build/VS4210_param_Modex26.o
                0x0000000008012964                VS4210_hdmi1024x768_720P_mode1_w2_param
 *fill*         0x000000000801297d        0x3 
 .rodata.VS4210_hdmi1024x768_720P_mode1_w3_param
                0x0000000008012980       0x19 build/VS4210_param_Modex26.o
                0x0000000008012980                VS4210_hdmi1024x768_720P_mode1_w3_param
 *fill*         0x0000000008012999        0x3 
 .rodata.VS4210_hdmi1024x768_720P_mode24_w0_param
                0x000000000801299c       0x19 build/VS4210_param_Modex26.o
                0x000000000801299c                VS4210_hdmi1024x768_720P_mode24_w0_param
 *fill*         0x00000000080129b5        0x3 
 .rodata.VS4210_hdmi1024x768_720P_mode24_w1_param
                0x00000000080129b8       0x19 build/VS4210_param_Modex26.o
                0x00000000080129b8                VS4210_hdmi1024x768_720P_mode24_w1_param
 *fill*         0x00000000080129d1        0x3 
 .rodata.VS4210_hdmi1024x768_720P_mode2_w0_param
                0x00000000080129d4       0x19 build/VS4210_param_Modex26.o
                0x00000000080129d4                VS4210_hdmi1024x768_720P_mode2_w0_param
 *fill*         0x00000000080129ed        0x3 
 .rodata.VS4210_hdmi1024x768_720P_mode2_w1_param
                0x00000000080129f0       0x19 build/VS4210_param_Modex26.o
                0x00000000080129f0                VS4210_hdmi1024x768_720P_mode2_w1_param
 *fill*         0x0000000008012a09        0x3 
 .rodata.VS4210_hdmi1024x768_720P_mode2_w2_param
                0x0000000008012a0c       0x19 build/VS4210_param_Modex26.o
                0x0000000008012a0c                VS4210_hdmi1024x768_720P_mode2_w2_param
 *fill*         0x0000000008012a25        0x3 
 .rodata.VS4210_hdmi1024x768_720P_mode2_w3_param
                0x0000000008012a28       0x19 build/VS4210_param_Modex26.o
                0x0000000008012a28                VS4210_hdmi1024x768_720P_mode2_w3_param
 *fill*         0x0000000008012a41        0x3 
 .rodata.VS4210_hdmi1024x768_720P_mode6_w0_param
                0x0000000008012a44       0x19 build/VS4210_param_Modex26.o
                0x0000000008012a44                VS4210_hdmi1024x768_720P_mode6_w0_param
 *fill*         0x0000000008012a5d        0x3 
 .rodata.VS4210_hdmi1024x768_720P_mode6_w1_param
                0x0000000008012a60       0x19 build/VS4210_param_Modex26.o
                0x0000000008012a60                VS4210_hdmi1024x768_720P_mode6_w1_param
 *fill*         0x0000000008012a79        0x3 
 .rodata.VS4210_hdmi1024x768_720P_mode6_w2_param
                0x0000000008012a7c       0x19 build/VS4210_param_Modex26.o
                0x0000000008012a7c                VS4210_hdmi1024x768_720P_mode6_w2_param
 *fill*         0x0000000008012a95        0x3 
 .rodata.VS4210_hdmi1024x768_720P_mode6_w3_param
                0x0000000008012a98       0x19 build/VS4210_param_Modex26.o
                0x0000000008012a98                VS4210_hdmi1024x768_720P_mode6_w3_param
 *fill*         0x0000000008012ab1        0x3 
 .rodata.VS4210_hdmi1080P_1080P_mode12_w0_param
                0x0000000008012ab4       0x19 build/VS4210_param_Modex26.o