Archive member included to satisfy reference by file (symbol)

/home/ryan/xun/gcc-arm-none-eabi-7-2018-q2-update/bin/../lib/gcc/arm-none-eabi/7.3.1/../../../../arm-none-eabi/lib/thumb/v7-m/libc_nano.a(lib_a-errno.o)
                              build/main.o (__errno)
/home/ryan/xun/gcc-arm-none-eabi-7-2018-q2-update/bin/../lib/gcc/arm-none-eabi/7.3.1/../../../../arm-none-eabi/lib/thumb/v7-m/libc_nano.a(lib_a-exit.o)
                              /home/ryan/xun/gcc-arm-none-eabi-7-2018-q2-update/bin/../lib/gcc/arm-none-eabi/7.3.1/../../../../arm-none-eabi/lib/thumb/v7-m/crt0.o (exit)
/home/ryan/xun/gcc-arm-none-eabi-7-2018-q2-update/bin/../lib/gcc/arm-none-eabi/7.3.1/../../../../arm-none-eabi/lib/thumb/v7-m/libc_nano.a(lib_a-impure.o)
                              /home/ryan/xun/gcc-arm-none-eabi-7-2018-q2-update/bin/../lib/gcc/arm-none-eabi/7.3.1/../../../../arm-none-eabi/lib/thumb/v7-m/libc_nano.a(lib_a-exit.o) (_global_impure_ptr)
/home/ryan/xun/gcc-arm-none-eabi-7-2018-q2-update/bin/../lib/gcc/arm-none-eabi/7.3.1/../../../../arm-none-eabi/lib/thumb/v7-m/libc_nano.a(lib_a-init.o)
                              /home/ryan/xun/gcc-arm-none-eabi-7-2018-q2-update/bin/../lib/gcc/arm-none-eabi/7.3.1/../../../../arm-none-eabi/lib/thumb/v7-m/crt0.o (__libc_init_array)
/home/ryan/xun/gcc-arm-none-eabi-7-2018-q2-update/bin/../lib/gcc/arm-none-eabi/7.3.1/../../../../arm-none-eabi/lib/thumb/v7-m/libc_nano.a(lib_a-memcpy-stub.o)
                              build/VX_OSD_Simple.o (memcpy)
/home/ryan/xun/gcc-arm-none-eabi-7-2018-q2-update/bin/../lib/gcc/arm-none-eabi/7.3.1/../../../../arm-none-eabi/lib/thumb/v7-m/libc_nano.a(lib_a-memset.o)
                              /home/ryan/xun/gcc-arm-none-eabi-7-2018-q2-update/bin/../lib/gcc/arm-none-eabi/7.3.1/../../../../arm-none-eabi/lib/thumb/v7-m/crt0.o (memset)
/home/ryan/xun/gcc-arm-none-eabi-7-2018-q2-update/bin/../lib/gcc/arm-none-eabi/7.3.1/../../../../arm-none-eabi/lib/thumb/v7-m/libc_nano.a(lib_a-printf.o)
                              build/main.o (printf)
/home/ryan/xun/gcc-arm-none-eabi-7-2018-q2-update/bin/../lib/gcc/arm-none-eabi/7.3.1/../../../../arm-none-eabi/lib/thumb/v7-m/libc_nano.a(lib_a-puts.o)
                              build/main.o (puts)
/home/ryan/xun/gcc-arm-none-eabi-7-2018-q2-update/bin/../lib/gcc/arm-none-eabi/7.3.1/../../../../arm-none-eabi/lib/thumb/v7-m/libc_nano.a(lib_a-strtol.o)
                              build/main.o (strtol)
/home/ryan/xun/gcc-arm-none-eabi-7-2018-q2-update/bin/../lib/gcc/arm-none-eabi/7.3.1/../../../../arm-none-eabi/lib/thumb/v7-m/libc_nano.a(lib_a-wbuf.o)
                              /home/ryan/xun/gcc-arm-none-eabi-7-2018-q2-update/bin/../lib/gcc/arm-none-eabi/7.3.1/../../../../arm-none-eabi/lib/thumb/v7-m/libc_nano.a(lib_a-puts.o) (__swbuf_r)
/home/ryan/xun/gcc-arm-none-eabi-7-2018-q2-update/bin/../lib/gcc/arm-none-eabi/7.3.1/../../../../arm-none-eabi/lib/thumb/v7-m/libc_nano.a(lib_a-wsetup.o)
                              /home/ryan/xun/gcc-arm-none-eabi-7-2018-q2-update/bin/../lib/gcc/arm-none-eabi/7.3.1/../../../../arm-none-eabi/lib/thumb/v7-m/libc_nano.a(lib_a-puts.o) (__swsetup_r)
/home/ryan/xun/gcc-arm-none-eabi-7-2018-q2-update/bin/../lib/gcc/arm-none-eabi/7.3.1/../../../../arm-none-eabi/lib/thumb/v7-m/libc_nano.a(lib_a-fflush.o)
                              /home/ryan/xun/gcc-arm-none-eabi-7-2018-q2-update/bin/../lib/gcc/arm-none-eabi/7.3.1/../../../../arm-none-eabi/lib/thumb/v7-m/libc_nano.a(lib_a-wbuf.o) (_fflush_r)
/home/ryan/xun/gcc-arm-none-eabi-7-2018-q2-update/bin/../lib/gcc/arm-none-eabi/7.3.1/../../../../arm-none-eabi/lib/thumb/v7-m/libc_nano.a(lib_a-findfp.o)
                              /home/ryan/xun/gcc-arm-none-eabi-7-2018-q2-update/bin/../lib/gcc/arm-none-eabi/7.3.1/../../../../arm-none-eabi/lib/thumb/v7-m/libc_nano.a(lib_a-printf.o) (__sinit)
/home/ryan/xun/gcc-arm-none-eabi-7-2018-q2-update/bin/../lib/gcc/arm-none-eabi/7.3.1/../../../../arm-none-eabi/lib/thumb/v7-m/libc_nano.a(lib_a-fwalk.o)
                              /home/ryan/xun/gcc-arm-none-eabi-7-2018-q2-update/bin/../lib/gcc/arm-none-eabi/7.3.1/../../../../arm-none-eabi/lib/thumb/v7-m/libc_nano.a(lib_a-findfp.o) (_fwalk)
/home/ryan/xun/gcc-arm-none-eabi-7-2018-q2-update/bin/../lib/gcc/arm-none-eabi/7.3.1/../../../../arm-none-eabi/lib/thumb/v7-m/libc_nano.a(lib_a-locale.o)
                              /home/ryan/xun/gcc-arm-none-eabi-7-2018-q2-update/bin/../lib/gcc/arm-none-eabi/7.3.1/../../../../arm-none-eabi/lib/thumb/v7-m/libc_nano.a(lib_a-strtol.o) (__locale_ctype_ptr_l)
/home/ryan/xun/gcc-arm-none-eabi-7-2018-q2-update/bin/../lib/gcc/arm-none-eabi/7.3.1/../../../../arm-none-eabi/lib/thumb/v7-m/libc_nano.a(lib_a-makebuf.o)
                              /home/ryan/xun/gcc-arm-none-eabi-7-2018-q2-update/bin/../lib/gcc/arm-none-eabi/7.3.1/../../../../arm-none-eabi/lib/thumb/v7-m/libc_nano.a(lib_a-wsetup.o) (__smakebuf_r)
[...]
Memory Configuration

Name             Origin             Length             Attributes
RAM              0x0000000020000000 0x0000000000005000 xrw
FLASH            0x0000000008000000 0x0000000000020000 xr
*default*        0x0000000000000000 0xffffffffffffffff

Linker script and memory map

LOAD /home/ryan/xun/gcc-arm-none-eabi-7-2018-q2-update/bin/../lib/gcc/arm-none-eabi/7.3.1/thumb/v7-m/crti.o
LOAD /home/ryan/xun/gcc-arm-none-eabi-7-2018-q2-update/bin/../lib/gcc/arm-none-eabi/7.3.1/thumb/v7-m/crtbegin.o
LOAD /home/ryan/xun/gcc-arm-none-eabi-7-2018-q2-update/bin/../lib/gcc/arm-none-eabi/7.3.1/../../../../arm-none-eabi/lib/thumb/v7-m/crt0.o
LOAD build/main.o
LOAD build/stm32f1xx_it.o
LOAD build/stm32f1xx_hal_msp.o
LOAD build/stm32f1xx_hal_gpio_ex.o
LOAD build/stm32f1xx_hal_tim.o
LOAD build/stm32f1xx_hal_tim_ex.o
LOAD build/stm32f1xx_hal_uart.o
LOAD build/stm32f1xx_hal.o
LOAD build/stm32f1xx_hal_rcc.o
LOAD build/stm32f1xx_hal_rcc_ex.o
LOAD build/stm32f1xx_hal_gpio.o
LOAD build/stm32f1xx_hal_dma.o
LOAD build/stm32f1xx_hal_cortex.o
LOAD build/stm32f1xx_hal_pwr.o
LOAD build/stm32f1xx_hal_flash.o
LOAD build/stm32f1xx_hal_flash_ex.o
LOAD build/stm32f1xx_hal_exti.o
LOAD build/stm32f1xx_hal_adc.o
LOAD build/stm32f1xx_hal_adc_ex.o
LOAD build/system_stm32f1xx.o
LOAD build/VX_swi2c.o
LOAD build/VS4210_param_Modex26.o
LOAD build/VS4210_param_Mode88.o
LOAD build/VX_OSD.o
LOAD build/VX_OSD_Simple.o
LOAD build/TP2802.o
LOAD build/monitor.o
LOAD build/Printf.o
LOAD build/SysTimer.o
LOAD build/exosd.o
LOAD build/TOA_Protocol.o
LOAD build/etc_eep.o
LOAD build/startup_stm32f103xb.o
LOAD /home/ryan/xun/gcc-arm-none-eabi-7-2018-q2-update/bin/../lib/gcc/arm-none-eabi/7.3.1/../../../../arm-none-eabi/lib/thumb/v7-m/libc_nano.a
LOAD /home/ryan/xun/gcc-arm-none-eabi-7-2018-q2-update/bin/../lib/gcc/arm-none-eabi/7.3.1/../../../../arm-none-eabi/lib/thumb/v7-m/libm.a
LOAD /home/ryan/xun/gcc-arm-none-eabi-7-2018-q2-update/bin/../lib/gcc/arm-none-eabi/7.3.1/../../../../arm-none-eabi/lib/thumb/v7-m/libnosys.a
LOAD ./Lib/libite66121dvi.a
LOAD ./Lib/libsw_i2c0.a
LOAD ./Lib/libsw_i2c1.a
LOAD ./Lib/libsw_i2c2.a
LOAD ./Lib/libsw_i2c3.a
LOAD ./Lib/libVS4210.a
LOAD ./Lib/libit6602.a
START GROUP
LOAD /home/ryan/xun/gcc-arm-none-eabi-7-2018-q2-update/bin/../lib/gcc/arm-none-eabi/7.3.1/thumb/v7-m/libgcc.a
LOAD /home/ryan/xun/gcc-arm-none-eabi-7-2018-q2-update/bin/../lib/gcc/arm-none-eabi/7.3.1/../../../../arm-none-eabi/lib/thumb/v7-m/libc_nano.a
END GROUP
START GROUP
LOAD /home/ryan/xun/gcc-arm-none-eabi-7-2018-q2-update/bin/../lib/gcc/arm-none-eabi/7.3.1/thumb/v7-m/libgcc.a
LOAD /home/ryan/xun/gcc-arm-none-eabi-7-2018-q2-update/bin/../lib/gcc/arm-none-eabi/7.3.1/../../../../arm-none-eabi/lib/thumb/v7-m/libc_nano.a
END GROUP
LOAD /home/ryan/xun/gcc-arm-none-eabi-7-2018-q2-update/bin/../lib/gcc/arm-none-eabi/7.3.1/thumb/v7-m/crtend.o
LOAD /home/ryan/xun/gcc-arm-none-eabi-7-2018-q2-update/bin/../lib/gcc/arm-none-eabi/7.3.1/thumb/v7-m/crtn.o
                0x0000000020005000                _estack = 0x20005000
                0x0000000000000200                _Min_Heap_Size = 0x200
                0x0000000000000400                _Min_Stack_Size = 0x400

.isr_vector     0x0000000008000000      0x10c
                0x0000000008000000                . = ALIGN (0x4)
 *(.isr_vector)
 .isr_vector    0x0000000008000000      0x10c build/startup_stm32f103xb.o
                0x0000000008000000                g_pfnVectors
                0x000000000800010c                . = ALIGN (0x4)

.text           0x000000000800010c    0x121b4
                0x000000000800010c                . = ALIGN (0x4)
 *(.text)
 .text          0x000000000800010c       0x40 /home/ryan/xun/gcc-arm-none-eabi-7-2018-q2-update/bin/../lib/gcc/arm-none-eabi/7.3.1/thumb/v7-m/crtbegin.o
 .text          0x000000000800014c       0x24 /home/ryan/xun/gcc-arm-none-eabi-7-2018-q2-update/bin/../lib/gcc/arm-none-eabi/7.3.1/thumb/v7-m/libgcc.a(_udivsi3.o)
                0x000000000800014c                __udivsi3
                0x000000000800014c                __aeabi_uidiv
                0x0000000008000160                __aeabi_uidivmod
 .text          0x0000000008000170       0x2c /home/ryan/xun/gcc-arm-none-eabi-7-2018-q2-update/bin/../lib/gcc/arm-none-eabi/7.3.1/thumb/v7-m/libgcc.a(_divsi3.o)
                0x0000000008000170                __aeabi_idiv
                0x0000000008000170                __divsi3
                0x000000000800018c                __aeabi_idivmod
 .text          0x000000000800019c        0x4 /home/ryan/xun/gcc-arm-none-eabi-7-2018-q2-update/bin/../lib/gcc/arm-none-eabi/7.3.1/thumb/v7-m/libgcc.a(_dvmd_tls.o)
                0x000000000800019c                __aeabi_ldiv0
                0x000000000800019c                __aeabi_idiv0
 *(.text*)
 .text.MX_GPIO_Init
                0x00000000080001a0       0xd8 build/main.o
 .text.MX_TIM3_Init
                0x0000000008000278       0x54 build/main.o
 .text.MX_USART1_UART_Init
                0x00000000080002cc       0x2c build/main.o
 .text.MX_USART2_UART_Init
                0x00000000080002f8       0x2c build/main.o
 .text.HDMI_AudioModeDetect
                0x0000000008000324       0x60 build/main.o
 .text._write   0x0000000008000384       0x34 build/main.o
                0x0000000008000384                _write
 .text.Audio_Sel
                0x00000000080003b8      0x184 build/main.o
                0x00000000080003b8                Audio_Sel
 .text.SET_Audio_Mute
                0x000000000800053c       0x30 build/main.o
                0x000000000800053c                SET_Audio_Mute
 .text.InitialTimerEvent
                0x000000000800056c        0x8 build/main.o
                0x000000000800056c                InitialTimerEvent
 .text.CHECK_HDMI720P50
                0x0000000008000574       0x7c build/main.o
                0x0000000008000574                CHECK_HDMI720P50
 .text.HDMI_VideoModeDetect
                0x00000000080005f0      0x244 build/main.o
 .text.main_init
                0x0000000008000834       0x8c build/main.o
                0x0000000008000834                main_init
 .text.user_pwm_setvalue
                0x00000000080008c0       0x2c build/main.o
                0x00000000080008c0                user_pwm_setvalue
 .text.VS4210_FULL88init2
                0x00000000080008ec       0x20 build/main.o
                0x00000000080008ec                VS4210_FULL88init2
 .text.TP_bt1120_1080P_1080P_mode0_w0
                0x000000000800090c       0x18 build/main.o
                0x000000000800090c                TP_bt1120_1080P_1080P_mode0_w0
 .text.TP_bt1120_720P_1080P_mode0_w0
                0x0000000008000924       0x20 build/main.o
                0x0000000008000924                TP_bt1120_720P_1080P_mode0_w0
 .text.TP_bt1120_NTSC_1080P_mode0_w0
                0x0000000008000944       0x18 build/main.o
                0x0000000008000944                TP_bt1120_NTSC_1080P_mode0_w0
 .text.TP_bt1120_PAL_1080P_mode0_w0
                0x000000000800095c       0x18 build/main.o
                0x000000000800095c                TP_bt1120_PAL_1080P_mode0_w0
 .text.SET_VS4210_720_480_out
                0x0000000008000974      0x784 build/main.o
                0x0000000008000974                SET_VS4210_720_480_out
 .text.SystemClock_Config
                0x00000000080010f8       0x4c build/main.o
                0x00000000080010f8                SystemClock_Config
 .text.HAL_TIM_PeriodElapsedCallback
                0x0000000008001144       0x8c build/main.o
                0x0000000008001144                HAL_TIM_PeriodElapsedCallback
 .text.HAL_UART_RxCpltCallback
                0x00000000080011d0       0x90 build/main.o
                0x00000000080011d0                HAL_UART_RxCpltCallback
 .text.HAL_GPIO_EXTI_Callback
                0x0000000008001260        0x2 build/main.o
                0x0000000008001260                HAL_GPIO_EXTI_Callback
 *fill*         0x0000000008001262        0x2 
 .text.HS_Select_Win
                0x0000000008001264      0x154 build/main.o
                0x0000000008001264                HS_Select_Win
 .text.main_loop
                0x00000000080013b8      0x1d0 build/main.o
                0x00000000080013b8                main_loop
 .text.main     0x0000000008001588      0x204 build/main.o
                0x0000000008001588                main
 .text.NMI_Handler
                0x000000000800178c        0x2 build/stm32f1xx_it.o
                0x000000000800178c                NMI_Handler
 .text.HardFault_Handler
                0x000000000800178e        0x2 build/stm32f1xx_it.o
                0x000000000800178e                HardFault_Handler
 .text.MemManage_Handler
                0x0000000008001790        0x2 build/stm32f1xx_it.o
                0x0000000008001790                MemManage_Handler
 .text.BusFault_Handler
                0x0000000008001792        0x2 build/stm32f1xx_it.o
                0x0000000008001792                BusFault_Handler
 .text.UsageFault_Handler
                0x0000000008001794        0x2 build/stm32f1xx_it.o
                0x0000000008001794                UsageFault_Handler
 .text.SVC_Handler
                0x0000000008001796        0x2 build/stm32f1xx_it.o
                0x0000000008001796                SVC_Handler
 .text.DebugMon_Handler
                0x0000000008001798        0x2 build/stm32f1xx_it.o
                0x0000000008001798                DebugMon_Handler
 .text.PendSV_Handler
                0x000000000800179a        0x2 build/stm32f1xx_it.o
                0x000000000800179a                PendSV_Handler
 .text.SysTick_Handler
                0x000000000800179c        0x8 build/stm32f1xx_it.o
                0x000000000800179c                SysTick_Handler
 .text.EXTI2_IRQHandler
                0x00000000080017a4        0xa build/stm32f1xx_it.o
                0x00000000080017a4                EXTI2_IRQHandler
 *fill*         0x00000000080017ae        0x2 
 .text.TIM3_IRQHandler
                0x00000000080017b0       0x10 build/stm32f1xx_it.o
                0x00000000080017b0                TIM3_IRQHandler
 .text.USART1_IRQHandler
                0x00000000080017c0       0x10 build/stm32f1xx_it.o
                0x00000000080017c0                USART1_IRQHandler
 .text.USART2_IRQHandler
                0x00000000080017d0       0x10 build/stm32f1xx_it.o
                0x00000000080017d0                USART2_IRQHandler
 .text.HAL_MspInit
                0x00000000080017e0       0x44 build/stm32f1xx_hal_msp.o
                0x00000000080017e0                HAL_MspInit
 .text.HAL_TIM_Base_MspInit
                0x0000000008001824       0x40 build/stm32f1xx_hal_msp.o
                0x0000000008001824                HAL_TIM_Base_MspInit
 .text.HAL_UART_MspInit
                0x0000000008001864       0xf8 build/stm32f1xx_hal_msp.o
                0x0000000008001864                HAL_UART_MspInit
 .text.TIM_OC1_SetConfig
                0x000000000800195c       0x5c build/stm32f1xx_hal_tim.o
 .text.TIM_OC3_SetConfig
                0x00000000080019b8       0x64 build/stm32f1xx_hal_tim.o
 .text.TIM_OC4_SetConfig
                0x0000000008001a1c       0x48 build/stm32f1xx_hal_tim.o
 .text.TIM_TI1_ConfigInputStage
                0x0000000008001a64       0x24 build/stm32f1xx_hal_tim.o
 .text.TIM_TI2_ConfigInputStage
                0x0000000008001a88       0x26 build/stm32f1xx_hal_tim.o
 .text.TIM_ITRx_SetConfig
                0x0000000008001aae       0x10 build/stm32f1xx_hal_tim.o
 .text.HAL_TIM_Base_Start_IT
                0x0000000008001abe       0x22 build/stm32f1xx_hal_tim.o
                0x0000000008001abe                HAL_TIM_Base_Start_IT
 .text.HAL_TIM_OC_DelayElapsedCallback
                0x0000000008001ae0        0x2 build/stm32f1xx_hal_tim.o
                0x0000000008001ae0                HAL_TIM_OC_DelayElapsedCallback
 .text.HAL_TIM_IC_CaptureCallback
                0x0000000008001ae2        0x2 build/stm32f1xx_hal_tim.o
                0x0000000008001ae2                HAL_TIM_IC_CaptureCallback
 .text.HAL_TIM_PWM_PulseFinishedCallback
                0x0000000008001ae4        0x2 build/stm32f1xx_hal_tim.o
                0x0000000008001ae4                HAL_TIM_PWM_PulseFinishedCallback
 .text.HAL_TIM_TriggerCallback
                0x0000000008001ae6        0x2 build/stm32f1xx_hal_tim.o
                0x0000000008001ae6                HAL_TIM_TriggerCallback
 .text.HAL_TIM_IRQHandler
                0x0000000008001ae8      0x17a build/stm32f1xx_hal_tim.o
                0x0000000008001ae8                HAL_TIM_IRQHandler
 *fill*         0x0000000008001c62        0x2 
 .text.TIM_Base_SetConfig
                0x0000000008001c64       0x74 build/stm32f1xx_hal_tim.o
                0x0000000008001c64                TIM_Base_SetConfig
 .text.HAL_TIM_Base_Init
                0x0000000008001cd8       0x32 build/stm32f1xx_hal_tim.o
                0x0000000008001cd8                HAL_TIM_Base_Init
 *fill*         0x0000000008001d0a        0x2 
 .text.TIM_OC2_SetConfig
                0x0000000008001d0c       0x64 build/stm32f1xx_hal_tim.o
                0x0000000008001d0c                TIM_OC2_SetConfig
 .text.HAL_TIM_PWM_ConfigChannel
                0x0000000008001d70       0xdc build/stm32f1xx_hal_tim.o
                0x0000000008001d70                HAL_TIM_PWM_ConfigChannel
 .text.TIM_ETR_SetConfig
                0x0000000008001e4c       0x16 build/stm32f1xx_hal_tim.o
                0x0000000008001e4c                TIM_ETR_SetConfig
 .text.HAL_TIM_ConfigClockSource
                0x0000000008001e62       0xda build/stm32f1xx_hal_tim.o
                0x0000000008001e62                HAL_TIM_ConfigClockSource
 .text.TIM_CCxChannelCmd
                0x0000000008001f3c       0x20 build/stm32f1xx_hal_tim.o
                0x0000000008001f3c                TIM_CCxChannelCmd
 .text.HAL_TIM_PWM_Start
                0x0000000008001f5c       0x3c build/stm32f1xx_hal_tim.o
                0x0000000008001f5c                HAL_TIM_PWM_Start
 .text.HAL_TIMEx_MasterConfigSynchronization
                0x0000000008001f98       0x46 build/stm32f1xx_hal_tim_ex.o
                0x0000000008001f98                HAL_TIMEx_MasterConfigSynchronization
 .text.HAL_TIMEx_CommutCallback
                0x0000000008001fde        0x2 build/stm32f1xx_hal_tim_ex.o
                0x0000000008001fde                HAL_TIMEx_CommutCallback
 .text.HAL_TIMEx_BreakCallback
                0x0000000008001fe0        0x2 build/stm32f1xx_hal_tim_ex.o
                0x0000000008001fe0                HAL_TIMEx_BreakCallback
 .text.UART_EndRxTransfer
                0x0000000008001fe2       0x1c build/stm32f1xx_hal_uart.o
 .text.UART_Transmit_IT
                0x0000000008001ffe       0x68 build/stm32f1xx_hal_uart.o
 *fill*         0x0000000008002066        0x2 
 .text.UART_SetConfig
                0x0000000008002068       0xcc build/stm32f1xx_hal_uart.o
 .text.UART_WaitOnFlagUntilTimeout
                0x0000000008002134       0x62 build/stm32f1xx_hal_uart.o
 .text.HAL_UART_Init
                0x0000000008002196       0x5e build/stm32f1xx_hal_uart.o
                0x0000000008002196                HAL_UART_Init
 .text.HAL_UART_Transmit
                0x00000000080021f4       0xe0 build/stm32f1xx_hal_uart.o
                0x00000000080021f4                HAL_UART_Transmit
 .text.HAL_UART_Receive_IT
                0x00000000080022d4       0x5c build/stm32f1xx_hal_uart.o
                0x00000000080022d4                HAL_UART_Receive_IT
 .text.HAL_UART_TxCpltCallback
                0x0000000008002330        0x2 build/stm32f1xx_hal_uart.o
                0x0000000008002330                HAL_UART_TxCpltCallback
 .text.UART_EndTransmit_IT
                0x0000000008002332       0x1a build/stm32f1xx_hal_uart.o
 .text.UART_Receive_IT
                0x000000000800234c       0x9c build/stm32f1xx_hal_uart.o
 .text.HAL_UART_ErrorCallback
                0x00000000080023e8        0x2 build/stm32f1xx_hal_uart.o
                0x00000000080023e8                HAL_UART_ErrorCallback
 *fill*         0x00000000080023ea        0x2 
 .text.HAL_UART_IRQHandler
                0x00000000080023ec      0x120 build/stm32f1xx_hal_uart.o
                0x00000000080023ec                HAL_UART_IRQHandler
 .text.UART_DMAAbortOnError
                0x000000000800250c       0x10 build/stm32f1xx_hal_uart.o
 .text.HAL_InitTick
                0x000000000800251c       0x4c build/stm32f1xx_hal.o
                0x000000000800251c                HAL_InitTick
 .text.HAL_Init
                0x0000000008002568       0x24 build/stm32f1xx_hal.o
                0x0000000008002568                HAL_Init
 .text.HAL_IncTick
                0x000000000800258c       0x18 build/stm32f1xx_hal.o
                0x000000000800258c                HAL_IncTick
 .text.HAL_GetTick
                0x00000000080025a4        0xc build/stm32f1xx_hal.o
                0x00000000080025a4                HAL_GetTick
 .text.HAL_Delay
                0x00000000080025b0       0x28 build/stm32f1xx_hal.o
                0x00000000080025b0                HAL_Delay
 .text.RCC_Delay
                0x00000000080025d8       0x2c build/stm32f1xx_hal_rcc.o
 .text.HAL_RCC_OscConfig
                0x0000000008002604      0x414 build/stm32f1xx_hal_rcc.o
                0x0000000008002604                HAL_RCC_OscConfig
 .text.HAL_RCC_GetSysClockFreq
                0x0000000008002a18       0x70 build/stm32f1xx_hal_rcc.o
                0x0000000008002a18                HAL_RCC_GetSysClockFreq
 .text.HAL_RCC_ClockConfig
                0x0000000008002a88      0x168 build/stm32f1xx_hal_rcc.o
                0x0000000008002a88                HAL_RCC_ClockConfig
 .text.HAL_RCC_GetHCLKFreq
                0x0000000008002bf0        0xc build/stm32f1xx_hal_rcc.o
                0x0000000008002bf0                HAL_RCC_GetHCLKFreq
 .text.HAL_RCC_GetPCLK1Freq
                0x0000000008002bfc       0x20 build/stm32f1xx_hal_rcc.o
                0x0000000008002bfc                HAL_RCC_GetPCLK1Freq
 .text.HAL_RCC_GetPCLK2Freq
                0x0000000008002c1c       0x20 build/stm32f1xx_hal_rcc.o
                0x0000000008002c1c                HAL_RCC_GetPCLK2Freq
 .text.HAL_GPIO_Init
                0x0000000008002c3c      0x1d8 build/stm32f1xx_hal_gpio.o
                0x0000000008002c3c                HAL_GPIO_Init
 .text.HAL_GPIO_ReadPin
                0x0000000008002e14        0xe build/stm32f1xx_hal_gpio.o
                0x0000000008002e14                HAL_GPIO_ReadPin
 .text.HAL_GPIO_WritePin
                0x0000000008002e22        0xc build/stm32f1xx_hal_gpio.o
                0x0000000008002e22                HAL_GPIO_WritePin
 *fill*         0x0000000008002e2e        0x2 
 .text.HAL_GPIO_EXTI_IRQHandler
                0x0000000008002e30       0x1c build/stm32f1xx_hal_gpio.o
                0x0000000008002e30                HAL_GPIO_EXTI_IRQHandler
 .text.HAL_DMA_Abort_IT
                0x0000000008002e4c       0x98 build/stm32f1xx_hal_dma.o
                0x0000000008002e4c                HAL_DMA_Abort_IT
 .text.HAL_NVIC_SetPriorityGrouping
                0x0000000008002ee4       0x24 build/stm32f1xx_hal_cortex.o
                0x0000000008002ee4                HAL_NVIC_SetPriorityGrouping
 .text.HAL_NVIC_SetPriority
                0x0000000008002f08       0x68 build/stm32f1xx_hal_cortex.o
                0x0000000008002f08                HAL_NVIC_SetPriority
 .text.HAL_NVIC_EnableIRQ
                0x0000000008002f70       0x1c build/stm32f1xx_hal_cortex.o
                0x0000000008002f70                HAL_NVIC_EnableIRQ
 .text.HAL_SYSTICK_Config
                0x0000000008002f8c       0x2c build/stm32f1xx_hal_cortex.o
                0x0000000008002f8c                HAL_SYSTICK_Config
 .text.SystemInit
                0x0000000008002fb8       0x4c build/system_stm32f1xx.o
                0x0000000008002fb8                SystemInit
 .text.msleep   0x0000000008003004       0x14 build/VX_swi2c.o
                0x0000000008003004                msleep
 .text.delayTX1ms
                0x0000000008003018        0x8 build/VX_swi2c.o
                0x0000000008003018                delayTX1ms
 .text.VXISI2CRead
                0x0000000008003020       0x14 build/VX_swi2c.o
                0x0000000008003020                VXISI2CRead
 .text.VXISI2CWrite
                0x0000000008003034       0x18 build/VX_swi2c.o
                0x0000000008003034                VXISI2CWrite
 .text.VS8812Read
                0x000000000800304c       0x14 build/VX_swi2c.o
                0x000000000800304c                VS8812Read
 .text.VS8812Write
                0x0000000008003060       0x18 build/VX_swi2c.o
                0x0000000008003060                VS8812Write
 .text.ReadEEP  0x0000000008003078        0x8 build/VX_swi2c.o
                0x0000000008003078                ReadEEP
 .text.WriteEEP
                0x0000000008003080        0x8 build/VX_swi2c.o
                0x0000000008003080                WriteEEP
 .text.I2CMultiWrite
                0x0000000008003088        0xe build/VX_swi2c.o
                0x0000000008003088                I2CMultiWrite
 .text.I2CMultiAttribute
                0x0000000008003096       0x22 build/VX_swi2c.o
                0x0000000008003096                I2CMultiAttribute
 .text.delay    0x00000000080030b8       0x18 build/VX_swi2c.o
                0x00000000080030b8                delay
 .text.tp28xx_byte_read
                0x00000000080030d0       0x14 build/VX_swi2c.o
                0x00000000080030d0                tp28xx_byte_read
 .text.tp28xx_byte_write
                0x00000000080030e4       0x14 build/VX_swi2c.o
                0x00000000080030e4                tp28xx_byte_write
 .text.delay1ms
                0x00000000080030f8        0x8 build/VX_swi2c.o
                0x00000000080030f8                delay1ms
 .text.GET_ALC122
                0x0000000008003100        0xc build/VX_swi2c.o
                0x0000000008003100                GET_ALC122
 .text.SET_ALC122
                0x000000000800310c        0xe build/VX_swi2c.o
                0x000000000800310c                SET_ALC122
 .text.SetOsdStartAddress
                0x000000000800311a       0x2c build/VX_OSD.o
                0x000000000800311a                SetOsdStartAddress
 .text.SetOsdSize
                0x0000000008003146       0xec build/VX_OSD.o
                0x0000000008003146                SetOsdSize
 .text.SetOsdPosition
                0x0000000008003232       0x72 build/VX_OSD.o
                0x0000000008003232                SetOsdPosition
 .text.OsdDumpString
                0x00000000080032a4       0x30 build/VX_OSD.o
                0x00000000080032a4                OsdDumpString
 .text.OsdDumpAttribute
                0x00000000080032d4       0x34 build/VX_OSD.o
                0x00000000080032d4                OsdDumpAttribute
 .text.VXIS_fSetOsdOnOff
                0x0000000008003308       0x5a build/VX_OSD.o
                0x0000000008003308                VXIS_fSetOsdOnOff
 .text.VXIS_fSetOsdx2
                0x0000000008003362       0x20 build/VX_OSD.o
                0x0000000008003362                VXIS_fSetOsdx2
 .text.setTransParentIndex
                0x0000000008003382       0x24 build/VX_OSD.o
                0x0000000008003382                setTransParentIndex
 *fill*         0x00000000080033a6        0x2 
 .text.GetconvertBarStr
                0x00000000080033a8      0x124 build/VX_OSD_Simple.o
 .text.VX_Write_OSD_In_OutString
                0x00000000080034cc      0x4d0 build/VX_OSD_Simple.o
 .text.VXIS_fShowInOutMode
                0x000000000800399c       0xd0 build/VX_OSD_Simple.o
                0x000000000800399c                VXIS_fShowInOutMode
 .text.VXIS_fShowInOutMode0Fast
                0x0000000008003a6c       0x70 build/VX_OSD_Simple.o
                0x0000000008003a6c                VXIS_fShowInOutMode0Fast
 .text.OSD_Clear
                0x0000000008003adc       0xa8 build/VX_OSD_Simple.o
                0x0000000008003adc                OSD_Clear
 .text.OSD_Clear_4
                0x0000000008003b84        0xa build/VX_OSD_Simple.o
                0x0000000008003b84                OSD_Clear_4
 .text.OSD_Clear_34
                0x0000000008003b8e       0x16 build/VX_OSD_Simple.o
                0x0000000008003b8e                OSD_Clear_34
 .text.OSD_Clear_234
                0x0000000008003ba4       0x16 build/VX_OSD_Simple.o
                0x0000000008003ba4                OSD_Clear_234
 .text.OSD_Clear_All
                0x0000000008003bba       0x16 build/VX_OSD_Simple.o
                0x0000000008003bba                OSD_Clear_All
 .text.osd_cont_write
                0x0000000008003bd0       0x30 build/VX_OSD_Simple.o
                0x0000000008003bd0                osd_cont_write
 .text.VXOSD_UseFont_init
                0x0000000008003c00       0x40 build/VX_OSD_Simple.o
                0x0000000008003c00                VXOSD_UseFont_init
 .text.Set_Video_Loss_OSD
                0x0000000008003c40       0x8c build/VX_OSD_Simple.o
                0x0000000008003c40                Set_Video_Loss_OSD
 .text.tp2824_reset_default
                0x0000000008003ccc        0xc build/TP2802.o
 .text.tp28xx_SYSCLK_V1
                0x0000000008003cd8       0x2c build/TP2802.o
 .text.tp28xx_SYSCLK_V2
                0x0000000008003d04       0x30 build/TP2802.o
 .text.tp2853C_reset_default
                0x0000000008003d34       0x34 build/TP2802.o
 .text.TP28xx_reset_default
                0x0000000008003d68       0x26 build/TP2802.o
 .text.I2CDeviceSet1
                0x0000000008003d8e       0x1c build/TP2802.o
                0x0000000008003d8e                I2CDeviceSet1
 .text.I2CDeviceSet2
                0x0000000008003daa       0x20 build/TP2802.o
                0x0000000008003daa                I2CDeviceSet2
 .text.SetRegPage
                0x0000000008003dca        0xc build/TP2802.o
                0x0000000008003dca                SetRegPage
 *fill*         0x0000000008003dd6        0x2 
 .text.Set_VidRes
                0x0000000008003dd8      0x2ec build/TP2802.o
                0x0000000008003dd8                Set_VidRes
 .text.Set_HDA  0x00000000080040c4       0xa8 build/TP2802.o
                0x00000000080040c4                Set_HDA
 .text.Set_HDC  0x000000000800416c       0xb0 build/TP2802.o
                0x000000000800416c                Set_HDC
 .text.ManualAGC
                0x000000000800421c       0x68 build/TP2802.o
                0x000000000800421c                ManualAGC
 .text.ReadGain
                0x0000000008004284       0x12 build/TP2802.o
                0x0000000008004284                ReadGain
 .text.SetCGain
                0x0000000008004296       0xa0 build/TP2802.o
                0x0000000008004296                SetCGain
 .text.Set_PLL_StartUp
                0x0000000008004336       0x22 build/TP2802.o
                0x0000000008004336                Set_PLL_StartUp
 .text.Init_TP280x_RegSet
                0x0000000008004358      0x1f8 build/TP2802.o
                0x0000000008004358                Init_TP280x_RegSet
 .text.AHDBitsReverse
                0x0000000008004550       0x50 build/TP2802.o
                0x0000000008004550                AHDBitsReverse
 .text.TVICommandToAHData
                0x00000000080045a0      0x1d4 build/TP2802.o
                0x00000000080045a0                TVICommandToAHData
 .text.Get_2824cIrq
                0x0000000008004774      0x7e4 build/TP2802.o
                0x0000000008004774                Get_2824cIrq
 .text.COC_test
                0x0000000008004f58       0x34 build/TP2802.o
                0x0000000008004f58                COC_test
 .text.Init_COC_PTZOUT1
                0x0000000008004f8c      0x118 build/TP2802.o
                0x0000000008004f8c                Init_COC_PTZOUT1
 .text.EQ_Detect
                0x00000000080050a4      0x8c0 build/TP2802.o
                0x00000000080050a4                EQ_Detect
 .text.RS_ready
                0x0000000008005964       0x1c build/monitor.o
                0x0000000008005964                RS_ready
 .text.RS2_ready
                0x0000000008005980       0x1c build/monitor.o
                0x0000000008005980                RS2_ready
 .text.RS_rx    0x000000000800599c       0x24 build/monitor.o
                0x000000000800599c                RS_rx
 .text.RS2_rx   0x00000000080059c0       0x24 build/monitor.o
                0x00000000080059c0                RS2_rx
 .text.RS_tx    0x00000000080059e4       0x20 build/monitor.o
                0x00000000080059e4                RS_tx
 .text.RS2_tx   0x0000000008005a04       0x20 build/monitor.o
                0x0000000008005a04                RS2_tx
 .text.Prompt   0x0000000008005a24       0xa4 build/monitor.o
                0x0000000008005a24                Prompt
 .text.Mon_tx   0x0000000008005ac8        0x8 build/monitor.o
                0x0000000008005ac8                Mon_tx
 .text.Asc1Bin  0x0000000008005ad0       0x34 build/monitor.o
                0x0000000008005ad0                Asc1Bin
 .text.Asc2Bin  0x0000000008005b04       0x1e build/monitor.o
                0x0000000008005b04                Asc2Bin
 .text.hs_toupper
                0x0000000008005b22       0x10 build/monitor.o
                0x0000000008005b22                hs_toupper
 .text.stricmp  0x0000000008005b32       0x24 build/monitor.o
                0x0000000008005b32                stricmp
 *fill*         0x0000000008005b56        0x2 
 .text.MonIncDecI2C
                0x0000000008005b58      0x128 build/monitor.o
                0x0000000008005b58                MonIncDecI2C
 .text.MonHelp  0x0000000008005c80       0x80 build/monitor.o
                0x0000000008005c80                MonHelp
 .text.MonGetCommand
                0x0000000008005d00      0x284 build/monitor.o
                0x0000000008005d00                MonGetCommand
 .text.SET_AHD_SYNC_PARA
                0x0000000008005f84      0x158 build/monitor.o
                0x0000000008005f84                SET_AHD_SYNC_PARA
 .text.SET_HDMI_640_480P_PARA
                0x00000000080060dc      0x784 build/monitor.o
                0x00000000080060dc                SET_HDMI_640_480P_PARA
 .text.SET_HDMI_SYNC_PARA
                0x0000000008006860       0x10 build/monitor.o
                0x0000000008006860                SET_HDMI_SYNC_PARA
 .text.Monitor  0x0000000008006870      0xe60 build/monitor.o
                0x0000000008006870                Monitor
 .text.DoPrint  0x00000000080076d0      0x24c build/Printf.o
                0x00000000080076d0                DoPrint
 .text.Printf   0x000000000800791c       0x1c build/Printf.o
                0x000000000800791c                Printf
 .text.DEBUG_MESSAGE
                0x0000000008007938       0x1c build/Printf.o
                0x0000000008007938                DEBUG_MESSAGE
 .text.GraphicsPrint
                0x0000000008007954       0x40 build/Printf.o
                0x0000000008007954                GraphicsPrint
 .text.MCUTimerGetEventTime
                0x0000000008007994       0x10 build/SysTimer.o
                0x0000000008007994                MCUTimerGetEventTime
 .text.MCUTimerGetEventID
                0x00000000080079a4       0x10 build/SysTimer.o
                0x00000000080079a4                MCUTimerGetEventID
 .text.MCUTimerClrEventValid
                0x00000000080079b4       0x14 build/SysTimer.o
                0x00000000080079b4                MCUTimerClrEventValid
 .text.MCUTimerCheckEventValid
                0x00000000080079c8       0x10 build/SysTimer.o
                0x00000000080079c8                MCUTimerCheckEventValid
 .text.MCUTimerGetTimerCounter
                0x00000000080079d8       0x1c build/SysTimer.o
                0x00000000080079d8                MCUTimerGetTimerCounter
 .text.MCUTimerCheckTimerEvent
                0x00000000080079f4       0x6c build/SysTimer.o
                0x00000000080079f4                MCUTimerCheckTimerEvent
 .text.MCUTimerInitialTimerEvent
                0x0000000008007a60       0x20 build/SysTimer.o
                0x0000000008007a60                MCUTimerInitialTimerEvent
 .text.MCUTimerActiveTimerEvent
                0x0000000008007a80       0x74 build/SysTimer.o
                0x0000000008007a80                MCUTimerActiveTimerEvent
 .text.MCUTimerReactiveTimerEvent
                0x0000000008007af4       0x78 build/SysTimer.o
                0x0000000008007af4                MCUTimerReactiveTimerEvent
 .text.ShowWorkingTimer
                0x0000000008007b6c       0x84 build/SysTimer.o
                0x0000000008007b6c                ShowWorkingTimer
 .text.SysTimerEventProc
                0x0000000008007bf0      0x1d4 build/SysTimer.o
                0x0000000008007bf0                SysTimerEventProc
 .text.SysTimerHandler
                0x0000000008007dc4       0x44 build/SysTimer.o
                0x0000000008007dc4                SysTimerHandler
 .text.TOAReceivePaser
                0x0000000008007e08      0x6d4 build/TOA_Protocol.o
                0x0000000008007e08                TOAReceivePaser
 .text.GetFWRevEE
                0x00000000080084dc       0x4c build/etc_eep.o
                0x00000000080084dc                GetFWRevEE
 .text.SaveFWRevEE
                0x0000000008008528       0x38 build/etc_eep.o
                0x0000000008008528                SaveFWRevEE
 .text.ResetOSDValue
                0x0000000008008560       0x10 build/etc_eep.o
                0x0000000008008560                ResetOSDValue
 .text.ClearBasicEE
                0x0000000008008570       0x24 build/etc_eep.o
                0x0000000008008570                ClearBasicEE
 .text.Reset_Handler
                0x0000000008008594       0x48 build/startup_stm32f103xb.o
                0x0000000008008594                Reset_Handler
 .text.Default_Handler
                0x00000000080085dc        0x2 build/startup_stm32f103xb.o
                0x00000000080085dc                RTC_Alarm_IRQHandler
                0x00000000080085dc                TIM1_CC_IRQHandler
                0x00000000080085dc                PVD_IRQHandler
                0x00000000080085dc                EXTI3_IRQHandler
                0x00000000080085dc                EXTI0_IRQHandler
                0x00000000080085dc                I2C2_EV_IRQHandler
                0x00000000080085dc                ADC1_2_IRQHandler
                0x00000000080085dc                SPI1_IRQHandler
                0x00000000080085dc                TAMPER_IRQHandler
                0x00000000080085dc                DMA1_Channel4_IRQHandler
                0x00000000080085dc                USART3_IRQHandler
                0x00000000080085dc                RTC_IRQHandler
                0x00000000080085dc                DMA1_Channel7_IRQHandler
                0x00000000080085dc                CAN1_RX1_IRQHandler
                0x00000000080085dc                TIM4_IRQHandler
                0x00000000080085dc                I2C1_EV_IRQHandler
                0x00000000080085dc                DMA1_Channel6_IRQHandler
                0x00000000080085dc                RCC_IRQHandler
                0x00000000080085dc                TIM1_TRG_COM_IRQHandler
                0x00000000080085dc                DMA1_Channel1_IRQHandler
                0x00000000080085dc                Default_Handler
                0x00000000080085dc                EXTI15_10_IRQHandler
                0x00000000080085dc                EXTI9_5_IRQHandler
                0x00000000080085dc                SPI2_IRQHandler
                0x00000000080085dc                DMA1_Channel5_IRQHandler
                0x00000000080085dc                EXTI4_IRQHandler
                0x00000000080085dc                USB_LP_CAN1_RX0_IRQHandler
                0x00000000080085dc                USB_HP_CAN1_TX_IRQHandler
                0x00000000080085dc                DMA1_Channel3_IRQHandler
                0x00000000080085dc                TIM1_UP_IRQHandler
                0x00000000080085dc                WWDG_IRQHandler
                0x00000000080085dc                TIM2_IRQHandler
                0x00000000080085dc                TIM1_BRK_IRQHandler
                0x00000000080085dc                EXTI1_IRQHandler
                0x00000000080085dc                I2C2_ER_IRQHandler
                0x00000000080085dc                DMA1_Channel2_IRQHandler
                0x00000000080085dc                CAN1_SCE_IRQHandler
                0x00000000080085dc                FLASH_IRQHandler
                0x00000000080085dc                I2C1_ER_IRQHandler
                0x00000000080085dc                USBWakeUp_IRQHandler
 *fill*         0x00000000080085de        0x2 
 .text.__errno  0x00000000080085e0        0xc /home/ryan/xun/gcc-arm-none-eabi-7-2018-q2-update/bin/../lib/gcc/arm-none-eabi/7.3.1/../../../../arm-none-eabi/lib/thumb/v7-m/libc_nano.a(lib_a-errno.o)
                0x00000000080085e0                __errno
 .text.__libc_init_array
                0x00000000080085ec       0x48 /home/ryan/xun/gcc-arm-none-eabi-7-2018-q2-update/bin/../lib/gcc/arm-none-eabi/7.3.1/../../../../arm-none-eabi/lib/thumb/v7-m/libc_nano.a(lib_a-init.o)
                0x00000000080085ec                __libc_init_array
 .text.memcpy   0x0000000008008634       0x16 /home/ryan/xun/gcc-arm-none-eabi-7-2018-q2-update/bin/../lib/gcc/arm-none-eabi/7.3.1/../../../../arm-none-eabi/lib/thumb/v7-m/libc_nano.a(lib_a-memcpy-stub.o)
                0x0000000008008634                memcpy
 .text.memset   0x000000000800864a       0x10 /home/ryan/xun/gcc-arm-none-eabi-7-2018-q2-update/bin/../lib/gcc/arm-none-eabi/7.3.1/../../../../arm-none-eabi/lib/thumb/v7-m/libc_nano.a(lib_a-memset.o)
                0x000000000800864a                memset
 *fill*         0x000000000800865a        0x2 
 .text.printf   0x000000000800865c       0x30 /home/ryan/xun/gcc-arm-none-eabi-7-2018-q2-update/bin/../lib/gcc/arm-none-eabi/7.3.1/../../../../arm-none-eabi/lib/thumb/v7-m/libc_nano.a(lib_a-printf.o)
                0x000000000800865c                printf
                0x000000000800865c                iprintf
 .text._puts_r  0x000000000800868c       0xb8 /home/ryan/xun/gcc-arm-none-eabi-7-2018-q2-update/bin/../lib/gcc/arm-none-eabi/7.3.1/../../../../arm-none-eabi/lib/thumb/v7-m/libc_nano.a(lib_a-puts.o)
                0x000000000800868c                _puts_r
 .text.puts     0x0000000008008744       0x10 /home/ryan/xun/gcc-arm-none-eabi-7-2018-q2-update/bin/../lib/gcc/arm-none-eabi/7.3.1/../../../../arm-none-eabi/lib/thumb/v7-m/libc_nano.a(lib_a-puts.o)
                0x0000000008008744                puts
 .text.__swbuf_r
                0x0000000008008754       0xa4 /home/ryan/xun/gcc-arm-none-eabi-7-2018-q2-update/bin/../lib/gcc/arm-none-eabi/7.3.1/../../../../arm-none-eabi/lib/thumb/v7-m/libc_nano.a(lib_a-wbuf.o)
                0x0000000008008754                __swbuf_r
 .text.__swsetup_r
                0x00000000080087f8       0xdc /home/ryan/xun/gcc-arm-none-eabi-7-2018-q2-update/bin/../lib/gcc/arm-none-eabi/7.3.1/../../../../arm-none-eabi/lib/thumb/v7-m/libc_nano.a(lib_a-wsetup.o)
                0x00000000080087f8                __swsetup_r
 .text.__sflush_r
                0x00000000080088d4      0x10c /home/ryan/xun/gcc-arm-none-eabi-7-2018-q2-update/bin/../lib/gcc/arm-none-eabi/7.3.1/../../../../arm-none-eabi/lib/thumb/v7-m/libc_nano.a(lib_a-fflush.o)
                0x00000000080088d4                __sflush_r
 .text._fflush_r
                0x00000000080089e0       0x54 /home/ryan/xun/gcc-arm-none-eabi-7-2018-q2-update/bin/../lib/gcc/arm-none-eabi/7.3.1/../../../../arm-none-eabi/lib/thumb/v7-m/libc_nano.a(lib_a-fflush.o)
                0x00000000080089e0                _fflush_r
 .text.std      0x0000000008008a34       0x48 /home/ryan/xun/gcc-arm-none-eabi-7-2018-q2-update/bin/../lib/gcc/arm-none-eabi/7.3.1/../../../../arm-none-eabi/lib/thumb/v7-m/libc_nano.a(lib_a-findfp.o)
 .text._cleanup_r
                0x0000000008008a7c        0xc /home/ryan/xun/gcc-arm-none-eabi-7-2018-q2-update/bin/../lib/gcc/arm-none-eabi/7.3.1/../../../../arm-none-eabi/lib/thumb/v7-m/libc_nano.a(lib_a-findfp.o)
                0x0000000008008a7c                _cleanup_r
 .text.__sfmoreglue
                0x0000000008008a88       0x2c /home/ryan/xun/gcc-arm-none-eabi-7-2018-q2-update/bin/../lib/gcc/arm-none-eabi/7.3.1/../../../../arm-none-eabi/lib/thumb/v7-m/libc_nano.a(lib_a-findfp.o)
                0x0000000008008a88                __sfmoreglue
 .text.__sinit  0x0000000008008ab4       0x60 /home/ryan/xun/gcc-arm-none-eabi-7-2018-q2-update/bin/../lib/gcc/arm-none-eabi/7.3.1/../../../../arm-none-eabi/lib/thumb/v7-m/libc_nano.a(lib_a-findfp.o)
                0x0000000008008ab4                __sinit
 .text.__sfp    0x0000000008008b14       0x78 /home/ryan/xun/gcc-arm-none-eabi-7-2018-q2-update/bin/../lib/gcc/arm-none-eabi/7.3.1/../../../../arm-none-eabi/lib/thumb/v7-m/libc_nano.a(lib_a-findfp.o)
                0x0000000008008b14                __sfp
 .text._fwalk_reent
                0x0000000008008b8c       0x3c /home/ryan/xun/gcc-arm-none-eabi-7-2018-q2-update/bin/../lib/gcc/arm-none-eabi/7.3.1/../../../../arm-none-eabi/lib/thumb/v7-m/libc_nano.a(lib_a-fwalk.o)
                0x0000000008008b8c                _fwalk_reent
 .text.__swhatbuf_r
                0x0000000008008bc8       0x48 /home/ryan/xun/gcc-arm-none-eabi-7-2018-q2-update/bin/../lib/gcc/arm-none-eabi/7.3.1/../../../../arm-none-eabi/lib/thumb/v7-m/libc_nano.a(lib_a-makebuf.o)
                0x0000000008008bc8                __swhatbuf_r
 .text.__smakebuf_r
                0x0000000008008c10       0x80 /home/ryan/xun/gcc-arm-none-eabi-7-2018-q2-update/bin/../lib/gcc/arm-none-eabi/7.3.1/../../../../arm-none-eabi/lib/thumb/v7-m/libc_nano.a(lib_a-makebuf.o)
                0x0000000008008c10                __smakebuf_r
 .text._free_r  0x0000000008008c90       0x98 /home/ryan/xun/gcc-arm-none-eabi-7-2018-q2-update/bin/../lib/gcc/arm-none-eabi/7.3.1/../../../../arm-none-eabi/lib/thumb/v7-m/libc_nano.a(lib_a-nano-freer.o)
                0x0000000008008c90                _free_r
 .text._malloc_r
                0x0000000008008d28       0xb4 /home/ryan/xun/gcc-arm-none-eabi-7-2018-q2-update/bin/../lib/gcc/arm-none-eabi/7.3.1/../../../../arm-none-eabi/lib/thumb/v7-m/libc_nano.a(lib_a-nano-mallocr.o)
                0x0000000008008d28                _malloc_r
 .text.__sfputc_r
                0x0000000008008ddc       0x2a /home/ryan/xun/gcc-arm-none-eabi-7-2018-q2-update/bin/../lib/gcc/arm-none-eabi/7.3.1/../../../../arm-none-eabi/lib/thumb/v7-m/libc_nano.a(lib_a-nano-vfprintf.o)
 .text.__sfputs_r
                0x0000000008008e06       0x24 /home/ryan/xun/gcc-arm-none-eabi-7-2018-q2-update/bin/../lib/gcc/arm-none-eabi/7.3.1/../../../../arm-none-eabi/lib/thumb/v7-m/libc_nano.a(lib_a-nano-vfprintf.o)
                0x0000000008008e06                __sfputs_r
 *fill*         0x0000000008008e2a        0x2 
 .text._vfprintf_r
                0x0000000008008e2c      0x22c /home/ryan/xun/gcc-arm-none-eabi-7-2018-q2-update/bin/../lib/gcc/arm-none-eabi/7.3.1/../../../../arm-none-eabi/lib/thumb/v7-m/libc_nano.a(lib_a-nano-vfprintf.o)
                0x0000000008008e2c                _vfiprintf_r
                0x0000000008008e2c                _vfprintf_r
 .text._printf_common
                0x0000000008009058       0xec /home/ryan/xun/gcc-arm-none-eabi-7-2018-q2-update/bin/../lib/gcc/arm-none-eabi/7.3.1/../../../../arm-none-eabi/lib/thumb/v7-m/libc_nano.a(lib_a-nano-vfprintf_i.o)
                0x0000000008009058                _printf_common
 .text._printf_i
                0x0000000008009144      0x224 /home/ryan/xun/gcc-arm-none-eabi-7-2018-q2-update/bin/../lib/gcc/arm-none-eabi/7.3.1/../../../../arm-none-eabi/lib/thumb/v7-m/libc_nano.a(lib_a-nano-vfprintf_i.o)
                0x0000000008009144                _printf_i
 .text._sbrk_r  0x0000000008009368       0x20 /home/ryan/xun/gcc-arm-none-eabi-7-2018-q2-update/bin/../lib/gcc/arm-none-eabi/7.3.1/../../../../arm-none-eabi/lib/thumb/v7-m/libc_nano.a(lib_a-sbrkr.o)
                0x0000000008009368                _sbrk_r
 .text.__sread  0x0000000008009388       0x22 /home/ryan/xun/gcc-arm-none-eabi-7-2018-q2-update/bin/../lib/gcc/arm-none-eabi/7.3.1/../../../../arm-none-eabi/lib/thumb/v7-m/libc_nano.a(lib_a-stdio.o)
                0x0000000008009388                __sread
 .text.__swrite
                0x00000000080093aa       0x38 /home/ryan/xun/gcc-arm-none-eabi-7-2018-q2-update/bin/../lib/gcc/arm-none-eabi/7.3.1/../../../../arm-none-eabi/lib/thumb/v7-m/libc_nano.a(lib_a-stdio.o)
                0x00000000080093aa                __swrite
 .text.__sseek  0x00000000080093e2       0x24 /home/ryan/xun/gcc-arm-none-eabi-7-2018-q2-update/bin/../lib/gcc/arm-none-eabi/7.3.1/../../../../arm-none-eabi/lib/thumb/v7-m/libc_nano.a(lib_a-stdio.o)
                0x00000000080093e2                __sseek
 .text.__sclose
                0x0000000008009406        0x8 /home/ryan/xun/gcc-arm-none-eabi-7-2018-q2-update/bin/../lib/gcc/arm-none-eabi/7.3.1/../../../../arm-none-eabi/lib/thumb/v7-m/libc_nano.a(lib_a-stdio.o)
                0x0000000008009406                __sclose
 *fill*         0x000000000800940e        0x2 
 .text._write_r
                0x0000000008009410       0x24 /home/ryan/xun/gcc-arm-none-eabi-7-2018-q2-update/bin/../lib/gcc/arm-none-eabi/7.3.1/../../../../arm-none-eabi/lib/thumb/v7-m/libc_nano.a(lib_a-writer.o)
                0x0000000008009410                _write_r
 .text._close_r
                0x0000000008009434       0x20 /home/ryan/xun/gcc-arm-none-eabi-7-2018-q2-update/bin/../lib/gcc/arm-none-eabi/7.3.1/../../../../arm-none-eabi/lib/thumb/v7-m/libc_nano.a(lib_a-closer.o)
                0x0000000008009434                _close_r
 .text._fstat_r
                0x0000000008009454       0x24 /home/ryan/xun/gcc-arm-none-eabi-7-2018-q2-update/bin/../lib/gcc/arm-none-eabi/7.3.1/../../../../arm-none-eabi/lib/thumb/v7-m/libc_nano.a(lib_a-fstatr.o)
                0x0000000008009454                _fstat_r
 .text._isatty_r
                0x0000000008009478       0x20 /home/ryan/xun/gcc-arm-none-eabi-7-2018-q2-update/bin/../lib/gcc/arm-none-eabi/7.3.1/../../../../arm-none-eabi/lib/thumb/v7-m/libc_nano.a(lib_a-isattyr.o)
                0x0000000008009478                _isatty_r
 .text._lseek_r
                0x0000000008009498       0x24 /home/ryan/xun/gcc-arm-none-eabi-7-2018-q2-update/bin/../lib/gcc/arm-none-eabi/7.3.1/../../../../arm-none-eabi/lib/thumb/v7-m/libc_nano.a(lib_a-lseekr.o)
                0x0000000008009498                _lseek_r
 .text.memchr   0x00000000080094bc       0x1c /home/ryan/xun/gcc-arm-none-eabi-7-2018-q2-update/bin/../lib/gcc/arm-none-eabi/7.3.1/../../../../arm-none-eabi/lib/thumb/v7-m/libc_nano.a(lib_a-memchr-stub.o)
                0x00000000080094bc                memchr
 .text.__malloc_lock
                0x00000000080094d8        0x2 /home/ryan/xun/gcc-arm-none-eabi-7-2018-q2-update/bin/../lib/gcc/arm-none-eabi/7.3.1/../../../../arm-none-eabi/lib/thumb/v7-m/libc_nano.a(lib_a-mlock.o)
                0x00000000080094d8                __malloc_lock
 .text.__malloc_unlock
                0x00000000080094da        0x2 /home/ryan/xun/gcc-arm-none-eabi-7-2018-q2-update/bin/../lib/gcc/arm-none-eabi/7.3.1/../../../../arm-none-eabi/lib/thumb/v7-m/libc_nano.a(lib_a-mlock.o)
                0x00000000080094da                __malloc_unlock
 .text._read_r  0x00000000080094dc       0x24 /home/ryan/xun/gcc-arm-none-eabi-7-2018-q2-update/bin/../lib/gcc/arm-none-eabi/7.3.1/../../../../arm-none-eabi/lib/thumb/v7-m/libc_nano.a(lib_a-readr.o)
                0x00000000080094dc                _read_r
 .text._close   0x0000000008009500       0x10 /home/ryan/xun/gcc-arm-none-eabi-7-2018-q2-update/bin/../lib/gcc/arm-none-eabi/7.3.1/../../../../arm-none-eabi/lib/thumb/v7-m/libnosys.a(close.o)
                0x0000000008009500                _close
 .text._fstat   0x0000000008009510       0x10 /home/ryan/xun/gcc-arm-none-eabi-7-2018-q2-update/bin/../lib/gcc/arm-none-eabi/7.3.1/../../../../arm-none-eabi/lib/thumb/v7-m/libnosys.a(fstat.o)
                0x0000000008009510                _fstat
 .text._isatty  0x0000000008009520       0x10 /home/ryan/xun/gcc-arm-none-eabi-7-2018-q2-update/bin/../lib/gcc/arm-none-eabi/7.3.1/../../../../arm-none-eabi/lib/thumb/v7-m/libnosys.a(isatty.o)
                0x0000000008009520                _isatty
 .text._lseek   0x0000000008009530       0x10 /home/ryan/xun/gcc-arm-none-eabi-7-2018-q2-update/bin/../lib/gcc/arm-none-eabi/7.3.1/../../../../arm-none-eabi/lib/thumb/v7-m/libnosys.a(lseek.o)
                0x0000000008009530                _lseek
 .text._read    0x0000000008009540       0x10 /home/ryan/xun/gcc-arm-none-eabi-7-2018-q2-update/bin/../lib/gcc/arm-none-eabi/7.3.1/../../../../arm-none-eabi/lib/thumb/v7-m/libnosys.a(read.o)
                0x0000000008009540                _read
 .text._sbrk    0x0000000008009550       0x1c /home/ryan/xun/gcc-arm-none-eabi-7-2018-q2-update/bin/../lib/gcc/arm-none-eabi/7.3.1/../../../../arm-none-eabi/lib/thumb/v7-m/libnosys.a(sbrk.o)
                0x0000000008009550                _sbrk
 .text.ParseCEAEDID
                0x000000000800956c      0x268 ./Lib/libite66121dvi.a(hdmitx_sys.o)
 .text.ConfigAVIInfoFrame
                0x00000000080097d4       0x94 ./Lib/libite66121dvi.a(hdmitx_sys.o)
                0x00000000080097d4                ConfigAVIInfoFrame
 .text.ConfigAudioInfoFrm
                0x0000000008009868       0x38 ./Lib/libite66121dvi.a(hdmitx_sys.o)
                0x0000000008009868                ConfigAudioInfoFrm
 .text.HDMITX_SetAudioOutput
                0x00000000080098a0       0x6c ./Lib/libite66121dvi.a(hdmitx_sys.o)
                0x00000000080098a0                HDMITX_SetAudioOutput
 .text.HDMITX_SetOutput
                0x000000000800990c       0xb0 ./Lib/libite66121dvi.a(hdmitx_sys.o)
                0x000000000800990c                HDMITX_SetOutput
 .text.ParseEDID
                0x00000000080099bc       0xf8 ./Lib/libite66121dvi.a(hdmitx_sys.o)
                0x00000000080099bc                ParseEDID
 .text.HDMITX_DevLoopProc
                0x0000000008009ab4      0x1b4 ./Lib/libite66121dvi.a(hdmitx_sys.o)
                0x0000000008009ab4                HDMITX_DevLoopProc
 .text.HDMI_Tx_SetAudioFs
                0x0000000008009c68       0x98 ./Lib/libite66121dvi.a(hdmitx_sys.o)
                0x0000000008009c68                HDMI_Tx_SetAudioFs
 .text.getHDMITX_LinkStatus
                0x0000000008009d00       0x22 ./Lib/libite66121dvi.a(hdmitx_drv.o)
                0x0000000008009d00                getHDMITX_LinkStatus
 .text.setHDMITX_AVMute
                0x0000000008009d22       0x3e ./Lib/libite66121dvi.a(hdmitx_drv.o)
                0x0000000008009d22                setHDMITX_AVMute
 .text.hdmitx_LoadRegSetting
                0x0000000008009d60       0x48 ./Lib/libite66121dvi.a(hdmitx_drv.o)
                0x0000000008009d60                hdmitx_LoadRegSetting
 .text.HDMITX_PowerOn
                0x0000000008009da8       0x10 ./Lib/libite66121dvi.a(hdmitx_drv.o)
                0x0000000008009da8                HDMITX_PowerOn
 .text.HDMITX_PowerDown
                0x0000000008009db8       0x10 ./Lib/libite66121dvi.a(hdmitx_drv.o)
                0x0000000008009db8                HDMITX_PowerDown
 .text.hdmitx_ClearDDCFIFO
                0x0000000008009dc8       0x14 ./Lib/libite66121dvi.a(hdmitx_drv.o)
                0x0000000008009dc8                hdmitx_ClearDDCFIFO
 .text.hdmitx_AbortDDC
                0x0000000008009ddc       0x54 ./Lib/libite66121dvi.a(hdmitx_drv.o)
                0x0000000008009ddc                hdmitx_AbortDDC
 .text.CheckHDMITX
                0x0000000008009e30      0x160 ./Lib/libite66121dvi.a(hdmitx_drv.o)
                0x0000000008009e30                CheckHDMITX
 .text.getHDMITX_EDIDBytes
                0x0000000008009f90      0x11e ./Lib/libite66121dvi.a(hdmitx_drv.o)
                0x0000000008009f90                getHDMITX_EDIDBytes
 .text.getHDMITX_EDIDBlock
                0x000000000800a0ae       0x34 ./Lib/libite66121dvi.a(hdmitx_drv.o)
                0x000000000800a0ae                getHDMITX_EDIDBlock
 .text.HDMITX_DisableVideoOutput
                0x000000000800a0e2       0x32 ./Lib/libite66121dvi.a(hdmitx_drv.o)
                0x000000000800a0e2                HDMITX_DisableVideoOutput
 .text.setHDMITX_VideoSignalType
                0x000000000800a114       0x1c ./Lib/libite66121dvi.a(hdmitx_drv.o)
                0x000000000800a114                setHDMITX_VideoSignalType
 .text.hdmitx_SetInputMode
                0x000000000800a130       0x56 ./Lib/libite66121dvi.a(hdmitx_drv.o)
                0x000000000800a130                hdmitx_SetInputMode
 *fill*         0x000000000800a186        0x2 
 .text.hdmitx_SetCSCScale
                0x000000000800a188      0x124 ./Lib/libite66121dvi.a(hdmitx_drv.o)
                0x000000000800a188                hdmitx_SetCSCScale
 .text.hdmitx_SetupAFE
                0x000000000800a2ac       0x68 ./Lib/libite66121dvi.a(hdmitx_drv.o)
                0x000000000800a2ac                hdmitx_SetupAFE
 .text.hdmitx_FireAFE
                0x000000000800a314       0x16 ./Lib/libite66121dvi.a(hdmitx_drv.o)
                0x000000000800a314                hdmitx_FireAFE
 .text.setHDMITX_ChStat
                0x000000000800a32a       0x56 ./Lib/libite66121dvi.a(hdmitx_drv.o)
                0x000000000800a32a                setHDMITX_ChStat
 .text.setHDMITX_LPCMAudio
                0x000000000800a380       0xf4 ./Lib/libite66121dvi.a(hdmitx_drv.o)
                0x000000000800a380                setHDMITX_LPCMAudio
 .text.setHDMITX_NLPCMAudio
                0x000000000800a474       0x6c ./Lib/libite66121dvi.a(hdmitx_drv.o)
                0x000000000800a474                setHDMITX_NLPCMAudio
 .text.setHDMITX_HBRAudio
                0x000000000800a4e0       0xb4 ./Lib/libite66121dvi.a(hdmitx_drv.o)
                0x000000000800a4e0                setHDMITX_HBRAudio
 .text.setHDMITX_DSDAudio
                0x000000000800a594       0x3c ./Lib/libite66121dvi.a(hdmitx_drv.o)
                0x000000000800a594                setHDMITX_DSDAudio
 .text.HDMITX_DisableAudioOutput
                0x000000000800a5d0       0x2c ./Lib/libite66121dvi.a(hdmitx_drv.o)
                0x000000000800a5d0                HDMITX_DisableAudioOutput
 .text.setHDMITX_NCTS
                0x000000000800a5fc      0x1a0 ./Lib/libite66121dvi.a(hdmitx_drv.o)
                0x000000000800a5fc                setHDMITX_NCTS
 .text.HDMITX_EnableAudioOutput
                0x000000000800a79c      0x238 ./Lib/libite66121dvi.a(hdmitx_drv.o)
                0x000000000800a79c                HDMITX_EnableAudioOutput
 .text.setHDMITX_AudioChannelEnable
                0x000000000800a9d4       0xb0 ./Lib/libite66121dvi.a(hdmitx_drv.o)
                0x000000000800a9d4                setHDMITX_AudioChannelEnable
 .text.HDMITX_EnableVideoOutput
                0x000000000800aa84       0xa8 ./Lib/libite66121dvi.a(hdmitx_drv.o)
                0x000000000800aa84                HDMITX_EnableVideoOutput
 .text.hdmitx_SetAVIInfoFrame
                0x000000000800ab2c       0xb0 ./Lib/libite66121dvi.a(hdmitx_drv.o)
                0x000000000800ab2c                hdmitx_SetAVIInfoFrame
 .text.HDMITX_EnableAVIInfoFrame
                0x000000000800abdc       0x24 ./Lib/libite66121dvi.a(hdmitx_drv.o)
                0x000000000800abdc                HDMITX_EnableAVIInfoFrame
 .text.hdmitx_SetAudioInfoFrame
                0x000000000800ac00       0x7a ./Lib/libite66121dvi.a(hdmitx_drv.o)
                0x000000000800ac00                hdmitx_SetAudioInfoFrame
 .text.HDMITX_EnableAudioInfoFrame
                0x000000000800ac7a       0x24 ./Lib/libite66121dvi.a(hdmitx_drv.o)
                0x000000000800ac7a                HDMITX_EnableAudioInfoFrame
 .text.hdmitx_SetVSIInfoFrame
                0x000000000800ac9e       0x6a ./Lib/libite66121dvi.a(hdmitx_drv.o)
                0x000000000800ac9e                hdmitx_SetVSIInfoFrame
 .text.HDMITX_EnableVSInfoFrame
                0x000000000800ad08       0x24 ./Lib/libite66121dvi.a(hdmitx_drv.o)
                0x000000000800ad08                HDMITX_EnableVSInfoFrame
 .text.TWI_SCL_0
                0x000000000800ad2c       0x18 ./Lib/libsw_i2c0.a(sw_i2c0.o)
 .text.TWI_SCL_1
                0x000000000800ad44       0x18 ./Lib/libsw_i2c0.a(sw_i2c0.o)
 .text.TWI_SDA_0
                0x000000000800ad5c       0x18 ./Lib/libsw_i2c0.a(sw_i2c0.o)
 .text.TWI_SDA_1
                0x000000000800ad74       0x18 ./Lib/libsw_i2c0.a(sw_i2c0.o)
 .text.TWI_SDA_STATE
                0x000000000800ad8c       0x24 ./Lib/libsw_i2c0.a(sw_i2c0.o)
 .text.TWI_NOP  0x000000000800adb0       0x22 ./Lib/libsw_i2c0.a(sw_i2c0.o)
 *fill*         0x000000000800add2        0x2 
 .text.TWI_Initialize
                0x000000000800add4       0x4c ./Lib/libsw_i2c0.a(sw_i2c0.o)
 .text.TWI_START
                0x000000000800ae20       0x46 ./Lib/libsw_i2c0.a(sw_i2c0.o)
 .text.TWI_STOP
                0x000000000800ae66       0x20 ./Lib/libsw_i2c0.a(sw_i2c0.o)
 .text.TWI_SendNACK
                0x000000000800ae86       0x20 ./Lib/libsw_i2c0.a(sw_i2c0.o)
 .text.TWI_SendByte
                0x000000000800aea6       0x80 ./Lib/libsw_i2c0.a(sw_i2c0.o)
 .text.TWI_ReceiveByte
                0x000000000800af26       0x56 ./Lib/libsw_i2c0.a(sw_i2c0.o)
 .text.SW_I2C0_Init
                0x000000000800af7c        0xc ./Lib/libsw_i2c0.a(sw_i2c0.o)
                0x000000000800af7c                SW_I2C0_Init
 .text.SW_I2C0Write
                0x000000000800af88       0x3a ./Lib/libsw_i2c0.a(sw_i2c0.o)
                0x000000000800af88                SW_I2C0Write
 .text.SW_I2C0WriteNByte
                0x000000000800afc2       0x5c ./Lib/libsw_i2c0.a(sw_i2c0.o)
                0x000000000800afc2                SW_I2C0WriteNByte
 .text.SW_I2C0Read
                0x000000000800b01e       0x5c ./Lib/libsw_i2c0.a(sw_i2c0.o)
                0x000000000800b01e                SW_I2C0Read
 *fill*         0x000000000800b07a        0x2 
 .text.HDMIRX_ReadI2C_Byte
                0x000000000800b07c       0x78 ./Lib/libsw_i2c0.a(sw_i2c0.o)
                0x000000000800b07c                HDMIRX_ReadI2C_Byte
 .text.HDMIRX_WriteI2C_Byte
                0x000000000800b0f4       0x74 ./Lib/libsw_i2c0.a(sw_i2c0.o)
                0x000000000800b0f4                HDMIRX_WriteI2C_Byte
 .text.HDMIRX_WriteI2C_ByteN
                0x000000000800b168       0x7c ./Lib/libsw_i2c0.a(sw_i2c0.o)
                0x000000000800b168                HDMIRX_WriteI2C_ByteN
 .text.HDMITX_ReadI2C_Byte
                0x000000000800b1e4       0x1e ./Lib/libsw_i2c0.a(sw_i2c0.o)
                0x000000000800b1e4                HDMITX_ReadI2C_Byte
 .text.HDMITX_WriteI2C_Byte
                0x000000000800b202       0x26 ./Lib/libsw_i2c0.a(sw_i2c0.o)
                0x000000000800b202                HDMITX_WriteI2C_Byte
 .text.HDMITX_SetI2C_Byte
                0x000000000800b228       0x60 ./Lib/libsw_i2c0.a(sw_i2c0.o)
                0x000000000800b228                HDMITX_SetI2C_Byte
 .text.TWI_SCL_0
                0x000000000800b288       0x18 ./Lib/libsw_i2c1.a(sw_i2c1.o)
 .text.TWI_SCL_1
                0x000000000800b2a0       0x18 ./Lib/libsw_i2c1.a(sw_i2c1.o)
 .text.TWI_SDA_0
                0x000000000800b2b8       0x18 ./Lib/libsw_i2c1.a(sw_i2c1.o)
 .text.TWI_SDA_1
                0x000000000800b2d0       0x18 ./Lib/libsw_i2c1.a(sw_i2c1.o)
 .text.TWI_SDA_STATE
                0x000000000800b2e8       0x24 ./Lib/libsw_i2c1.a(sw_i2c1.o)
 .text.TWI_NOP  0x000000000800b30c       0x22 ./Lib/libsw_i2c1.a(sw_i2c1.o)
 *fill*         0x000000000800b32e        0x2 
 .text.TWI_Initialize
                0x000000000800b330       0x48 ./Lib/libsw_i2c1.a(sw_i2c1.o)
 .text.TWI_START
                0x000000000800b378       0x46 ./Lib/libsw_i2c1.a(sw_i2c1.o)
 .text.TWI_STOP
                0x000000000800b3be       0x20 ./Lib/libsw_i2c1.a(sw_i2c1.o)
 .text.TWI_SendNACK
                0x000000000800b3de       0x20 ./Lib/libsw_i2c1.a(sw_i2c1.o)
 .text.TWI_SendByte
                0x000000000800b3fe       0x80 ./Lib/libsw_i2c1.a(sw_i2c1.o)
 .text.TWI_ReceiveByte
                0x000000000800b47e       0x56 ./Lib/libsw_i2c1.a(sw_i2c1.o)
 .text.SW_I2C1_Init
                0x000000000800b4d4        0xc ./Lib/libsw_i2c1.a(sw_i2c1.o)
                0x000000000800b4d4                SW_I2C1_Init
 .text.SW_I2C1Write
                0x000000000800b4e0       0x3a ./Lib/libsw_i2c1.a(sw_i2c1.o)
                0x000000000800b4e0                SW_I2C1Write
 .text.SW_I2C1WriteNByte
                0x000000000800b51a       0x5c ./Lib/libsw_i2c1.a(sw_i2c1.o)
                0x000000000800b51a                SW_I2C1WriteNByte
 .text.SW_I2C1Read
                0x000000000800b576       0x5c ./Lib/libsw_i2c1.a(sw_i2c1.o)
                0x000000000800b576                SW_I2C1Read
 *fill*         0x000000000800b5d2        0x2 
 .text.TWI_SCL_0
                0x000000000800b5d4       0x18 ./Lib/libsw_i2c2.a(sw_i2c2.o)
 .text.TWI_SCL_1
                0x000000000800b5ec       0x18 ./Lib/libsw_i2c2.a(sw_i2c2.o)
 .text.TWI_SDA_0
                0x000000000800b604       0x18 ./Lib/libsw_i2c2.a(sw_i2c2.o)
 .text.TWI_SDA_1
                0x000000000800b61c       0x18 ./Lib/libsw_i2c2.a(sw_i2c2.o)
 .text.TWI_SDA_STATE
                0x000000000800b634       0x24 ./Lib/libsw_i2c2.a(sw_i2c2.o)
 .text.TWI_NOP  0x000000000800b658       0x22 ./Lib/libsw_i2c2.a(sw_i2c2.o)
 *fill*         0x000000000800b67a        0x2 
 .text.TWI_Initialize
                0x000000000800b67c       0x4c ./Lib/libsw_i2c2.a(sw_i2c2.o)
 .text.TWI_START
                0x000000000800b6c8       0x46 ./Lib/libsw_i2c2.a(sw_i2c2.o)
 .text.TWI_STOP
                0x000000000800b70e       0x20 ./Lib/libsw_i2c2.a(sw_i2c2.o)
 .text.TWI_SendNACK
                0x000000000800b72e       0x20 ./Lib/libsw_i2c2.a(sw_i2c2.o)
 .text.TWI_SendByte
                0x000000000800b74e       0x80 ./Lib/libsw_i2c2.a(sw_i2c2.o)
 .text.TWI_ReceiveByte
                0x000000000800b7ce       0x56 ./Lib/libsw_i2c2.a(sw_i2c2.o)
 .text.SW_I2C2_Init
                0x000000000800b824        0xc ./Lib/libsw_i2c2.a(sw_i2c2.o)
                0x000000000800b824                SW_I2C2_Init
 .text.SW_I2C2Write
                0x000000000800b830       0x3a ./Lib/libsw_i2c2.a(sw_i2c2.o)
                0x000000000800b830                SW_I2C2Write
 .text.SW_I2C2WriteNByte
                0x000000000800b86a       0x5c ./Lib/libsw_i2c2.a(sw_i2c2.o)
                0x000000000800b86a                SW_I2C2WriteNByte
 .text.SW_I2C2Read
                0x000000000800b8c6       0x5c ./Lib/libsw_i2c2.a(sw_i2c2.o)
                0x000000000800b8c6                SW_I2C2Read
 .text.I2Cdelay
                0x000000000800b922       0x22 ./Lib/libsw_i2c2.a(sw_i2c2.o)
                0x000000000800b922                I2Cdelay
 .text.I2CStart
                0x000000000800b944       0x20 ./Lib/libsw_i2c2.a(sw_i2c2.o)
                0x000000000800b944                I2CStart
 .text.I2CReStart
                0x000000000800b964       0x20 ./Lib/libsw_i2c2.a(sw_i2c2.o)
                0x000000000800b964                I2CReStart
 .text.I2CStop  0x000000000800b984       0x28 ./Lib/libsw_i2c2.a(sw_i2c2.o)
                0x000000000800b984                I2CStop
 .text.I2CWriteData3
                0x000000000800b9ac       0x70 ./Lib/libsw_i2c2.a(sw_i2c2.o)
                0x000000000800b9ac                I2CWriteData3
 .text.I2CReadData3
                0x000000000800ba1c       0x56 ./Lib/libsw_i2c2.a(sw_i2c2.o)
                0x000000000800ba1c                I2CReadData3
 .text.I2CACK   0x000000000800ba72       0x28 ./Lib/libsw_i2c2.a(sw_i2c2.o)
 .text.I2CNACK  0x000000000800ba9a       0x24 ./Lib/libsw_i2c2.a(sw_i2c2.o)
 .text.ReadI2C3
                0x000000000800babe       0x68 ./Lib/libsw_i2c2.a(sw_i2c2.o)
                0x000000000800babe                ReadI2C3
 .text.WriteI2C3
                0x000000000800bb26       0x46 ./Lib/libsw_i2c2.a(sw_i2c2.o)
                0x000000000800bb26                WriteI2C3
 .text.I2Cdelay2
                0x000000000800bb6c       0x22 ./Lib/libsw_i2c2.a(sw_i2c2.o)
                0x000000000800bb6c                I2Cdelay2
 .text.I2CStart2
                0x000000000800bb8e       0x20 ./Lib/libsw_i2c2.a(sw_i2c2.o)
                0x000000000800bb8e                I2CStart2
 .text.I2CStop2
                0x000000000800bbae       0x28 ./Lib/libsw_i2c2.a(sw_i2c2.o)
                0x000000000800bbae                I2CStop2
 .text.I2CWriteData2
                0x000000000800bbd6       0x70 ./Lib/libsw_i2c2.a(sw_i2c2.o)
                0x000000000800bbd6                I2CWriteData2
 .text.I2CReadData2
                0x000000000800bc46       0x66 ./Lib/libsw_i2c2.a(sw_i2c2.o)
                0x000000000800bc46                I2CReadData2
 .text.ReadI2C2
                0x000000000800bcac       0x4c ./Lib/libsw_i2c2.a(sw_i2c2.o)
                0x000000000800bcac                ReadI2C2
 .text.EEPWrite
                0x000000000800bcf8       0x4e ./Lib/libsw_i2c2.a(sw_i2c2.o)
                0x000000000800bcf8                EEPWrite
 .text.EEPRead  0x000000000800bd46       0x3c ./Lib/libsw_i2c2.a(sw_i2c2.o)
                0x000000000800bd46                EEPRead
 *fill*         0x000000000800bd82        0x2 
 .text.TWI_SCL_0
                0x000000000800bd84       0x18 ./Lib/libsw_i2c3.a(sw_i2c3.o)
 .text.TWI_SDA_1
                0x000000000800bd9c       0x18 ./Lib/libsw_i2c3.a(sw_i2c3.o)
 .text.TWI_Initialize
                0x000000000800bdb4       0x48 ./Lib/libsw_i2c3.a(sw_i2c3.o)
 .text.SW_I2C3_Init
                0x000000000800bdfc        0xc ./Lib/libsw_i2c3.a(sw_i2c3.o)
                0x000000000800bdfc                SW_I2C3_Init
 .text.Get_WindowNum
                0x000000000800be08       0x2c ./Lib/libVS4210.a(VS4210.o)
 .text.VS4210_FULL88init
                0x000000000800be34       0x64 ./Lib/libVS4210.a(VS4210.o)
 .text.VS4210_PIP_1080I_w0_ReSet
                0x000000000800be98       0x14 ./Lib/libVS4210.a(VS4210.o)
 .text.VS4210_init
                0x000000000800beac       0x64 ./Lib/libVS4210.a(VS4210.o)
 .text.VS4210_init_Input_MODE1_w0
                0x000000000800bf10      0x264 ./Lib/libVS4210.a(VS4210.o)
 .text.VS4210_init_Input_MODE1_w1
                0x000000000800c174      0x264 ./Lib/libVS4210.a(VS4210.o)
 .text.VS4210_init_Input_MODE1_w2
                0x000000000800c3d8      0x264 ./Lib/libVS4210.a(VS4210.o)
 .text.VS4210_init_Input_MODE1_w3
                0x000000000800c63c      0x264 ./Lib/libVS4210.a(VS4210.o)
 .text.VS4210_init_Input_MODE2_w0
                0x000000000800c8a0      0x264 ./Lib/libVS4210.a(VS4210.o)
 .text.VS4210_init_Input_MODE2_w1
                0x000000000800cb04      0x264 ./Lib/libVS4210.a(VS4210.o)
 .text.VS4210_init_Input_MODE2_w2
                0x000000000800cd68      0x264 ./Lib/libVS4210.a(VS4210.o)
 .text.VS4210_init_Input_MODE2_w3
                0x000000000800cfcc      0x264 ./Lib/libVS4210.a(VS4210.o)
 .text.VS4210_init_Input_MODE6_w0
                0x000000000800d230      0x264 ./Lib/libVS4210.a(VS4210.o)
 .text.VS4210_init_Input_MODE6_w1
                0x000000000800d494      0x264 ./Lib/libVS4210.a(VS4210.o)
 .text.VS4210_init_Input_MODE6_w2
                0x000000000800d6f8      0x264 ./Lib/libVS4210.a(VS4210.o)
 .text.VS4210_init_Input_MODE6_w3
                0x000000000800d95c      0x264 ./Lib/libVS4210.a(VS4210.o)
 .text.VS4210_init_Input_MODE12_w0
                0x000000000800dbc0      0x264 ./Lib/libVS4210.a(VS4210.o)
 .text.VS4210_init_Input_MODE12_w1
                0x000000000800de24      0x264 ./Lib/libVS4210.a(VS4210.o)
 .text.VS4210_init_Input_MODE13_w0
                0x000000000800e088      0x264 ./Lib/libVS4210.a(VS4210.o)
 .text.VS4210_init_Input_MODE13_w1
                0x000000000800e2ec      0x264 ./Lib/libVS4210.a(VS4210.o)
 .text.VS4210_init_Input_MODE24_w1
                0x000000000800e550      0x248 ./Lib/libVS4210.a(VS4210.o)
 .text.VS4210_PIP_1080I_w0_Set
                0x000000000800e798       0x34 ./Lib/libVS4210.a(VS4210.o)
 .text.VS4210_init_Input_MODE24_w0
                0x000000000800e7cc      0x43c ./Lib/libVS4210.a(VS4210.o)
 .text.VS4210_OpenWindowsPIP0
                0x000000000800ec08       0xcc ./Lib/libVS4210.a(VS4210.o)
                0x000000000800ec08                VS4210_OpenWindowsPIP0
 .text.VS4210_init_Input_MODE88
                0x000000000800ecd4       0x50 ./Lib/libVS4210.a(VS4210.o)
                0x000000000800ecd4                VS4210_init_Input_MODE88
 .text.VS4210_Line_Clear
                0x000000000800ed24       0x14 ./Lib/libVS4210.a(VS4210.o)
                0x000000000800ed24                VS4210_Line_Clear
 .text.VS4210_Line_Draw
                0x000000000800ed38      0x240 ./Lib/libVS4210.a(VS4210.o)
                0x000000000800ed38                VS4210_Line_Draw
 .text.VS4210_SwitchChannel
                0x000000000800ef78       0x34 ./Lib/libVS4210.a(VS4210.o)
                0x000000000800ef78                VS4210_SwitchChannel
 .text.VS4210_OpenWindowsX
                0x000000000800efac       0x5c ./Lib/libVS4210.a(VS4210.o)
                0x000000000800efac                VS4210_OpenWindowsX
 .text.VS4210_CloseWindowsX
                0x000000000800f008       0x48 ./Lib/libVS4210.a(VS4210.o)
                0x000000000800f008                VS4210_CloseWindowsX
 .text.VS4210_CloseAllWindows
                0x000000000800f050       0x4a ./Lib/libVS4210.a(VS4210.o)
                0x000000000800f050                VS4210_CloseAllWindows
 .text.VS4210_channel0clear
                0x000000000800f09a       0x6a ./Lib/libVS4210.a(VS4210.o)
                0x000000000800f09a                VS4210_channel0clear
 .text.VS4210_clearAllsignal
                0x000000000800f104       0x48 ./Lib/libVS4210.a(VS4210.o)
                0x000000000800f104                VS4210_clearAllsignal
 .text.VS4210_SetHVLenght
                0x000000000800f14c       0x80 ./Lib/libVS4210.a(VS4210.o)
                0x000000000800f14c                VS4210_SetHVLenght
 .text.VS4210_Mode0FastChange
                0x000000000800f1cc       0x98 ./Lib/libVS4210.a(VS4210.o)
 .text.VS4210_displayoff
                0x000000000800f264       0x20 ./Lib/libVS4210.a(VS4210.o)
                0x000000000800f264                VS4210_displayoff
 .text.VS4210_init_Input_MODE0_w0
                0x000000000800f284      0x27c ./Lib/libVS4210.a(VS4210.o)
 .text.VS4210_displayon
                0x000000000800f500       0x18 ./Lib/libVS4210.a(VS4210.o)
                0x000000000800f500                VS4210_displayon
 .text.VS4210_init_mode
                0x000000000800f518      0x31c ./Lib/libVS4210.a(VS4210.o)
                0x000000000800f518                VS4210_init_mode
 .text.VS4210_SetInModeOutMode
                0x000000000800f834      0x20c ./Lib/libVS4210.a(VS4210.o)
                0x000000000800f834                VS4210_SetInModeOutMode
 .text.VS4210_StartInit
                0x000000000800fa40       0xe8 ./Lib/libVS4210.a(VS4210.o)
                0x000000000800fa40                VS4210_StartInit
 .text.VS4210_No_Signal_Init
                0x000000000800fb28       0x24 ./Lib/libVS4210.a(VS4210.o)
                0x000000000800fb28                VS4210_No_Signal_Init
 .text.VS4210_Rx_NoSignal
                0x000000000800fb4c      0x13c ./Lib/libVS4210.a(VS4210.o)
                0x000000000800fb4c                VS4210_Rx_NoSignal
 .text.VS4210_PowerDown
                0x000000000800fc88        0xc ./Lib/libVS4210.a(VS4210.o)
                0x000000000800fc88                VS4210_PowerDown
 .text.VS4210_PowerResume
                0x000000000800fc94        0xc ./Lib/libVS4210.a(VS4210.o)
                0x000000000800fc94                VS4210_PowerResume
 .text.VS4210_SetMutiWindows
                0x000000000800fca0      0x70c ./Lib/libVS4210.a(VS4210.o)
                0x000000000800fca0                VS4210_SetMutiWindows
 .text.VS4210_SetInputSizeHV
                0x00000000080103ac       0x2c ./Lib/libVS4210.a(VS4210.o)
                0x00000000080103ac                VS4210_SetInputSizeHV
 .text.get_it6602_dev_data
                0x00000000080103d8       0x18 ./Lib/libit6602.a(it6602.o)
 .text.IT6602_VideoOutputConfigure_Init
                0x00000000080103f0       0xd4 ./Lib/libit6602.a(it6602.o)
 .text.hdmirx_Var_init
                0x00000000080104c4       0x70 ./Lib/libit6602.a(it6602.o)
 .text.hdmirxrd
                0x0000000008010534        0x8 ./Lib/libit6602.a(it6602.o)
 .text.IsHDMIMode
                0x000000000801053c       0x3c ./Lib/libit6602.a(it6602.o)
 .text.SetColorimetryByMode
                0x0000000008010578       0x1c ./Lib/libit6602.a(it6602.o)
 .text.CheckAVMute
                0x0000000008010594       0x30 ./Lib/libit6602.a(it6602.o)
 .text.CLKCheck
                0x00000000080105c4       0x28 ./Lib/libit6602.a(it6602.o)
 .text.CheckPlg5VPwr
                0x00000000080105ec       0x30 ./Lib/libit6602.a(it6602.o)
 .text.CheckSCDT
                0x000000000801061c       0x2a ./Lib/libit6602.a(it6602.o)
 .text.getHDMIRXInputAudio
                0x0000000008010646       0x50 ./Lib/libit6602.a(it6602.o)
 .text.hdmirxwr
                0x0000000008010696        0xa ./Lib/libit6602.a(it6602.o)
 .text.hdmirxset
                0x00000000080106a0       0x1e ./Lib/libit6602.a(it6602.o)
 .text.hdimrx_write_init
                0x00000000080106be       0x20 ./Lib/libit6602.a(it6602.o)
 *fill*         0x00000000080106de        0x2 
 .text.IT6602_Rst
                0x00000000080106e0       0x14 ./Lib/libit6602.a(it6602.o)
 .text.chgbank  0x00000000080106f4       0x44 ./Lib/libit6602.a(it6602.o)
 .text.GetAVIInfoFrame
                0x0000000008010738       0x74 ./Lib/libit6602.a(it6602.o)
 .text.SetColorimetryByInfoFrame
                0x00000000080107ac       0x36 ./Lib/libit6602.a(it6602.o)
 .text.SetVideoOutputColorFormat
                0x00000000080107e2       0x3a ./Lib/libit6602.a(it6602.o)
 .text.IT6602VideoOutputEnable
                0x000000000801081c       0x1e ./Lib/libit6602.a(it6602.o)
 .text.hdmirx_SetHWMuteClr
                0x000000000801083a        0xe ./Lib/libit6602.a(it6602.o)
 .text.hdmirx_ClearHWMuteClr
                0x0000000008010848        0xe ./Lib/libit6602.a(it6602.o)
 .text.IT6602AudioOutputEnable
                0x0000000008010856       0x1e ./Lib/libit6602.a(it6602.o)
 .text.IT6602SwitchAudioState
                0x0000000008010874       0x4e ./Lib/libit6602.a(it6602.o)
 .text.IT6602_SetVideoMute
                0x00000000080108c2       0x80 ./Lib/libit6602.a(it6602.o)
 *fill*         0x0000000008010942        0x2 
 .text.DisableOverWriteRS
                0x0000000008010944       0x80 ./Lib/libit6602.a(it6602.o)
 .text.TogglePolarity
                0x00000000080109c4      0x110 ./Lib/libit6602.a(it6602.o)
 .text.hdmirx_SetHWMuteClrMode
                0x0000000008010ad4        0xe ./Lib/libit6602.a(it6602.o)
 .text.SetVideoInputFormatWithoutInfoFrame
                0x0000000008010ae2       0x4e ./Lib/libit6602.a(it6602.o)
 .text.SetVideoInputFormatWithInfoFrame
                0x0000000008010b30       0x56 ./Lib/libit6602.a(it6602.o)
 .text.IT6602_VideoOutputModeSet
                0x0000000008010b86       0xba ./Lib/libit6602.a(it6602.o)
 .text.TMDSCheck
                0x0000000008010c40      0x220 ./Lib/libit6602.a(it6602.o)
 .text.IT6602HDMIEventManager
                0x0000000008010e60       0xa6 ./Lib/libit6602.a(it6602.o)
 .text.hdmirx_INT_P1_Deskew
                0x0000000008010f06       0x30 ./Lib/libit6602.a(it6602.o)
 .text.hdmirx_INT_P0_Deskew
                0x0000000008010f36       0x30 ./Lib/libit6602.a(it6602.o)
 *fill*         0x0000000008010f66        0x2 
 .text.OverWriteAmpValue2EQ
                0x0000000008010f68      0x1cc ./Lib/libit6602.a(it6602.o)
 .text.AmpValidCheck
                0x0000000008011134      0x13c ./Lib/libit6602.a(it6602.o)
 .text.hdmirx_INT_EQ_FAIL
                0x0000000008011270      0x11c ./Lib/libit6602.a(it6602.o)
 .text.hdmirx_ResetAudio
                0x000000000801138c       0x40 ./Lib/libit6602.a(it6602.o)
 .text.IT6602AudioHandler
                0x00000000080113cc       0xd4 ./Lib/libit6602.a(it6602.o)
 .text.hdmirxbwr
                0x00000000080114a0        0xe ./Lib/libit6602.a(it6602.o)
 *fill*         0x00000000080114ae        0x2 
 .text.SetColorSpaceConvert
                0x00000000080114b0       0xbc ./Lib/libit6602.a(it6602.o)
 .text.SetDVIVideoOutput
                0x000000000801156c       0x1e ./Lib/libit6602.a(it6602.o)
 .text.hdmirx_INT_HDMIMode_Chg
                0x000000000801158a       0x4e ./Lib/libit6602.a(it6602.o)
 .text.SetNewInfoVideoOutput
                0x00000000080115d8       0x1c ./Lib/libit6602.a(it6602.o)
 .text.IT6602VideoOutputConfigure
                0x00000000080115f4       0x6c ./Lib/libit6602.a(it6602.o)
 .text.aud_fiforst
                0x0000000008011660       0x5a ./Lib/libit6602.a(it6602.o)
 .text.it6602HPDCtrl
                0x00000000080116ba       0x44 ./Lib/libit6602.a(it6602.o)
                0x00000000080116ba                it6602HPDCtrl
 .text.hdmirx_ECCTimingOut
                0x00000000080116fe       0x60 ./Lib/libit6602.a(it6602.o)
 .text.hdmirx_INT_P0_ECC
                0x000000000801175e       0x1a ./Lib/libit6602.a(it6602.o)
 .text.hdmirx_INT_P1_ECC
                0x0000000008011778       0x1a ./Lib/libit6602.a(it6602.o)
 *fill*         0x0000000008011792        0x2 
 .text.get_vid_info
                0x0000000008011794      0x1f4 ./Lib/libit6602.a(it6602.o)
                0x0000000008011794                get_vid_info
 .text.show_vid_info
                0x0000000008011988       0xa8 ./Lib/libit6602.a(it6602.o)
                0x0000000008011988                show_vid_info
 .text.IT6602SwitchVideoState
                0x0000000008011a30       0x74 ./Lib/libit6602.a(it6602.o)
 .text.it6602PortSelect
                0x0000000008011aa4       0x2a ./Lib/libit6602.a(it6602.o)
                0x0000000008011aa4                it6602PortSelect
 .text.IT6602_fsm_init
                0x0000000008011ace       0x1c ./Lib/libit6602.a(it6602.o)
                0x0000000008011ace                IT6602_fsm_init
 .text.hdmirx_INT_5V_Pwr_Chg
                0x0000000008011aea       0x66 ./Lib/libit6602.a(it6602.o)
 .text.hdmirx_INT_SCDT_Chg
                0x0000000008011b50       0x28 ./Lib/libit6602.a(it6602.o)
 .text.IT6602HDMIInterruptHandler
                0x0000000008011b78      0x418 ./Lib/libit6602.a(it6602.o)
 .text.WaitingForSCDT
                0x0000000008011f90       0x80 ./Lib/libit6602.a(it6602.o)
 .text.IT6602VideoHandler
                0x0000000008012010       0x5c ./Lib/libit6602.a(it6602.o)
 .text.IT6602_fsm
                0x000000000801206c       0x2c ./Lib/libit6602.a(it6602.o)
                0x000000000801206c                IT6602_fsm
 .text.GetHDMI_InputMode
                0x0000000008012098      0x1e4 ./Lib/libit6602.a(it6602.o)
                0x0000000008012098                GetHDMI_InputMode
 .text.getHDMIRXAudioInfo
                0x000000000801227c       0x16 ./Lib/libit6602.a(it6602.o)
                0x000000000801227c                getHDMIRXAudioInfo
 .text.InitHDMIRX
                0x0000000008012292        0xe ./Lib/libit6602.a(it6602.o)
                0x0000000008012292                InitHDMIRX
 .text.CheckHDMIRX
                0x00000000080122a0        0x8 ./Lib/libit6602.a(it6602.o)
                0x00000000080122a0                CheckHDMIRX
 *(.glue_7)
 .glue_7        0x00000000080122a8        0x0 linker stubs
 *(.glue_7t)
 .glue_7t       0x00000000080122a8        0x0 linker stubs
 *(.eh_frame)
 .eh_frame      0x00000000080122a8        0x0 /home/ryan/xun/gcc-arm-none-eabi-7-2018-q2-update/bin/../lib/gcc/arm-none-eabi/7.3.1/thumb/v7-m/crtbegin.o
 *(.init)
 .init          0x00000000080122a8        0x4 /home/ryan/xun/gcc-arm-none-eabi-7-2018-q2-update/bin/../lib/gcc/arm-none-eabi/7.3.1/thumb/v7-m/crti.o
                0x00000000080122a8                _init
 .init          0x00000000080122ac        0x8 /home/ryan/xun/gcc-arm-none-eabi-7-2018-q2-update/bin/../lib/gcc/arm-none-eabi/7.3.1/thumb/v7-m/crtn.o
 *(.fini)
 .fini          0x00000000080122b4        0x4 /home/ryan/xun/gcc-arm-none-eabi-7-2018-q2-update/bin/../lib/gcc/arm-none-eabi/7.3.1/thumb/v7-m/crti.o
                0x00000000080122b4                _fini
 .fini          0x00000000080122b8        0x8 /home/ryan/xun/gcc-arm-none-eabi-7-2018-q2-update/bin/../lib/gcc/arm-none-eabi/7.3.1/thumb/v7-m/crtn.o
                0x00000000080122c0                . = ALIGN (0x4)
                0x00000000080122c0                _etext = .

.vfp11_veneer   0x00000000080122c0        0x0
 .vfp11_veneer  0x00000000080122c0        0x0 linker stubs

.v4_bx          0x00000000080122c0        0x0
 .v4_bx         0x00000000080122c0        0x0 linker stubs

.iplt           0x00000000080122c0        0x0
 .iplt          0x00000000080122c0        0x0 /home/ryan/xun/gcc-arm-none-eabi-7-2018-q2-update/bin/../lib/gcc/arm-none-eabi/7.3.1/thumb/v7-m/crtbegin.o

.rodata         0x00000000080122c0     0x901c
                0x00000000080122c0                . = ALIGN (0x4)
 *(.rodata)
 .rodata        0x00000000080122c0       0x12 build/stm32f1xx_hal_rcc.o
 *(.rodata*)
 *fill*         0x00000000080122d2        0x2 
 .rodata.CHECK_HDMI720P50.str1.4
                0x00000000080122d4       0x2b build/main.o
 *fill*         0x00000000080122ff        0x1 
 .rodata.HDMI_VideoModeDetect.str1.4
                0x0000000008012300       0x50 build/main.o
 .rodata.HS_Select_Win.str1.4
                0x0000000008012350       0x5d build/main.o
 *fill*         0x00000000080123ad        0x3 
 .rodata.SET_Audio_Mute.str1.4
                0x00000000080123b0       0x15 build/main.o
 *fill*         0x00000000080123c5        0x3 
 .rodata.SET_VS4210_720_480_out.str1.4
                0x00000000080123c8       0x1a build/main.o
 *fill*         0x00000000080123e2        0x2 
 .rodata.TP_bt1120_1080P_1080P_mode0_w0.str1.4
                0x00000000080123e4       0x25 build/main.o
 *fill*         0x0000000008012409        0x3 
 .rodata.TP_bt1120_720P_1080P_mode0_w0.str1.4
                0x000000000801240c       0x24 build/main.o
 .rodata.TP_bt1120_NTSC_1080P_mode0_w0.str1.4
                0x0000000008012430       0x24 build/main.o
 .rodata.TP_bt1120_PAL_1080P_mode0_w0.str1.4
                0x0000000008012454       0x23 build/main.o
 *fill*         0x0000000008012477        0x1 
 .rodata.__FUNCTION__.9366
                0x0000000008012478       0x11 build/main.o
 *fill*         0x0000000008012489        0x3 
 .rodata.__FUNCTION__.9371
                0x000000000801248c       0x15 build/main.o
 *fill*         0x00000000080124a1        0x3 
 .rodata.__FUNCTION__.9418
                0x00000000080124a4        0x5 build/main.o
 *fill*         0x00000000080124a9        0x3 
 .rodata.__FUNCTION__.9429
                0x00000000080124ac        0xa build/main.o
 *fill*         0x00000000080124b6        0x2 
 .rodata.__FUNCTION__.9508
                0x00000000080124b8        0xe build/main.o
 *fill*         0x00000000080124c6        0x2 
 .rodata.main.str1.4
                0x00000000080124c8       0xb3 build/main.o
 *fill*         0x000000000801257b        0x1 
 .rodata.main_init.str1.4
                0x000000000801257c       0x8c build/main.o
 .rodata.main_loop.str1.4
                0x0000000008012608       0x46 build/main.o
 *fill*         0x000000000801264e        0x2 
 .rodata.AHBPrescTable
                0x0000000008012650       0x10 build/system_stm32f1xx.o
                0x0000000008012650                AHBPrescTable
 .rodata.APBPrescTable
                0x0000000008012660        0x8 build/system_stm32f1xx.o
                0x0000000008012660                APBPrescTable
 .rodata.VS4210_Addr_param
                0x0000000008012668       0x19 build/VS4210_param_Modex26.o
                0x0000000008012668                VS4210_Addr_param
 *fill*         0x0000000008012681        0x3 
 .rodata.VS4210_hdmi1024x768_1080P_mode12_w0_param
                0x0000000008012684       0x19 build/VS4210_param_Modex26.o
                0x0000000008012684                VS4210_hdmi1024x768_1080P_mode12_w0_param
 *fill*         0x000000000801269d        0x3 
 .rodata.VS4210_hdmi1024x768_1080P_mode12_w1_param
                0x00000000080126a0       0x19 build/VS4210_param_Modex26.o
                0x00000000080126a0                VS4210_hdmi1024x768_1080P_mode12_w1_param
 *fill*         0x00000000080126b9        0x3 
 .rodata.VS4210_hdmi1024x768_1080P_mode13_w0_param
                0x00000000080126bc       0x19 build/VS4210_param_Modex26.o
                0x00000000080126bc                VS4210_hdmi1024x768_1080P_mode13_w0_param
 *fill*         0x00000000080126d5        0x3 
 .rodata.VS4210_hdmi1024x768_1080P_mode13_w1_param
                0x00000000080126d8       0x19 build/VS4210_param_Modex26.o
                0x00000000080126d8                VS4210_hdmi1024x768_1080P_mode13_w1_param
 *fill*         0x00000000080126f1        0x3 
 .rodata.VS4210_hdmi1024x768_1080P_mode1_w0_param
                0x00000000080126f4       0x19 build/VS4210_param_Modex26.o
                0x00000000080126f4                VS4210_hdmi1024x768_1080P_mode1_w0_param
 *fill*         0x000000000801270d        0x3 
 .rodata.VS4210_hdmi1024x768_1080P_mode1_w1_param
                0x0000000008012710       0x19 build/VS4210_param_Modex26.o
                0x0000000008012710                VS4210_hdmi1024x768_1080P_mode1_w1_param
 *fill*         0x0000000008012729        0x3 
 .rodata.VS4210_hdmi1024x768_1080P_mode1_w2_param
                0x000000000801272c       0x19 build/VS4210_param_Modex26.o
                0x000000000801272c                VS4210_hdmi1024x768_1080P_mode1_w2_param
 *fill*         0x0000000008012745        0x3 
 .rodata.VS4210_hdmi1024x768_1080P_mode1_w3_param
                0x0000000008012748       0x19 build/VS4210_param_Modex26.o
                0x0000000008012748                VS4210_hdmi1024x768_1080P_mode1_w3_param
 *fill*         0x0000000008012761        0x3 
 .rodata.VS4210_hdmi1024x768_1080P_mode2_w0_param
                0x0000000008012764       0x19 build/VS4210_param_Modex26.o
                0x0000000008012764                VS4210_hdmi1024x768_1080P_mode2_w0_param
 *fill*         0x000000000801277d        0x3 
 .rodata.VS4210_hdmi1024x768_1080P_mode2_w1_param
                0x0000000008012780       0x19 build/VS4210_param_Modex26.o
                0x0000000008012780                VS4210_hdmi1024x768_1080P_mode2_w1_param
 *fill*         0x0000000008012799        0x3 
 .rodata.VS4210_hdmi1024x768_1080P_mode2_w2_param
                0x000000000801279c       0x19 build/VS4210_param_Modex26.o
                0x000000000801279c                VS4210_hdmi1024x768_1080P_mode2_w2_param
 *fill*         0x00000000080127b5        0x3 
 .rodata.VS4210_hdmi1024x768_1080P_mode2_w3_param
                0x00000000080127b8       0x19 build/VS4210_param_Modex26.o
                0x00000000080127b8                VS4210_hdmi1024x768_1080P_mode2_w3_param
 *fill*         0x00000000080127d1        0x3 
 .rodata.VS4210_hdmi1024x768_1080P_mode6_w0_param
                0x00000000080127d4       0x19 build/VS4210_param_Modex26.o
                0x00000000080127d4                VS4210_hdmi1024x768_1080P_mode6_w0_param
 *fill*         0x00000000080127ed        0x3 
 .rodata.VS4210_hdmi1024x768_1080P_mode6_w1_param
                0x00000000080127f0       0x19 build/VS4210_param_Modex26.o
                0x00000000080127f0                VS4210_hdmi1024x768_1080P_mode6_w1_param
 *fill*         0x0000000008012809        0x3 
 .rodata.VS4210_hdmi1024x768_1080P_mode6_w2_param
                0x000000000801280c       0x19 build/VS4210_param_Modex26.o
                0x000000000801280c                VS4210_hdmi1024x768_1080P_mode6_w2_param
 *fill*         0x0000000008012825        0x3 
 .rodata.VS4210_hdmi1024x768_1080P_mode6_w3_param
                0x0000000008012828       0x19 build/VS4210_param_Modex26.o
                0x0000000008012828                VS4210_hdmi1024x768_1080P_mode6_w3_param
 *fill*         0x0000000008012841        0x3 
 .rodata.VS4210_hdmi1024x768_1080P_mode6pip_w0_param
                0x0000000008012844       0x19 build/VS4210_param_Modex26.o
                0x0000000008012844                VS4210_hdmi1024x768_1080P_mode6pip_w0_param
 *fill*         0x000000000801285d        0x3 
 .rodata.VS4210_hdmi1024x768_1080P_mode6pip_w1_param
                0x0000000008012860       0x19 build/VS4210_param_Modex26.o
                0x0000000008012860                VS4210_hdmi1024x768_1080P_mode6pip_w1_param
 *fill*         0x0000000008012879        0x3 
 .rodata.VS4210_hdmi1024x768_1080P_mode6pip_w2_param
                0x000000000801287c       0x19 build/VS4210_param_Modex26.o
                0x000000000801287c                VS4210_hdmi1024x768_1080P_mode6pip_w2_param
 *fill*         0x0000000008012895        0x3 
 .rodata.VS4210_hdmi1024x768_1080P_mode6pip_w3_param
                0x0000000008012898       0x19 build/VS4210_param_Modex26.o
                0x0000000008012898                VS4210_hdmi1024x768_1080P_mode6pip_w3_param
 *fill*         0x00000000080128b1        0x3 
 .rodata.VS4210_hdmi1024x768_720P_mode12_w0_param
                0x00000000080128b4       0x19 build/VS4210_param_Modex26.o
                0x00000000080128b4                VS4210_hdmi1024x768_720P_mode12_w0_param
 *fill*         0x00000000080128cd        0x3 
 .rodata.VS4210_hdmi1024x768_720P_mode12_w1_param
                0x00000000080128d0       0x19 build/VS4210_param_Modex26.o
                0x00000000080128d0                VS4210_hdmi1024x768_720P_mode12_w1_param
 *fill*         0x00000000080128e9        0x3 
 .rodata.VS4210_hdmi1024x768_720P_mode13_w0_param
                0x00000000080128ec       0x19 build/VS4210_param_Modex26.o
                0x00000000080128ec                VS4210_hdmi1024x768_720P_mode13_w0_param
 *fill*         0x0000000008012905        0x3 
 .rodata.VS4210_hdmi1024x768_720P_mode13_w1_param
                0x0000000008012908       0x19 build/VS4210_param_Modex26.o
                0x0000000008012908                VS4210_hdmi1024x768_720P_mode13_w1_param
 *fill*         0x0000000008012921        0x3 
 .rodata.VS4210_hdmi1024x768_720P_mode1_w0_param
                0x0000000008012924       0x19 build/VS4210_param_Modex26.o
                0x0000000008012924                VS4210_hdmi1024x768_720P_mode1_w0_param
 *fill*         0x000000000801293d        0x3 
 .rodata.VS4210_hdmi1024x768_720P_mode1_w1_param
                0x0000000008012940       0x19 build/VS4210_param_Modex26.o
                0x0000000008012940                VS4210_hdmi1024x768_720P_mode1_w1_param
 *fill*         0x0000000008012959        0x3 
 .rodata.VS4210_hdmi1024x768_720P_mode1_w2_param
                0x000000000801295c       0x19 build/VS4210_param_Modex26.o
                0x000000000801295c                VS4210_hdmi1024x768_720P_mode1_w2_param
 *fill*         0x0000000008012975        0x3 
 .rodata.VS4210_hdmi1024x768_720P_mode1_w3_param
                0x0000000008012978       0x19 build/VS4210_param_Modex26.o
                0x0000000008012978                VS4210_hdmi1024x768_720P_mode1_w3_param
 *fill*         0x0000000008012991        0x3 
 .rodata.VS4210_hdmi1024x768_720P_mode24_w0_param
                0x0000000008012994       0x19 build/VS4210_param_Modex26.o
                0x0000000008012994                VS4210_hdmi1024x768_720P_mode24_w0_param
 *fill*         0x00000000080129ad        0x3 
 .rodata.VS4210_hdmi1024x768_720P_mode24_w1_param
                0x00000000080129b0       0x19 build/VS4210_param_Modex26.o
                0x00000000080129b0                VS4210_hdmi1024x768_720P_mode24_w1_param
 *fill*         0x00000000080129c9        0x3 
 .rodata.VS4210_hdmi1024x768_720P_mode2_w0_param
                0x00000000080129cc       0x19 build/VS4210_param_Modex26.o
                0x00000000080129cc                VS4210_hdmi1024x768_720P_mode2_w0_param
 *fill*         0x00000000080129e5        0x3 
 .rodata.VS4210_hdmi1024x768_720P_mode2_w1_param
                0x00000000080129e8       0x19 build/VS4210_param_Modex26.o
                0x00000000080129e8                VS4210_hdmi1024x768_720P_mode2_w1_param
 *fill*         0x0000000008012a01        0x3 
 .rodata.VS4210_hdmi1024x768_720P_mode2_w2_param
                0x0000000008012a04       0x19 build/VS4210_param_Modex26.o
                0x0000000008012a04                VS4210_hdmi1024x768_720P_mode2_w2_param
 *fill*         0x0000000008012a1d        0x3 
 .rodata.VS4210_hdmi1024x768_720P_mode2_w3_param
                0x0000000008012a20       0x19 build/VS4210_param_Modex26.o
                0x0000000008012a20                VS4210_hdmi1024x768_720P_mode2_w3_param
 *fill*         0x0000000008012a39        0x3 
 .rodata.VS4210_hdmi1024x768_720P_mode6_w0_param
                0x0000000008012a3c       0x19 build/VS4210_param_Modex26.o
                0x0000000008012a3c                VS4210_hdmi1024x768_720P_mode6_w0_param
 *fill*         0x0000000008012a55        0x3 
 .rodata.VS4210_hdmi1024x768_720P_mode6_w1_param
                0x0000000008012a58       0x19 build/VS4210_param_Modex26.o
                0x0000000008012a58                VS4210_hdmi1024x768_720P_mode6_w1_param
 *fill*         0x0000000008012a71        0x3 
 .rodata.VS4210_hdmi1024x768_720P_mode6_w2_param
                0x0000000008012a74       0x19 build/VS4210_param_Modex26.o
                0x0000000008012a74                VS4210_hdmi1024x768_720P_mode6_w2_param
 *fill*         0x0000000008012a8d        0x3 
 .rodata.VS4210_hdmi1024x768_720P_mode6_w3_param
                0x0000000008012a90       0x19 build/VS4210_param_Modex26.o
                0x0000000008012a90                VS4210_hdmi1024x768_720P_mode6_w3_param
 *fill*         0x0000000008012aa9        0x3 
 .rodata.VS4210_hdmi1080P_1080P_mode12_w0_param
                0x0000000008012aac       0x19 build/VS4210_param_Modex26.o