Archive member included to satisfy reference by file (symbol)

/home/ryan/xun/gcc-arm-none-eabi-7-2018-q2-update/bin/../lib/gcc/arm-none-eabi/7.3.1/../../../../arm-none-eabi/lib/thumb/v7-m/libc_nano.a(lib_a-errno.o)
                              build/main.o (__errno)
/home/ryan/xun/gcc-arm-none-eabi-7-2018-q2-update/bin/../lib/gcc/arm-none-eabi/7.3.1/../../../../arm-none-eabi/lib/thumb/v7-m/libc_nano.a(lib_a-exit.o)
                              /home/ryan/xun/gcc-arm-none-eabi-7-2018-q2-update/bin/../lib/gcc/arm-none-eabi/7.3.1/../../../../arm-none-eabi/lib/thumb/v7-m/crt0.o (exit)
/home/ryan/xun/gcc-arm-none-eabi-7-2018-q2-update/bin/../lib/gcc/arm-none-eabi/7.3.1/../../../../arm-none-eabi/lib/thumb/v7-m/libc_nano.a(lib_a-impure.o)
                              /home/ryan/xun/gcc-arm-none-eabi-7-2018-q2-update/bin/../lib/gcc/arm-none-eabi/7.3.1/../../../../arm-none-eabi/lib/thumb/v7-m/libc_nano.a(lib_a-exit.o) (_global_impure_ptr)
/home/ryan/xun/gcc-arm-none-eabi-7-2018-q2-update/bin/../lib/gcc/arm-none-eabi/7.3.1/../../../../arm-none-eabi/lib/thumb/v7-m/libc_nano.a(lib_a-init.o)
                              /home/ryan/xun/gcc-arm-none-eabi-7-2018-q2-update/bin/../lib/gcc/arm-none-eabi/7.3.1/../../../../arm-none-eabi/lib/thumb/v7-m/crt0.o (__libc_init_array)
/home/ryan/xun/gcc-arm-none-eabi-7-2018-q2-update/bin/../lib/gcc/arm-none-eabi/7.3.1/../../../../arm-none-eabi/lib/thumb/v7-m/libc_nano.a(lib_a-memcpy-stub.o)
                              build/VX_OSD_Simple.o (memcpy)
/home/ryan/xun/gcc-arm-none-eabi-7-2018-q2-update/bin/../lib/gcc/arm-none-eabi/7.3.1/../../../../arm-none-eabi/lib/thumb/v7-m/libc_nano.a(lib_a-memset.o)
                              /home/ryan/xun/gcc-arm-none-eabi-7-2018-q2-update/bin/../lib/gcc/arm-none-eabi/7.3.1/../../../../arm-none-eabi/lib/thumb/v7-m/crt0.o (memset)
/home/ryan/xun/gcc-arm-none-eabi-7-2018-q2-update/bin/../lib/gcc/arm-none-eabi/7.3.1/../../../../arm-none-eabi/lib/thumb/v7-m/libc_nano.a(lib_a-printf.o)
                              build/main.o (printf)
/home/ryan/xun/gcc-arm-none-eabi-7-2018-q2-update/bin/../lib/gcc/arm-none-eabi/7.3.1/../../../../arm-none-eabi/lib/thumb/v7-m/libc_nano.a(lib_a-puts.o)
                              build/main.o (puts)
/home/ryan/xun/gcc-arm-none-eabi-7-2018-q2-update/bin/../lib/gcc/arm-none-eabi/7.3.1/../../../../arm-none-eabi/lib/thumb/v7-m/libc_nano.a(lib_a-strtol.o)
                              build/main.o (strtol)
/home/ryan/xun/gcc-arm-none-eabi-7-2018-q2-update/bin/../lib/gcc/arm-none-eabi/7.3.1/../../../../arm-none-eabi/lib/thumb/v7-m/libc_nano.a(lib_a-wbuf.o)
                              /home/ryan/xun/gcc-arm-none-eabi-7-2018-q2-update/bin/../lib/gcc/arm-none-eabi/7.3.1/../../../../arm-none-eabi/lib/thumb/v7-m/libc_nano.a(lib_a-puts.o) (__swbuf_r)
/home/ryan/xun/gcc-arm-none-eabi-7-2018-q2-update/bin/../lib/gcc/arm-none-eabi/7.3.1/../../../../arm-none-eabi/lib/thumb/v7-m/libc_nano.a(lib_a-wsetup.o)
                              /home/ryan/xun/gcc-arm-none-eabi-7-2018-q2-update/bin/../lib/gcc/arm-none-eabi/7.3.1/../../../../arm-none-eabi/lib/thumb/v7-m/libc_nano.a(lib_a-puts.o) (__swsetup_r)
/home/ryan/xun/gcc-arm-none-eabi-7-2018-q2-update/bin/../lib/gcc/arm-none-eabi/7.3.1/../../../../arm-none-eabi/lib/thumb/v7-m/libc_nano.a(lib_a-fflush.o)
                              /home/ryan/xun/gcc-arm-none-eabi-7-2018-q2-update/bin/../lib/gcc/arm-none-eabi/7.3.1/../../../../arm-none-eabi/lib/thumb/v7-m/libc_nano.a(lib_a-wbuf.o) (_fflush_r)
/home/ryan/xun/gcc-arm-none-eabi-7-2018-q2-update/bin/../lib/gcc/arm-none-eabi/7.3.1/../../../../arm-none-eabi/lib/thumb/v7-m/libc_nano.a(lib_a-findfp.o)
                              /home/ryan/xun/gcc-arm-none-eabi-7-2018-q2-update/bin/../lib/gcc/arm-none-eabi/7.3.1/../../../../arm-none-eabi/lib/thumb/v7-m/libc_nano.a(lib_a-printf.o) (__sinit)
/home/ryan/xun/gcc-arm-none-eabi-7-2018-q2-update/bin/../lib/gcc/arm-none-eabi/7.3.1/../../../../arm-none-eabi/lib/thumb/v7-m/libc_nano.a(lib_a-fwalk.o)
                              /home/ryan/xun/gcc-arm-none-eabi-7-2018-q2-update/bin/../lib/gcc/arm-none-eabi/7.3.1/../../../../arm-none-eabi/lib/thumb/v7-m/libc_nano.a(lib_a-findfp.o) (_fwalk)
/home/ryan/xun/gcc-arm-none-eabi-7-2018-q2-update/bin/../lib/gcc/arm-none-eabi/7.3.1/../../../../arm-none-eabi/lib/thumb/v7-m/libc_nano.a(lib_a-locale.o)
                              /home/ryan/xun/gcc-arm-none-eabi-7-2018-q2-update/bin/../lib/gcc/arm-none-eabi/7.3.1/../../../../arm-none-eabi/lib/thumb/v7-m/libc_nano.a(lib_a-strtol.o) (__locale_ctype_ptr_l)
/home/ryan/xun/gcc-arm-none-eabi-7-2018-q2-update/bin/../lib/gcc/arm-none-eabi/7.3.1/../../../../arm-none-eabi/lib/thumb/v7-m/libc_nano.a(lib_a-makebuf.o)
                              /home/ryan/xun/gcc-arm-none-eabi-7-2018-q2-update/bin/../lib/gcc/arm-none-eabi/7.3.1/../../../../arm-none-eabi/lib/thumb/v7-m/libc_nano.a(lib_a-wsetup.o) (__smakebuf_r)
[...]
Memory Configuration

Name             Origin             Length             Attributes
RAM              0x0000000020000000 0x0000000000005000 xrw
FLASH            0x0000000008000000 0x0000000000020000 xr
*default*        0x0000000000000000 0xffffffffffffffff

Linker script and memory map

LOAD /home/ryan/xun/gcc-arm-none-eabi-7-2018-q2-update/bin/../lib/gcc/arm-none-eabi/7.3.1/thumb/v7-m/crti.o
LOAD /home/ryan/xun/gcc-arm-none-eabi-7-2018-q2-update/bin/../lib/gcc/arm-none-eabi/7.3.1/thumb/v7-m/crtbegin.o
LOAD /home/ryan/xun/gcc-arm-none-eabi-7-2018-q2-update/bin/../lib/gcc/arm-none-eabi/7.3.1/../../../../arm-none-eabi/lib/thumb/v7-m/crt0.o
LOAD build/main.o
LOAD build/stm32f1xx_it.o
LOAD build/stm32f1xx_hal_msp.o
LOAD build/stm32f1xx_hal_gpio_ex.o
LOAD build/stm32f1xx_hal_tim.o
LOAD build/stm32f1xx_hal_tim_ex.o
LOAD build/stm32f1xx_hal_uart.o
LOAD build/stm32f1xx_hal.o
LOAD build/stm32f1xx_hal_rcc.o
LOAD build/stm32f1xx_hal_rcc_ex.o
LOAD build/stm32f1xx_hal_gpio.o
LOAD build/stm32f1xx_hal_dma.o
LOAD build/stm32f1xx_hal_cortex.o
LOAD build/stm32f1xx_hal_pwr.o
LOAD build/stm32f1xx_hal_flash.o
LOAD build/stm32f1xx_hal_flash_ex.o
LOAD build/stm32f1xx_hal_exti.o
LOAD build/stm32f1xx_hal_adc.o
LOAD build/stm32f1xx_hal_adc_ex.o
LOAD build/system_stm32f1xx.o
LOAD build/VX_swi2c.o
LOAD build/VS4210_param_Modex26.o
LOAD build/VS4210_param_Mode88.o
LOAD build/VX_OSD.o
LOAD build/VX_OSD_Simple.o
LOAD build/TP2802.o
LOAD build/monitor.o
LOAD build/Printf.o
LOAD build/SysTimer.o
LOAD build/exosd.o
LOAD build/TOA_Protocol.o
LOAD build/etc_eep.o
LOAD build/startup_stm32f103xb.o
LOAD /home/ryan/xun/gcc-arm-none-eabi-7-2018-q2-update/bin/../lib/gcc/arm-none-eabi/7.3.1/../../../../arm-none-eabi/lib/thumb/v7-m/libc_nano.a
LOAD /home/ryan/xun/gcc-arm-none-eabi-7-2018-q2-update/bin/../lib/gcc/arm-none-eabi/7.3.1/../../../../arm-none-eabi/lib/thumb/v7-m/libm.a
LOAD /home/ryan/xun/gcc-arm-none-eabi-7-2018-q2-update/bin/../lib/gcc/arm-none-eabi/7.3.1/../../../../arm-none-eabi/lib/thumb/v7-m/libnosys.a
LOAD ./Lib/libite66121dvi.a
LOAD ./Lib/libsw_i2c0.a
LOAD ./Lib/libsw_i2c1.a
LOAD ./Lib/libsw_i2c2.a
LOAD ./Lib/libsw_i2c3.a
LOAD ./Lib/libVS4210.a
LOAD ./Lib/libit6602.a
START GROUP
LOAD /home/ryan/xun/gcc-arm-none-eabi-7-2018-q2-update/bin/../lib/gcc/arm-none-eabi/7.3.1/thumb/v7-m/libgcc.a
LOAD /home/ryan/xun/gcc-arm-none-eabi-7-2018-q2-update/bin/../lib/gcc/arm-none-eabi/7.3.1/../../../../arm-none-eabi/lib/thumb/v7-m/libc_nano.a
END GROUP
START GROUP
LOAD /home/ryan/xun/gcc-arm-none-eabi-7-2018-q2-update/bin/../lib/gcc/arm-none-eabi/7.3.1/thumb/v7-m/libgcc.a
LOAD /home/ryan/xun/gcc-arm-none-eabi-7-2018-q2-update/bin/../lib/gcc/arm-none-eabi/7.3.1/../../../../arm-none-eabi/lib/thumb/v7-m/libc_nano.a
END GROUP
LOAD /home/ryan/xun/gcc-arm-none-eabi-7-2018-q2-update/bin/../lib/gcc/arm-none-eabi/7.3.1/thumb/v7-m/crtend.o
LOAD /home/ryan/xun/gcc-arm-none-eabi-7-2018-q2-update/bin/../lib/gcc/arm-none-eabi/7.3.1/thumb/v7-m/crtn.o
                0x0000000020005000                _estack = 0x20005000
                0x0000000000000200                _Min_Heap_Size = 0x200
                0x0000000000000400                _Min_Stack_Size = 0x400

.isr_vector     0x0000000008000000      0x10c
                0x0000000008000000                . = ALIGN (0x4)
 *(.isr_vector)
 .isr_vector    0x0000000008000000      0x10c build/startup_stm32f103xb.o
                0x0000000008000000                g_pfnVectors
                0x000000000800010c                . = ALIGN (0x4)

.text           0x000000000800010c    0x12104
                0x000000000800010c                . = ALIGN (0x4)
 *(.text)
 .text          0x000000000800010c       0x40 /home/ryan/xun/gcc-arm-none-eabi-7-2018-q2-update/bin/../lib/gcc/arm-none-eabi/7.3.1/thumb/v7-m/crtbegin.o
 .text          0x000000000800014c       0x24 /home/ryan/xun/gcc-arm-none-eabi-7-2018-q2-update/bin/../lib/gcc/arm-none-eabi/7.3.1/thumb/v7-m/libgcc.a(_udivsi3.o)
                0x000000000800014c                __udivsi3
                0x000000000800014c                __aeabi_uidiv
                0x0000000008000160                __aeabi_uidivmod
 .text          0x0000000008000170       0x2c /home/ryan/xun/gcc-arm-none-eabi-7-2018-q2-update/bin/../lib/gcc/arm-none-eabi/7.3.1/thumb/v7-m/libgcc.a(_divsi3.o)
                0x0000000008000170                __aeabi_idiv
                0x0000000008000170                __divsi3
                0x000000000800018c                __aeabi_idivmod
 .text          0x000000000800019c        0x4 /home/ryan/xun/gcc-arm-none-eabi-7-2018-q2-update/bin/../lib/gcc/arm-none-eabi/7.3.1/thumb/v7-m/libgcc.a(_dvmd_tls.o)
                0x000000000800019c                __aeabi_ldiv0
                0x000000000800019c                __aeabi_idiv0
 *(.text*)
 .text.MX_GPIO_Init
                0x00000000080001a0       0xd8 build/main.o
 .text.MX_TIM3_Init
                0x0000000008000278       0x54 build/main.o
 .text.MX_USART1_UART_Init
                0x00000000080002cc       0x2c build/main.o
 .text.MX_USART2_UART_Init
                0x00000000080002f8       0x2c build/main.o
 .text.HDMI_AudioModeDetect
                0x0000000008000324       0x60 build/main.o
 .text._write   0x0000000008000384       0x34 build/main.o
                0x0000000008000384                _write
 .text.Audio_Sel
                0x00000000080003b8      0x184 build/main.o
                0x00000000080003b8                Audio_Sel
 .text.SET_Audio_Mute
                0x000000000800053c       0x30 build/main.o
                0x000000000800053c                SET_Audio_Mute
 .text.HDMI_VideoModeDetect
                0x000000000800056c      0x21c build/main.o
 .text.InitialTimerEvent
                0x0000000008000788        0x8 build/main.o
                0x0000000008000788                InitialTimerEvent
 .text.main_init
                0x0000000008000790       0x8c build/main.o
                0x0000000008000790                main_init
 .text.user_pwm_setvalue
                0x000000000800081c       0x2c build/main.o
                0x000000000800081c                user_pwm_setvalue
 .text.VS4210_FULL88init2
                0x0000000008000848       0x20 build/main.o
                0x0000000008000848                VS4210_FULL88init2
 .text.TP_bt1120_1080P_1080P_mode0_w0
                0x0000000008000868       0x18 build/main.o
                0x0000000008000868                TP_bt1120_1080P_1080P_mode0_w0
 .text.TP_bt1120_720P_1080P_mode0_w0
                0x0000000008000880       0x20 build/main.o
                0x0000000008000880                TP_bt1120_720P_1080P_mode0_w0
 .text.TP_bt1120_NTSC_1080P_mode0_w0
                0x00000000080008a0       0x18 build/main.o
                0x00000000080008a0                TP_bt1120_NTSC_1080P_mode0_w0
 .text.TP_bt1120_PAL_1080P_mode0_w0
                0x00000000080008b8       0x18 build/main.o
                0x00000000080008b8                TP_bt1120_PAL_1080P_mode0_w0
 .text.SET_VS4210_720_480_out
                0x00000000080008d0      0x784 build/main.o
                0x00000000080008d0                SET_VS4210_720_480_out
 .text.SystemClock_Config
                0x0000000008001054       0x4c build/main.o
                0x0000000008001054                SystemClock_Config
 .text.HAL_TIM_PeriodElapsedCallback
                0x00000000080010a0       0x8c build/main.o
                0x00000000080010a0                HAL_TIM_PeriodElapsedCallback
 .text.HAL_UART_RxCpltCallback
                0x000000000800112c       0x90 build/main.o
                0x000000000800112c                HAL_UART_RxCpltCallback
 .text.HAL_GPIO_EXTI_Callback
                0x00000000080011bc        0x2 build/main.o
                0x00000000080011bc                HAL_GPIO_EXTI_Callback
 *fill*         0x00000000080011be        0x2 
 .text.HS_Select_Win
                0x00000000080011c0      0x12c build/main.o
                0x00000000080011c0                HS_Select_Win
 .text.main_loop
                0x00000000080012ec      0x1d0 build/main.o
                0x00000000080012ec                main_loop
 .text.main     0x00000000080014bc      0x204 build/main.o
                0x00000000080014bc                main
 .text.NMI_Handler
                0x00000000080016c0        0x2 build/stm32f1xx_it.o
                0x00000000080016c0                NMI_Handler
 .text.HardFault_Handler
                0x00000000080016c2        0x2 build/stm32f1xx_it.o
                0x00000000080016c2                HardFault_Handler
 .text.MemManage_Handler
                0x00000000080016c4        0x2 build/stm32f1xx_it.o
                0x00000000080016c4                MemManage_Handler
 .text.BusFault_Handler
                0x00000000080016c6        0x2 build/stm32f1xx_it.o
                0x00000000080016c6                BusFault_Handler
 .text.UsageFault_Handler
                0x00000000080016c8        0x2 build/stm32f1xx_it.o
                0x00000000080016c8                UsageFault_Handler
 .text.SVC_Handler
                0x00000000080016ca        0x2 build/stm32f1xx_it.o
                0x00000000080016ca                SVC_Handler
 .text.DebugMon_Handler
                0x00000000080016cc        0x2 build/stm32f1xx_it.o
                0x00000000080016cc                DebugMon_Handler
 .text.PendSV_Handler
                0x00000000080016ce        0x2 build/stm32f1xx_it.o
                0x00000000080016ce                PendSV_Handler
 .text.SysTick_Handler
                0x00000000080016d0        0x8 build/stm32f1xx_it.o
                0x00000000080016d0                SysTick_Handler
 .text.EXTI2_IRQHandler
                0x00000000080016d8        0xa build/stm32f1xx_it.o
                0x00000000080016d8                EXTI2_IRQHandler
 *fill*         0x00000000080016e2        0x2 
 .text.TIM3_IRQHandler
                0x00000000080016e4       0x10 build/stm32f1xx_it.o
                0x00000000080016e4                TIM3_IRQHandler
 .text.USART1_IRQHandler
                0x00000000080016f4       0x10 build/stm32f1xx_it.o
                0x00000000080016f4                USART1_IRQHandler
 .text.USART2_IRQHandler
                0x0000000008001704       0x10 build/stm32f1xx_it.o
                0x0000000008001704                USART2_IRQHandler
 .text.HAL_MspInit
                0x0000000008001714       0x44 build/stm32f1xx_hal_msp.o
                0x0000000008001714                HAL_MspInit
 .text.HAL_TIM_Base_MspInit
                0x0000000008001758       0x40 build/stm32f1xx_hal_msp.o
                0x0000000008001758                HAL_TIM_Base_MspInit
 .text.HAL_UART_MspInit
                0x0000000008001798       0xf8 build/stm32f1xx_hal_msp.o
                0x0000000008001798                HAL_UART_MspInit
 .text.TIM_OC1_SetConfig
                0x0000000008001890       0x5c build/stm32f1xx_hal_tim.o
 .text.TIM_OC3_SetConfig
                0x00000000080018ec       0x64 build/stm32f1xx_hal_tim.o
 .text.TIM_OC4_SetConfig
                0x0000000008001950       0x48 build/stm32f1xx_hal_tim.o
 .text.TIM_TI1_ConfigInputStage
                0x0000000008001998       0x24 build/stm32f1xx_hal_tim.o
 .text.TIM_TI2_ConfigInputStage
                0x00000000080019bc       0x26 build/stm32f1xx_hal_tim.o
 .text.TIM_ITRx_SetConfig
                0x00000000080019e2       0x10 build/stm32f1xx_hal_tim.o
 .text.HAL_TIM_Base_Start_IT
                0x00000000080019f2       0x22 build/stm32f1xx_hal_tim.o
                0x00000000080019f2                HAL_TIM_Base_Start_IT
 .text.HAL_TIM_OC_DelayElapsedCallback
                0x0000000008001a14        0x2 build/stm32f1xx_hal_tim.o
                0x0000000008001a14                HAL_TIM_OC_DelayElapsedCallback
 .text.HAL_TIM_IC_CaptureCallback
                0x0000000008001a16        0x2 build/stm32f1xx_hal_tim.o
                0x0000000008001a16                HAL_TIM_IC_CaptureCallback
 .text.HAL_TIM_PWM_PulseFinishedCallback
                0x0000000008001a18        0x2 build/stm32f1xx_hal_tim.o
                0x0000000008001a18                HAL_TIM_PWM_PulseFinishedCallback
 .text.HAL_TIM_TriggerCallback
                0x0000000008001a1a        0x2 build/stm32f1xx_hal_tim.o
                0x0000000008001a1a                HAL_TIM_TriggerCallback
 .text.HAL_TIM_IRQHandler
                0x0000000008001a1c      0x17a build/stm32f1xx_hal_tim.o
                0x0000000008001a1c                HAL_TIM_IRQHandler
 *fill*         0x0000000008001b96        0x2 
 .text.TIM_Base_SetConfig
                0x0000000008001b98       0x74 build/stm32f1xx_hal_tim.o
                0x0000000008001b98                TIM_Base_SetConfig
 .text.HAL_TIM_Base_Init
                0x0000000008001c0c       0x32 build/stm32f1xx_hal_tim.o
                0x0000000008001c0c                HAL_TIM_Base_Init
 *fill*         0x0000000008001c3e        0x2 
 .text.TIM_OC2_SetConfig
                0x0000000008001c40       0x64 build/stm32f1xx_hal_tim.o
                0x0000000008001c40                TIM_OC2_SetConfig
 .text.HAL_TIM_PWM_ConfigChannel
                0x0000000008001ca4       0xdc build/stm32f1xx_hal_tim.o
                0x0000000008001ca4                HAL_TIM_PWM_ConfigChannel
 .text.TIM_ETR_SetConfig
                0x0000000008001d80       0x16 build/stm32f1xx_hal_tim.o
                0x0000000008001d80                TIM_ETR_SetConfig
 .text.HAL_TIM_ConfigClockSource
                0x0000000008001d96       0xda build/stm32f1xx_hal_tim.o
                0x0000000008001d96                HAL_TIM_ConfigClockSource
 .text.TIM_CCxChannelCmd
                0x0000000008001e70       0x20 build/stm32f1xx_hal_tim.o
                0x0000000008001e70                TIM_CCxChannelCmd
 .text.HAL_TIM_PWM_Start
                0x0000000008001e90       0x3c build/stm32f1xx_hal_tim.o
                0x0000000008001e90                HAL_TIM_PWM_Start
 .text.HAL_TIMEx_MasterConfigSynchronization
                0x0000000008001ecc       0x46 build/stm32f1xx_hal_tim_ex.o
                0x0000000008001ecc                HAL_TIMEx_MasterConfigSynchronization
 .text.HAL_TIMEx_CommutCallback
                0x0000000008001f12        0x2 build/stm32f1xx_hal_tim_ex.o
                0x0000000008001f12                HAL_TIMEx_CommutCallback
 .text.HAL_TIMEx_BreakCallback
                0x0000000008001f14        0x2 build/stm32f1xx_hal_tim_ex.o
                0x0000000008001f14                HAL_TIMEx_BreakCallback
 .text.UART_EndRxTransfer
                0x0000000008001f16       0x1c build/stm32f1xx_hal_uart.o
 .text.UART_Transmit_IT
                0x0000000008001f32       0x68 build/stm32f1xx_hal_uart.o
 *fill*         0x0000000008001f9a        0x2 
 .text.UART_SetConfig
                0x0000000008001f9c       0xcc build/stm32f1xx_hal_uart.o
 .text.UART_WaitOnFlagUntilTimeout
                0x0000000008002068       0x62 build/stm32f1xx_hal_uart.o
 .text.HAL_UART_Init
                0x00000000080020ca       0x5e build/stm32f1xx_hal_uart.o
                0x00000000080020ca                HAL_UART_Init
 .text.HAL_UART_Transmit
                0x0000000008002128       0xe0 build/stm32f1xx_hal_uart.o
                0x0000000008002128                HAL_UART_Transmit
 .text.HAL_UART_Receive_IT
                0x0000000008002208       0x5c build/stm32f1xx_hal_uart.o
                0x0000000008002208                HAL_UART_Receive_IT
 .text.HAL_UART_TxCpltCallback
                0x0000000008002264        0x2 build/stm32f1xx_hal_uart.o
                0x0000000008002264                HAL_UART_TxCpltCallback
 .text.UART_EndTransmit_IT
                0x0000000008002266       0x1a build/stm32f1xx_hal_uart.o
 .text.UART_Receive_IT
                0x0000000008002280       0x9c build/stm32f1xx_hal_uart.o
 .text.HAL_UART_ErrorCallback
                0x000000000800231c        0x2 build/stm32f1xx_hal_uart.o
                0x000000000800231c                HAL_UART_ErrorCallback
 *fill*         0x000000000800231e        0x2 
 .text.HAL_UART_IRQHandler
                0x0000000008002320      0x120 build/stm32f1xx_hal_uart.o
                0x0000000008002320                HAL_UART_IRQHandler
 .text.UART_DMAAbortOnError
                0x0000000008002440       0x10 build/stm32f1xx_hal_uart.o
 .text.HAL_InitTick
                0x0000000008002450       0x4c build/stm32f1xx_hal.o
                0x0000000008002450                HAL_InitTick
 .text.HAL_Init
                0x000000000800249c       0x24 build/stm32f1xx_hal.o
                0x000000000800249c                HAL_Init
 .text.HAL_IncTick
                0x00000000080024c0       0x18 build/stm32f1xx_hal.o
                0x00000000080024c0                HAL_IncTick
 .text.HAL_GetTick
                0x00000000080024d8        0xc build/stm32f1xx_hal.o
                0x00000000080024d8                HAL_GetTick
 .text.HAL_Delay
                0x00000000080024e4       0x28 build/stm32f1xx_hal.o
                0x00000000080024e4                HAL_Delay
 .text.RCC_Delay
                0x000000000800250c       0x2c build/stm32f1xx_hal_rcc.o
 .text.HAL_RCC_OscConfig
                0x0000000008002538      0x410 build/stm32f1xx_hal_rcc.o
                0x0000000008002538                HAL_RCC_OscConfig
 .text.HAL_RCC_GetSysClockFreq
                0x0000000008002948       0x70 build/stm32f1xx_hal_rcc.o
                0x0000000008002948                HAL_RCC_GetSysClockFreq
 .text.HAL_RCC_ClockConfig
                0x00000000080029b8      0x168 build/stm32f1xx_hal_rcc.o
                0x00000000080029b8                HAL_RCC_ClockConfig
 .text.HAL_RCC_GetHCLKFreq
                0x0000000008002b20        0xc build/stm32f1xx_hal_rcc.o
                0x0000000008002b20                HAL_RCC_GetHCLKFreq
 .text.HAL_RCC_GetPCLK1Freq
                0x0000000008002b2c       0x20 build/stm32f1xx_hal_rcc.o
                0x0000000008002b2c                HAL_RCC_GetPCLK1Freq
 .text.HAL_RCC_GetPCLK2Freq
                0x0000000008002b4c       0x20 build/stm32f1xx_hal_rcc.o
                0x0000000008002b4c                HAL_RCC_GetPCLK2Freq
 .text.HAL_GPIO_Init
                0x0000000008002b6c      0x1d8 build/stm32f1xx_hal_gpio.o
                0x0000000008002b6c                HAL_GPIO_Init
 .text.HAL_GPIO_ReadPin
                0x0000000008002d44        0xe build/stm32f1xx_hal_gpio.o
                0x0000000008002d44                HAL_GPIO_ReadPin
 .text.HAL_GPIO_WritePin
                0x0000000008002d52        0xc build/stm32f1xx_hal_gpio.o
                0x0000000008002d52                HAL_GPIO_WritePin
 *fill*         0x0000000008002d5e        0x2 
 .text.HAL_GPIO_EXTI_IRQHandler
                0x0000000008002d60       0x1c build/stm32f1xx_hal_gpio.o
                0x0000000008002d60                HAL_GPIO_EXTI_IRQHandler
 .text.HAL_DMA_Abort_IT
                0x0000000008002d7c       0x98 build/stm32f1xx_hal_dma.o
                0x0000000008002d7c                HAL_DMA_Abort_IT
 .text.HAL_NVIC_SetPriorityGrouping
                0x0000000008002e14       0x24 build/stm32f1xx_hal_cortex.o
                0x0000000008002e14                HAL_NVIC_SetPriorityGrouping
 .text.HAL_NVIC_SetPriority
                0x0000000008002e38       0x68 build/stm32f1xx_hal_cortex.o
                0x0000000008002e38                HAL_NVIC_SetPriority
 .text.HAL_NVIC_EnableIRQ
                0x0000000008002ea0       0x1c build/stm32f1xx_hal_cortex.o
                0x0000000008002ea0                HAL_NVIC_EnableIRQ
 .text.HAL_SYSTICK_Config
                0x0000000008002ebc       0x2c build/stm32f1xx_hal_cortex.o
                0x0000000008002ebc                HAL_SYSTICK_Config
 .text.SystemInit
                0x0000000008002ee8       0x4c build/system_stm32f1xx.o
                0x0000000008002ee8                SystemInit
 .text.msleep   0x0000000008002f34       0x14 build/VX_swi2c.o
                0x0000000008002f34                msleep
 .text.delayTX1ms
                0x0000000008002f48        0x8 build/VX_swi2c.o
                0x0000000008002f48                delayTX1ms
 .text.VXISI2CRead
                0x0000000008002f50       0x14 build/VX_swi2c.o
                0x0000000008002f50                VXISI2CRead
 .text.VXISI2CWrite
                0x0000000008002f64       0x18 build/VX_swi2c.o
                0x0000000008002f64                VXISI2CWrite
 .text.VS8812Read
                0x0000000008002f7c       0x14 build/VX_swi2c.o
                0x0000000008002f7c                VS8812Read
 .text.VS8812Write
                0x0000000008002f90       0x18 build/VX_swi2c.o
                0x0000000008002f90                VS8812Write
 .text.ReadEEP  0x0000000008002fa8        0x8 build/VX_swi2c.o
                0x0000000008002fa8                ReadEEP
 .text.WriteEEP
                0x0000000008002fb0        0x8 build/VX_swi2c.o
                0x0000000008002fb0                WriteEEP
 .text.I2CMultiWrite
                0x0000000008002fb8        0xe build/VX_swi2c.o
                0x0000000008002fb8                I2CMultiWrite
 .text.I2CMultiAttribute
                0x0000000008002fc6       0x22 build/VX_swi2c.o
                0x0000000008002fc6                I2CMultiAttribute
 .text.delay    0x0000000008002fe8       0x18 build/VX_swi2c.o
                0x0000000008002fe8                delay
 .text.tp28xx_byte_read
                0x0000000008003000       0x14 build/VX_swi2c.o
                0x0000000008003000                tp28xx_byte_read
 .text.tp28xx_byte_write
                0x0000000008003014       0x14 build/VX_swi2c.o
                0x0000000008003014                tp28xx_byte_write
 .text.delay1ms
                0x0000000008003028        0x8 build/VX_swi2c.o
                0x0000000008003028                delay1ms
 .text.GET_ALC122
                0x0000000008003030        0xc build/VX_swi2c.o
                0x0000000008003030                GET_ALC122
 .text.SET_ALC122
                0x000000000800303c        0xe build/VX_swi2c.o
                0x000000000800303c                SET_ALC122
 .text.SetOsdStartAddress
                0x000000000800304a       0x2c build/VX_OSD.o
                0x000000000800304a                SetOsdStartAddress
 .text.SetOsdSize
                0x0000000008003076       0xec build/VX_OSD.o
                0x0000000008003076                SetOsdSize
 .text.SetOsdPosition
                0x0000000008003162       0x72 build/VX_OSD.o
                0x0000000008003162                SetOsdPosition
 .text.OsdDumpString
                0x00000000080031d4       0x30 build/VX_OSD.o
                0x00000000080031d4                OsdDumpString
 .text.OsdDumpAttribute
                0x0000000008003204       0x34 build/VX_OSD.o
                0x0000000008003204                OsdDumpAttribute
 .text.VXIS_fSetOsdOnOff
                0x0000000008003238       0x5a build/VX_OSD.o
                0x0000000008003238                VXIS_fSetOsdOnOff
 .text.VXIS_fSetOsdx2
                0x0000000008003292       0x20 build/VX_OSD.o
                0x0000000008003292                VXIS_fSetOsdx2
 .text.setTransParentIndex
                0x00000000080032b2       0x24 build/VX_OSD.o
                0x00000000080032b2                setTransParentIndex
 *fill*         0x00000000080032d6        0x2 
 .text.GetconvertBarStr
                0x00000000080032d8      0x124 build/VX_OSD_Simple.o
 .text.VX_Write_OSD_In_OutString
                0x00000000080033fc      0x590 build/VX_OSD_Simple.o
 .text.VXIS_fShowInOutMode
                0x000000000800398c       0xd0 build/VX_OSD_Simple.o
                0x000000000800398c                VXIS_fShowInOutMode
 .text.VXIS_fShowInOutMode0Fast
                0x0000000008003a5c       0x70 build/VX_OSD_Simple.o
                0x0000000008003a5c                VXIS_fShowInOutMode0Fast
 .text.OSD_Clear
                0x0000000008003acc       0xa8 build/VX_OSD_Simple.o
                0x0000000008003acc                OSD_Clear
 .text.OSD_Clear_4
                0x0000000008003b74        0xa build/VX_OSD_Simple.o
                0x0000000008003b74                OSD_Clear_4
 .text.OSD_Clear_34
                0x0000000008003b7e       0x16 build/VX_OSD_Simple.o
                0x0000000008003b7e                OSD_Clear_34
 .text.OSD_Clear_234
                0x0000000008003b94       0x16 build/VX_OSD_Simple.o
                0x0000000008003b94                OSD_Clear_234
 .text.OSD_Clear_All
                0x0000000008003baa       0x16 build/VX_OSD_Simple.o
                0x0000000008003baa                OSD_Clear_All
 .text.osd_cont_write
                0x0000000008003bc0       0x30 build/VX_OSD_Simple.o
                0x0000000008003bc0                osd_cont_write
 .text.VXOSD_UseFont_init
                0x0000000008003bf0       0x40 build/VX_OSD_Simple.o
                0x0000000008003bf0                VXOSD_UseFont_init
 .text.Set_Video_Loss_OSD
                0x0000000008003c30       0x8c build/VX_OSD_Simple.o
                0x0000000008003c30                Set_Video_Loss_OSD
 .text.tp2824_reset_default
                0x0000000008003cbc        0xc build/TP2802.o
 .text.tp28xx_SYSCLK_V1
                0x0000000008003cc8       0x2c build/TP2802.o
 .text.tp28xx_SYSCLK_V2
                0x0000000008003cf4       0x30 build/TP2802.o
 .text.tp2853C_reset_default
                0x0000000008003d24       0x34 build/TP2802.o
 .text.TP28xx_reset_default
                0x0000000008003d58       0x26 build/TP2802.o
 .text.I2CDeviceSet1
                0x0000000008003d7e       0x1c build/TP2802.o
                0x0000000008003d7e                I2CDeviceSet1
 .text.I2CDeviceSet2
                0x0000000008003d9a       0x20 build/TP2802.o
                0x0000000008003d9a                I2CDeviceSet2
 .text.SetRegPage
                0x0000000008003dba        0xc build/TP2802.o
                0x0000000008003dba                SetRegPage
 *fill*         0x0000000008003dc6        0x2 
 .text.Set_VidRes
                0x0000000008003dc8      0x2e8 build/TP2802.o
                0x0000000008003dc8                Set_VidRes
 .text.Set_HDA  0x00000000080040b0       0xb8 build/TP2802.o
                0x00000000080040b0                Set_HDA
 .text.Set_HDC  0x0000000008004168       0xb0 build/TP2802.o
                0x0000000008004168                Set_HDC
 .text.ManualAGC
                0x0000000008004218       0x68 build/TP2802.o
                0x0000000008004218                ManualAGC
 .text.ReadGain
                0x0000000008004280       0x12 build/TP2802.o
                0x0000000008004280                ReadGain
 .text.SetCGain
                0x0000000008004292       0xa0 build/TP2802.o
                0x0000000008004292                SetCGain
 .text.Set_PLL_StartUp
                0x0000000008004332       0x22 build/TP2802.o
                0x0000000008004332                Set_PLL_StartUp
 .text.Init_TP280x_RegSet
                0x0000000008004354      0x1f8 build/TP2802.o
                0x0000000008004354                Init_TP280x_RegSet
 .text.AHDBitsReverse
                0x000000000800454c       0x50 build/TP2802.o
                0x000000000800454c                AHDBitsReverse
 .text.TVICommandToAHData
                0x000000000800459c      0x1d4 build/TP2802.o
                0x000000000800459c                TVICommandToAHData
 .text.Get_2824cIrq
                0x0000000008004770      0x7ac build/TP2802.o
                0x0000000008004770                Get_2824cIrq
 .text.COC_test
                0x0000000008004f1c       0x34 build/TP2802.o
                0x0000000008004f1c                COC_test
 .text.Init_COC_PTZOUT1
                0x0000000008004f50      0x118 build/TP2802.o
                0x0000000008004f50                Init_COC_PTZOUT1
 .text.EQ_Detect
                0x0000000008005068      0x8c0 build/TP2802.o
                0x0000000008005068                EQ_Detect
 .text.RS_ready
                0x0000000008005928       0x1c build/monitor.o
                0x0000000008005928                RS_ready
 .text.RS2_ready
                0x0000000008005944       0x1c build/monitor.o
                0x0000000008005944                RS2_ready
 .text.RS_rx    0x0000000008005960       0x24 build/monitor.o
                0x0000000008005960                RS_rx
 .text.RS2_rx   0x0000000008005984       0x24 build/monitor.o
                0x0000000008005984                RS2_rx
 .text.RS_tx    0x00000000080059a8       0x20 build/monitor.o
                0x00000000080059a8                RS_tx
 .text.RS2_tx   0x00000000080059c8       0x20 build/monitor.o
                0x00000000080059c8                RS2_tx
 .text.Prompt   0x00000000080059e8       0x90 build/monitor.o
                0x00000000080059e8                Prompt
 .text.Mon_tx   0x0000000008005a78        0x8 build/monitor.o
                0x0000000008005a78                Mon_tx
 .text.Asc1Bin  0x0000000008005a80       0x34 build/monitor.o
                0x0000000008005a80                Asc1Bin
 .text.Asc2Bin  0x0000000008005ab4       0x1e build/monitor.o
                0x0000000008005ab4                Asc2Bin
 .text.hs_toupper
                0x0000000008005ad2       0x10 build/monitor.o
                0x0000000008005ad2                hs_toupper
 .text.stricmp  0x0000000008005ae2       0x24 build/monitor.o
                0x0000000008005ae2                stricmp
 *fill*         0x0000000008005b06        0x2 
 .text.MonIncDecI2C
                0x0000000008005b08      0x128 build/monitor.o
                0x0000000008005b08                MonIncDecI2C
 .text.MonHelp  0x0000000008005c30       0x80 build/monitor.o
                0x0000000008005c30                MonHelp
 .text.MonGetCommand
                0x0000000008005cb0      0x284 build/monitor.o
                0x0000000008005cb0                MonGetCommand
 .text.SET_AHD_SYNC_PARA
                0x0000000008005f34      0x158 build/monitor.o
                0x0000000008005f34                SET_AHD_SYNC_PARA
 .text.SET_HDMI_640_480P_PARA
                0x000000000800608c      0x784 build/monitor.o
                0x000000000800608c                SET_HDMI_640_480P_PARA
 .text.SET_HDMI_SYNC_PARA
                0x0000000008006810       0x10 build/monitor.o
                0x0000000008006810                SET_HDMI_SYNC_PARA
 .text.Monitor  0x0000000008006820      0xe00 build/monitor.o
                0x0000000008006820                Monitor
 .text.DoPrint  0x0000000008007620      0x24c build/Printf.o
                0x0000000008007620                DoPrint
 .text.Printf   0x000000000800786c       0x1c build/Printf.o
                0x000000000800786c                Printf
 .text.DEBUG_MESSAGE
                0x0000000008007888       0x1c build/Printf.o
                0x0000000008007888                DEBUG_MESSAGE
 .text.GraphicsPrint
                0x00000000080078a4       0x40 build/Printf.o
                0x00000000080078a4                GraphicsPrint
 .text.MCUTimerGetEventTime
                0x00000000080078e4       0x10 build/SysTimer.o
                0x00000000080078e4                MCUTimerGetEventTime
 .text.MCUTimerGetEventID
                0x00000000080078f4       0x10 build/SysTimer.o
                0x00000000080078f4                MCUTimerGetEventID
 .text.MCUTimerClrEventValid
                0x0000000008007904       0x14 build/SysTimer.o
                0x0000000008007904                MCUTimerClrEventValid
 .text.MCUTimerCheckEventValid
                0x0000000008007918       0x10 build/SysTimer.o
                0x0000000008007918                MCUTimerCheckEventValid
 .text.MCUTimerGetTimerCounter
                0x0000000008007928       0x1c build/SysTimer.o
                0x0000000008007928                MCUTimerGetTimerCounter
 .text.MCUTimerCheckTimerEvent
                0x0000000008007944       0x6c build/SysTimer.o
                0x0000000008007944                MCUTimerCheckTimerEvent
 .text.MCUTimerInitialTimerEvent
                0x00000000080079b0       0x20 build/SysTimer.o
                0x00000000080079b0                MCUTimerInitialTimerEvent
 .text.MCUTimerActiveTimerEvent
                0x00000000080079d0       0x74 build/SysTimer.o
                0x00000000080079d0                MCUTimerActiveTimerEvent
 .text.MCUTimerReactiveTimerEvent
                0x0000000008007a44       0x78 build/SysTimer.o
                0x0000000008007a44                MCUTimerReactiveTimerEvent
 .text.ShowWorkingTimer
                0x0000000008007abc       0x84 build/SysTimer.o
                0x0000000008007abc                ShowWorkingTimer
 .text.SysTimerEventProc
                0x0000000008007b40      0x1d4 build/SysTimer.o
                0x0000000008007b40                SysTimerEventProc
 .text.SysTimerHandler
                0x0000000008007d14       0x44 build/SysTimer.o
                0x0000000008007d14                SysTimerHandler
 .text.TOAReceivePaser
                0x0000000008007d58      0x6d4 build/TOA_Protocol.o
                0x0000000008007d58                TOAReceivePaser
 .text.GetFWRevEE
                0x000000000800842c       0x4c build/etc_eep.o
                0x000000000800842c                GetFWRevEE
 .text.SaveFWRevEE
                0x0000000008008478       0x38 build/etc_eep.o
                0x0000000008008478                SaveFWRevEE
 .text.ResetOSDValue
                0x00000000080084b0       0x10 build/etc_eep.o
                0x00000000080084b0                ResetOSDValue
 .text.ClearBasicEE
                0x00000000080084c0       0x24 build/etc_eep.o
                0x00000000080084c0                ClearBasicEE
 .text.Reset_Handler
                0x00000000080084e4       0x48 build/startup_stm32f103xb.o
                0x00000000080084e4                Reset_Handler
 .text.Default_Handler
                0x000000000800852c        0x2 build/startup_stm32f103xb.o
                0x000000000800852c                RTC_Alarm_IRQHandler
                0x000000000800852c                TIM1_CC_IRQHandler
                0x000000000800852c                PVD_IRQHandler
                0x000000000800852c                EXTI3_IRQHandler
                0x000000000800852c                EXTI0_IRQHandler
                0x000000000800852c                I2C2_EV_IRQHandler
                0x000000000800852c                ADC1_2_IRQHandler
                0x000000000800852c                SPI1_IRQHandler
                0x000000000800852c                TAMPER_IRQHandler
                0x000000000800852c                DMA1_Channel4_IRQHandler
                0x000000000800852c                USART3_IRQHandler
                0x000000000800852c                RTC_IRQHandler
                0x000000000800852c                DMA1_Channel7_IRQHandler
                0x000000000800852c                CAN1_RX1_IRQHandler
                0x000000000800852c                TIM4_IRQHandler
                0x000000000800852c                I2C1_EV_IRQHandler
                0x000000000800852c                DMA1_Channel6_IRQHandler
                0x000000000800852c                RCC_IRQHandler
                0x000000000800852c                TIM1_TRG_COM_IRQHandler
                0x000000000800852c                DMA1_Channel1_IRQHandler
                0x000000000800852c                Default_Handler
                0x000000000800852c                EXTI15_10_IRQHandler
                0x000000000800852c                EXTI9_5_IRQHandler
                0x000000000800852c                SPI2_IRQHandler
                0x000000000800852c                DMA1_Channel5_IRQHandler
                0x000000000800852c                EXTI4_IRQHandler
                0x000000000800852c                USB_LP_CAN1_RX0_IRQHandler
                0x000000000800852c                USB_HP_CAN1_TX_IRQHandler
                0x000000000800852c                DMA1_Channel3_IRQHandler
                0x000000000800852c                TIM1_UP_IRQHandler
                0x000000000800852c                WWDG_IRQHandler
                0x000000000800852c                TIM2_IRQHandler
                0x000000000800852c                TIM1_BRK_IRQHandler
                0x000000000800852c                EXTI1_IRQHandler
                0x000000000800852c                I2C2_ER_IRQHandler
                0x000000000800852c                DMA1_Channel2_IRQHandler
                0x000000000800852c                CAN1_SCE_IRQHandler
                0x000000000800852c                FLASH_IRQHandler
                0x000000000800852c                I2C1_ER_IRQHandler
                0x000000000800852c                USBWakeUp_IRQHandler
 *fill*         0x000000000800852e        0x2 
 .text.__errno  0x0000000008008530        0xc /home/ryan/xun/gcc-arm-none-eabi-7-2018-q2-update/bin/../lib/gcc/arm-none-eabi/7.3.1/../../../../arm-none-eabi/lib/thumb/v7-m/libc_nano.a(lib_a-errno.o)
                0x0000000008008530                __errno
 .text.__libc_init_array
                0x000000000800853c       0x48 /home/ryan/xun/gcc-arm-none-eabi-7-2018-q2-update/bin/../lib/gcc/arm-none-eabi/7.3.1/../../../../arm-none-eabi/lib/thumb/v7-m/libc_nano.a(lib_a-init.o)
                0x000000000800853c                __libc_init_array
 .text.memcpy   0x0000000008008584       0x16 /home/ryan/xun/gcc-arm-none-eabi-7-2018-q2-update/bin/../lib/gcc/arm-none-eabi/7.3.1/../../../../arm-none-eabi/lib/thumb/v7-m/libc_nano.a(lib_a-memcpy-stub.o)
                0x0000000008008584                memcpy
 .text.memset   0x000000000800859a       0x10 /home/ryan/xun/gcc-arm-none-eabi-7-2018-q2-update/bin/../lib/gcc/arm-none-eabi/7.3.1/../../../../arm-none-eabi/lib/thumb/v7-m/libc_nano.a(lib_a-memset.o)
                0x000000000800859a                memset
 *fill*         0x00000000080085aa        0x2 
 .text.printf   0x00000000080085ac       0x30 /home/ryan/xun/gcc-arm-none-eabi-7-2018-q2-update/bin/../lib/gcc/arm-none-eabi/7.3.1/../../../../arm-none-eabi/lib/thumb/v7-m/libc_nano.a(lib_a-printf.o)
                0x00000000080085ac                printf
                0x00000000080085ac                iprintf
 .text._puts_r  0x00000000080085dc       0xb8 /home/ryan/xun/gcc-arm-none-eabi-7-2018-q2-update/bin/../lib/gcc/arm-none-eabi/7.3.1/../../../../arm-none-eabi/lib/thumb/v7-m/libc_nano.a(lib_a-puts.o)
                0x00000000080085dc                _puts_r
 .text.puts     0x0000000008008694       0x10 /home/ryan/xun/gcc-arm-none-eabi-7-2018-q2-update/bin/../lib/gcc/arm-none-eabi/7.3.1/../../../../arm-none-eabi/lib/thumb/v7-m/libc_nano.a(lib_a-puts.o)
                0x0000000008008694                puts
 .text.__swbuf_r
                0x00000000080086a4       0xa4 /home/ryan/xun/gcc-arm-none-eabi-7-2018-q2-update/bin/../lib/gcc/arm-none-eabi/7.3.1/../../../../arm-none-eabi/lib/thumb/v7-m/libc_nano.a(lib_a-wbuf.o)
                0x00000000080086a4                __swbuf_r
 .text.__swsetup_r
                0x0000000008008748       0xdc /home/ryan/xun/gcc-arm-none-eabi-7-2018-q2-update/bin/../lib/gcc/arm-none-eabi/7.3.1/../../../../arm-none-eabi/lib/thumb/v7-m/libc_nano.a(lib_a-wsetup.o)
                0x0000000008008748                __swsetup_r
 .text.__sflush_r
                0x0000000008008824      0x10c /home/ryan/xun/gcc-arm-none-eabi-7-2018-q2-update/bin/../lib/gcc/arm-none-eabi/7.3.1/../../../../arm-none-eabi/lib/thumb/v7-m/libc_nano.a(lib_a-fflush.o)
                0x0000000008008824                __sflush_r
 .text._fflush_r
                0x0000000008008930       0x54 /home/ryan/xun/gcc-arm-none-eabi-7-2018-q2-update/bin/../lib/gcc/arm-none-eabi/7.3.1/../../../../arm-none-eabi/lib/thumb/v7-m/libc_nano.a(lib_a-fflush.o)
                0x0000000008008930                _fflush_r
 .text.std      0x0000000008008984       0x48 /home/ryan/xun/gcc-arm-none-eabi-7-2018-q2-update/bin/../lib/gcc/arm-none-eabi/7.3.1/../../../../arm-none-eabi/lib/thumb/v7-m/libc_nano.a(lib_a-findfp.o)
 .text._cleanup_r
                0x00000000080089cc        0xc /home/ryan/xun/gcc-arm-none-eabi-7-2018-q2-update/bin/../lib/gcc/arm-none-eabi/7.3.1/../../../../arm-none-eabi/lib/thumb/v7-m/libc_nano.a(lib_a-findfp.o)
                0x00000000080089cc                _cleanup_r
 .text.__sfmoreglue
                0x00000000080089d8       0x2c /home/ryan/xun/gcc-arm-none-eabi-7-2018-q2-update/bin/../lib/gcc/arm-none-eabi/7.3.1/../../../../arm-none-eabi/lib/thumb/v7-m/libc_nano.a(lib_a-findfp.o)
                0x00000000080089d8                __sfmoreglue
 .text.__sinit  0x0000000008008a04       0x60 /home/ryan/xun/gcc-arm-none-eabi-7-2018-q2-update/bin/../lib/gcc/arm-none-eabi/7.3.1/../../../../arm-none-eabi/lib/thumb/v7-m/libc_nano.a(lib_a-findfp.o)
                0x0000000008008a04                __sinit
 .text.__sfp    0x0000000008008a64       0x78 /home/ryan/xun/gcc-arm-none-eabi-7-2018-q2-update/bin/../lib/gcc/arm-none-eabi/7.3.1/../../../../arm-none-eabi/lib/thumb/v7-m/libc_nano.a(lib_a-findfp.o)
                0x0000000008008a64                __sfp
 .text._fwalk_reent
                0x0000000008008adc       0x3c /home/ryan/xun/gcc-arm-none-eabi-7-2018-q2-update/bin/../lib/gcc/arm-none-eabi/7.3.1/../../../../arm-none-eabi/lib/thumb/v7-m/libc_nano.a(lib_a-fwalk.o)
                0x0000000008008adc                _fwalk_reent
 .text.__swhatbuf_r
                0x0000000008008b18       0x48 /home/ryan/xun/gcc-arm-none-eabi-7-2018-q2-update/bin/../lib/gcc/arm-none-eabi/7.3.1/../../../../arm-none-eabi/lib/thumb/v7-m/libc_nano.a(lib_a-makebuf.o)
                0x0000000008008b18                __swhatbuf_r
 .text.__smakebuf_r
                0x0000000008008b60       0x80 /home/ryan/xun/gcc-arm-none-eabi-7-2018-q2-update/bin/../lib/gcc/arm-none-eabi/7.3.1/../../../../arm-none-eabi/lib/thumb/v7-m/libc_nano.a(lib_a-makebuf.o)
                0x0000000008008b60                __smakebuf_r
 .text._free_r  0x0000000008008be0       0x98 /home/ryan/xun/gcc-arm-none-eabi-7-2018-q2-update/bin/../lib/gcc/arm-none-eabi/7.3.1/../../../../arm-none-eabi/lib/thumb/v7-m/libc_nano.a(lib_a-nano-freer.o)
                0x0000000008008be0                _free_r
 .text._malloc_r
                0x0000000008008c78       0xb4 /home/ryan/xun/gcc-arm-none-eabi-7-2018-q2-update/bin/../lib/gcc/arm-none-eabi/7.3.1/../../../../arm-none-eabi/lib/thumb/v7-m/libc_nano.a(lib_a-nano-mallocr.o)
                0x0000000008008c78                _malloc_r
 .text.__sfputc_r
                0x0000000008008d2c       0x2a /home/ryan/xun/gcc-arm-none-eabi-7-2018-q2-update/bin/../lib/gcc/arm-none-eabi/7.3.1/../../../../arm-none-eabi/lib/thumb/v7-m/libc_nano.a(lib_a-nano-vfprintf.o)
 .text.__sfputs_r
                0x0000000008008d56       0x24 /home/ryan/xun/gcc-arm-none-eabi-7-2018-q2-update/bin/../lib/gcc/arm-none-eabi/7.3.1/../../../../arm-none-eabi/lib/thumb/v7-m/libc_nano.a(lib_a-nano-vfprintf.o)
                0x0000000008008d56                __sfputs_r
 *fill*         0x0000000008008d7a        0x2 
 .text._vfprintf_r
                0x0000000008008d7c      0x22c /home/ryan/xun/gcc-arm-none-eabi-7-2018-q2-update/bin/../lib/gcc/arm-none-eabi/7.3.1/../../../../arm-none-eabi/lib/thumb/v7-m/libc_nano.a(lib_a-nano-vfprintf.o)
                0x0000000008008d7c                _vfiprintf_r
                0x0000000008008d7c                _vfprintf_r
 .text._printf_common
                0x0000000008008fa8       0xec /home/ryan/xun/gcc-arm-none-eabi-7-2018-q2-update/bin/../lib/gcc/arm-none-eabi/7.3.1/../../../../arm-none-eabi/lib/thumb/v7-m/libc_nano.a(lib_a-nano-vfprintf_i.o)
                0x0000000008008fa8                _printf_common
 .text._printf_i
                0x0000000008009094      0x224 /home/ryan/xun/gcc-arm-none-eabi-7-2018-q2-update/bin/../lib/gcc/arm-none-eabi/7.3.1/../../../../arm-none-eabi/lib/thumb/v7-m/libc_nano.a(lib_a-nano-vfprintf_i.o)
                0x0000000008009094                _printf_i
 .text._sbrk_r  0x00000000080092b8       0x20 /home/ryan/xun/gcc-arm-none-eabi-7-2018-q2-update/bin/../lib/gcc/arm-none-eabi/7.3.1/../../../../arm-none-eabi/lib/thumb/v7-m/libc_nano.a(lib_a-sbrkr.o)
                0x00000000080092b8                _sbrk_r
 .text.__sread  0x00000000080092d8       0x22 /home/ryan/xun/gcc-arm-none-eabi-7-2018-q2-update/bin/../lib/gcc/arm-none-eabi/7.3.1/../../../../arm-none-eabi/lib/thumb/v7-m/libc_nano.a(lib_a-stdio.o)
                0x00000000080092d8                __sread
 .text.__swrite
                0x00000000080092fa       0x38 /home/ryan/xun/gcc-arm-none-eabi-7-2018-q2-update/bin/../lib/gcc/arm-none-eabi/7.3.1/../../../../arm-none-eabi/lib/thumb/v7-m/libc_nano.a(lib_a-stdio.o)
                0x00000000080092fa                __swrite
 .text.__sseek  0x0000000008009332       0x24 /home/ryan/xun/gcc-arm-none-eabi-7-2018-q2-update/bin/../lib/gcc/arm-none-eabi/7.3.1/../../../../arm-none-eabi/lib/thumb/v7-m/libc_nano.a(lib_a-stdio.o)
                0x0000000008009332                __sseek
 .text.__sclose
                0x0000000008009356        0x8 /home/ryan/xun/gcc-arm-none-eabi-7-2018-q2-update/bin/../lib/gcc/arm-none-eabi/7.3.1/../../../../arm-none-eabi/lib/thumb/v7-m/libc_nano.a(lib_a-stdio.o)
                0x0000000008009356                __sclose
 *fill*         0x000000000800935e        0x2 
 .text._write_r
                0x0000000008009360       0x24 /home/ryan/xun/gcc-arm-none-eabi-7-2018-q2-update/bin/../lib/gcc/arm-none-eabi/7.3.1/../../../../arm-none-eabi/lib/thumb/v7-m/libc_nano.a(lib_a-writer.o)
                0x0000000008009360                _write_r
 .text._close_r
                0x0000000008009384       0x20 /home/ryan/xun/gcc-arm-none-eabi-7-2018-q2-update/bin/../lib/gcc/arm-none-eabi/7.3.1/../../../../arm-none-eabi/lib/thumb/v7-m/libc_nano.a(lib_a-closer.o)
                0x0000000008009384                _close_r
 .text._fstat_r
                0x00000000080093a4       0x24 /home/ryan/xun/gcc-arm-none-eabi-7-2018-q2-update/bin/../lib/gcc/arm-none-eabi/7.3.1/../../../../arm-none-eabi/lib/thumb/v7-m/libc_nano.a(lib_a-fstatr.o)
                0x00000000080093a4                _fstat_r
 .text._isatty_r
                0x00000000080093c8       0x20 /home/ryan/xun/gcc-arm-none-eabi-7-2018-q2-update/bin/../lib/gcc/arm-none-eabi/7.3.1/../../../../arm-none-eabi/lib/thumb/v7-m/libc_nano.a(lib_a-isattyr.o)
                0x00000000080093c8                _isatty_r
 .text._lseek_r
                0x00000000080093e8       0x24 /home/ryan/xun/gcc-arm-none-eabi-7-2018-q2-update/bin/../lib/gcc/arm-none-eabi/7.3.1/../../../../arm-none-eabi/lib/thumb/v7-m/libc_nano.a(lib_a-lseekr.o)
                0x00000000080093e8                _lseek_r
 .text.memchr   0x000000000800940c       0x1c /home/ryan/xun/gcc-arm-none-eabi-7-2018-q2-update/bin/../lib/gcc/arm-none-eabi/7.3.1/../../../../arm-none-eabi/lib/thumb/v7-m/libc_nano.a(lib_a-memchr-stub.o)
                0x000000000800940c                memchr
 .text.__malloc_lock
                0x0000000008009428        0x2 /home/ryan/xun/gcc-arm-none-eabi-7-2018-q2-update/bin/../lib/gcc/arm-none-eabi/7.3.1/../../../../arm-none-eabi/lib/thumb/v7-m/libc_nano.a(lib_a-mlock.o)
                0x0000000008009428                __malloc_lock
 .text.__malloc_unlock
                0x000000000800942a        0x2 /home/ryan/xun/gcc-arm-none-eabi-7-2018-q2-update/bin/../lib/gcc/arm-none-eabi/7.3.1/../../../../arm-none-eabi/lib/thumb/v7-m/libc_nano.a(lib_a-mlock.o)
                0x000000000800942a                __malloc_unlock
 .text._read_r  0x000000000800942c       0x24 /home/ryan/xun/gcc-arm-none-eabi-7-2018-q2-update/bin/../lib/gcc/arm-none-eabi/7.3.1/../../../../arm-none-eabi/lib/thumb/v7-m/libc_nano.a(lib_a-readr.o)
                0x000000000800942c                _read_r
 .text._close   0x0000000008009450       0x10 /home/ryan/xun/gcc-arm-none-eabi-7-2018-q2-update/bin/../lib/gcc/arm-none-eabi/7.3.1/../../../../arm-none-eabi/lib/thumb/v7-m/libnosys.a(close.o)
                0x0000000008009450                _close
 .text._fstat   0x0000000008009460       0x10 /home/ryan/xun/gcc-arm-none-eabi-7-2018-q2-update/bin/../lib/gcc/arm-none-eabi/7.3.1/../../../../arm-none-eabi/lib/thumb/v7-m/libnosys.a(fstat.o)
                0x0000000008009460                _fstat
 .text._isatty  0x0000000008009470       0x10 /home/ryan/xun/gcc-arm-none-eabi-7-2018-q2-update/bin/../lib/gcc/arm-none-eabi/7.3.1/../../../../arm-none-eabi/lib/thumb/v7-m/libnosys.a(isatty.o)
                0x0000000008009470                _isatty
 .text._lseek   0x0000000008009480       0x10 /home/ryan/xun/gcc-arm-none-eabi-7-2018-q2-update/bin/../lib/gcc/arm-none-eabi/7.3.1/../../../../arm-none-eabi/lib/thumb/v7-m/libnosys.a(lseek.o)
                0x0000000008009480                _lseek
 .text._read    0x0000000008009490       0x10 /home/ryan/xun/gcc-arm-none-eabi-7-2018-q2-update/bin/../lib/gcc/arm-none-eabi/7.3.1/../../../../arm-none-eabi/lib/thumb/v7-m/libnosys.a(read.o)
                0x0000000008009490                _read
 .text._sbrk    0x00000000080094a0       0x1c /home/ryan/xun/gcc-arm-none-eabi-7-2018-q2-update/bin/../lib/gcc/arm-none-eabi/7.3.1/../../../../arm-none-eabi/lib/thumb/v7-m/libnosys.a(sbrk.o)
                0x00000000080094a0                _sbrk
 .text.ParseCEAEDID
                0x00000000080094bc      0x268 ./Lib/libite66121dvi.a(hdmitx_sys.o)
 .text.ConfigAVIInfoFrame
                0x0000000008009724       0x94 ./Lib/libite66121dvi.a(hdmitx_sys.o)
                0x0000000008009724                ConfigAVIInfoFrame
 .text.ConfigAudioInfoFrm
                0x00000000080097b8       0x38 ./Lib/libite66121dvi.a(hdmitx_sys.o)
                0x00000000080097b8                ConfigAudioInfoFrm
 .text.HDMITX_SetAudioOutput
                0x00000000080097f0       0x6c ./Lib/libite66121dvi.a(hdmitx_sys.o)
                0x00000000080097f0                HDMITX_SetAudioOutput
 .text.HDMITX_SetOutput
                0x000000000800985c       0xb0 ./Lib/libite66121dvi.a(hdmitx_sys.o)
                0x000000000800985c                HDMITX_SetOutput
 .text.ParseEDID
                0x000000000800990c       0xf8 ./Lib/libite66121dvi.a(hdmitx_sys.o)
                0x000000000800990c                ParseEDID
 .text.HDMITX_DevLoopProc
                0x0000000008009a04      0x1b4 ./Lib/libite66121dvi.a(hdmitx_sys.o)
                0x0000000008009a04                HDMITX_DevLoopProc
 .text.HDMI_Tx_SetAudioFs
                0x0000000008009bb8       0x98 ./Lib/libite66121dvi.a(hdmitx_sys.o)
                0x0000000008009bb8                HDMI_Tx_SetAudioFs
 .text.getHDMITX_LinkStatus
                0x0000000008009c50       0x22 ./Lib/libite66121dvi.a(hdmitx_drv.o)
                0x0000000008009c50                getHDMITX_LinkStatus
 .text.setHDMITX_AVMute
                0x0000000008009c72       0x3e ./Lib/libite66121dvi.a(hdmitx_drv.o)
                0x0000000008009c72                setHDMITX_AVMute
 .text.hdmitx_LoadRegSetting
                0x0000000008009cb0       0x48 ./Lib/libite66121dvi.a(hdmitx_drv.o)
                0x0000000008009cb0                hdmitx_LoadRegSetting
 .text.HDMITX_PowerOn
                0x0000000008009cf8       0x10 ./Lib/libite66121dvi.a(hdmitx_drv.o)
                0x0000000008009cf8                HDMITX_PowerOn
 .text.HDMITX_PowerDown
                0x0000000008009d08       0x10 ./Lib/libite66121dvi.a(hdmitx_drv.o)
                0x0000000008009d08                HDMITX_PowerDown
 .text.hdmitx_ClearDDCFIFO
                0x0000000008009d18       0x14 ./Lib/libite66121dvi.a(hdmitx_drv.o)
                0x0000000008009d18                hdmitx_ClearDDCFIFO
 .text.hdmitx_AbortDDC
                0x0000000008009d2c       0x54 ./Lib/libite66121dvi.a(hdmitx_drv.o)
                0x0000000008009d2c                hdmitx_AbortDDC
 .text.CheckHDMITX
                0x0000000008009d80      0x160 ./Lib/libite66121dvi.a(hdmitx_drv.o)
                0x0000000008009d80                CheckHDMITX
 .text.getHDMITX_EDIDBytes
                0x0000000008009ee0      0x11e ./Lib/libite66121dvi.a(hdmitx_drv.o)
                0x0000000008009ee0                getHDMITX_EDIDBytes
 .text.getHDMITX_EDIDBlock
                0x0000000008009ffe       0x34 ./Lib/libite66121dvi.a(hdmitx_drv.o)
                0x0000000008009ffe                getHDMITX_EDIDBlock
 .text.HDMITX_DisableVideoOutput
                0x000000000800a032       0x32 ./Lib/libite66121dvi.a(hdmitx_drv.o)
                0x000000000800a032                HDMITX_DisableVideoOutput
 .text.setHDMITX_VideoSignalType
                0x000000000800a064       0x1c ./Lib/libite66121dvi.a(hdmitx_drv.o)
                0x000000000800a064                setHDMITX_VideoSignalType
 .text.hdmitx_SetInputMode
                0x000000000800a080       0x56 ./Lib/libite66121dvi.a(hdmitx_drv.o)
                0x000000000800a080                hdmitx_SetInputMode
 *fill*         0x000000000800a0d6        0x2 
 .text.hdmitx_SetCSCScale
                0x000000000800a0d8      0x124 ./Lib/libite66121dvi.a(hdmitx_drv.o)
                0x000000000800a0d8                hdmitx_SetCSCScale
 .text.hdmitx_SetupAFE
                0x000000000800a1fc       0x68 ./Lib/libite66121dvi.a(hdmitx_drv.o)
                0x000000000800a1fc                hdmitx_SetupAFE
 .text.hdmitx_FireAFE
                0x000000000800a264       0x16 ./Lib/libite66121dvi.a(hdmitx_drv.o)
                0x000000000800a264                hdmitx_FireAFE
 .text.setHDMITX_ChStat
                0x000000000800a27a       0x56 ./Lib/libite66121dvi.a(hdmitx_drv.o)
                0x000000000800a27a                setHDMITX_ChStat
 .text.setHDMITX_LPCMAudio
                0x000000000800a2d0       0xf4 ./Lib/libite66121dvi.a(hdmitx_drv.o)
                0x000000000800a2d0                setHDMITX_LPCMAudio
 .text.setHDMITX_NLPCMAudio
                0x000000000800a3c4       0x6c ./Lib/libite66121dvi.a(hdmitx_drv.o)
                0x000000000800a3c4                setHDMITX_NLPCMAudio
 .text.setHDMITX_HBRAudio
                0x000000000800a430       0xb4 ./Lib/libite66121dvi.a(hdmitx_drv.o)
                0x000000000800a430                setHDMITX_HBRAudio
 .text.setHDMITX_DSDAudio
                0x000000000800a4e4       0x3c ./Lib/libite66121dvi.a(hdmitx_drv.o)
                0x000000000800a4e4                setHDMITX_DSDAudio
 .text.HDMITX_DisableAudioOutput
                0x000000000800a520       0x2c ./Lib/libite66121dvi.a(hdmitx_drv.o)
                0x000000000800a520                HDMITX_DisableAudioOutput
 .text.setHDMITX_NCTS
                0x000000000800a54c      0x1a0 ./Lib/libite66121dvi.a(hdmitx_drv.o)
                0x000000000800a54c                setHDMITX_NCTS
 .text.HDMITX_EnableAudioOutput
                0x000000000800a6ec      0x238 ./Lib/libite66121dvi.a(hdmitx_drv.o)
                0x000000000800a6ec                HDMITX_EnableAudioOutput
 .text.setHDMITX_AudioChannelEnable
                0x000000000800a924       0xb0 ./Lib/libite66121dvi.a(hdmitx_drv.o)
                0x000000000800a924                setHDMITX_AudioChannelEnable
 .text.HDMITX_EnableVideoOutput
                0x000000000800a9d4       0xa8 ./Lib/libite66121dvi.a(hdmitx_drv.o)
                0x000000000800a9d4                HDMITX_EnableVideoOutput
 .text.hdmitx_SetAVIInfoFrame
                0x000000000800aa7c       0xb0 ./Lib/libite66121dvi.a(hdmitx_drv.o)
                0x000000000800aa7c                hdmitx_SetAVIInfoFrame
 .text.HDMITX_EnableAVIInfoFrame
                0x000000000800ab2c       0x24 ./Lib/libite66121dvi.a(hdmitx_drv.o)
                0x000000000800ab2c                HDMITX_EnableAVIInfoFrame
 .text.hdmitx_SetAudioInfoFrame
                0x000000000800ab50       0x7a ./Lib/libite66121dvi.a(hdmitx_drv.o)
                0x000000000800ab50                hdmitx_SetAudioInfoFrame
 .text.HDMITX_EnableAudioInfoFrame
                0x000000000800abca       0x24 ./Lib/libite66121dvi.a(hdmitx_drv.o)
                0x000000000800abca                HDMITX_EnableAudioInfoFrame
 .text.hdmitx_SetVSIInfoFrame
                0x000000000800abee       0x6a ./Lib/libite66121dvi.a(hdmitx_drv.o)
                0x000000000800abee                hdmitx_SetVSIInfoFrame
 .text.HDMITX_EnableVSInfoFrame
                0x000000000800ac58       0x24 ./Lib/libite66121dvi.a(hdmitx_drv.o)
                0x000000000800ac58                HDMITX_EnableVSInfoFrame
 .text.TWI_SCL_0
                0x000000000800ac7c       0x18 ./Lib/libsw_i2c0.a(sw_i2c0.o)
 .text.TWI_SCL_1
                0x000000000800ac94       0x18 ./Lib/libsw_i2c0.a(sw_i2c0.o)
 .text.TWI_SDA_0
                0x000000000800acac       0x18 ./Lib/libsw_i2c0.a(sw_i2c0.o)
 .text.TWI_SDA_1
                0x000000000800acc4       0x18 ./Lib/libsw_i2c0.a(sw_i2c0.o)
 .text.TWI_SDA_STATE
                0x000000000800acdc       0x24 ./Lib/libsw_i2c0.a(sw_i2c0.o)
 .text.TWI_NOP  0x000000000800ad00       0x22 ./Lib/libsw_i2c0.a(sw_i2c0.o)
 *fill*         0x000000000800ad22        0x2 
 .text.TWI_Initialize
                0x000000000800ad24       0x4c ./Lib/libsw_i2c0.a(sw_i2c0.o)
 .text.TWI_START
                0x000000000800ad70       0x46 ./Lib/libsw_i2c0.a(sw_i2c0.o)
 .text.TWI_STOP
                0x000000000800adb6       0x20 ./Lib/libsw_i2c0.a(sw_i2c0.o)
 .text.TWI_SendNACK
                0x000000000800add6       0x20 ./Lib/libsw_i2c0.a(sw_i2c0.o)
 .text.TWI_SendByte
                0x000000000800adf6       0x80 ./Lib/libsw_i2c0.a(sw_i2c0.o)
 .text.TWI_ReceiveByte
                0x000000000800ae76       0x56 ./Lib/libsw_i2c0.a(sw_i2c0.o)
 .text.SW_I2C0_Init
                0x000000000800aecc        0xc ./Lib/libsw_i2c0.a(sw_i2c0.o)
                0x000000000800aecc                SW_I2C0_Init
 .text.SW_I2C0Write
                0x000000000800aed8       0x3a ./Lib/libsw_i2c0.a(sw_i2c0.o)
                0x000000000800aed8                SW_I2C0Write
 .text.SW_I2C0WriteNByte
                0x000000000800af12       0x5c ./Lib/libsw_i2c0.a(sw_i2c0.o)
                0x000000000800af12                SW_I2C0WriteNByte
 .text.SW_I2C0Read
                0x000000000800af6e       0x5c ./Lib/libsw_i2c0.a(sw_i2c0.o)
                0x000000000800af6e                SW_I2C0Read
 *fill*         0x000000000800afca        0x2 
 .text.HDMIRX_ReadI2C_Byte
                0x000000000800afcc       0x78 ./Lib/libsw_i2c0.a(sw_i2c0.o)
                0x000000000800afcc                HDMIRX_ReadI2C_Byte
 .text.HDMIRX_WriteI2C_Byte
                0x000000000800b044       0x74 ./Lib/libsw_i2c0.a(sw_i2c0.o)
                0x000000000800b044                HDMIRX_WriteI2C_Byte
 .text.HDMIRX_WriteI2C_ByteN
                0x000000000800b0b8       0x7c ./Lib/libsw_i2c0.a(sw_i2c0.o)
                0x000000000800b0b8                HDMIRX_WriteI2C_ByteN
 .text.HDMITX_ReadI2C_Byte
                0x000000000800b134       0x1e ./Lib/libsw_i2c0.a(sw_i2c0.o)
                0x000000000800b134                HDMITX_ReadI2C_Byte
 .text.HDMITX_WriteI2C_Byte
                0x000000000800b152       0x26 ./Lib/libsw_i2c0.a(sw_i2c0.o)
                0x000000000800b152                HDMITX_WriteI2C_Byte
 .text.HDMITX_SetI2C_Byte
                0x000000000800b178       0x60 ./Lib/libsw_i2c0.a(sw_i2c0.o)
                0x000000000800b178                HDMITX_SetI2C_Byte
 .text.TWI_SCL_0
                0x000000000800b1d8       0x18 ./Lib/libsw_i2c1.a(sw_i2c1.o)
 .text.TWI_SCL_1
                0x000000000800b1f0       0x18 ./Lib/libsw_i2c1.a(sw_i2c1.o)
 .text.TWI_SDA_0
                0x000000000800b208       0x18 ./Lib/libsw_i2c1.a(sw_i2c1.o)
 .text.TWI_SDA_1
                0x000000000800b220       0x18 ./Lib/libsw_i2c1.a(sw_i2c1.o)
 .text.TWI_SDA_STATE
                0x000000000800b238       0x24 ./Lib/libsw_i2c1.a(sw_i2c1.o)
 .text.TWI_NOP  0x000000000800b25c       0x22 ./Lib/libsw_i2c1.a(sw_i2c1.o)
 *fill*         0x000000000800b27e        0x2 
 .text.TWI_Initialize
                0x000000000800b280       0x48 ./Lib/libsw_i2c1.a(sw_i2c1.o)
 .text.TWI_START
                0x000000000800b2c8       0x46 ./Lib/libsw_i2c1.a(sw_i2c1.o)
 .text.TWI_STOP
                0x000000000800b30e       0x20 ./Lib/libsw_i2c1.a(sw_i2c1.o)
 .text.TWI_SendNACK
                0x000000000800b32e       0x20 ./Lib/libsw_i2c1.a(sw_i2c1.o)
 .text.TWI_SendByte
                0x000000000800b34e       0x80 ./Lib/libsw_i2c1.a(sw_i2c1.o)
 .text.TWI_ReceiveByte
                0x000000000800b3ce       0x56 ./Lib/libsw_i2c1.a(sw_i2c1.o)
 .text.SW_I2C1_Init
                0x000000000800b424        0xc ./Lib/libsw_i2c1.a(sw_i2c1.o)
                0x000000000800b424                SW_I2C1_Init
 .text.SW_I2C1Write
                0x000000000800b430       0x3a ./Lib/libsw_i2c1.a(sw_i2c1.o)
                0x000000000800b430                SW_I2C1Write
 .text.SW_I2C1WriteNByte
                0x000000000800b46a       0x5c ./Lib/libsw_i2c1.a(sw_i2c1.o)
                0x000000000800b46a                SW_I2C1WriteNByte
 .text.SW_I2C1Read
                0x000000000800b4c6       0x5c ./Lib/libsw_i2c1.a(sw_i2c1.o)
                0x000000000800b4c6                SW_I2C1Read
 *fill*         0x000000000800b522        0x2 
 .text.TWI_SCL_0
                0x000000000800b524       0x18 ./Lib/libsw_i2c2.a(sw_i2c2.o)
 .text.TWI_SCL_1
                0x000000000800b53c       0x18 ./Lib/libsw_i2c2.a(sw_i2c2.o)
 .text.TWI_SDA_0
                0x000000000800b554       0x18 ./Lib/libsw_i2c2.a(sw_i2c2.o)
 .text.TWI_SDA_1
                0x000000000800b56c       0x18 ./Lib/libsw_i2c2.a(sw_i2c2.o)
 .text.TWI_SDA_STATE
                0x000000000800b584       0x24 ./Lib/libsw_i2c2.a(sw_i2c2.o)
 .text.TWI_NOP  0x000000000800b5a8       0x22 ./Lib/libsw_i2c2.a(sw_i2c2.o)
 *fill*         0x000000000800b5ca        0x2 
 .text.TWI_Initialize
                0x000000000800b5cc       0x4c ./Lib/libsw_i2c2.a(sw_i2c2.o)
 .text.TWI_START
                0x000000000800b618       0x46 ./Lib/libsw_i2c2.a(sw_i2c2.o)
 .text.TWI_STOP
                0x000000000800b65e       0x20 ./Lib/libsw_i2c2.a(sw_i2c2.o)
 .text.TWI_SendNACK
                0x000000000800b67e       0x20 ./Lib/libsw_i2c2.a(sw_i2c2.o)
 .text.TWI_SendByte
                0x000000000800b69e       0x80 ./Lib/libsw_i2c2.a(sw_i2c2.o)
 .text.TWI_ReceiveByte
                0x000000000800b71e       0x56 ./Lib/libsw_i2c2.a(sw_i2c2.o)
 .text.SW_I2C2_Init
                0x000000000800b774        0xc ./Lib/libsw_i2c2.a(sw_i2c2.o)
                0x000000000800b774                SW_I2C2_Init
 .text.SW_I2C2Write
                0x000000000800b780       0x3a ./Lib/libsw_i2c2.a(sw_i2c2.o)
                0x000000000800b780                SW_I2C2Write
 .text.SW_I2C2WriteNByte
                0x000000000800b7ba       0x5c ./Lib/libsw_i2c2.a(sw_i2c2.o)
                0x000000000800b7ba                SW_I2C2WriteNByte
 .text.SW_I2C2Read
                0x000000000800b816       0x5c ./Lib/libsw_i2c2.a(sw_i2c2.o)
                0x000000000800b816                SW_I2C2Read
 .text.I2Cdelay
                0x000000000800b872       0x22 ./Lib/libsw_i2c2.a(sw_i2c2.o)
                0x000000000800b872                I2Cdelay
 .text.I2CStart
                0x000000000800b894       0x20 ./Lib/libsw_i2c2.a(sw_i2c2.o)
                0x000000000800b894                I2CStart
 .text.I2CReStart
                0x000000000800b8b4       0x20 ./Lib/libsw_i2c2.a(sw_i2c2.o)
                0x000000000800b8b4                I2CReStart
 .text.I2CStop  0x000000000800b8d4       0x28 ./Lib/libsw_i2c2.a(sw_i2c2.o)
                0x000000000800b8d4                I2CStop
 .text.I2CWriteData3
                0x000000000800b8fc       0x70 ./Lib/libsw_i2c2.a(sw_i2c2.o)
                0x000000000800b8fc                I2CWriteData3
 .text.I2CReadData3
                0x000000000800b96c       0x56 ./Lib/libsw_i2c2.a(sw_i2c2.o)
                0x000000000800b96c                I2CReadData3
 .text.I2CACK   0x000000000800b9c2       0x28 ./Lib/libsw_i2c2.a(sw_i2c2.o)
 .text.I2CNACK  0x000000000800b9ea       0x24 ./Lib/libsw_i2c2.a(sw_i2c2.o)
 .text.ReadI2C3
                0x000000000800ba0e       0x68 ./Lib/libsw_i2c2.a(sw_i2c2.o)
                0x000000000800ba0e                ReadI2C3
 .text.WriteI2C3
                0x000000000800ba76       0x46 ./Lib/libsw_i2c2.a(sw_i2c2.o)
                0x000000000800ba76                WriteI2C3
 .text.I2Cdelay2
                0x000000000800babc       0x22 ./Lib/libsw_i2c2.a(sw_i2c2.o)
                0x000000000800babc                I2Cdelay2
 .text.I2CStart2
                0x000000000800bade       0x20 ./Lib/libsw_i2c2.a(sw_i2c2.o)
                0x000000000800bade                I2CStart2
 .text.I2CStop2
                0x000000000800bafe       0x28 ./Lib/libsw_i2c2.a(sw_i2c2.o)
                0x000000000800bafe                I2CStop2
 .text.I2CWriteData2
                0x000000000800bb26       0x70 ./Lib/libsw_i2c2.a(sw_i2c2.o)
                0x000000000800bb26                I2CWriteData2
 .text.I2CReadData2
                0x000000000800bb96       0x66 ./Lib/libsw_i2c2.a(sw_i2c2.o)
                0x000000000800bb96                I2CReadData2
 .text.ReadI2C2
                0x000000000800bbfc       0x4c ./Lib/libsw_i2c2.a(sw_i2c2.o)
                0x000000000800bbfc                ReadI2C2
 .text.EEPWrite
                0x000000000800bc48       0x4e ./Lib/libsw_i2c2.a(sw_i2c2.o)
                0x000000000800bc48                EEPWrite
 .text.EEPRead  0x000000000800bc96       0x3c ./Lib/libsw_i2c2.a(sw_i2c2.o)
                0x000000000800bc96                EEPRead
 *fill*         0x000000000800bcd2        0x2 
 .text.TWI_SCL_0
                0x000000000800bcd4       0x18 ./Lib/libsw_i2c3.a(sw_i2c3.o)
 .text.TWI_SDA_1
                0x000000000800bcec       0x18 ./Lib/libsw_i2c3.a(sw_i2c3.o)
 .text.TWI_Initialize
                0x000000000800bd04       0x48 ./Lib/libsw_i2c3.a(sw_i2c3.o)
 .text.SW_I2C3_Init
                0x000000000800bd4c        0xc ./Lib/libsw_i2c3.a(sw_i2c3.o)
                0x000000000800bd4c                SW_I2C3_Init
 .text.Get_WindowNum
                0x000000000800bd58       0x2c ./Lib/libVS4210.a(VS4210.o)
 .text.VS4210_FULL88init
                0x000000000800bd84       0x64 ./Lib/libVS4210.a(VS4210.o)
 .text.VS4210_PIP_1080I_w0_ReSet
                0x000000000800bde8       0x14 ./Lib/libVS4210.a(VS4210.o)
 .text.VS4210_init
                0x000000000800bdfc       0x64 ./Lib/libVS4210.a(VS4210.o)
 .text.VS4210_init_Input_MODE1_w0
                0x000000000800be60      0x264 ./Lib/libVS4210.a(VS4210.o)
 .text.VS4210_init_Input_MODE1_w1
                0x000000000800c0c4      0x264 ./Lib/libVS4210.a(VS4210.o)
 .text.VS4210_init_Input_MODE1_w2
                0x000000000800c328      0x264 ./Lib/libVS4210.a(VS4210.o)
 .text.VS4210_init_Input_MODE1_w3
                0x000000000800c58c      0x264 ./Lib/libVS4210.a(VS4210.o)
 .text.VS4210_init_Input_MODE2_w0
                0x000000000800c7f0      0x264 ./Lib/libVS4210.a(VS4210.o)
 .text.VS4210_init_Input_MODE2_w1
                0x000000000800ca54      0x264 ./Lib/libVS4210.a(VS4210.o)
 .text.VS4210_init_Input_MODE2_w2
                0x000000000800ccb8      0x264 ./Lib/libVS4210.a(VS4210.o)
 .text.VS4210_init_Input_MODE2_w3
                0x000000000800cf1c      0x264 ./Lib/libVS4210.a(VS4210.o)
 .text.VS4210_init_Input_MODE6_w0
                0x000000000800d180      0x264 ./Lib/libVS4210.a(VS4210.o)
 .text.VS4210_init_Input_MODE6_w1
                0x000000000800d3e4      0x264 ./Lib/libVS4210.a(VS4210.o)
 .text.VS4210_init_Input_MODE6_w2
                0x000000000800d648      0x264 ./Lib/libVS4210.a(VS4210.o)
 .text.VS4210_init_Input_MODE6_w3
                0x000000000800d8ac      0x264 ./Lib/libVS4210.a(VS4210.o)
 .text.VS4210_init_Input_MODE12_w0
                0x000000000800db10      0x264 ./Lib/libVS4210.a(VS4210.o)
 .text.VS4210_init_Input_MODE12_w1
                0x000000000800dd74      0x264 ./Lib/libVS4210.a(VS4210.o)
 .text.VS4210_init_Input_MODE13_w0
                0x000000000800dfd8      0x264 ./Lib/libVS4210.a(VS4210.o)
 .text.VS4210_init_Input_MODE13_w1
                0x000000000800e23c      0x264 ./Lib/libVS4210.a(VS4210.o)
 .text.VS4210_init_Input_MODE24_w1
                0x000000000800e4a0      0x248 ./Lib/libVS4210.a(VS4210.o)
 .text.VS4210_PIP_1080I_w0_Set
                0x000000000800e6e8       0x34 ./Lib/libVS4210.a(VS4210.o)
 .text.VS4210_init_Input_MODE24_w0
                0x000000000800e71c      0x43c ./Lib/libVS4210.a(VS4210.o)
 .text.VS4210_OpenWindowsPIP0
                0x000000000800eb58       0xcc ./Lib/libVS4210.a(VS4210.o)
                0x000000000800eb58                VS4210_OpenWindowsPIP0
 .text.VS4210_init_Input_MODE88
                0x000000000800ec24       0x50 ./Lib/libVS4210.a(VS4210.o)
                0x000000000800ec24                VS4210_init_Input_MODE88
 .text.VS4210_Line_Clear
                0x000000000800ec74       0x14 ./Lib/libVS4210.a(VS4210.o)
                0x000000000800ec74                VS4210_Line_Clear
 .text.VS4210_Line_Draw
                0x000000000800ec88      0x240 ./Lib/libVS4210.a(VS4210.o)
                0x000000000800ec88                VS4210_Line_Draw
 .text.VS4210_SwitchChannel
                0x000000000800eec8       0x34 ./Lib/libVS4210.a(VS4210.o)
                0x000000000800eec8                VS4210_SwitchChannel
 .text.VS4210_OpenWindowsX
                0x000000000800eefc       0x5c ./Lib/libVS4210.a(VS4210.o)
                0x000000000800eefc                VS4210_OpenWindowsX
 .text.VS4210_CloseWindowsX
                0x000000000800ef58       0x48 ./Lib/libVS4210.a(VS4210.o)
                0x000000000800ef58                VS4210_CloseWindowsX
 .text.VS4210_CloseAllWindows
                0x000000000800efa0       0x4a ./Lib/libVS4210.a(VS4210.o)
                0x000000000800efa0                VS4210_CloseAllWindows
 .text.VS4210_channel0clear
                0x000000000800efea       0x6a ./Lib/libVS4210.a(VS4210.o)
                0x000000000800efea                VS4210_channel0clear
 .text.VS4210_clearAllsignal
                0x000000000800f054       0x48 ./Lib/libVS4210.a(VS4210.o)
                0x000000000800f054                VS4210_clearAllsignal
 .text.VS4210_SetHVLenght
                0x000000000800f09c       0x80 ./Lib/libVS4210.a(VS4210.o)
                0x000000000800f09c                VS4210_SetHVLenght
 .text.VS4210_Mode0FastChange
                0x000000000800f11c       0x98 ./Lib/libVS4210.a(VS4210.o)
 .text.VS4210_displayoff
                0x000000000800f1b4       0x20 ./Lib/libVS4210.a(VS4210.o)
                0x000000000800f1b4                VS4210_displayoff
 .text.VS4210_init_Input_MODE0_w0
                0x000000000800f1d4      0x27c ./Lib/libVS4210.a(VS4210.o)
 .text.VS4210_displayon
                0x000000000800f450       0x18 ./Lib/libVS4210.a(VS4210.o)
                0x000000000800f450                VS4210_displayon
 .text.VS4210_init_mode
                0x000000000800f468      0x31c ./Lib/libVS4210.a(VS4210.o)
                0x000000000800f468                VS4210_init_mode
 .text.VS4210_SetInModeOutMode
                0x000000000800f784      0x20c ./Lib/libVS4210.a(VS4210.o)
                0x000000000800f784                VS4210_SetInModeOutMode
 .text.VS4210_StartInit
                0x000000000800f990       0xe8 ./Lib/libVS4210.a(VS4210.o)
                0x000000000800f990                VS4210_StartInit
 .text.VS4210_No_Signal_Init
                0x000000000800fa78       0x24 ./Lib/libVS4210.a(VS4210.o)
                0x000000000800fa78                VS4210_No_Signal_Init
 .text.VS4210_Rx_NoSignal
                0x000000000800fa9c      0x13c ./Lib/libVS4210.a(VS4210.o)
                0x000000000800fa9c                VS4210_Rx_NoSignal
 .text.VS4210_PowerDown
                0x000000000800fbd8        0xc ./Lib/libVS4210.a(VS4210.o)
                0x000000000800fbd8                VS4210_PowerDown
 .text.VS4210_PowerResume
                0x000000000800fbe4        0xc ./Lib/libVS4210.a(VS4210.o)
                0x000000000800fbe4                VS4210_PowerResume
 .text.VS4210_SetMutiWindows
                0x000000000800fbf0      0x70c ./Lib/libVS4210.a(VS4210.o)
                0x000000000800fbf0                VS4210_SetMutiWindows
 .text.VS4210_SetInputSizeHV
                0x00000000080102fc       0x2c ./Lib/libVS4210.a(VS4210.o)
                0x00000000080102fc                VS4210_SetInputSizeHV
 .text.get_it6602_dev_data
                0x0000000008010328       0x18 ./Lib/libit6602.a(it6602.o)
 .text.IT6602_VideoOutputConfigure_Init
                0x0000000008010340       0xd4 ./Lib/libit6602.a(it6602.o)
 .text.hdmirx_Var_init
                0x0000000008010414       0x70 ./Lib/libit6602.a(it6602.o)
 .text.hdmirxrd
                0x0000000008010484        0x8 ./Lib/libit6602.a(it6602.o)
 .text.IsHDMIMode
                0x000000000801048c       0x3c ./Lib/libit6602.a(it6602.o)
 .text.SetColorimetryByMode
                0x00000000080104c8       0x1c ./Lib/libit6602.a(it6602.o)
 .text.CheckAVMute
                0x00000000080104e4       0x30 ./Lib/libit6602.a(it6602.o)
 .text.CLKCheck
                0x0000000008010514       0x28 ./Lib/libit6602.a(it6602.o)
 .text.CheckPlg5VPwr
                0x000000000801053c       0x30 ./Lib/libit6602.a(it6602.o)
 .text.CheckSCDT
                0x000000000801056c       0x2a ./Lib/libit6602.a(it6602.o)
 .text.getHDMIRXInputAudio
                0x0000000008010596       0x50 ./Lib/libit6602.a(it6602.o)
 .text.hdmirxwr
                0x00000000080105e6        0xa ./Lib/libit6602.a(it6602.o)
 .text.hdmirxset
                0x00000000080105f0       0x1e ./Lib/libit6602.a(it6602.o)
 .text.hdimrx_write_init
                0x000000000801060e       0x20 ./Lib/libit6602.a(it6602.o)
 *fill*         0x000000000801062e        0x2 
 .text.IT6602_Rst
                0x0000000008010630       0x14 ./Lib/libit6602.a(it6602.o)
 .text.chgbank  0x0000000008010644       0x44 ./Lib/libit6602.a(it6602.o)
 .text.GetAVIInfoFrame
                0x0000000008010688       0x74 ./Lib/libit6602.a(it6602.o)
 .text.SetColorimetryByInfoFrame
                0x00000000080106fc       0x36 ./Lib/libit6602.a(it6602.o)
 .text.SetVideoOutputColorFormat
                0x0000000008010732       0x3a ./Lib/libit6602.a(it6602.o)
 .text.IT6602VideoOutputEnable
                0x000000000801076c       0x1e ./Lib/libit6602.a(it6602.o)
 .text.hdmirx_SetHWMuteClr
                0x000000000801078a        0xe ./Lib/libit6602.a(it6602.o)
 .text.hdmirx_ClearHWMuteClr
                0x0000000008010798        0xe ./Lib/libit6602.a(it6602.o)
 .text.IT6602AudioOutputEnable
                0x00000000080107a6       0x1e ./Lib/libit6602.a(it6602.o)
 .text.IT6602SwitchAudioState
                0x00000000080107c4       0x4e ./Lib/libit6602.a(it6602.o)
 .text.IT6602_SetVideoMute
                0x0000000008010812       0x80 ./Lib/libit6602.a(it6602.o)
 *fill*         0x0000000008010892        0x2 
 .text.DisableOverWriteRS
                0x0000000008010894       0x80 ./Lib/libit6602.a(it6602.o)
 .text.TogglePolarity
                0x0000000008010914      0x110 ./Lib/libit6602.a(it6602.o)
 .text.hdmirx_SetHWMuteClrMode
                0x0000000008010a24        0xe ./Lib/libit6602.a(it6602.o)
 .text.SetVideoInputFormatWithoutInfoFrame
                0x0000000008010a32       0x4e ./Lib/libit6602.a(it6602.o)
 .text.SetVideoInputFormatWithInfoFrame
                0x0000000008010a80       0x56 ./Lib/libit6602.a(it6602.o)
 .text.IT6602_VideoOutputModeSet
                0x0000000008010ad6       0xba ./Lib/libit6602.a(it6602.o)
 .text.TMDSCheck
                0x0000000008010b90      0x220 ./Lib/libit6602.a(it6602.o)
 .text.IT6602HDMIEventManager
                0x0000000008010db0       0xa6 ./Lib/libit6602.a(it6602.o)
 .text.hdmirx_INT_P1_Deskew
                0x0000000008010e56       0x30 ./Lib/libit6602.a(it6602.o)
 .text.hdmirx_INT_P0_Deskew
                0x0000000008010e86       0x30 ./Lib/libit6602.a(it6602.o)
 *fill*         0x0000000008010eb6        0x2 
 .text.OverWriteAmpValue2EQ
                0x0000000008010eb8      0x1cc ./Lib/libit6602.a(it6602.o)
 .text.AmpValidCheck
                0x0000000008011084      0x13c ./Lib/libit6602.a(it6602.o)
 .text.hdmirx_INT_EQ_FAIL
                0x00000000080111c0      0x11c ./Lib/libit6602.a(it6602.o)
 .text.hdmirx_ResetAudio
                0x00000000080112dc       0x40 ./Lib/libit6602.a(it6602.o)
 .text.IT6602AudioHandler
                0x000000000801131c       0xd4 ./Lib/libit6602.a(it6602.o)
 .text.hdmirxbwr
                0x00000000080113f0        0xe ./Lib/libit6602.a(it6602.o)
 *fill*         0x00000000080113fe        0x2 
 .text.SetColorSpaceConvert
                0x0000000008011400       0xbc ./Lib/libit6602.a(it6602.o)
 .text.SetDVIVideoOutput
                0x00000000080114bc       0x1e ./Lib/libit6602.a(it6602.o)
 .text.hdmirx_INT_HDMIMode_Chg
                0x00000000080114da       0x4e ./Lib/libit6602.a(it6602.o)
 .text.SetNewInfoVideoOutput
                0x0000000008011528       0x1c ./Lib/libit6602.a(it6602.o)
 .text.IT6602VideoOutputConfigure
                0x0000000008011544       0x6c ./Lib/libit6602.a(it6602.o)
 .text.aud_fiforst
                0x00000000080115b0       0x5a ./Lib/libit6602.a(it6602.o)
 .text.it6602HPDCtrl
                0x000000000801160a       0x44 ./Lib/libit6602.a(it6602.o)
                0x000000000801160a                it6602HPDCtrl
 .text.hdmirx_ECCTimingOut
                0x000000000801164e       0x60 ./Lib/libit6602.a(it6602.o)
 .text.hdmirx_INT_P0_ECC
                0x00000000080116ae       0x1a ./Lib/libit6602.a(it6602.o)
 .text.hdmirx_INT_P1_ECC
                0x00000000080116c8       0x1a ./Lib/libit6602.a(it6602.o)
 *fill*         0x00000000080116e2        0x2 
 .text.get_vid_info
                0x00000000080116e4      0x1f4 ./Lib/libit6602.a(it6602.o)
                0x00000000080116e4                get_vid_info
 .text.show_vid_info
                0x00000000080118d8       0xa8 ./Lib/libit6602.a(it6602.o)
                0x00000000080118d8                show_vid_info
 .text.IT6602SwitchVideoState
                0x0000000008011980       0x74 ./Lib/libit6602.a(it6602.o)
 .text.it6602PortSelect
                0x00000000080119f4       0x2a ./Lib/libit6602.a(it6602.o)
                0x00000000080119f4                it6602PortSelect
 .text.IT6602_fsm_init
                0x0000000008011a1e       0x1c ./Lib/libit6602.a(it6602.o)
                0x0000000008011a1e                IT6602_fsm_init
 .text.hdmirx_INT_5V_Pwr_Chg
                0x0000000008011a3a       0x66 ./Lib/libit6602.a(it6602.o)
 .text.hdmirx_INT_SCDT_Chg
                0x0000000008011aa0       0x28 ./Lib/libit6602.a(it6602.o)
 .text.IT6602HDMIInterruptHandler
                0x0000000008011ac8      0x418 ./Lib/libit6602.a(it6602.o)
 .text.WaitingForSCDT
                0x0000000008011ee0       0x80 ./Lib/libit6602.a(it6602.o)
 .text.IT6602VideoHandler
                0x0000000008011f60       0x5c ./Lib/libit6602.a(it6602.o)
 .text.IT6602_fsm
                0x0000000008011fbc       0x2c ./Lib/libit6602.a(it6602.o)
                0x0000000008011fbc                IT6602_fsm
 .text.GetHDMI_InputMode
                0x0000000008011fe8      0x1e4 ./Lib/libit6602.a(it6602.o)
                0x0000000008011fe8                GetHDMI_InputMode
 .text.getHDMIRXAudioInfo
                0x00000000080121cc       0x16 ./Lib/libit6602.a(it6602.o)
                0x00000000080121cc                getHDMIRXAudioInfo
 .text.InitHDMIRX
                0x00000000080121e2        0xe ./Lib/libit6602.a(it6602.o)
                0x00000000080121e2                InitHDMIRX
 .text.CheckHDMIRX
                0x00000000080121f0        0x8 ./Lib/libit6602.a(it6602.o)
                0x00000000080121f0                CheckHDMIRX
 *(.glue_7)
 .glue_7        0x00000000080121f8        0x0 linker stubs
 *(.glue_7t)
 .glue_7t       0x00000000080121f8        0x0 linker stubs
 *(.eh_frame)
 .eh_frame      0x00000000080121f8        0x0 /home/ryan/xun/gcc-arm-none-eabi-7-2018-q2-update/bin/../lib/gcc/arm-none-eabi/7.3.1/thumb/v7-m/crtbegin.o
 *(.init)
 .init          0x00000000080121f8        0x4 /home/ryan/xun/gcc-arm-none-eabi-7-2018-q2-update/bin/../lib/gcc/arm-none-eabi/7.3.1/thumb/v7-m/crti.o
                0x00000000080121f8                _init
 .init          0x00000000080121fc        0x8 /home/ryan/xun/gcc-arm-none-eabi-7-2018-q2-update/bin/../lib/gcc/arm-none-eabi/7.3.1/thumb/v7-m/crtn.o
 *(.fini)
 .fini          0x0000000008012204        0x4 /home/ryan/xun/gcc-arm-none-eabi-7-2018-q2-update/bin/../lib/gcc/arm-none-eabi/7.3.1/thumb/v7-m/crti.o
                0x0000000008012204                _fini
 .fini          0x0000000008012208        0x8 /home/ryan/xun/gcc-arm-none-eabi-7-2018-q2-update/bin/../lib/gcc/arm-none-eabi/7.3.1/thumb/v7-m/crtn.o
                0x0000000008012210                . = ALIGN (0x4)
                0x0000000008012210                _etext = .

.vfp11_veneer   0x0000000008012210        0x0
 .vfp11_veneer  0x0000000008012210        0x0 linker stubs

.v4_bx          0x0000000008012210        0x0
 .v4_bx         0x0000000008012210        0x0 linker stubs

.iplt           0x0000000008012210        0x0
 .iplt          0x0000000008012210        0x0 /home/ryan/xun/gcc-arm-none-eabi-7-2018-q2-update/bin/../lib/gcc/arm-none-eabi/7.3.1/thumb/v7-m/crtbegin.o

.rodata         0x0000000008012210     0x8f28
                0x0000000008012210                . = ALIGN (0x4)
 *(.rodata)
 .rodata        0x0000000008012210       0x12 build/stm32f1xx_hal_rcc.o
 *(.rodata*)
 *fill*         0x0000000008012222        0x2 
 .rodata.HDMI_VideoModeDetect.str1.4
                0x0000000008012224       0x53 build/main.o
 *fill*         0x0000000008012277        0x1 
 .rodata.HS_Select_Win.str1.4
                0x0000000008012278       0x35 build/main.o
 *fill*         0x00000000080122ad        0x3 
 .rodata.SET_Audio_Mute.str1.4
                0x00000000080122b0       0x15 build/main.o
 *fill*         0x00000000080122c5        0x3 
 .rodata.SET_VS4210_720_480_out.str1.4
                0x00000000080122c8       0x1a build/main.o
 *fill*         0x00000000080122e2        0x2 
 .rodata.TP_bt1120_1080P_1080P_mode0_w0.str1.4
                0x00000000080122e4       0x25 build/main.o
 *fill*         0x0000000008012309        0x3 
 .rodata.TP_bt1120_720P_1080P_mode0_w0.str1.4
                0x000000000801230c       0x24 build/main.o
 .rodata.TP_bt1120_NTSC_1080P_mode0_w0.str1.4
                0x0000000008012330       0x24 build/main.o
 .rodata.TP_bt1120_PAL_1080P_mode0_w0.str1.4
                0x0000000008012354       0x23 build/main.o
 *fill*         0x0000000008012377        0x1 
 .rodata.__FUNCTION__.9357
                0x0000000008012378       0x15 build/main.o
 *fill*         0x000000000801238d        0x3 
 .rodata.__FUNCTION__.9404
                0x0000000008012390        0x5 build/main.o
 *fill*         0x0000000008012395        0x3 
 .rodata.__FUNCTION__.9415
                0x0000000008012398        0xa build/main.o
 *fill*         0x00000000080123a2        0x2 
 .rodata.main.str1.4
                0x00000000080123a4       0xb3 build/main.o
 *fill*         0x0000000008012457        0x1 
 .rodata.main_init.str1.4
                0x0000000008012458       0x8c build/main.o
 .rodata.main_loop.str1.4
                0x00000000080124e4       0x46 build/main.o
 *fill*         0x000000000801252a        0x2 
 .rodata.AHBPrescTable
                0x000000000801252c       0x10 build/system_stm32f1xx.o
                0x000000000801252c                AHBPrescTable
 .rodata.APBPrescTable
                0x000000000801253c        0x8 build/system_stm32f1xx.o
                0x000000000801253c                APBPrescTable
 .rodata.VS4210_Addr_param
                0x0000000008012544       0x19 build/VS4210_param_Modex26.o
                0x0000000008012544                VS4210_Addr_param
 *fill*         0x000000000801255d        0x3 
 .rodata.VS4210_hdmi1024x768_1080P_mode12_w0_param
                0x0000000008012560       0x19 build/VS4210_param_Modex26.o
                0x0000000008012560                VS4210_hdmi1024x768_1080P_mode12_w0_param
 *fill*         0x0000000008012579        0x3 
 .rodata.VS4210_hdmi1024x768_1080P_mode12_w1_param
                0x000000000801257c       0x19 build/VS4210_param_Modex26.o
                0x000000000801257c                VS4210_hdmi1024x768_1080P_mode12_w1_param
 *fill*         0x0000000008012595        0x3 
 .rodata.VS4210_hdmi1024x768_1080P_mode13_w0_param
                0x0000000008012598       0x19 build/VS4210_param_Modex26.o
                0x0000000008012598                VS4210_hdmi1024x768_1080P_mode13_w0_param
 *fill*         0x00000000080125b1        0x3 
 .rodata.VS4210_hdmi1024x768_1080P_mode13_w1_param
                0x00000000080125b4       0x19 build/VS4210_param_Modex26.o
                0x00000000080125b4                VS4210_hdmi1024x768_1080P_mode13_w1_param
 *fill*         0x00000000080125cd        0x3 
 .rodata.VS4210_hdmi1024x768_1080P_mode1_w0_param
                0x00000000080125d0       0x19 build/VS4210_param_Modex26.o
                0x00000000080125d0                VS4210_hdmi1024x768_1080P_mode1_w0_param
 *fill*         0x00000000080125e9        0x3 
 .rodata.VS4210_hdmi1024x768_1080P_mode1_w1_param
                0x00000000080125ec       0x19 build/VS4210_param_Modex26.o
                0x00000000080125ec                VS4210_hdmi1024x768_1080P_mode1_w1_param
 *fill*         0x0000000008012605        0x3 
 .rodata.VS4210_hdmi1024x768_1080P_mode1_w2_param
                0x0000000008012608       0x19 build/VS4210_param_Modex26.o
                0x0000000008012608                VS4210_hdmi1024x768_1080P_mode1_w2_param
 *fill*         0x0000000008012621        0x3 
 .rodata.VS4210_hdmi1024x768_1080P_mode1_w3_param
                0x0000000008012624       0x19 build/VS4210_param_Modex26.o
                0x0000000008012624                VS4210_hdmi1024x768_1080P_mode1_w3_param
 *fill*         0x000000000801263d        0x3 
 .rodata.VS4210_hdmi1024x768_1080P_mode2_w0_param
                0x0000000008012640       0x19 build/VS4210_param_Modex26.o
                0x0000000008012640                VS4210_hdmi1024x768_1080P_mode2_w0_param
 *fill*         0x0000000008012659        0x3 
 .rodata.VS4210_hdmi1024x768_1080P_mode2_w1_param
                0x000000000801265c       0x19 build/VS4210_param_Modex26.o
                0x000000000801265c                VS4210_hdmi1024x768_1080P_mode2_w1_param
 *fill*         0x0000000008012675        0x3 
 .rodata.VS4210_hdmi1024x768_1080P_mode2_w2_param
                0x0000000008012678       0x19 build/VS4210_param_Modex26.o
                0x0000000008012678                VS4210_hdmi1024x768_1080P_mode2_w2_param
 *fill*         0x0000000008012691        0x3 
 .rodata.VS4210_hdmi1024x768_1080P_mode2_w3_param
                0x0000000008012694       0x19 build/VS4210_param_Modex26.o
                0x0000000008012694                VS4210_hdmi1024x768_1080P_mode2_w3_param
 *fill*         0x00000000080126ad        0x3 
 .rodata.VS4210_hdmi1024x768_1080P_mode6_w0_param
                0x00000000080126b0       0x19 build/VS4210_param_Modex26.o
                0x00000000080126b0                VS4210_hdmi1024x768_1080P_mode6_w0_param
 *fill*         0x00000000080126c9        0x3 
 .rodata.VS4210_hdmi1024x768_1080P_mode6_w1_param
                0x00000000080126cc       0x19 build/VS4210_param_Modex26.o
                0x00000000080126cc                VS4210_hdmi1024x768_1080P_mode6_w1_param
 *fill*         0x00000000080126e5        0x3 
 .rodata.VS4210_hdmi1024x768_1080P_mode6_w2_param
                0x00000000080126e8       0x19 build/VS4210_param_Modex26.o
                0x00000000080126e8                VS4210_hdmi1024x768_1080P_mode6_w2_param
 *fill*         0x0000000008012701        0x3 
 .rodata.VS4210_hdmi1024x768_1080P_mode6_w3_param
                0x0000000008012704       0x19 build/VS4210_param_Modex26.o
                0x0000000008012704                VS4210_hdmi1024x768_1080P_mode6_w3_param
 *fill*         0x000000000801271d        0x3 
 .rodata.VS4210_hdmi1024x768_1080P_mode6pip_w0_param
                0x0000000008012720       0x19 build/VS4210_param_Modex26.o
                0x0000000008012720                VS4210_hdmi1024x768_1080P_mode6pip_w0_param
 *fill*         0x0000000008012739        0x3 
 .rodata.VS4210_hdmi1024x768_1080P_mode6pip_w1_param
                0x000000000801273c       0x19 build/VS4210_param_Modex26.o
                0x000000000801273c                VS4210_hdmi1024x768_1080P_mode6pip_w1_param
 *fill*         0x0000000008012755        0x3 
 .rodata.VS4210_hdmi1024x768_1080P_mode6pip_w2_param
                0x0000000008012758       0x19 build/VS4210_param_Modex26.o
                0x0000000008012758                VS4210_hdmi1024x768_1080P_mode6pip_w2_param
 *fill*         0x0000000008012771        0x3 
 .rodata.VS4210_hdmi1024x768_1080P_mode6pip_w3_param
                0x0000000008012774       0x19 build/VS4210_param_Modex26.o
                0x0000000008012774                VS4210_hdmi1024x768_1080P_mode6pip_w3_param
 *fill*         0x000000000801278d        0x3 
 .rodata.VS4210_hdmi1024x768_720P_mode12_w0_param
                0x0000000008012790       0x19 build/VS4210_param_Modex26.o
                0x0000000008012790                VS4210_hdmi1024x768_720P_mode12_w0_param
 *fill*         0x00000000080127a9        0x3 
 .rodata.VS4210_hdmi1024x768_720P_mode12_w1_param
                0x00000000080127ac       0x19 build/VS4210_param_Modex26.o
                0x00000000080127ac                VS4210_hdmi1024x768_720P_mode12_w1_param
 *fill*         0x00000000080127c5        0x3 
 .rodata.VS4210_hdmi1024x768_720P_mode13_w0_param
                0x00000000080127c8       0x19 build/VS4210_param_Modex26.o
                0x00000000080127c8                VS4210_hdmi1024x768_720P_mode13_w0_param
 *fill*         0x00000000080127e1        0x3 
 .rodata.VS4210_hdmi1024x768_720P_mode13_w1_param
                0x00000000080127e4       0x19 build/VS4210_param_Modex26.o
                0x00000000080127e4                VS4210_hdmi1024x768_720P_mode13_w1_param
 *fill*         0x00000000080127fd        0x3 
 .rodata.VS4210_hdmi1024x768_720P_mode1_w0_param
                0x0000000008012800       0x19 build/VS4210_param_Modex26.o
                0x0000000008012800                VS4210_hdmi1024x768_720P_mode1_w0_param
 *fill*         0x0000000008012819        0x3 
 .rodata.VS4210_hdmi1024x768_720P_mode1_w1_param
                0x000000000801281c       0x19 build/VS4210_param_Modex26.o
                0x000000000801281c                VS4210_hdmi1024x768_720P_mode1_w1_param
 *fill*         0x0000000008012835        0x3 
 .rodata.VS4210_hdmi1024x768_720P_mode1_w2_param
                0x0000000008012838       0x19 build/VS4210_param_Modex26.o
                0x0000000008012838                VS4210_hdmi1024x768_720P_mode1_w2_param
 *fill*         0x0000000008012851        0x3 
 .rodata.VS4210_hdmi1024x768_720P_mode1_w3_param
                0x0000000008012854       0x19 build/VS4210_param_Modex26.o
                0x0000000008012854                VS4210_hdmi1024x768_720P_mode1_w3_param
 *fill*         0x000000000801286d        0x3 
 .rodata.VS4210_hdmi1024x768_720P_mode24_w0_param
                0x0000000008012870       0x19 build/VS4210_param_Modex26.o
                0x0000000008012870                VS4210_hdmi1024x768_720P_mode24_w0_param
 *fill*         0x0000000008012889        0x3 
 .rodata.VS4210_hdmi1024x768_720P_mode24_w1_param
                0x000000000801288c       0x19 build/VS4210_param_Modex26.o
                0x000000000801288c                VS4210_hdmi1024x768_720P_mode24_w1_param
 *fill*         0x00000000080128a5        0x3 
 .rodata.VS4210_hdmi1024x768_720P_mode2_w0_param
                0x00000000080128a8       0x19 build/VS4210_param_Modex26.o
                0x00000000080128a8                VS4210_hdmi1024x768_720P_mode2_w0_param
 *fill*         0x00000000080128c1        0x3 
 .rodata.VS4210_hdmi1024x768_720P_mode2_w1_param
                0x00000000080128c4       0x19 build/VS4210_param_Modex26.o
                0x00000000080128c4                VS4210_hdmi1024x768_720P_mode2_w1_param
 *fill*         0x00000000080128dd        0x3 
 .rodata.VS4210_hdmi1024x768_720P_mode2_w2_param
                0x00000000080128e0       0x19 build/VS4210_param_Modex26.o
                0x00000000080128e0                VS4210_hdmi1024x768_720P_mode2_w2_param
 *fill*         0x00000000080128f9        0x3 
 .rodata.VS4210_hdmi1024x768_720P_mode2_w3_param
                0x00000000080128fc       0x19 build/VS4210_param_Modex26.o
                0x00000000080128fc                VS4210_hdmi1024x768_720P_mode2_w3_param
 *fill*         0x0000000008012915        0x3 
 .rodata.VS4210_hdmi1024x768_720P_mode6_w0_param
                0x0000000008012918       0x19 build/VS4210_param_Modex26.o
                0x0000000008012918                VS4210_hdmi1024x768_720P_mode6_w0_param
 *fill*         0x0000000008012931        0x3 
 .rodata.VS4210_hdmi1024x768_720P_mode6_w1_param
                0x0000000008012934       0x19 build/VS4210_param_Modex26.o
                0x0000000008012934                VS4210_hdmi1024x768_720P_mode6_w1_param
 *fill*         0x000000000801294d        0x3 
 .rodata.VS4210_hdmi1024x768_720P_mode6_w2_param
                0x0000000008012950       0x19 build/VS4210_param_Modex26.o
                0x0000000008012950                VS4210_hdmi1024x768_720P_mode6_w2_param
 *fill*         0x0000000008012969        0x3 
 .rodata.VS4210_hdmi1024x768_720P_mode6_w3_param
                0x000000000801296c       0x19 build/VS4210_param_Modex26.o
                0x000000000801296c                VS4210_hdmi1024x768_720P_mode6_w3_param
 *fill*         0x0000000008012985        0x3 
 .rodata.VS4210_hdmi1080P_1080P_mode12_w0_param
                0x0000000008012988       0x19 build/VS4210_param_Modex26.o
                0x0000000008012988                VS4210_hdmi1080P_1080P_mode12_w0_param
 *fill*         0x00000000080129a1        0x3 
 .rodata.VS4210_hdmi1080P_1080P_mode12_w1_param
                0x00000000080129a4       0x19 build/VS4210_param_Modex26.o
                0x00000000080129a4                VS4210_hdmi1080P_1080P_mode12_w1_param
 *fill*         0x00000000080129bd        0x3 
 .rodata.VS4210_hdmi1080P_1080P_mode13_w0_param
                0x00000000080129c0       0x19 build/VS4210_param_Modex26.o