Archive member included to satisfy reference by file (symbol)

/home/ryan/xun/gcc-arm-none-eabi-7-2018-q2-update/bin/../lib/gcc/arm-none-eabi/7.3.1/../../../../arm-none-eabi/lib/thumb/v7-m/libc_nano.a(lib_a-errno.o)
                              build/main.o (__errno)
/home/ryan/xun/gcc-arm-none-eabi-7-2018-q2-update/bin/../lib/gcc/arm-none-eabi/7.3.1/../../../../arm-none-eabi/lib/thumb/v7-m/libc_nano.a(lib_a-exit.o)
                              /home/ryan/xun/gcc-arm-none-eabi-7-2018-q2-update/bin/../lib/gcc/arm-none-eabi/7.3.1/../../../../arm-none-eabi/lib/thumb/v7-m/crt0.o (exit)
/home/ryan/xun/gcc-arm-none-eabi-7-2018-q2-update/bin/../lib/gcc/arm-none-eabi/7.3.1/../../../../arm-none-eabi/lib/thumb/v7-m/libc_nano.a(lib_a-impure.o)
                              /home/ryan/xun/gcc-arm-none-eabi-7-2018-q2-update/bin/../lib/gcc/arm-none-eabi/7.3.1/../../../../arm-none-eabi/lib/thumb/v7-m/libc_nano.a(lib_a-exit.o) (_global_impure_ptr)
/home/ryan/xun/gcc-arm-none-eabi-7-2018-q2-update/bin/../lib/gcc/arm-none-eabi/7.3.1/../../../../arm-none-eabi/lib/thumb/v7-m/libc_nano.a(lib_a-init.o)
                              /home/ryan/xun/gcc-arm-none-eabi-7-2018-q2-update/bin/../lib/gcc/arm-none-eabi/7.3.1/../../../../arm-none-eabi/lib/thumb/v7-m/crt0.o (__libc_init_array)
/home/ryan/xun/gcc-arm-none-eabi-7-2018-q2-update/bin/../lib/gcc/arm-none-eabi/7.3.1/../../../../arm-none-eabi/lib/thumb/v7-m/libc_nano.a(lib_a-memcpy-stub.o)
                              build/VX_OSD_Simple.o (memcpy)
/home/ryan/xun/gcc-arm-none-eabi-7-2018-q2-update/bin/../lib/gcc/arm-none-eabi/7.3.1/../../../../arm-none-eabi/lib/thumb/v7-m/libc_nano.a(lib_a-memset.o)
                              /home/ryan/xun/gcc-arm-none-eabi-7-2018-q2-update/bin/../lib/gcc/arm-none-eabi/7.3.1/../../../../arm-none-eabi/lib/thumb/v7-m/crt0.o (memset)
/home/ryan/xun/gcc-arm-none-eabi-7-2018-q2-update/bin/../lib/gcc/arm-none-eabi/7.3.1/../../../../arm-none-eabi/lib/thumb/v7-m/libc_nano.a(lib_a-printf.o)
                              build/main.o (printf)
/home/ryan/xun/gcc-arm-none-eabi-7-2018-q2-update/bin/../lib/gcc/arm-none-eabi/7.3.1/../../../../arm-none-eabi/lib/thumb/v7-m/libc_nano.a(lib_a-puts.o)
                              build/main.o (puts)
/home/ryan/xun/gcc-arm-none-eabi-7-2018-q2-update/bin/../lib/gcc/arm-none-eabi/7.3.1/../../../../arm-none-eabi/lib/thumb/v7-m/libc_nano.a(lib_a-strtol.o)
                              build/main.o (strtol)
/home/ryan/xun/gcc-arm-none-eabi-7-2018-q2-update/bin/../lib/gcc/arm-none-eabi/7.3.1/../../../../arm-none-eabi/lib/thumb/v7-m/libc_nano.a(lib_a-wbuf.o)
                              /home/ryan/xun/gcc-arm-none-eabi-7-2018-q2-update/bin/../lib/gcc/arm-none-eabi/7.3.1/../../../../arm-none-eabi/lib/thumb/v7-m/libc_nano.a(lib_a-puts.o) (__swbuf_r)
/home/ryan/xun/gcc-arm-none-eabi-7-2018-q2-update/bin/../lib/gcc/arm-none-eabi/7.3.1/../../../../arm-none-eabi/lib/thumb/v7-m/libc_nano.a(lib_a-wsetup.o)
                              /home/ryan/xun/gcc-arm-none-eabi-7-2018-q2-update/bin/../lib/gcc/arm-none-eabi/7.3.1/../../../../arm-none-eabi/lib/thumb/v7-m/libc_nano.a(lib_a-puts.o) (__swsetup_r)
/home/ryan/xun/gcc-arm-none-eabi-7-2018-q2-update/bin/../lib/gcc/arm-none-eabi/7.3.1/../../../../arm-none-eabi/lib/thumb/v7-m/libc_nano.a(lib_a-fflush.o)
                              /home/ryan/xun/gcc-arm-none-eabi-7-2018-q2-update/bin/../lib/gcc/arm-none-eabi/7.3.1/../../../../arm-none-eabi/lib/thumb/v7-m/libc_nano.a(lib_a-wbuf.o) (_fflush_r)
/home/ryan/xun/gcc-arm-none-eabi-7-2018-q2-update/bin/../lib/gcc/arm-none-eabi/7.3.1/../../../../arm-none-eabi/lib/thumb/v7-m/libc_nano.a(lib_a-findfp.o)
                              /home/ryan/xun/gcc-arm-none-eabi-7-2018-q2-update/bin/../lib/gcc/arm-none-eabi/7.3.1/../../../../arm-none-eabi/lib/thumb/v7-m/libc_nano.a(lib_a-printf.o) (__sinit)
/home/ryan/xun/gcc-arm-none-eabi-7-2018-q2-update/bin/../lib/gcc/arm-none-eabi/7.3.1/../../../../arm-none-eabi/lib/thumb/v7-m/libc_nano.a(lib_a-fwalk.o)
                              /home/ryan/xun/gcc-arm-none-eabi-7-2018-q2-update/bin/../lib/gcc/arm-none-eabi/7.3.1/../../../../arm-none-eabi/lib/thumb/v7-m/libc_nano.a(lib_a-findfp.o) (_fwalk)
/home/ryan/xun/gcc-arm-none-eabi-7-2018-q2-update/bin/../lib/gcc/arm-none-eabi/7.3.1/../../../../arm-none-eabi/lib/thumb/v7-m/libc_nano.a(lib_a-locale.o)
                              /home/ryan/xun/gcc-arm-none-eabi-7-2018-q2-update/bin/../lib/gcc/arm-none-eabi/7.3.1/../../../../arm-none-eabi/lib/thumb/v7-m/libc_nano.a(lib_a-strtol.o) (__locale_ctype_ptr_l)
/home/ryan/xun/gcc-arm-none-eabi-7-2018-q2-update/bin/../lib/gcc/arm-none-eabi/7.3.1/../../../../arm-none-eabi/lib/thumb/v7-m/libc_nano.a(lib_a-makebuf.o)
                              /home/ryan/xun/gcc-arm-none-eabi-7-2018-q2-update/bin/../lib/gcc/arm-none-eabi/7.3.1/../../../../arm-none-eabi/lib/thumb/v7-m/libc_nano.a(lib_a-wsetup.o) (__smakebuf_r)
[...]
Memory Configuration

Name             Origin             Length             Attributes
RAM              0x0000000020000000 0x0000000000005000 xrw
FLASH            0x0000000008000000 0x0000000000020000 xr
*default*        0x0000000000000000 0xffffffffffffffff

Linker script and memory map

LOAD /home/ryan/xun/gcc-arm-none-eabi-7-2018-q2-update/bin/../lib/gcc/arm-none-eabi/7.3.1/thumb/v7-m/crti.o
LOAD /home/ryan/xun/gcc-arm-none-eabi-7-2018-q2-update/bin/../lib/gcc/arm-none-eabi/7.3.1/thumb/v7-m/crtbegin.o
LOAD /home/ryan/xun/gcc-arm-none-eabi-7-2018-q2-update/bin/../lib/gcc/arm-none-eabi/7.3.1/../../../../arm-none-eabi/lib/thumb/v7-m/crt0.o
LOAD build/main.o
LOAD build/stm32f1xx_it.o
LOAD build/stm32f1xx_hal_msp.o
LOAD build/stm32f1xx_hal_gpio_ex.o
LOAD build/stm32f1xx_hal_tim.o
LOAD build/stm32f1xx_hal_tim_ex.o
LOAD build/stm32f1xx_hal_uart.o
LOAD build/stm32f1xx_hal.o
LOAD build/stm32f1xx_hal_rcc.o
LOAD build/stm32f1xx_hal_rcc_ex.o
LOAD build/stm32f1xx_hal_gpio.o
LOAD build/stm32f1xx_hal_dma.o
LOAD build/stm32f1xx_hal_cortex.o
LOAD build/stm32f1xx_hal_pwr.o
LOAD build/stm32f1xx_hal_flash.o
LOAD build/stm32f1xx_hal_flash_ex.o
LOAD build/stm32f1xx_hal_exti.o
LOAD build/stm32f1xx_hal_adc.o
LOAD build/stm32f1xx_hal_adc_ex.o
LOAD build/system_stm32f1xx.o
LOAD build/VX_swi2c.o
LOAD build/VS4210_param_Modex26.o
LOAD build/VS4210_param_Mode88.o
LOAD build/VX_OSD.o
LOAD build/VX_OSD_Simple.o
LOAD build/TP2802.o
LOAD build/monitor.o
LOAD build/Printf.o
LOAD build/SysTimer.o
LOAD build/exosd.o
LOAD build/TOA_Protocol.o
LOAD build/etc_eep.o
LOAD build/startup_stm32f103xb.o
LOAD /home/ryan/xun/gcc-arm-none-eabi-7-2018-q2-update/bin/../lib/gcc/arm-none-eabi/7.3.1/../../../../arm-none-eabi/lib/thumb/v7-m/libc_nano.a
LOAD /home/ryan/xun/gcc-arm-none-eabi-7-2018-q2-update/bin/../lib/gcc/arm-none-eabi/7.3.1/../../../../arm-none-eabi/lib/thumb/v7-m/libm.a
LOAD /home/ryan/xun/gcc-arm-none-eabi-7-2018-q2-update/bin/../lib/gcc/arm-none-eabi/7.3.1/../../../../arm-none-eabi/lib/thumb/v7-m/libnosys.a
LOAD ./Lib/libite66121dvi.a
LOAD ./Lib/libsw_i2c0.a
LOAD ./Lib/libsw_i2c1.a
LOAD ./Lib/libsw_i2c2.a
LOAD ./Lib/libsw_i2c3.a
LOAD ./Lib/libVS4210.a
LOAD ./Lib/libit6602.a
START GROUP
LOAD /home/ryan/xun/gcc-arm-none-eabi-7-2018-q2-update/bin/../lib/gcc/arm-none-eabi/7.3.1/thumb/v7-m/libgcc.a
LOAD /home/ryan/xun/gcc-arm-none-eabi-7-2018-q2-update/bin/../lib/gcc/arm-none-eabi/7.3.1/../../../../arm-none-eabi/lib/thumb/v7-m/libc_nano.a
END GROUP
START GROUP
LOAD /home/ryan/xun/gcc-arm-none-eabi-7-2018-q2-update/bin/../lib/gcc/arm-none-eabi/7.3.1/thumb/v7-m/libgcc.a
LOAD /home/ryan/xun/gcc-arm-none-eabi-7-2018-q2-update/bin/../lib/gcc/arm-none-eabi/7.3.1/../../../../arm-none-eabi/lib/thumb/v7-m/libc_nano.a
END GROUP
LOAD /home/ryan/xun/gcc-arm-none-eabi-7-2018-q2-update/bin/../lib/gcc/arm-none-eabi/7.3.1/thumb/v7-m/crtend.o
LOAD /home/ryan/xun/gcc-arm-none-eabi-7-2018-q2-update/bin/../lib/gcc/arm-none-eabi/7.3.1/thumb/v7-m/crtn.o
                0x0000000020005000                _estack = 0x20005000
                0x0000000000000200                _Min_Heap_Size = 0x200
                0x0000000000000400                _Min_Stack_Size = 0x400

.isr_vector     0x0000000008000000      0x10c
                0x0000000008000000                . = ALIGN (0x4)
 *(.isr_vector)
 .isr_vector    0x0000000008000000      0x10c build/startup_stm32f103xb.o
                0x0000000008000000                g_pfnVectors
                0x000000000800010c                . = ALIGN (0x4)

.text           0x000000000800010c    0x11e28
                0x000000000800010c                . = ALIGN (0x4)
 *(.text)
 .text          0x000000000800010c       0x40 /home/ryan/xun/gcc-arm-none-eabi-7-2018-q2-update/bin/../lib/gcc/arm-none-eabi/7.3.1/thumb/v7-m/crtbegin.o
 .text          0x000000000800014c       0x24 /home/ryan/xun/gcc-arm-none-eabi-7-2018-q2-update/bin/../lib/gcc/arm-none-eabi/7.3.1/thumb/v7-m/libgcc.a(_udivsi3.o)
                0x000000000800014c                __udivsi3
                0x000000000800014c                __aeabi_uidiv
                0x0000000008000160                __aeabi_uidivmod
 .text          0x0000000008000170       0x2c /home/ryan/xun/gcc-arm-none-eabi-7-2018-q2-update/bin/../lib/gcc/arm-none-eabi/7.3.1/thumb/v7-m/libgcc.a(_divsi3.o)
                0x0000000008000170                __aeabi_idiv
                0x0000000008000170                __divsi3
                0x000000000800018c                __aeabi_idivmod
 .text          0x000000000800019c        0x4 /home/ryan/xun/gcc-arm-none-eabi-7-2018-q2-update/bin/../lib/gcc/arm-none-eabi/7.3.1/thumb/v7-m/libgcc.a(_dvmd_tls.o)
                0x000000000800019c                __aeabi_ldiv0
                0x000000000800019c                __aeabi_idiv0
 *(.text*)
 .text.MX_GPIO_Init
                0x00000000080001a0       0xd8 build/main.o
 .text.MX_TIM3_Init
                0x0000000008000278       0x54 build/main.o
 .text.MX_USART1_UART_Init
                0x00000000080002cc       0x2c build/main.o
 .text.MX_USART2_UART_Init
                0x00000000080002f8       0x2c build/main.o
 .text.HDMI_AudioModeDetect
                0x0000000008000324       0x60 build/main.o
 .text._write   0x0000000008000384       0x34 build/main.o
                0x0000000008000384                _write
 .text.Audio_Sel
                0x00000000080003b8      0x184 build/main.o
                0x00000000080003b8                Audio_Sel
 .text.SET_Audio_Mute
                0x000000000800053c       0x30 build/main.o
                0x000000000800053c                SET_Audio_Mute
 .text.HDMI_VideoModeDetect
                0x000000000800056c      0x21c build/main.o
 .text.InitialTimerEvent
                0x0000000008000788       0x12 build/main.o
                0x0000000008000788                InitialTimerEvent
 *fill*         0x000000000800079a        0x2 
 .text.main_init
                0x000000000800079c       0x84 build/main.o
                0x000000000800079c                main_init
 .text.user_pwm_setvalue
                0x0000000008000820       0x2c build/main.o
                0x0000000008000820                user_pwm_setvalue
 .text.VS4210_FULL88init2
                0x000000000800084c       0x20 build/main.o
                0x000000000800084c                VS4210_FULL88init2
 .text.TP_bt1120_1080P_1080P_mode0_w0
                0x000000000800086c       0x18 build/main.o
                0x000000000800086c                TP_bt1120_1080P_1080P_mode0_w0
 .text.TP_bt1120_720P_1080P_mode0_w0
                0x0000000008000884       0x20 build/main.o
                0x0000000008000884                TP_bt1120_720P_1080P_mode0_w0
 .text.TP_bt1120_NTSC_1080P_mode0_w0
                0x00000000080008a4       0x18 build/main.o
                0x00000000080008a4                TP_bt1120_NTSC_1080P_mode0_w0
 .text.TP_bt1120_PAL_1080P_mode0_w0
                0x00000000080008bc       0x18 build/main.o
                0x00000000080008bc                TP_bt1120_PAL_1080P_mode0_w0
 .text.SET_VS4210_720_480_out
                0x00000000080008d4      0x784 build/main.o
                0x00000000080008d4                SET_VS4210_720_480_out
 .text.SystemClock_Config
                0x0000000008001058       0x4c build/main.o
                0x0000000008001058                SystemClock_Config
 .text.HAL_TIM_PeriodElapsedCallback
                0x00000000080010a4       0x8c build/main.o
                0x00000000080010a4                HAL_TIM_PeriodElapsedCallback
 .text.HAL_UART_RxCpltCallback
                0x0000000008001130       0x90 build/main.o
                0x0000000008001130                HAL_UART_RxCpltCallback
 .text.HAL_GPIO_EXTI_Callback
                0x00000000080011c0        0x2 build/main.o
                0x00000000080011c0                HAL_GPIO_EXTI_Callback
 *fill*         0x00000000080011c2        0x2 
 .text.HS_Select_Win
                0x00000000080011c4      0x12c build/main.o
                0x00000000080011c4                HS_Select_Win
 .text.main_loop
                0x00000000080012f0      0x1c4 build/main.o
                0x00000000080012f0                main_loop
 .text.main     0x00000000080014b4      0x204 build/main.o
                0x00000000080014b4                main
 .text.NMI_Handler
                0x00000000080016b8        0x2 build/stm32f1xx_it.o
                0x00000000080016b8                NMI_Handler
 .text.HardFault_Handler
                0x00000000080016ba        0x2 build/stm32f1xx_it.o
                0x00000000080016ba                HardFault_Handler
 .text.MemManage_Handler
                0x00000000080016bc        0x2 build/stm32f1xx_it.o
                0x00000000080016bc                MemManage_Handler
 .text.BusFault_Handler
                0x00000000080016be        0x2 build/stm32f1xx_it.o
                0x00000000080016be                BusFault_Handler
 .text.UsageFault_Handler
                0x00000000080016c0        0x2 build/stm32f1xx_it.o
                0x00000000080016c0                UsageFault_Handler
 .text.SVC_Handler
                0x00000000080016c2        0x2 build/stm32f1xx_it.o
                0x00000000080016c2                SVC_Handler
 .text.DebugMon_Handler
                0x00000000080016c4        0x2 build/stm32f1xx_it.o
                0x00000000080016c4                DebugMon_Handler
 .text.PendSV_Handler
                0x00000000080016c6        0x2 build/stm32f1xx_it.o
                0x00000000080016c6                PendSV_Handler
 .text.SysTick_Handler
                0x00000000080016c8        0x8 build/stm32f1xx_it.o
                0x00000000080016c8                SysTick_Handler
 .text.EXTI2_IRQHandler
                0x00000000080016d0        0xa build/stm32f1xx_it.o
                0x00000000080016d0                EXTI2_IRQHandler
 *fill*         0x00000000080016da        0x2 
 .text.TIM3_IRQHandler
                0x00000000080016dc       0x10 build/stm32f1xx_it.o
                0x00000000080016dc                TIM3_IRQHandler
 .text.USART1_IRQHandler
                0x00000000080016ec       0x10 build/stm32f1xx_it.o
                0x00000000080016ec                USART1_IRQHandler
 .text.USART2_IRQHandler
                0x00000000080016fc       0x10 build/stm32f1xx_it.o
                0x00000000080016fc                USART2_IRQHandler
 .text.HAL_MspInit
                0x000000000800170c       0x44 build/stm32f1xx_hal_msp.o
                0x000000000800170c                HAL_MspInit
 .text.HAL_TIM_Base_MspInit
                0x0000000008001750       0x40 build/stm32f1xx_hal_msp.o
                0x0000000008001750                HAL_TIM_Base_MspInit
 .text.HAL_UART_MspInit
                0x0000000008001790       0xf8 build/stm32f1xx_hal_msp.o
                0x0000000008001790                HAL_UART_MspInit
 .text.TIM_OC1_SetConfig
                0x0000000008001888       0x5c build/stm32f1xx_hal_tim.o
 .text.TIM_OC3_SetConfig
                0x00000000080018e4       0x64 build/stm32f1xx_hal_tim.o
 .text.TIM_OC4_SetConfig
                0x0000000008001948       0x48 build/stm32f1xx_hal_tim.o
 .text.TIM_TI1_ConfigInputStage
                0x0000000008001990       0x24 build/stm32f1xx_hal_tim.o
 .text.TIM_TI2_ConfigInputStage
                0x00000000080019b4       0x26 build/stm32f1xx_hal_tim.o
 .text.TIM_ITRx_SetConfig
                0x00000000080019da       0x10 build/stm32f1xx_hal_tim.o
 .text.HAL_TIM_Base_Start_IT
                0x00000000080019ea       0x22 build/stm32f1xx_hal_tim.o
                0x00000000080019ea                HAL_TIM_Base_Start_IT
 .text.HAL_TIM_OC_DelayElapsedCallback
                0x0000000008001a0c        0x2 build/stm32f1xx_hal_tim.o
                0x0000000008001a0c                HAL_TIM_OC_DelayElapsedCallback
 .text.HAL_TIM_IC_CaptureCallback
                0x0000000008001a0e        0x2 build/stm32f1xx_hal_tim.o
                0x0000000008001a0e                HAL_TIM_IC_CaptureCallback
 .text.HAL_TIM_PWM_PulseFinishedCallback
                0x0000000008001a10        0x2 build/stm32f1xx_hal_tim.o
                0x0000000008001a10                HAL_TIM_PWM_PulseFinishedCallback
 .text.HAL_TIM_TriggerCallback
                0x0000000008001a12        0x2 build/stm32f1xx_hal_tim.o
                0x0000000008001a12                HAL_TIM_TriggerCallback
 .text.HAL_TIM_IRQHandler
                0x0000000008001a14      0x17a build/stm32f1xx_hal_tim.o
                0x0000000008001a14                HAL_TIM_IRQHandler
 *fill*         0x0000000008001b8e        0x2 
 .text.TIM_Base_SetConfig
                0x0000000008001b90       0x74 build/stm32f1xx_hal_tim.o
                0x0000000008001b90                TIM_Base_SetConfig
 .text.HAL_TIM_Base_Init
                0x0000000008001c04       0x32 build/stm32f1xx_hal_tim.o
                0x0000000008001c04                HAL_TIM_Base_Init
 *fill*         0x0000000008001c36        0x2 
 .text.TIM_OC2_SetConfig
                0x0000000008001c38       0x64 build/stm32f1xx_hal_tim.o
                0x0000000008001c38                TIM_OC2_SetConfig
 .text.HAL_TIM_PWM_ConfigChannel
                0x0000000008001c9c       0xdc build/stm32f1xx_hal_tim.o
                0x0000000008001c9c                HAL_TIM_PWM_ConfigChannel
 .text.TIM_ETR_SetConfig
                0x0000000008001d78       0x16 build/stm32f1xx_hal_tim.o
                0x0000000008001d78                TIM_ETR_SetConfig
 .text.HAL_TIM_ConfigClockSource
                0x0000000008001d8e       0xda build/stm32f1xx_hal_tim.o
                0x0000000008001d8e                HAL_TIM_ConfigClockSource
 .text.TIM_CCxChannelCmd
                0x0000000008001e68       0x20 build/stm32f1xx_hal_tim.o
                0x0000000008001e68                TIM_CCxChannelCmd
 .text.HAL_TIM_PWM_Start
                0x0000000008001e88       0x3c build/stm32f1xx_hal_tim.o
                0x0000000008001e88                HAL_TIM_PWM_Start
 .text.HAL_TIMEx_MasterConfigSynchronization
                0x0000000008001ec4       0x46 build/stm32f1xx_hal_tim_ex.o
                0x0000000008001ec4                HAL_TIMEx_MasterConfigSynchronization
 .text.HAL_TIMEx_CommutCallback
                0x0000000008001f0a        0x2 build/stm32f1xx_hal_tim_ex.o
                0x0000000008001f0a                HAL_TIMEx_CommutCallback
 .text.HAL_TIMEx_BreakCallback
                0x0000000008001f0c        0x2 build/stm32f1xx_hal_tim_ex.o
                0x0000000008001f0c                HAL_TIMEx_BreakCallback
 .text.UART_EndRxTransfer
                0x0000000008001f0e       0x1c build/stm32f1xx_hal_uart.o
 .text.UART_Transmit_IT
                0x0000000008001f2a       0x68 build/stm32f1xx_hal_uart.o
 *fill*         0x0000000008001f92        0x2 
 .text.UART_SetConfig
                0x0000000008001f94       0xcc build/stm32f1xx_hal_uart.o
 .text.UART_WaitOnFlagUntilTimeout
                0x0000000008002060       0x62 build/stm32f1xx_hal_uart.o
 .text.HAL_UART_Init
                0x00000000080020c2       0x5e build/stm32f1xx_hal_uart.o
                0x00000000080020c2                HAL_UART_Init
 .text.HAL_UART_Transmit
                0x0000000008002120       0xe0 build/stm32f1xx_hal_uart.o
                0x0000000008002120                HAL_UART_Transmit
 .text.HAL_UART_Receive_IT
                0x0000000008002200       0x5c build/stm32f1xx_hal_uart.o
                0x0000000008002200                HAL_UART_Receive_IT
 .text.HAL_UART_TxCpltCallback
                0x000000000800225c        0x2 build/stm32f1xx_hal_uart.o
                0x000000000800225c                HAL_UART_TxCpltCallback
 .text.UART_EndTransmit_IT
                0x000000000800225e       0x1a build/stm32f1xx_hal_uart.o
 .text.UART_Receive_IT
                0x0000000008002278       0x9c build/stm32f1xx_hal_uart.o
 .text.HAL_UART_ErrorCallback
                0x0000000008002314        0x2 build/stm32f1xx_hal_uart.o
                0x0000000008002314                HAL_UART_ErrorCallback
 *fill*         0x0000000008002316        0x2 
 .text.HAL_UART_IRQHandler
                0x0000000008002318      0x120 build/stm32f1xx_hal_uart.o
                0x0000000008002318                HAL_UART_IRQHandler
 .text.UART_DMAAbortOnError
                0x0000000008002438       0x10 build/stm32f1xx_hal_uart.o
 .text.HAL_InitTick
                0x0000000008002448       0x4c build/stm32f1xx_hal.o
                0x0000000008002448                HAL_InitTick
 .text.HAL_Init
                0x0000000008002494       0x24 build/stm32f1xx_hal.o
                0x0000000008002494                HAL_Init
 .text.HAL_IncTick
                0x00000000080024b8       0x18 build/stm32f1xx_hal.o
                0x00000000080024b8                HAL_IncTick
 .text.HAL_GetTick
                0x00000000080024d0        0xc build/stm32f1xx_hal.o
                0x00000000080024d0                HAL_GetTick
 .text.HAL_Delay
                0x00000000080024dc       0x28 build/stm32f1xx_hal.o
                0x00000000080024dc                HAL_Delay
 .text.RCC_Delay
                0x0000000008002504       0x2c build/stm32f1xx_hal_rcc.o
 .text.HAL_RCC_OscConfig
                0x0000000008002530      0x410 build/stm32f1xx_hal_rcc.o
                0x0000000008002530                HAL_RCC_OscConfig
 .text.HAL_RCC_GetSysClockFreq
                0x0000000008002940       0x70 build/stm32f1xx_hal_rcc.o
                0x0000000008002940                HAL_RCC_GetSysClockFreq
 .text.HAL_RCC_ClockConfig
                0x00000000080029b0      0x168 build/stm32f1xx_hal_rcc.o
                0x00000000080029b0                HAL_RCC_ClockConfig
 .text.HAL_RCC_GetHCLKFreq
                0x0000000008002b18        0xc build/stm32f1xx_hal_rcc.o
                0x0000000008002b18                HAL_RCC_GetHCLKFreq
 .text.HAL_RCC_GetPCLK1Freq
                0x0000000008002b24       0x20 build/stm32f1xx_hal_rcc.o
                0x0000000008002b24                HAL_RCC_GetPCLK1Freq
 .text.HAL_RCC_GetPCLK2Freq
                0x0000000008002b44       0x20 build/stm32f1xx_hal_rcc.o
                0x0000000008002b44                HAL_RCC_GetPCLK2Freq
 .text.HAL_GPIO_Init
                0x0000000008002b64      0x1d8 build/stm32f1xx_hal_gpio.o
                0x0000000008002b64                HAL_GPIO_Init
 .text.HAL_GPIO_ReadPin
                0x0000000008002d3c        0xe build/stm32f1xx_hal_gpio.o
                0x0000000008002d3c                HAL_GPIO_ReadPin
 .text.HAL_GPIO_WritePin
                0x0000000008002d4a        0xc build/stm32f1xx_hal_gpio.o
                0x0000000008002d4a                HAL_GPIO_WritePin
 *fill*         0x0000000008002d56        0x2 
 .text.HAL_GPIO_EXTI_IRQHandler
                0x0000000008002d58       0x1c build/stm32f1xx_hal_gpio.o
                0x0000000008002d58                HAL_GPIO_EXTI_IRQHandler
 .text.HAL_DMA_Abort_IT
                0x0000000008002d74       0x98 build/stm32f1xx_hal_dma.o
                0x0000000008002d74                HAL_DMA_Abort_IT
 .text.HAL_NVIC_SetPriorityGrouping
                0x0000000008002e0c       0x24 build/stm32f1xx_hal_cortex.o
                0x0000000008002e0c                HAL_NVIC_SetPriorityGrouping
 .text.HAL_NVIC_SetPriority
                0x0000000008002e30       0x68 build/stm32f1xx_hal_cortex.o
                0x0000000008002e30                HAL_NVIC_SetPriority
 .text.HAL_NVIC_EnableIRQ
                0x0000000008002e98       0x1c build/stm32f1xx_hal_cortex.o
                0x0000000008002e98                HAL_NVIC_EnableIRQ
 .text.HAL_SYSTICK_Config
                0x0000000008002eb4       0x2c build/stm32f1xx_hal_cortex.o
                0x0000000008002eb4                HAL_SYSTICK_Config
 .text.SystemInit
                0x0000000008002ee0       0x4c build/system_stm32f1xx.o
                0x0000000008002ee0                SystemInit
 .text.msleep   0x0000000008002f2c       0x14 build/VX_swi2c.o
                0x0000000008002f2c                msleep
 .text.delayTX1ms
                0x0000000008002f40        0x8 build/VX_swi2c.o
                0x0000000008002f40                delayTX1ms
 .text.VXISI2CRead
                0x0000000008002f48       0x14 build/VX_swi2c.o
                0x0000000008002f48                VXISI2CRead
 .text.VXISI2CWrite
                0x0000000008002f5c       0x18 build/VX_swi2c.o
                0x0000000008002f5c                VXISI2CWrite
 .text.VS8812Read
                0x0000000008002f74       0x14 build/VX_swi2c.o
                0x0000000008002f74                VS8812Read
 .text.VS8812Write
                0x0000000008002f88       0x18 build/VX_swi2c.o
                0x0000000008002f88                VS8812Write
 .text.ReadEEP  0x0000000008002fa0        0x8 build/VX_swi2c.o
                0x0000000008002fa0                ReadEEP
 .text.WriteEEP
                0x0000000008002fa8        0x8 build/VX_swi2c.o
                0x0000000008002fa8                WriteEEP
 .text.I2CMultiWrite
                0x0000000008002fb0        0xe build/VX_swi2c.o
                0x0000000008002fb0                I2CMultiWrite
 .text.I2CMultiAttribute
                0x0000000008002fbe       0x22 build/VX_swi2c.o
                0x0000000008002fbe                I2CMultiAttribute
 .text.delay    0x0000000008002fe0       0x18 build/VX_swi2c.o
                0x0000000008002fe0                delay
 .text.tp28xx_byte_read
                0x0000000008002ff8       0x14 build/VX_swi2c.o
                0x0000000008002ff8                tp28xx_byte_read
 .text.tp28xx_byte_write
                0x000000000800300c       0x14 build/VX_swi2c.o
                0x000000000800300c                tp28xx_byte_write
 .text.delay1ms
                0x0000000008003020        0x8 build/VX_swi2c.o
                0x0000000008003020                delay1ms
 .text.GET_ALC122
                0x0000000008003028        0xc build/VX_swi2c.o
                0x0000000008003028                GET_ALC122
 .text.SET_ALC122
                0x0000000008003034        0xe build/VX_swi2c.o
                0x0000000008003034                SET_ALC122
 .text.SetOsdStartAddress
                0x0000000008003042       0x2c build/VX_OSD.o
                0x0000000008003042                SetOsdStartAddress
 .text.SetOsdSize
                0x000000000800306e       0xec build/VX_OSD.o
                0x000000000800306e                SetOsdSize
 .text.SetOsdPosition
                0x000000000800315a       0x72 build/VX_OSD.o
                0x000000000800315a                SetOsdPosition
 .text.OsdDumpString
                0x00000000080031cc       0x30 build/VX_OSD.o
                0x00000000080031cc                OsdDumpString
 .text.OsdDumpAttribute
                0x00000000080031fc       0x34 build/VX_OSD.o
                0x00000000080031fc                OsdDumpAttribute
 .text.VXIS_fSetOsdOnOff
                0x0000000008003230       0x5a build/VX_OSD.o
                0x0000000008003230                VXIS_fSetOsdOnOff
 .text.VXIS_fSetOsdx2
                0x000000000800328a       0x20 build/VX_OSD.o
                0x000000000800328a                VXIS_fSetOsdx2
 .text.setTransParentIndex
                0x00000000080032aa       0x24 build/VX_OSD.o
                0x00000000080032aa                setTransParentIndex
 *fill*         0x00000000080032ce        0x2 
 .text.GetconvertBarStr
                0x00000000080032d0      0x124 build/VX_OSD_Simple.o
 .text.VX_Write_OSD_In_OutString
                0x00000000080033f4      0x590 build/VX_OSD_Simple.o
 .text.VXIS_fShowInOutMode
                0x0000000008003984       0xd0 build/VX_OSD_Simple.o
                0x0000000008003984                VXIS_fShowInOutMode
 .text.VXIS_fShowInOutMode0Fast
                0x0000000008003a54       0x70 build/VX_OSD_Simple.o
                0x0000000008003a54                VXIS_fShowInOutMode0Fast
 .text.OSD_Clear
                0x0000000008003ac4       0xa8 build/VX_OSD_Simple.o
                0x0000000008003ac4                OSD_Clear
 .text.OSD_Clear_4
                0x0000000008003b6c        0xa build/VX_OSD_Simple.o
                0x0000000008003b6c                OSD_Clear_4
 .text.OSD_Clear_34
                0x0000000008003b76       0x16 build/VX_OSD_Simple.o
                0x0000000008003b76                OSD_Clear_34
 .text.OSD_Clear_234
                0x0000000008003b8c       0x16 build/VX_OSD_Simple.o
                0x0000000008003b8c                OSD_Clear_234
 .text.OSD_Clear_All
                0x0000000008003ba2       0x16 build/VX_OSD_Simple.o
                0x0000000008003ba2                OSD_Clear_All
 .text.osd_cont_write
                0x0000000008003bb8       0x30 build/VX_OSD_Simple.o
                0x0000000008003bb8                osd_cont_write
 .text.VXOSD_UseFont_init
                0x0000000008003be8       0x40 build/VX_OSD_Simple.o
                0x0000000008003be8                VXOSD_UseFont_init
 .text.Set_Video_Loss_OSD
                0x0000000008003c28       0x8c build/VX_OSD_Simple.o
                0x0000000008003c28                Set_Video_Loss_OSD
 .text.tp2824_reset_default
                0x0000000008003cb4        0xc build/TP2802.o
 .text.tp28xx_SYSCLK_V1
                0x0000000008003cc0       0x2c build/TP2802.o
 .text.tp28xx_SYSCLK_V2
                0x0000000008003cec       0x30 build/TP2802.o
 .text.tp2853C_reset_default
                0x0000000008003d1c       0x34 build/TP2802.o
 .text.TP28xx_reset_default
                0x0000000008003d50       0x26 build/TP2802.o
 .text.I2CDeviceSet1
                0x0000000008003d76       0x1c build/TP2802.o
                0x0000000008003d76                I2CDeviceSet1
 .text.I2CDeviceSet2
                0x0000000008003d92       0x20 build/TP2802.o
                0x0000000008003d92                I2CDeviceSet2
 .text.SetRegPage
                0x0000000008003db2        0xc build/TP2802.o
                0x0000000008003db2                SetRegPage
 *fill*         0x0000000008003dbe        0x2 
 .text.Set_VidRes
                0x0000000008003dc0      0x2e8 build/TP2802.o
                0x0000000008003dc0                Set_VidRes
 .text.Set_HDA  0x00000000080040a8       0xb8 build/TP2802.o
                0x00000000080040a8                Set_HDA
 .text.Set_HDC  0x0000000008004160       0xb0 build/TP2802.o
                0x0000000008004160                Set_HDC
 .text.ManualAGC
                0x0000000008004210       0x68 build/TP2802.o
                0x0000000008004210                ManualAGC
 .text.ReadGain
                0x0000000008004278       0x12 build/TP2802.o
                0x0000000008004278                ReadGain
 .text.SetCGain
                0x000000000800428a       0xa0 build/TP2802.o
                0x000000000800428a                SetCGain
 .text.Set_PLL_StartUp
                0x000000000800432a       0x22 build/TP2802.o
                0x000000000800432a                Set_PLL_StartUp
 .text.Init_TP280x_RegSet
                0x000000000800434c      0x1f8 build/TP2802.o
                0x000000000800434c                Init_TP280x_RegSet
 .text.AHDBitsReverse
                0x0000000008004544       0x50 build/TP2802.o
                0x0000000008004544                AHDBitsReverse
 .text.TVICommandToAHData
                0x0000000008004594      0x1d4 build/TP2802.o
                0x0000000008004594                TVICommandToAHData
 .text.Get_2824cIrq
                0x0000000008004768      0x7e4 build/TP2802.o
                0x0000000008004768                Get_2824cIrq
 .text.COC_test
                0x0000000008004f4c       0x34 build/TP2802.o
                0x0000000008004f4c                COC_test
 .text.Init_COC_PTZOUT1
                0x0000000008004f80      0x118 build/TP2802.o
                0x0000000008004f80                Init_COC_PTZOUT1
 .text.EQ_Detect
                0x0000000008005098      0x8a4 build/TP2802.o
                0x0000000008005098                EQ_Detect
 .text.RS_ready
                0x000000000800593c       0x1c build/monitor.o
                0x000000000800593c                RS_ready
 .text.RS2_ready
                0x0000000008005958       0x1c build/monitor.o
                0x0000000008005958                RS2_ready
 .text.RS_rx    0x0000000008005974       0x24 build/monitor.o
                0x0000000008005974                RS_rx
 .text.RS2_rx   0x0000000008005998       0x24 build/monitor.o
                0x0000000008005998                RS2_rx
 .text.RS_tx    0x00000000080059bc       0x20 build/monitor.o
                0x00000000080059bc                RS_tx
 .text.RS2_tx   0x00000000080059dc       0x20 build/monitor.o
                0x00000000080059dc                RS2_tx
 .text.Prompt   0x00000000080059fc       0x90 build/monitor.o
                0x00000000080059fc                Prompt
 .text.Mon_tx   0x0000000008005a8c        0x8 build/monitor.o
                0x0000000008005a8c                Mon_tx
 .text.Asc1Bin  0x0000000008005a94       0x34 build/monitor.o
                0x0000000008005a94                Asc1Bin
 .text.Asc2Bin  0x0000000008005ac8       0x1e build/monitor.o
                0x0000000008005ac8                Asc2Bin
 .text.hs_toupper
                0x0000000008005ae6       0x10 build/monitor.o
                0x0000000008005ae6                hs_toupper
 .text.stricmp  0x0000000008005af6       0x24 build/monitor.o
                0x0000000008005af6                stricmp
 .text.MonIncDecI2C
                0x0000000008005b1a        0x8 build/monitor.o
                0x0000000008005b1a                MonIncDecI2C
 *fill*         0x0000000008005b22        0x2 
 .text.MonHelp  0x0000000008005b24       0xd0 build/monitor.o
                0x0000000008005b24                MonHelp
 .text.MonGetCommand
                0x0000000008005bf4      0x284 build/monitor.o
                0x0000000008005bf4                MonGetCommand
 .text.SET_AHD_SYNC_PARA
                0x0000000008005e78      0x158 build/monitor.o
                0x0000000008005e78                SET_AHD_SYNC_PARA
 .text.SET_HDMI_640_480P_PARA
                0x0000000008005fd0      0x784 build/monitor.o
                0x0000000008005fd0                SET_HDMI_640_480P_PARA
 .text.SET_HDMI_SYNC_PARA
                0x0000000008006754       0x10 build/monitor.o
                0x0000000008006754                SET_HDMI_SYNC_PARA
 .text.Monitor  0x0000000008006764      0xd04 build/monitor.o
                0x0000000008006764                Monitor
 .text.DoPrint  0x0000000008007468      0x24c build/Printf.o
                0x0000000008007468                DoPrint
 .text.Printf   0x00000000080076b4       0x1c build/Printf.o
                0x00000000080076b4                Printf
 .text.DEBUG_MESSAGE
                0x00000000080076d0       0x1c build/Printf.o
                0x00000000080076d0                DEBUG_MESSAGE
 .text.GraphicsPrint
                0x00000000080076ec       0x40 build/Printf.o
                0x00000000080076ec                GraphicsPrint
 .text.MCUTimerGetEventTime
                0x000000000800772c       0x10 build/SysTimer.o
                0x000000000800772c                MCUTimerGetEventTime
 .text.MCUTimerGetEventID
                0x000000000800773c       0x10 build/SysTimer.o
                0x000000000800773c                MCUTimerGetEventID
 .text.MCUTimerClrEventValid
                0x000000000800774c       0x14 build/SysTimer.o
                0x000000000800774c                MCUTimerClrEventValid
 .text.MCUTimerCheckEventValid
                0x0000000008007760       0x10 build/SysTimer.o
                0x0000000008007760                MCUTimerCheckEventValid
 .text.MCUTimerGetTimerCounter
                0x0000000008007770       0x1c build/SysTimer.o
                0x0000000008007770                MCUTimerGetTimerCounter
 .text.MCUTimerCheckTimerEvent
                0x000000000800778c       0x6c build/SysTimer.o
                0x000000000800778c                MCUTimerCheckTimerEvent
 .text.MCUTimerInitialTimerEvent
                0x00000000080077f8       0x20 build/SysTimer.o
                0x00000000080077f8                MCUTimerInitialTimerEvent
 .text.MCUTimerActiveTimerEvent
                0x0000000008007818       0x74 build/SysTimer.o
                0x0000000008007818                MCUTimerActiveTimerEvent
 .text.MCUTimerReactiveTimerEvent
                0x000000000800788c       0x78 build/SysTimer.o
                0x000000000800788c                MCUTimerReactiveTimerEvent
 .text.ShowWorkingTimer
                0x0000000008007904       0x84 build/SysTimer.o
                0x0000000008007904                ShowWorkingTimer
 .text.SysTimerEventProc
                0x0000000008007988      0x1d4 build/SysTimer.o
                0x0000000008007988                SysTimerEventProc
 .text.SysTimerHandler
                0x0000000008007b5c       0x44 build/SysTimer.o
                0x0000000008007b5c                SysTimerHandler
 .text.TOAReceivePaser
                0x0000000008007ba0      0x5b0 build/TOA_Protocol.o
                0x0000000008007ba0                TOAReceivePaser
 .text.GetFWRevEE
                0x0000000008008150       0x4c build/etc_eep.o
                0x0000000008008150                GetFWRevEE
 .text.SaveFWRevEE
                0x000000000800819c       0x38 build/etc_eep.o
                0x000000000800819c                SaveFWRevEE
 .text.ResetOSDValue
                0x00000000080081d4       0x10 build/etc_eep.o
                0x00000000080081d4                ResetOSDValue
 .text.ClearBasicEE
                0x00000000080081e4       0x24 build/etc_eep.o
                0x00000000080081e4                ClearBasicEE
 .text.Reset_Handler
                0x0000000008008208       0x48 build/startup_stm32f103xb.o
                0x0000000008008208                Reset_Handler
 .text.Default_Handler
                0x0000000008008250        0x2 build/startup_stm32f103xb.o
                0x0000000008008250                RTC_Alarm_IRQHandler
                0x0000000008008250                TIM1_CC_IRQHandler
                0x0000000008008250                PVD_IRQHandler
                0x0000000008008250                EXTI3_IRQHandler
                0x0000000008008250                EXTI0_IRQHandler
                0x0000000008008250                I2C2_EV_IRQHandler
                0x0000000008008250                ADC1_2_IRQHandler
                0x0000000008008250                SPI1_IRQHandler
                0x0000000008008250                TAMPER_IRQHandler
                0x0000000008008250                DMA1_Channel4_IRQHandler
                0x0000000008008250                USART3_IRQHandler
                0x0000000008008250                RTC_IRQHandler
                0x0000000008008250                DMA1_Channel7_IRQHandler
                0x0000000008008250                CAN1_RX1_IRQHandler
                0x0000000008008250                TIM4_IRQHandler
                0x0000000008008250                I2C1_EV_IRQHandler
                0x0000000008008250                DMA1_Channel6_IRQHandler
                0x0000000008008250                RCC_IRQHandler
                0x0000000008008250                TIM1_TRG_COM_IRQHandler
                0x0000000008008250                DMA1_Channel1_IRQHandler
                0x0000000008008250                Default_Handler
                0x0000000008008250                EXTI15_10_IRQHandler
                0x0000000008008250                EXTI9_5_IRQHandler
                0x0000000008008250                SPI2_IRQHandler
                0x0000000008008250                DMA1_Channel5_IRQHandler
                0x0000000008008250                EXTI4_IRQHandler
                0x0000000008008250                USB_LP_CAN1_RX0_IRQHandler
                0x0000000008008250                USB_HP_CAN1_TX_IRQHandler
                0x0000000008008250                DMA1_Channel3_IRQHandler
                0x0000000008008250                TIM1_UP_IRQHandler
                0x0000000008008250                WWDG_IRQHandler
                0x0000000008008250                TIM2_IRQHandler
                0x0000000008008250                TIM1_BRK_IRQHandler
                0x0000000008008250                EXTI1_IRQHandler
                0x0000000008008250                I2C2_ER_IRQHandler
                0x0000000008008250                DMA1_Channel2_IRQHandler
                0x0000000008008250                CAN1_SCE_IRQHandler
                0x0000000008008250                FLASH_IRQHandler
                0x0000000008008250                I2C1_ER_IRQHandler
                0x0000000008008250                USBWakeUp_IRQHandler
 *fill*         0x0000000008008252        0x2 
 .text.__errno  0x0000000008008254        0xc /home/ryan/xun/gcc-arm-none-eabi-7-2018-q2-update/bin/../lib/gcc/arm-none-eabi/7.3.1/../../../../arm-none-eabi/lib/thumb/v7-m/libc_nano.a(lib_a-errno.o)
                0x0000000008008254                __errno
 .text.__libc_init_array
                0x0000000008008260       0x48 /home/ryan/xun/gcc-arm-none-eabi-7-2018-q2-update/bin/../lib/gcc/arm-none-eabi/7.3.1/../../../../arm-none-eabi/lib/thumb/v7-m/libc_nano.a(lib_a-init.o)
                0x0000000008008260                __libc_init_array
 .text.memcpy   0x00000000080082a8       0x16 /home/ryan/xun/gcc-arm-none-eabi-7-2018-q2-update/bin/../lib/gcc/arm-none-eabi/7.3.1/../../../../arm-none-eabi/lib/thumb/v7-m/libc_nano.a(lib_a-memcpy-stub.o)
                0x00000000080082a8                memcpy
 .text.memset   0x00000000080082be       0x10 /home/ryan/xun/gcc-arm-none-eabi-7-2018-q2-update/bin/../lib/gcc/arm-none-eabi/7.3.1/../../../../arm-none-eabi/lib/thumb/v7-m/libc_nano.a(lib_a-memset.o)
                0x00000000080082be                memset
 *fill*         0x00000000080082ce        0x2 
 .text.printf   0x00000000080082d0       0x30 /home/ryan/xun/gcc-arm-none-eabi-7-2018-q2-update/bin/../lib/gcc/arm-none-eabi/7.3.1/../../../../arm-none-eabi/lib/thumb/v7-m/libc_nano.a(lib_a-printf.o)
                0x00000000080082d0                printf
                0x00000000080082d0                iprintf
 .text._puts_r  0x0000000008008300       0xb8 /home/ryan/xun/gcc-arm-none-eabi-7-2018-q2-update/bin/../lib/gcc/arm-none-eabi/7.3.1/../../../../arm-none-eabi/lib/thumb/v7-m/libc_nano.a(lib_a-puts.o)
                0x0000000008008300                _puts_r
 .text.puts     0x00000000080083b8       0x10 /home/ryan/xun/gcc-arm-none-eabi-7-2018-q2-update/bin/../lib/gcc/arm-none-eabi/7.3.1/../../../../arm-none-eabi/lib/thumb/v7-m/libc_nano.a(lib_a-puts.o)
                0x00000000080083b8                puts
 .text.__swbuf_r
                0x00000000080083c8       0xa4 /home/ryan/xun/gcc-arm-none-eabi-7-2018-q2-update/bin/../lib/gcc/arm-none-eabi/7.3.1/../../../../arm-none-eabi/lib/thumb/v7-m/libc_nano.a(lib_a-wbuf.o)
                0x00000000080083c8                __swbuf_r
 .text.__swsetup_r
                0x000000000800846c       0xdc /home/ryan/xun/gcc-arm-none-eabi-7-2018-q2-update/bin/../lib/gcc/arm-none-eabi/7.3.1/../../../../arm-none-eabi/lib/thumb/v7-m/libc_nano.a(lib_a-wsetup.o)
                0x000000000800846c                __swsetup_r
 .text.__sflush_r
                0x0000000008008548      0x10c /home/ryan/xun/gcc-arm-none-eabi-7-2018-q2-update/bin/../lib/gcc/arm-none-eabi/7.3.1/../../../../arm-none-eabi/lib/thumb/v7-m/libc_nano.a(lib_a-fflush.o)
                0x0000000008008548                __sflush_r
 .text._fflush_r
                0x0000000008008654       0x54 /home/ryan/xun/gcc-arm-none-eabi-7-2018-q2-update/bin/../lib/gcc/arm-none-eabi/7.3.1/../../../../arm-none-eabi/lib/thumb/v7-m/libc_nano.a(lib_a-fflush.o)
                0x0000000008008654                _fflush_r
 .text.std      0x00000000080086a8       0x48 /home/ryan/xun/gcc-arm-none-eabi-7-2018-q2-update/bin/../lib/gcc/arm-none-eabi/7.3.1/../../../../arm-none-eabi/lib/thumb/v7-m/libc_nano.a(lib_a-findfp.o)
 .text._cleanup_r
                0x00000000080086f0        0xc /home/ryan/xun/gcc-arm-none-eabi-7-2018-q2-update/bin/../lib/gcc/arm-none-eabi/7.3.1/../../../../arm-none-eabi/lib/thumb/v7-m/libc_nano.a(lib_a-findfp.o)
                0x00000000080086f0                _cleanup_r
 .text.__sfmoreglue
                0x00000000080086fc       0x2c /home/ryan/xun/gcc-arm-none-eabi-7-2018-q2-update/bin/../lib/gcc/arm-none-eabi/7.3.1/../../../../arm-none-eabi/lib/thumb/v7-m/libc_nano.a(lib_a-findfp.o)
                0x00000000080086fc                __sfmoreglue
 .text.__sinit  0x0000000008008728       0x60 /home/ryan/xun/gcc-arm-none-eabi-7-2018-q2-update/bin/../lib/gcc/arm-none-eabi/7.3.1/../../../../arm-none-eabi/lib/thumb/v7-m/libc_nano.a(lib_a-findfp.o)
                0x0000000008008728                __sinit
 .text.__sfp    0x0000000008008788       0x78 /home/ryan/xun/gcc-arm-none-eabi-7-2018-q2-update/bin/../lib/gcc/arm-none-eabi/7.3.1/../../../../arm-none-eabi/lib/thumb/v7-m/libc_nano.a(lib_a-findfp.o)
                0x0000000008008788                __sfp
 .text._fwalk_reent
                0x0000000008008800       0x3c /home/ryan/xun/gcc-arm-none-eabi-7-2018-q2-update/bin/../lib/gcc/arm-none-eabi/7.3.1/../../../../arm-none-eabi/lib/thumb/v7-m/libc_nano.a(lib_a-fwalk.o)
                0x0000000008008800                _fwalk_reent
 .text.__swhatbuf_r
                0x000000000800883c       0x48 /home/ryan/xun/gcc-arm-none-eabi-7-2018-q2-update/bin/../lib/gcc/arm-none-eabi/7.3.1/../../../../arm-none-eabi/lib/thumb/v7-m/libc_nano.a(lib_a-makebuf.o)
                0x000000000800883c                __swhatbuf_r
 .text.__smakebuf_r
                0x0000000008008884       0x80 /home/ryan/xun/gcc-arm-none-eabi-7-2018-q2-update/bin/../lib/gcc/arm-none-eabi/7.3.1/../../../../arm-none-eabi/lib/thumb/v7-m/libc_nano.a(lib_a-makebuf.o)
                0x0000000008008884                __smakebuf_r
 .text._free_r  0x0000000008008904       0x98 /home/ryan/xun/gcc-arm-none-eabi-7-2018-q2-update/bin/../lib/gcc/arm-none-eabi/7.3.1/../../../../arm-none-eabi/lib/thumb/v7-m/libc_nano.a(lib_a-nano-freer.o)
                0x0000000008008904                _free_r
 .text._malloc_r
                0x000000000800899c       0xb4 /home/ryan/xun/gcc-arm-none-eabi-7-2018-q2-update/bin/../lib/gcc/arm-none-eabi/7.3.1/../../../../arm-none-eabi/lib/thumb/v7-m/libc_nano.a(lib_a-nano-mallocr.o)
                0x000000000800899c                _malloc_r
 .text.__sfputc_r
                0x0000000008008a50       0x2a /home/ryan/xun/gcc-arm-none-eabi-7-2018-q2-update/bin/../lib/gcc/arm-none-eabi/7.3.1/../../../../arm-none-eabi/lib/thumb/v7-m/libc_nano.a(lib_a-nano-vfprintf.o)
 .text.__sfputs_r
                0x0000000008008a7a       0x24 /home/ryan/xun/gcc-arm-none-eabi-7-2018-q2-update/bin/../lib/gcc/arm-none-eabi/7.3.1/../../../../arm-none-eabi/lib/thumb/v7-m/libc_nano.a(lib_a-nano-vfprintf.o)
                0x0000000008008a7a                __sfputs_r
 *fill*         0x0000000008008a9e        0x2 
 .text._vfprintf_r
                0x0000000008008aa0      0x22c /home/ryan/xun/gcc-arm-none-eabi-7-2018-q2-update/bin/../lib/gcc/arm-none-eabi/7.3.1/../../../../arm-none-eabi/lib/thumb/v7-m/libc_nano.a(lib_a-nano-vfprintf.o)
                0x0000000008008aa0                _vfiprintf_r
                0x0000000008008aa0                _vfprintf_r
 .text._printf_common
                0x0000000008008ccc       0xec /home/ryan/xun/gcc-arm-none-eabi-7-2018-q2-update/bin/../lib/gcc/arm-none-eabi/7.3.1/../../../../arm-none-eabi/lib/thumb/v7-m/libc_nano.a(lib_a-nano-vfprintf_i.o)
                0x0000000008008ccc                _printf_common
 .text._printf_i
                0x0000000008008db8      0x224 /home/ryan/xun/gcc-arm-none-eabi-7-2018-q2-update/bin/../lib/gcc/arm-none-eabi/7.3.1/../../../../arm-none-eabi/lib/thumb/v7-m/libc_nano.a(lib_a-nano-vfprintf_i.o)
                0x0000000008008db8                _printf_i
 .text._sbrk_r  0x0000000008008fdc       0x20 /home/ryan/xun/gcc-arm-none-eabi-7-2018-q2-update/bin/../lib/gcc/arm-none-eabi/7.3.1/../../../../arm-none-eabi/lib/thumb/v7-m/libc_nano.a(lib_a-sbrkr.o)
                0x0000000008008fdc                _sbrk_r
 .text.__sread  0x0000000008008ffc       0x22 /home/ryan/xun/gcc-arm-none-eabi-7-2018-q2-update/bin/../lib/gcc/arm-none-eabi/7.3.1/../../../../arm-none-eabi/lib/thumb/v7-m/libc_nano.a(lib_a-stdio.o)
                0x0000000008008ffc                __sread
 .text.__swrite
                0x000000000800901e       0x38 /home/ryan/xun/gcc-arm-none-eabi-7-2018-q2-update/bin/../lib/gcc/arm-none-eabi/7.3.1/../../../../arm-none-eabi/lib/thumb/v7-m/libc_nano.a(lib_a-stdio.o)
                0x000000000800901e                __swrite
 .text.__sseek  0x0000000008009056       0x24 /home/ryan/xun/gcc-arm-none-eabi-7-2018-q2-update/bin/../lib/gcc/arm-none-eabi/7.3.1/../../../../arm-none-eabi/lib/thumb/v7-m/libc_nano.a(lib_a-stdio.o)
                0x0000000008009056                __sseek
 .text.__sclose
                0x000000000800907a        0x8 /home/ryan/xun/gcc-arm-none-eabi-7-2018-q2-update/bin/../lib/gcc/arm-none-eabi/7.3.1/../../../../arm-none-eabi/lib/thumb/v7-m/libc_nano.a(lib_a-stdio.o)
                0x000000000800907a                __sclose
 *fill*         0x0000000008009082        0x2 
 .text._write_r
                0x0000000008009084       0x24 /home/ryan/xun/gcc-arm-none-eabi-7-2018-q2-update/bin/../lib/gcc/arm-none-eabi/7.3.1/../../../../arm-none-eabi/lib/thumb/v7-m/libc_nano.a(lib_a-writer.o)
                0x0000000008009084                _write_r
 .text._close_r
                0x00000000080090a8       0x20 /home/ryan/xun/gcc-arm-none-eabi-7-2018-q2-update/bin/../lib/gcc/arm-none-eabi/7.3.1/../../../../arm-none-eabi/lib/thumb/v7-m/libc_nano.a(lib_a-closer.o)
                0x00000000080090a8                _close_r
 .text._fstat_r
                0x00000000080090c8       0x24 /home/ryan/xun/gcc-arm-none-eabi-7-2018-q2-update/bin/../lib/gcc/arm-none-eabi/7.3.1/../../../../arm-none-eabi/lib/thumb/v7-m/libc_nano.a(lib_a-fstatr.o)
                0x00000000080090c8                _fstat_r
 .text._isatty_r
                0x00000000080090ec       0x20 /home/ryan/xun/gcc-arm-none-eabi-7-2018-q2-update/bin/../lib/gcc/arm-none-eabi/7.3.1/../../../../arm-none-eabi/lib/thumb/v7-m/libc_nano.a(lib_a-isattyr.o)
                0x00000000080090ec                _isatty_r
 .text._lseek_r
                0x000000000800910c       0x24 /home/ryan/xun/gcc-arm-none-eabi-7-2018-q2-update/bin/../lib/gcc/arm-none-eabi/7.3.1/../../../../arm-none-eabi/lib/thumb/v7-m/libc_nano.a(lib_a-lseekr.o)
                0x000000000800910c                _lseek_r
 .text.memchr   0x0000000008009130       0x1c /home/ryan/xun/gcc-arm-none-eabi-7-2018-q2-update/bin/../lib/gcc/arm-none-eabi/7.3.1/../../../../arm-none-eabi/lib/thumb/v7-m/libc_nano.a(lib_a-memchr-stub.o)
                0x0000000008009130                memchr
 .text.__malloc_lock
                0x000000000800914c        0x2 /home/ryan/xun/gcc-arm-none-eabi-7-2018-q2-update/bin/../lib/gcc/arm-none-eabi/7.3.1/../../../../arm-none-eabi/lib/thumb/v7-m/libc_nano.a(lib_a-mlock.o)
                0x000000000800914c                __malloc_lock
 .text.__malloc_unlock
                0x000000000800914e        0x2 /home/ryan/xun/gcc-arm-none-eabi-7-2018-q2-update/bin/../lib/gcc/arm-none-eabi/7.3.1/../../../../arm-none-eabi/lib/thumb/v7-m/libc_nano.a(lib_a-mlock.o)
                0x000000000800914e                __malloc_unlock
 .text._read_r  0x0000000008009150       0x24 /home/ryan/xun/gcc-arm-none-eabi-7-2018-q2-update/bin/../lib/gcc/arm-none-eabi/7.3.1/../../../../arm-none-eabi/lib/thumb/v7-m/libc_nano.a(lib_a-readr.o)
                0x0000000008009150                _read_r
 .text._close   0x0000000008009174       0x10 /home/ryan/xun/gcc-arm-none-eabi-7-2018-q2-update/bin/../lib/gcc/arm-none-eabi/7.3.1/../../../../arm-none-eabi/lib/thumb/v7-m/libnosys.a(close.o)
                0x0000000008009174                _close
 .text._fstat   0x0000000008009184       0x10 /home/ryan/xun/gcc-arm-none-eabi-7-2018-q2-update/bin/../lib/gcc/arm-none-eabi/7.3.1/../../../../arm-none-eabi/lib/thumb/v7-m/libnosys.a(fstat.o)
                0x0000000008009184                _fstat
 .text._isatty  0x0000000008009194       0x10 /home/ryan/xun/gcc-arm-none-eabi-7-2018-q2-update/bin/../lib/gcc/arm-none-eabi/7.3.1/../../../../arm-none-eabi/lib/thumb/v7-m/libnosys.a(isatty.o)
                0x0000000008009194                _isatty
 .text._lseek   0x00000000080091a4       0x10 /home/ryan/xun/gcc-arm-none-eabi-7-2018-q2-update/bin/../lib/gcc/arm-none-eabi/7.3.1/../../../../arm-none-eabi/lib/thumb/v7-m/libnosys.a(lseek.o)
                0x00000000080091a4                _lseek
 .text._read    0x00000000080091b4       0x10 /home/ryan/xun/gcc-arm-none-eabi-7-2018-q2-update/bin/../lib/gcc/arm-none-eabi/7.3.1/../../../../arm-none-eabi/lib/thumb/v7-m/libnosys.a(read.o)
                0x00000000080091b4                _read
 .text._sbrk    0x00000000080091c4       0x1c /home/ryan/xun/gcc-arm-none-eabi-7-2018-q2-update/bin/../lib/gcc/arm-none-eabi/7.3.1/../../../../arm-none-eabi/lib/thumb/v7-m/libnosys.a(sbrk.o)
                0x00000000080091c4                _sbrk
 .text.ParseCEAEDID
                0x00000000080091e0      0x268 ./Lib/libite66121dvi.a(hdmitx_sys.o)
 .text.ConfigAVIInfoFrame
                0x0000000008009448       0x94 ./Lib/libite66121dvi.a(hdmitx_sys.o)
                0x0000000008009448                ConfigAVIInfoFrame
 .text.ConfigAudioInfoFrm
                0x00000000080094dc       0x38 ./Lib/libite66121dvi.a(hdmitx_sys.o)
                0x00000000080094dc                ConfigAudioInfoFrm
 .text.HDMITX_SetAudioOutput
                0x0000000008009514       0x6c ./Lib/libite66121dvi.a(hdmitx_sys.o)
                0x0000000008009514                HDMITX_SetAudioOutput
 .text.HDMITX_SetOutput
                0x0000000008009580       0xb0 ./Lib/libite66121dvi.a(hdmitx_sys.o)
                0x0000000008009580                HDMITX_SetOutput
 .text.ParseEDID
                0x0000000008009630       0xf8 ./Lib/libite66121dvi.a(hdmitx_sys.o)
                0x0000000008009630                ParseEDID
 .text.HDMITX_DevLoopProc
                0x0000000008009728      0x1b4 ./Lib/libite66121dvi.a(hdmitx_sys.o)
                0x0000000008009728                HDMITX_DevLoopProc
 .text.HDMI_Tx_SetAudioFs
                0x00000000080098dc       0x98 ./Lib/libite66121dvi.a(hdmitx_sys.o)
                0x00000000080098dc                HDMI_Tx_SetAudioFs
 .text.getHDMITX_LinkStatus
                0x0000000008009974       0x22 ./Lib/libite66121dvi.a(hdmitx_drv.o)
                0x0000000008009974                getHDMITX_LinkStatus
 .text.setHDMITX_AVMute
                0x0000000008009996       0x3e ./Lib/libite66121dvi.a(hdmitx_drv.o)
                0x0000000008009996                setHDMITX_AVMute
 .text.hdmitx_LoadRegSetting
                0x00000000080099d4       0x48 ./Lib/libite66121dvi.a(hdmitx_drv.o)
                0x00000000080099d4                hdmitx_LoadRegSetting
 .text.HDMITX_PowerOn
                0x0000000008009a1c       0x10 ./Lib/libite66121dvi.a(hdmitx_drv.o)
                0x0000000008009a1c                HDMITX_PowerOn
 .text.HDMITX_PowerDown
                0x0000000008009a2c       0x10 ./Lib/libite66121dvi.a(hdmitx_drv.o)
                0x0000000008009a2c                HDMITX_PowerDown
 .text.hdmitx_ClearDDCFIFO
                0x0000000008009a3c       0x14 ./Lib/libite66121dvi.a(hdmitx_drv.o)
                0x0000000008009a3c                hdmitx_ClearDDCFIFO
 .text.hdmitx_AbortDDC
                0x0000000008009a50       0x54 ./Lib/libite66121dvi.a(hdmitx_drv.o)
                0x0000000008009a50                hdmitx_AbortDDC
 .text.CheckHDMITX
                0x0000000008009aa4      0x160 ./Lib/libite66121dvi.a(hdmitx_drv.o)
                0x0000000008009aa4                CheckHDMITX
 .text.getHDMITX_EDIDBytes
                0x0000000008009c04      0x11e ./Lib/libite66121dvi.a(hdmitx_drv.o)
                0x0000000008009c04                getHDMITX_EDIDBytes
 .text.getHDMITX_EDIDBlock
                0x0000000008009d22       0x34 ./Lib/libite66121dvi.a(hdmitx_drv.o)
                0x0000000008009d22                getHDMITX_EDIDBlock
 .text.HDMITX_DisableVideoOutput
                0x0000000008009d56       0x32 ./Lib/libite66121dvi.a(hdmitx_drv.o)
                0x0000000008009d56                HDMITX_DisableVideoOutput
 .text.setHDMITX_VideoSignalType
                0x0000000008009d88       0x1c ./Lib/libite66121dvi.a(hdmitx_drv.o)
                0x0000000008009d88                setHDMITX_VideoSignalType
 .text.hdmitx_SetInputMode
                0x0000000008009da4       0x56 ./Lib/libite66121dvi.a(hdmitx_drv.o)
                0x0000000008009da4                hdmitx_SetInputMode
 *fill*         0x0000000008009dfa        0x2 
 .text.hdmitx_SetCSCScale
                0x0000000008009dfc      0x124 ./Lib/libite66121dvi.a(hdmitx_drv.o)
                0x0000000008009dfc                hdmitx_SetCSCScale
 .text.hdmitx_SetupAFE
                0x0000000008009f20       0x68 ./Lib/libite66121dvi.a(hdmitx_drv.o)
                0x0000000008009f20                hdmitx_SetupAFE
 .text.hdmitx_FireAFE
                0x0000000008009f88       0x16 ./Lib/libite66121dvi.a(hdmitx_drv.o)
                0x0000000008009f88                hdmitx_FireAFE
 .text.setHDMITX_ChStat
                0x0000000008009f9e       0x56 ./Lib/libite66121dvi.a(hdmitx_drv.o)
                0x0000000008009f9e                setHDMITX_ChStat
 .text.setHDMITX_LPCMAudio
                0x0000000008009ff4       0xf4 ./Lib/libite66121dvi.a(hdmitx_drv.o)
                0x0000000008009ff4                setHDMITX_LPCMAudio
 .text.setHDMITX_NLPCMAudio
                0x000000000800a0e8       0x6c ./Lib/libite66121dvi.a(hdmitx_drv.o)
                0x000000000800a0e8                setHDMITX_NLPCMAudio
 .text.setHDMITX_HBRAudio
                0x000000000800a154       0xb4 ./Lib/libite66121dvi.a(hdmitx_drv.o)
                0x000000000800a154                setHDMITX_HBRAudio
 .text.setHDMITX_DSDAudio
                0x000000000800a208       0x3c ./Lib/libite66121dvi.a(hdmitx_drv.o)
                0x000000000800a208                setHDMITX_DSDAudio
 .text.HDMITX_DisableAudioOutput
                0x000000000800a244       0x2c ./Lib/libite66121dvi.a(hdmitx_drv.o)
                0x000000000800a244                HDMITX_DisableAudioOutput
 .text.setHDMITX_NCTS
                0x000000000800a270      0x1a0 ./Lib/libite66121dvi.a(hdmitx_drv.o)
                0x000000000800a270                setHDMITX_NCTS
 .text.HDMITX_EnableAudioOutput
                0x000000000800a410      0x238 ./Lib/libite66121dvi.a(hdmitx_drv.o)
                0x000000000800a410                HDMITX_EnableAudioOutput
 .text.setHDMITX_AudioChannelEnable
                0x000000000800a648       0xb0 ./Lib/libite66121dvi.a(hdmitx_drv.o)
                0x000000000800a648                setHDMITX_AudioChannelEnable
 .text.HDMITX_EnableVideoOutput
                0x000000000800a6f8       0xa8 ./Lib/libite66121dvi.a(hdmitx_drv.o)
                0x000000000800a6f8                HDMITX_EnableVideoOutput
 .text.hdmitx_SetAVIInfoFrame
                0x000000000800a7a0       0xb0 ./Lib/libite66121dvi.a(hdmitx_drv.o)
                0x000000000800a7a0                hdmitx_SetAVIInfoFrame
 .text.HDMITX_EnableAVIInfoFrame
                0x000000000800a850       0x24 ./Lib/libite66121dvi.a(hdmitx_drv.o)
                0x000000000800a850                HDMITX_EnableAVIInfoFrame
 .text.hdmitx_SetAudioInfoFrame
                0x000000000800a874       0x7a ./Lib/libite66121dvi.a(hdmitx_drv.o)
                0x000000000800a874                hdmitx_SetAudioInfoFrame
 .text.HDMITX_EnableAudioInfoFrame
                0x000000000800a8ee       0x24 ./Lib/libite66121dvi.a(hdmitx_drv.o)
                0x000000000800a8ee                HDMITX_EnableAudioInfoFrame
 .text.hdmitx_SetVSIInfoFrame
                0x000000000800a912       0x6a ./Lib/libite66121dvi.a(hdmitx_drv.o)
                0x000000000800a912                hdmitx_SetVSIInfoFrame
 .text.HDMITX_EnableVSInfoFrame
                0x000000000800a97c       0x24 ./Lib/libite66121dvi.a(hdmitx_drv.o)
                0x000000000800a97c                HDMITX_EnableVSInfoFrame
 .text.TWI_SCL_0
                0x000000000800a9a0       0x18 ./Lib/libsw_i2c0.a(sw_i2c0.o)
 .text.TWI_SCL_1
                0x000000000800a9b8       0x18 ./Lib/libsw_i2c0.a(sw_i2c0.o)
 .text.TWI_SDA_0
                0x000000000800a9d0       0x18 ./Lib/libsw_i2c0.a(sw_i2c0.o)
 .text.TWI_SDA_1
                0x000000000800a9e8       0x18 ./Lib/libsw_i2c0.a(sw_i2c0.o)
 .text.TWI_SDA_STATE
                0x000000000800aa00       0x24 ./Lib/libsw_i2c0.a(sw_i2c0.o)
 .text.TWI_NOP  0x000000000800aa24       0x22 ./Lib/libsw_i2c0.a(sw_i2c0.o)
 *fill*         0x000000000800aa46        0x2 
 .text.TWI_Initialize
                0x000000000800aa48       0x4c ./Lib/libsw_i2c0.a(sw_i2c0.o)
 .text.TWI_START
                0x000000000800aa94       0x46 ./Lib/libsw_i2c0.a(sw_i2c0.o)
 .text.TWI_STOP
                0x000000000800aada       0x20 ./Lib/libsw_i2c0.a(sw_i2c0.o)
 .text.TWI_SendNACK
                0x000000000800aafa       0x20 ./Lib/libsw_i2c0.a(sw_i2c0.o)
 .text.TWI_SendByte
                0x000000000800ab1a       0x80 ./Lib/libsw_i2c0.a(sw_i2c0.o)
 .text.TWI_ReceiveByte
                0x000000000800ab9a       0x56 ./Lib/libsw_i2c0.a(sw_i2c0.o)
 .text.SW_I2C0_Init
                0x000000000800abf0        0xc ./Lib/libsw_i2c0.a(sw_i2c0.o)
                0x000000000800abf0                SW_I2C0_Init
 .text.SW_I2C0Write
                0x000000000800abfc       0x3a ./Lib/libsw_i2c0.a(sw_i2c0.o)
                0x000000000800abfc                SW_I2C0Write
 .text.SW_I2C0WriteNByte
                0x000000000800ac36       0x5c ./Lib/libsw_i2c0.a(sw_i2c0.o)
                0x000000000800ac36                SW_I2C0WriteNByte
 .text.SW_I2C0Read
                0x000000000800ac92       0x5c ./Lib/libsw_i2c0.a(sw_i2c0.o)
                0x000000000800ac92                SW_I2C0Read
 *fill*         0x000000000800acee        0x2 
 .text.HDMIRX_ReadI2C_Byte
                0x000000000800acf0       0x78 ./Lib/libsw_i2c0.a(sw_i2c0.o)
                0x000000000800acf0                HDMIRX_ReadI2C_Byte
 .text.HDMIRX_WriteI2C_Byte
                0x000000000800ad68       0x74 ./Lib/libsw_i2c0.a(sw_i2c0.o)
                0x000000000800ad68                HDMIRX_WriteI2C_Byte
 .text.HDMIRX_WriteI2C_ByteN
                0x000000000800addc       0x7c ./Lib/libsw_i2c0.a(sw_i2c0.o)
                0x000000000800addc                HDMIRX_WriteI2C_ByteN
 .text.HDMITX_ReadI2C_Byte
                0x000000000800ae58       0x1e ./Lib/libsw_i2c0.a(sw_i2c0.o)
                0x000000000800ae58                HDMITX_ReadI2C_Byte
 .text.HDMITX_WriteI2C_Byte
                0x000000000800ae76       0x26 ./Lib/libsw_i2c0.a(sw_i2c0.o)
                0x000000000800ae76                HDMITX_WriteI2C_Byte
 .text.HDMITX_SetI2C_Byte
                0x000000000800ae9c       0x60 ./Lib/libsw_i2c0.a(sw_i2c0.o)
                0x000000000800ae9c                HDMITX_SetI2C_Byte
 .text.TWI_SCL_0
                0x000000000800aefc       0x18 ./Lib/libsw_i2c1.a(sw_i2c1.o)
 .text.TWI_SCL_1
                0x000000000800af14       0x18 ./Lib/libsw_i2c1.a(sw_i2c1.o)
 .text.TWI_SDA_0
                0x000000000800af2c       0x18 ./Lib/libsw_i2c1.a(sw_i2c1.o)
 .text.TWI_SDA_1
                0x000000000800af44       0x18 ./Lib/libsw_i2c1.a(sw_i2c1.o)
 .text.TWI_SDA_STATE
                0x000000000800af5c       0x24 ./Lib/libsw_i2c1.a(sw_i2c1.o)
 .text.TWI_NOP  0x000000000800af80       0x22 ./Lib/libsw_i2c1.a(sw_i2c1.o)
 *fill*         0x000000000800afa2        0x2 
 .text.TWI_Initialize
                0x000000000800afa4       0x48 ./Lib/libsw_i2c1.a(sw_i2c1.o)
 .text.TWI_START
                0x000000000800afec       0x46 ./Lib/libsw_i2c1.a(sw_i2c1.o)
 .text.TWI_STOP
                0x000000000800b032       0x20 ./Lib/libsw_i2c1.a(sw_i2c1.o)
 .text.TWI_SendNACK
                0x000000000800b052       0x20 ./Lib/libsw_i2c1.a(sw_i2c1.o)
 .text.TWI_SendByte
                0x000000000800b072       0x80 ./Lib/libsw_i2c1.a(sw_i2c1.o)
 .text.TWI_ReceiveByte
                0x000000000800b0f2       0x56 ./Lib/libsw_i2c1.a(sw_i2c1.o)
 .text.SW_I2C1_Init
                0x000000000800b148        0xc ./Lib/libsw_i2c1.a(sw_i2c1.o)
                0x000000000800b148                SW_I2C1_Init
 .text.SW_I2C1Write
                0x000000000800b154       0x3a ./Lib/libsw_i2c1.a(sw_i2c1.o)
                0x000000000800b154                SW_I2C1Write
 .text.SW_I2C1WriteNByte
                0x000000000800b18e       0x5c ./Lib/libsw_i2c1.a(sw_i2c1.o)
                0x000000000800b18e                SW_I2C1WriteNByte
 .text.SW_I2C1Read
                0x000000000800b1ea       0x5c ./Lib/libsw_i2c1.a(sw_i2c1.o)
                0x000000000800b1ea                SW_I2C1Read
 *fill*         0x000000000800b246        0x2 
 .text.TWI_SCL_0
                0x000000000800b248       0x18 ./Lib/libsw_i2c2.a(sw_i2c2.o)
 .text.TWI_SCL_1
                0x000000000800b260       0x18 ./Lib/libsw_i2c2.a(sw_i2c2.o)
 .text.TWI_SDA_0
                0x000000000800b278       0x18 ./Lib/libsw_i2c2.a(sw_i2c2.o)
 .text.TWI_SDA_1
                0x000000000800b290       0x18 ./Lib/libsw_i2c2.a(sw_i2c2.o)
 .text.TWI_SDA_STATE
                0x000000000800b2a8       0x24 ./Lib/libsw_i2c2.a(sw_i2c2.o)
 .text.TWI_NOP  0x000000000800b2cc       0x22 ./Lib/libsw_i2c2.a(sw_i2c2.o)
 *fill*         0x000000000800b2ee        0x2 
 .text.TWI_Initialize
                0x000000000800b2f0       0x4c ./Lib/libsw_i2c2.a(sw_i2c2.o)
 .text.TWI_START
                0x000000000800b33c       0x46 ./Lib/libsw_i2c2.a(sw_i2c2.o)
 .text.TWI_STOP
                0x000000000800b382       0x20 ./Lib/libsw_i2c2.a(sw_i2c2.o)
 .text.TWI_SendNACK
                0x000000000800b3a2       0x20 ./Lib/libsw_i2c2.a(sw_i2c2.o)
 .text.TWI_SendByte
                0x000000000800b3c2       0x80 ./Lib/libsw_i2c2.a(sw_i2c2.o)
 .text.TWI_ReceiveByte
                0x000000000800b442       0x56 ./Lib/libsw_i2c2.a(sw_i2c2.o)
 .text.SW_I2C2_Init
                0x000000000800b498        0xc ./Lib/libsw_i2c2.a(sw_i2c2.o)
                0x000000000800b498                SW_I2C2_Init
 .text.SW_I2C2Write
                0x000000000800b4a4       0x3a ./Lib/libsw_i2c2.a(sw_i2c2.o)
                0x000000000800b4a4                SW_I2C2Write
 .text.SW_I2C2WriteNByte
                0x000000000800b4de       0x5c ./Lib/libsw_i2c2.a(sw_i2c2.o)
                0x000000000800b4de                SW_I2C2WriteNByte
 .text.SW_I2C2Read
                0x000000000800b53a       0x5c ./Lib/libsw_i2c2.a(sw_i2c2.o)
                0x000000000800b53a                SW_I2C2Read
 .text.I2Cdelay
                0x000000000800b596       0x22 ./Lib/libsw_i2c2.a(sw_i2c2.o)
                0x000000000800b596                I2Cdelay
 .text.I2CStart
                0x000000000800b5b8       0x20 ./Lib/libsw_i2c2.a(sw_i2c2.o)
                0x000000000800b5b8                I2CStart
 .text.I2CReStart
                0x000000000800b5d8       0x20 ./Lib/libsw_i2c2.a(sw_i2c2.o)
                0x000000000800b5d8                I2CReStart
 .text.I2CStop  0x000000000800b5f8       0x28 ./Lib/libsw_i2c2.a(sw_i2c2.o)
                0x000000000800b5f8                I2CStop
 .text.I2CWriteData3
                0x000000000800b620       0x70 ./Lib/libsw_i2c2.a(sw_i2c2.o)
                0x000000000800b620                I2CWriteData3
 .text.I2CReadData3
                0x000000000800b690       0x56 ./Lib/libsw_i2c2.a(sw_i2c2.o)
                0x000000000800b690                I2CReadData3
 .text.I2CACK   0x000000000800b6e6       0x28 ./Lib/libsw_i2c2.a(sw_i2c2.o)
 .text.I2CNACK  0x000000000800b70e       0x24 ./Lib/libsw_i2c2.a(sw_i2c2.o)
 .text.ReadI2C3
                0x000000000800b732       0x68 ./Lib/libsw_i2c2.a(sw_i2c2.o)
                0x000000000800b732                ReadI2C3
 .text.WriteI2C3
                0x000000000800b79a       0x46 ./Lib/libsw_i2c2.a(sw_i2c2.o)
                0x000000000800b79a                WriteI2C3
 .text.I2Cdelay2
                0x000000000800b7e0       0x22 ./Lib/libsw_i2c2.a(sw_i2c2.o)
                0x000000000800b7e0                I2Cdelay2
 .text.I2CStart2
                0x000000000800b802       0x20 ./Lib/libsw_i2c2.a(sw_i2c2.o)
                0x000000000800b802                I2CStart2
 .text.I2CStop2
                0x000000000800b822       0x28 ./Lib/libsw_i2c2.a(sw_i2c2.o)
                0x000000000800b822                I2CStop2
 .text.I2CWriteData2
                0x000000000800b84a       0x70 ./Lib/libsw_i2c2.a(sw_i2c2.o)
                0x000000000800b84a                I2CWriteData2
 .text.I2CReadData2
                0x000000000800b8ba       0x66 ./Lib/libsw_i2c2.a(sw_i2c2.o)
                0x000000000800b8ba                I2CReadData2
 .text.ReadI2C2
                0x000000000800b920       0x4c ./Lib/libsw_i2c2.a(sw_i2c2.o)
                0x000000000800b920                ReadI2C2
 .text.EEPWrite
                0x000000000800b96c       0x4e ./Lib/libsw_i2c2.a(sw_i2c2.o)
                0x000000000800b96c                EEPWrite
 .text.EEPRead  0x000000000800b9ba       0x3c ./Lib/libsw_i2c2.a(sw_i2c2.o)
                0x000000000800b9ba                EEPRead
 *fill*         0x000000000800b9f6        0x2 
 .text.TWI_SCL_0
                0x000000000800b9f8       0x18 ./Lib/libsw_i2c3.a(sw_i2c3.o)
 .text.TWI_SDA_1
                0x000000000800ba10       0x18 ./Lib/libsw_i2c3.a(sw_i2c3.o)
 .text.TWI_Initialize
                0x000000000800ba28       0x48 ./Lib/libsw_i2c3.a(sw_i2c3.o)
 .text.SW_I2C3_Init
                0x000000000800ba70        0xc ./Lib/libsw_i2c3.a(sw_i2c3.o)
                0x000000000800ba70                SW_I2C3_Init
 .text.Get_WindowNum
                0x000000000800ba7c       0x2c ./Lib/libVS4210.a(VS4210.o)
 .text.VS4210_FULL88init
                0x000000000800baa8       0x64 ./Lib/libVS4210.a(VS4210.o)
 .text.VS4210_PIP_1080I_w0_ReSet
                0x000000000800bb0c       0x14 ./Lib/libVS4210.a(VS4210.o)
 .text.VS4210_init
                0x000000000800bb20       0x64 ./Lib/libVS4210.a(VS4210.o)
 .text.VS4210_init_Input_MODE1_w0
                0x000000000800bb84      0x264 ./Lib/libVS4210.a(VS4210.o)
 .text.VS4210_init_Input_MODE1_w1
                0x000000000800bde8      0x264 ./Lib/libVS4210.a(VS4210.o)
 .text.VS4210_init_Input_MODE1_w2
                0x000000000800c04c      0x264 ./Lib/libVS4210.a(VS4210.o)
 .text.VS4210_init_Input_MODE1_w3
                0x000000000800c2b0      0x264 ./Lib/libVS4210.a(VS4210.o)
 .text.VS4210_init_Input_MODE2_w0
                0x000000000800c514      0x264 ./Lib/libVS4210.a(VS4210.o)
 .text.VS4210_init_Input_MODE2_w1
                0x000000000800c778      0x264 ./Lib/libVS4210.a(VS4210.o)
 .text.VS4210_init_Input_MODE2_w2
                0x000000000800c9dc      0x264 ./Lib/libVS4210.a(VS4210.o)
 .text.VS4210_init_Input_MODE2_w3
                0x000000000800cc40      0x264 ./Lib/libVS4210.a(VS4210.o)
 .text.VS4210_init_Input_MODE6_w0
                0x000000000800cea4      0x264 ./Lib/libVS4210.a(VS4210.o)
 .text.VS4210_init_Input_MODE6_w1
                0x000000000800d108      0x264 ./Lib/libVS4210.a(VS4210.o)
 .text.VS4210_init_Input_MODE6_w2
                0x000000000800d36c      0x264 ./Lib/libVS4210.a(VS4210.o)
 .text.VS4210_init_Input_MODE6_w3
                0x000000000800d5d0      0x264 ./Lib/libVS4210.a(VS4210.o)
 .text.VS4210_init_Input_MODE12_w0
                0x000000000800d834      0x264 ./Lib/libVS4210.a(VS4210.o)
 .text.VS4210_init_Input_MODE12_w1
                0x000000000800da98      0x264 ./Lib/libVS4210.a(VS4210.o)
 .text.VS4210_init_Input_MODE13_w0
                0x000000000800dcfc      0x264 ./Lib/libVS4210.a(VS4210.o)
 .text.VS4210_init_Input_MODE13_w1
                0x000000000800df60      0x264 ./Lib/libVS4210.a(VS4210.o)
 .text.VS4210_init_Input_MODE24_w1
                0x000000000800e1c4      0x248 ./Lib/libVS4210.a(VS4210.o)
 .text.VS4210_PIP_1080I_w0_Set
                0x000000000800e40c       0x34 ./Lib/libVS4210.a(VS4210.o)
 .text.VS4210_init_Input_MODE24_w0
                0x000000000800e440      0x43c ./Lib/libVS4210.a(VS4210.o)
 .text.VS4210_OpenWindowsPIP0
                0x000000000800e87c       0xcc ./Lib/libVS4210.a(VS4210.o)
                0x000000000800e87c                VS4210_OpenWindowsPIP0
 .text.VS4210_init_Input_MODE88
                0x000000000800e948       0x50 ./Lib/libVS4210.a(VS4210.o)
                0x000000000800e948                VS4210_init_Input_MODE88
 .text.VS4210_Line_Clear
                0x000000000800e998       0x14 ./Lib/libVS4210.a(VS4210.o)
                0x000000000800e998                VS4210_Line_Clear
 .text.VS4210_Line_Draw
                0x000000000800e9ac      0x240 ./Lib/libVS4210.a(VS4210.o)
                0x000000000800e9ac                VS4210_Line_Draw
 .text.VS4210_SwitchChannel
                0x000000000800ebec       0x34 ./Lib/libVS4210.a(VS4210.o)
                0x000000000800ebec                VS4210_SwitchChannel
 .text.VS4210_OpenWindowsX
                0x000000000800ec20       0x5c ./Lib/libVS4210.a(VS4210.o)
                0x000000000800ec20                VS4210_OpenWindowsX
 .text.VS4210_CloseWindowsX
                0x000000000800ec7c       0x48 ./Lib/libVS4210.a(VS4210.o)
                0x000000000800ec7c                VS4210_CloseWindowsX
 .text.VS4210_CloseAllWindows
                0x000000000800ecc4       0x4a ./Lib/libVS4210.a(VS4210.o)
                0x000000000800ecc4                VS4210_CloseAllWindows
 .text.VS4210_channel0clear
                0x000000000800ed0e       0x6a ./Lib/libVS4210.a(VS4210.o)
                0x000000000800ed0e                VS4210_channel0clear
 .text.VS4210_clearAllsignal
                0x000000000800ed78       0x48 ./Lib/libVS4210.a(VS4210.o)
                0x000000000800ed78                VS4210_clearAllsignal
 .text.VS4210_SetHVLenght
                0x000000000800edc0       0x80 ./Lib/libVS4210.a(VS4210.o)
                0x000000000800edc0                VS4210_SetHVLenght
 .text.VS4210_Mode0FastChange
                0x000000000800ee40       0x98 ./Lib/libVS4210.a(VS4210.o)
 .text.VS4210_displayoff
                0x000000000800eed8       0x20 ./Lib/libVS4210.a(VS4210.o)
                0x000000000800eed8                VS4210_displayoff
 .text.VS4210_init_Input_MODE0_w0
                0x000000000800eef8      0x27c ./Lib/libVS4210.a(VS4210.o)
 .text.VS4210_displayon
                0x000000000800f174       0x18 ./Lib/libVS4210.a(VS4210.o)
                0x000000000800f174                VS4210_displayon
 .text.VS4210_init_mode
                0x000000000800f18c      0x31c ./Lib/libVS4210.a(VS4210.o)
                0x000000000800f18c                VS4210_init_mode
 .text.VS4210_SetInModeOutMode
                0x000000000800f4a8      0x20c ./Lib/libVS4210.a(VS4210.o)
                0x000000000800f4a8                VS4210_SetInModeOutMode
 .text.VS4210_StartInit
                0x000000000800f6b4       0xe8 ./Lib/libVS4210.a(VS4210.o)
                0x000000000800f6b4                VS4210_StartInit
 .text.VS4210_No_Signal_Init
                0x000000000800f79c       0x24 ./Lib/libVS4210.a(VS4210.o)
                0x000000000800f79c                VS4210_No_Signal_Init
 .text.VS4210_Rx_NoSignal
                0x000000000800f7c0      0x13c ./Lib/libVS4210.a(VS4210.o)
                0x000000000800f7c0                VS4210_Rx_NoSignal
 .text.VS4210_PowerDown
                0x000000000800f8fc        0xc ./Lib/libVS4210.a(VS4210.o)
                0x000000000800f8fc                VS4210_PowerDown
 .text.VS4210_PowerResume
                0x000000000800f908        0xc ./Lib/libVS4210.a(VS4210.o)
                0x000000000800f908                VS4210_PowerResume
 .text.VS4210_SetMutiWindows
                0x000000000800f914      0x70c ./Lib/libVS4210.a(VS4210.o)
                0x000000000800f914                VS4210_SetMutiWindows
 .text.VS4210_SetInputSizeHV
                0x0000000008010020       0x2c ./Lib/libVS4210.a(VS4210.o)
                0x0000000008010020                VS4210_SetInputSizeHV
 .text.get_it6602_dev_data
                0x000000000801004c       0x18 ./Lib/libit6602.a(it6602.o)
 .text.IT6602_VideoOutputConfigure_Init
                0x0000000008010064       0xd4 ./Lib/libit6602.a(it6602.o)
 .text.hdmirx_Var_init
                0x0000000008010138       0x70 ./Lib/libit6602.a(it6602.o)
 .text.hdmirxrd
                0x00000000080101a8        0x8 ./Lib/libit6602.a(it6602.o)
 .text.IsHDMIMode
                0x00000000080101b0       0x3c ./Lib/libit6602.a(it6602.o)
 .text.SetColorimetryByMode
                0x00000000080101ec       0x1c ./Lib/libit6602.a(it6602.o)
 .text.CheckAVMute
                0x0000000008010208       0x30 ./Lib/libit6602.a(it6602.o)
 .text.CLKCheck
                0x0000000008010238       0x28 ./Lib/libit6602.a(it6602.o)
 .text.CheckPlg5VPwr
                0x0000000008010260       0x30 ./Lib/libit6602.a(it6602.o)
 .text.CheckSCDT
                0x0000000008010290       0x2a ./Lib/libit6602.a(it6602.o)
 .text.getHDMIRXInputAudio
                0x00000000080102ba       0x50 ./Lib/libit6602.a(it6602.o)
 .text.hdmirxwr
                0x000000000801030a        0xa ./Lib/libit6602.a(it6602.o)
 .text.hdmirxset
                0x0000000008010314       0x1e ./Lib/libit6602.a(it6602.o)
 .text.hdimrx_write_init
                0x0000000008010332       0x20 ./Lib/libit6602.a(it6602.o)
 *fill*         0x0000000008010352        0x2 
 .text.IT6602_Rst
                0x0000000008010354       0x14 ./Lib/libit6602.a(it6602.o)
 .text.chgbank  0x0000000008010368       0x44 ./Lib/libit6602.a(it6602.o)
 .text.GetAVIInfoFrame
                0x00000000080103ac       0x74 ./Lib/libit6602.a(it6602.o)
 .text.SetColorimetryByInfoFrame
                0x0000000008010420       0x36 ./Lib/libit6602.a(it6602.o)
 .text.SetVideoOutputColorFormat
                0x0000000008010456       0x3a ./Lib/libit6602.a(it6602.o)
 .text.IT6602VideoOutputEnable
                0x0000000008010490       0x1e ./Lib/libit6602.a(it6602.o)
 .text.hdmirx_SetHWMuteClr
                0x00000000080104ae        0xe ./Lib/libit6602.a(it6602.o)
 .text.hdmirx_ClearHWMuteClr
                0x00000000080104bc        0xe ./Lib/libit6602.a(it6602.o)
 .text.IT6602AudioOutputEnable
                0x00000000080104ca       0x1e ./Lib/libit6602.a(it6602.o)
 .text.IT6602SwitchAudioState
                0x00000000080104e8       0x4e ./Lib/libit6602.a(it6602.o)
 .text.IT6602_SetVideoMute
                0x0000000008010536       0x80 ./Lib/libit6602.a(it6602.o)
 *fill*         0x00000000080105b6        0x2 
 .text.DisableOverWriteRS
                0x00000000080105b8       0x80 ./Lib/libit6602.a(it6602.o)
 .text.TogglePolarity
                0x0000000008010638      0x110 ./Lib/libit6602.a(it6602.o)
 .text.hdmirx_SetHWMuteClrMode
                0x0000000008010748        0xe ./Lib/libit6602.a(it6602.o)
 .text.SetVideoInputFormatWithoutInfoFrame
                0x0000000008010756       0x4e ./Lib/libit6602.a(it6602.o)
 .text.SetVideoInputFormatWithInfoFrame
                0x00000000080107a4       0x56 ./Lib/libit6602.a(it6602.o)
 .text.IT6602_VideoOutputModeSet
                0x00000000080107fa       0xba ./Lib/libit6602.a(it6602.o)
 .text.TMDSCheck
                0x00000000080108b4      0x220 ./Lib/libit6602.a(it6602.o)
 .text.IT6602HDMIEventManager
                0x0000000008010ad4       0xa6 ./Lib/libit6602.a(it6602.o)
 .text.hdmirx_INT_P1_Deskew
                0x0000000008010b7a       0x30 ./Lib/libit6602.a(it6602.o)
 .text.hdmirx_INT_P0_Deskew
                0x0000000008010baa       0x30 ./Lib/libit6602.a(it6602.o)
 *fill*         0x0000000008010bda        0x2 
 .text.OverWriteAmpValue2EQ
                0x0000000008010bdc      0x1cc ./Lib/libit6602.a(it6602.o)
 .text.AmpValidCheck
                0x0000000008010da8      0x13c ./Lib/libit6602.a(it6602.o)
 .text.hdmirx_INT_EQ_FAIL
                0x0000000008010ee4      0x11c ./Lib/libit6602.a(it6602.o)
 .text.hdmirx_ResetAudio
                0x0000000008011000       0x40 ./Lib/libit6602.a(it6602.o)
 .text.IT6602AudioHandler
                0x0000000008011040       0xd4 ./Lib/libit6602.a(it6602.o)
 .text.hdmirxbwr
                0x0000000008011114        0xe ./Lib/libit6602.a(it6602.o)
 *fill*         0x0000000008011122        0x2 
 .text.SetColorSpaceConvert
                0x0000000008011124       0xbc ./Lib/libit6602.a(it6602.o)
 .text.SetDVIVideoOutput
                0x00000000080111e0       0x1e ./Lib/libit6602.a(it6602.o)
 .text.hdmirx_INT_HDMIMode_Chg
                0x00000000080111fe       0x4e ./Lib/libit6602.a(it6602.o)
 .text.SetNewInfoVideoOutput
                0x000000000801124c       0x1c ./Lib/libit6602.a(it6602.o)
 .text.IT6602VideoOutputConfigure
                0x0000000008011268       0x6c ./Lib/libit6602.a(it6602.o)
 .text.aud_fiforst
                0x00000000080112d4       0x5a ./Lib/libit6602.a(it6602.o)
 .text.it6602HPDCtrl
                0x000000000801132e       0x44 ./Lib/libit6602.a(it6602.o)
                0x000000000801132e                it6602HPDCtrl
 .text.hdmirx_ECCTimingOut
                0x0000000008011372       0x60 ./Lib/libit6602.a(it6602.o)
 .text.hdmirx_INT_P0_ECC
                0x00000000080113d2       0x1a ./Lib/libit6602.a(it6602.o)
 .text.hdmirx_INT_P1_ECC
                0x00000000080113ec       0x1a ./Lib/libit6602.a(it6602.o)
 *fill*         0x0000000008011406        0x2 
 .text.get_vid_info
                0x0000000008011408      0x1f4 ./Lib/libit6602.a(it6602.o)
                0x0000000008011408                get_vid_info
 .text.show_vid_info
                0x00000000080115fc       0xa8 ./Lib/libit6602.a(it6602.o)
                0x00000000080115fc                show_vid_info
 .text.IT6602SwitchVideoState
                0x00000000080116a4       0x74 ./Lib/libit6602.a(it6602.o)
 .text.it6602PortSelect
                0x0000000008011718       0x2a ./Lib/libit6602.a(it6602.o)
                0x0000000008011718                it6602PortSelect
 .text.IT6602_fsm_init
                0x0000000008011742       0x1c ./Lib/libit6602.a(it6602.o)
                0x0000000008011742                IT6602_fsm_init
 .text.hdmirx_INT_5V_Pwr_Chg
                0x000000000801175e       0x66 ./Lib/libit6602.a(it6602.o)
 .text.hdmirx_INT_SCDT_Chg
                0x00000000080117c4       0x28 ./Lib/libit6602.a(it6602.o)
 .text.IT6602HDMIInterruptHandler
                0x00000000080117ec      0x418 ./Lib/libit6602.a(it6602.o)
 .text.WaitingForSCDT
                0x0000000008011c04       0x80 ./Lib/libit6602.a(it6602.o)
 .text.IT6602VideoHandler
                0x0000000008011c84       0x5c ./Lib/libit6602.a(it6602.o)
 .text.IT6602_fsm
                0x0000000008011ce0       0x2c ./Lib/libit6602.a(it6602.o)
                0x0000000008011ce0                IT6602_fsm
 .text.GetHDMI_InputMode
                0x0000000008011d0c      0x1e4 ./Lib/libit6602.a(it6602.o)
                0x0000000008011d0c                GetHDMI_InputMode
 .text.getHDMIRXAudioInfo
                0x0000000008011ef0       0x16 ./Lib/libit6602.a(it6602.o)
                0x0000000008011ef0                getHDMIRXAudioInfo
 .text.InitHDMIRX
                0x0000000008011f06        0xe ./Lib/libit6602.a(it6602.o)
                0x0000000008011f06                InitHDMIRX
 .text.CheckHDMIRX
                0x0000000008011f14        0x8 ./Lib/libit6602.a(it6602.o)
                0x0000000008011f14                CheckHDMIRX
 *(.glue_7)
 .glue_7        0x0000000008011f1c        0x0 linker stubs
 *(.glue_7t)
 .glue_7t       0x0000000008011f1c        0x0 linker stubs
 *(.eh_frame)
 .eh_frame      0x0000000008011f1c        0x0 /home/ryan/xun/gcc-arm-none-eabi-7-2018-q2-update/bin/../lib/gcc/arm-none-eabi/7.3.1/thumb/v7-m/crtbegin.o
 *(.init)
 .init          0x0000000008011f1c        0x4 /home/ryan/xun/gcc-arm-none-eabi-7-2018-q2-update/bin/../lib/gcc/arm-none-eabi/7.3.1/thumb/v7-m/crti.o
                0x0000000008011f1c                _init
 .init          0x0000000008011f20        0x8 /home/ryan/xun/gcc-arm-none-eabi-7-2018-q2-update/bin/../lib/gcc/arm-none-eabi/7.3.1/thumb/v7-m/crtn.o
 *(.fini)
 .fini          0x0000000008011f28        0x4 /home/ryan/xun/gcc-arm-none-eabi-7-2018-q2-update/bin/../lib/gcc/arm-none-eabi/7.3.1/thumb/v7-m/crti.o
                0x0000000008011f28                _fini
 .fini          0x0000000008011f2c        0x8 /home/ryan/xun/gcc-arm-none-eabi-7-2018-q2-update/bin/../lib/gcc/arm-none-eabi/7.3.1/thumb/v7-m/crtn.o
                0x0000000008011f34                . = ALIGN (0x4)
                0x0000000008011f34                _etext = .

.vfp11_veneer   0x0000000008011f34        0x0
 .vfp11_veneer  0x0000000008011f34        0x0 linker stubs

.v4_bx          0x0000000008011f34        0x0
 .v4_bx         0x0000000008011f34        0x0 linker stubs

.iplt           0x0000000008011f34        0x0
 .iplt          0x0000000008011f34        0x0 /home/ryan/xun/gcc-arm-none-eabi-7-2018-q2-update/bin/../lib/gcc/arm-none-eabi/7.3.1/thumb/v7-m/crtbegin.o

.rodata         0x0000000008011f34     0x9078
                0x0000000008011f34                . = ALIGN (0x4)
 *(.rodata)
 .rodata        0x0000000008011f34       0x12 build/stm32f1xx_hal_rcc.o
 *(.rodata*)
 *fill*         0x0000000008011f46        0x2 
 .rodata.HDMI_VideoModeDetect.str1.4
                0x0000000008011f48       0x53 build/main.o
 *fill*         0x0000000008011f9b        0x1 
 .rodata.HS_Select_Win.str1.4
                0x0000000008011f9c       0x35 build/main.o
 *fill*         0x0000000008011fd1        0x3 
 .rodata.SET_Audio_Mute.str1.4
                0x0000000008011fd4       0x15 build/main.o
 *fill*         0x0000000008011fe9        0x3 
 .rodata.SET_VS4210_720_480_out.str1.4
                0x0000000008011fec       0x1a build/main.o
 *fill*         0x0000000008012006        0x2 
 .rodata.TP_bt1120_1080P_1080P_mode0_w0.str1.4
                0x0000000008012008       0x25 build/main.o
 *fill*         0x000000000801202d        0x3 
 .rodata.TP_bt1120_720P_1080P_mode0_w0.str1.4
                0x0000000008012030       0x24 build/main.o
 .rodata.TP_bt1120_NTSC_1080P_mode0_w0.str1.4
                0x0000000008012054       0x24 build/main.o
 .rodata.TP_bt1120_PAL_1080P_mode0_w0.str1.4
                0x0000000008012078       0x23 build/main.o
 *fill*         0x000000000801209b        0x1 
 .rodata.__FUNCTION__.9355
                0x000000000801209c       0x15 build/main.o
 *fill*         0x00000000080120b1        0x3 
 .rodata.__FUNCTION__.9402
                0x00000000080120b4        0x5 build/main.o
 *fill*         0x00000000080120b9        0x3 
 .rodata.__FUNCTION__.9413
                0x00000000080120bc        0xa build/main.o
 *fill*         0x00000000080120c6        0x2 
 .rodata.main.str1.4
                0x00000000080120c8       0xb3 build/main.o
 *fill*         0x000000000801217b        0x1 
 .rodata.main_init.str1.4
                0x000000000801217c       0x8c build/main.o
 .rodata.main_loop.str1.4
                0x0000000008012208       0x46 build/main.o
 *fill*         0x000000000801224e        0x2 
 .rodata.AHBPrescTable
                0x0000000008012250       0x10 build/system_stm32f1xx.o
                0x0000000008012250                AHBPrescTable
 .rodata.APBPrescTable
                0x0000000008012260        0x8 build/system_stm32f1xx.o
                0x0000000008012260                APBPrescTable
 .rodata.VS4210_Addr_param
                0x0000000008012268       0x19 build/VS4210_param_Modex26.o
                0x0000000008012268                VS4210_Addr_param
 *fill*         0x0000000008012281        0x3 
 .rodata.VS4210_hdmi1024x768_1080P_mode12_w0_param
                0x0000000008012284       0x19 build/VS4210_param_Modex26.o
                0x0000000008012284                VS4210_hdmi1024x768_1080P_mode12_w0_param
 *fill*         0x000000000801229d        0x3 
 .rodata.VS4210_hdmi1024x768_1080P_mode12_w1_param
                0x00000000080122a0       0x19 build/VS4210_param_Modex26.o
                0x00000000080122a0                VS4210_hdmi1024x768_1080P_mode12_w1_param
 *fill*         0x00000000080122b9        0x3 
 .rodata.VS4210_hdmi1024x768_1080P_mode13_w0_param
                0x00000000080122bc       0x19 build/VS4210_param_Modex26.o
                0x00000000080122bc                VS4210_hdmi1024x768_1080P_mode13_w0_param
 *fill*         0x00000000080122d5        0x3 
 .rodata.VS4210_hdmi1024x768_1080P_mode13_w1_param
                0x00000000080122d8       0x19 build/VS4210_param_Modex26.o
                0x00000000080122d8                VS4210_hdmi1024x768_1080P_mode13_w1_param
 *fill*         0x00000000080122f1        0x3 
 .rodata.VS4210_hdmi1024x768_1080P_mode1_w0_param
                0x00000000080122f4       0x19 build/VS4210_param_Modex26.o
                0x00000000080122f4                VS4210_hdmi1024x768_1080P_mode1_w0_param
 *fill*         0x000000000801230d        0x3 
 .rodata.VS4210_hdmi1024x768_1080P_mode1_w1_param
                0x0000000008012310       0x19 build/VS4210_param_Modex26.o
                0x0000000008012310                VS4210_hdmi1024x768_1080P_mode1_w1_param
 *fill*         0x0000000008012329        0x3 
 .rodata.VS4210_hdmi1024x768_1080P_mode1_w2_param
                0x000000000801232c       0x19 build/VS4210_param_Modex26.o
                0x000000000801232c                VS4210_hdmi1024x768_1080P_mode1_w2_param
 *fill*         0x0000000008012345        0x3 
 .rodata.VS4210_hdmi1024x768_1080P_mode1_w3_param
                0x0000000008012348       0x19 build/VS4210_param_Modex26.o
                0x0000000008012348                VS4210_hdmi1024x768_1080P_mode1_w3_param
 *fill*         0x0000000008012361        0x3 
 .rodata.VS4210_hdmi1024x768_1080P_mode2_w0_param
                0x0000000008012364       0x19 build/VS4210_param_Modex26.o
                0x0000000008012364                VS4210_hdmi1024x768_1080P_mode2_w0_param
 *fill*         0x000000000801237d        0x3 
 .rodata.VS4210_hdmi1024x768_1080P_mode2_w1_param
                0x0000000008012380       0x19 build/VS4210_param_Modex26.o
                0x0000000008012380                VS4210_hdmi1024x768_1080P_mode2_w1_param
 *fill*         0x0000000008012399        0x3 
 .rodata.VS4210_hdmi1024x768_1080P_mode2_w2_param
                0x000000000801239c       0x19 build/VS4210_param_Modex26.o
                0x000000000801239c                VS4210_hdmi1024x768_1080P_mode2_w2_param
 *fill*         0x00000000080123b5        0x3 
 .rodata.VS4210_hdmi1024x768_1080P_mode2_w3_param
                0x00000000080123b8       0x19 build/VS4210_param_Modex26.o
                0x00000000080123b8                VS4210_hdmi1024x768_1080P_mode2_w3_param
 *fill*         0x00000000080123d1        0x3 
 .rodata.VS4210_hdmi1024x768_1080P_mode6_w0_param
                0x00000000080123d4       0x19 build/VS4210_param_Modex26.o
                0x00000000080123d4                VS4210_hdmi1024x768_1080P_mode6_w0_param
 *fill*         0x00000000080123ed        0x3 
 .rodata.VS4210_hdmi1024x768_1080P_mode6_w1_param
                0x00000000080123f0       0x19 build/VS4210_param_Modex26.o
                0x00000000080123f0                VS4210_hdmi1024x768_1080P_mode6_w1_param
 *fill*         0x0000000008012409        0x3 
 .rodata.VS4210_hdmi1024x768_1080P_mode6_w2_param
                0x000000000801240c       0x19 build/VS4210_param_Modex26.o
                0x000000000801240c                VS4210_hdmi1024x768_1080P_mode6_w2_param
 *fill*         0x0000000008012425        0x3 
 .rodata.VS4210_hdmi1024x768_1080P_mode6_w3_param
                0x0000000008012428       0x19 build/VS4210_param_Modex26.o
                0x0000000008012428                VS4210_hdmi1024x768_1080P_mode6_w3_param
 *fill*         0x0000000008012441        0x3 
 .rodata.VS4210_hdmi1024x768_1080P_mode6pip_w0_param
                0x0000000008012444       0x19 build/VS4210_param_Modex26.o
                0x0000000008012444                VS4210_hdmi1024x768_1080P_mode6pip_w0_param
 *fill*         0x000000000801245d        0x3 
 .rodata.VS4210_hdmi1024x768_1080P_mode6pip_w1_param
                0x0000000008012460       0x19 build/VS4210_param_Modex26.o
                0x0000000008012460                VS4210_hdmi1024x768_1080P_mode6pip_w1_param
 *fill*         0x0000000008012479        0x3 
 .rodata.VS4210_hdmi1024x768_1080P_mode6pip_w2_param
                0x000000000801247c       0x19 build/VS4210_param_Modex26.o
                0x000000000801247c                VS4210_hdmi1024x768_1080P_mode6pip_w2_param
 *fill*         0x0000000008012495        0x3 
 .rodata.VS4210_hdmi1024x768_1080P_mode6pip_w3_param
                0x0000000008012498       0x19 build/VS4210_param_Modex26.o
                0x0000000008012498                VS4210_hdmi1024x768_1080P_mode6pip_w3_param
 *fill*         0x00000000080124b1        0x3 
 .rodata.VS4210_hdmi1024x768_720P_mode12_w0_param
                0x00000000080124b4       0x19 build/VS4210_param_Modex26.o
                0x00000000080124b4                VS4210_hdmi1024x768_720P_mode12_w0_param
 *fill*         0x00000000080124cd        0x3 
 .rodata.VS4210_hdmi1024x768_720P_mode12_w1_param
                0x00000000080124d0       0x19 build/VS4210_param_Modex26.o
                0x00000000080124d0                VS4210_hdmi1024x768_720P_mode12_w1_param
 *fill*         0x00000000080124e9        0x3 
 .rodata.VS4210_hdmi1024x768_720P_mode13_w0_param
                0x00000000080124ec       0x19 build/VS4210_param_Modex26.o
                0x00000000080124ec                VS4210_hdmi1024x768_720P_mode13_w0_param
 *fill*         0x0000000008012505        0x3 
 .rodata.VS4210_hdmi1024x768_720P_mode13_w1_param
                0x0000000008012508       0x19 build/VS4210_param_Modex26.o
                0x0000000008012508                VS4210_hdmi1024x768_720P_mode13_w1_param
 *fill*         0x0000000008012521        0x3 
 .rodata.VS4210_hdmi1024x768_720P_mode1_w0_param
                0x0000000008012524       0x19 build/VS4210_param_Modex26.o
                0x0000000008012524                VS4210_hdmi1024x768_720P_mode1_w0_param
 *fill*         0x000000000801253d        0x3 
 .rodata.VS4210_hdmi1024x768_720P_mode1_w1_param
                0x0000000008012540       0x19 build/VS4210_param_Modex26.o
                0x0000000008012540                VS4210_hdmi1024x768_720P_mode1_w1_param
 *fill*         0x0000000008012559        0x3 
 .rodata.VS4210_hdmi1024x768_720P_mode1_w2_param
                0x000000000801255c       0x19 build/VS4210_param_Modex26.o
                0x000000000801255c                VS4210_hdmi1024x768_720P_mode1_w2_param
 *fill*         0x0000000008012575        0x3 
 .rodata.VS4210_hdmi1024x768_720P_mode1_w3_param
                0x0000000008012578       0x19 build/VS4210_param_Modex26.o
                0x0000000008012578                VS4210_hdmi1024x768_720P_mode1_w3_param
 *fill*         0x0000000008012591        0x3 
 .rodata.VS4210_hdmi1024x768_720P_mode24_w0_param
                0x0000000008012594       0x19 build/VS4210_param_Modex26.o
                0x0000000008012594                VS4210_hdmi1024x768_720P_mode24_w0_param
 *fill*         0x00000000080125ad        0x3 
 .rodata.VS4210_hdmi1024x768_720P_mode24_w1_param
                0x00000000080125b0       0x19 build/VS4210_param_Modex26.o
                0x00000000080125b0                VS4210_hdmi1024x768_720P_mode24_w1_param
 *fill*         0x00000000080125c9        0x3 
 .rodata.VS4210_hdmi1024x768_720P_mode2_w0_param
                0x00000000080125cc       0x19 build/VS4210_param_Modex26.o
                0x00000000080125cc                VS4210_hdmi1024x768_720P_mode2_w0_param
 *fill*         0x00000000080125e5        0x3 
 .rodata.VS4210_hdmi1024x768_720P_mode2_w1_param
                0x00000000080125e8       0x19 build/VS4210_param_Modex26.o
                0x00000000080125e8                VS4210_hdmi1024x768_720P_mode2_w1_param
 *fill*         0x0000000008012601        0x3 
 .rodata.VS4210_hdmi1024x768_720P_mode2_w2_param
                0x0000000008012604       0x19 build/VS4210_param_Modex26.o
                0x0000000008012604                VS4210_hdmi1024x768_720P_mode2_w2_param
 *fill*         0x000000000801261d        0x3 
 .rodata.VS4210_hdmi1024x768_720P_mode2_w3_param
                0x0000000008012620       0x19 build/VS4210_param_Modex26.o
                0x0000000008012620                VS4210_hdmi1024x768_720P_mode2_w3_param
 *fill*         0x0000000008012639        0x3 
 .rodata.VS4210_hdmi1024x768_720P_mode6_w0_param
                0x000000000801263c       0x19 build/VS4210_param_Modex26.o
                0x000000000801263c                VS4210_hdmi1024x768_720P_mode6_w0_param
 *fill*         0x0000000008012655        0x3 
 .rodata.VS4210_hdmi1024x768_720P_mode6_w1_param
                0x0000000008012658       0x19 build/VS4210_param_Modex26.o
                0x0000000008012658                VS4210_hdmi1024x768_720P_mode6_w1_param
 *fill*         0x0000000008012671        0x3 
 .rodata.VS4210_hdmi1024x768_720P_mode6_w2_param
                0x0000000008012674       0x19 build/VS4210_param_Modex26.o
                0x0000000008012674                VS4210_hdmi1024x768_720P_mode6_w2_param
 *fill*         0x000000000801268d        0x3 
 .rodata.VS4210_hdmi1024x768_720P_mode6_w3_param
                0x0000000008012690       0x19 build/VS4210_param_Modex26.o
                0x0000000008012690                VS4210_hdmi1024x768_720P_mode6_w3_param
 *fill*         0x00000000080126a9        0x3 
 .rodata.VS4210_hdmi1080P_1080P_mode12_w0_param
                0x00000000080126ac       0x19 build/VS4210_param_Modex26.o
                0x00000000080126ac                VS4210_hdmi1080P_1080P_mode12_w0_param
 *fill*         0x00000000080126c5        0x3 
 .rodata.VS4210_hdmi1080P_1080P_mode12_w1_param
                0x00000000080126c8       0x19 build/VS4210_param_Modex26.o
                0x00000000080126c8                VS4210_hdmi1080P_1080P_mode12_w1_param
 *fill*         0x00000000080126e1        0x3 
 .rodata.VS4210_hdmi1080P_1080P_mode13_w0_param